2026-05-11 14:00:50 | INFO | __main__ | trainer.py:207 | [INFO] saved resolved config to /data/liaozijie/fact-checking/outputs/runs/mmr_lambda_sweep_1024/build.retrieval.mmr_lambda-0.0__36a69f69/train/config.resolved.yaml
2026-05-11 14:00:50 | INFO | __main__ | stats.py:59 | [PROMPT_STATS] split=train pre_mean=765.19 pre_p95=983 pre_overflow=0 post_mean=765.19 post_p95=983 post_overflow=0 truncated=504 trunc_rate=0.0501
2026-05-11 14:00:50 | INFO | __main__ | stats.py:59 | [PROMPT_STATS] split=val pre_mean=775.98 pre_p95=973 pre_overflow=0 post_mean=775.98 post_p95=973 post_overflow=0 truncated=64 trunc_rate=0.0502
2026-05-11 14:00:50 | INFO | __main__ | trainer.py:269 | [INFO] prompt statistics saved to /data/liaozijie/fact-checking/outputs/runs/mmr_lambda_sweep_1024/build.retrieval.mmr_lambda-0.0__36a69f69/train/prompt_stats/prompt_stats.json
2026-05-11 14:00:51 | INFO | __main__ | adapters.py:97 | [INFO] LoRA enabled: trainable parameters=40370176 / 7655986688 (0.5273%), r=16, alpha=32
2026-05-11 14:01:12 | INFO | __main__ | trainer.py:359 | [INFO] Optimizer will update LoRA/trainable parameters only.
2026-05-11 14:01:17 | INFO | __main__ | trainer.py:390 | [INFO] dataloader length around accelerator.prepare: before=2516, after=629
2026-05-11 14:01:17 | WARNING | __main__ | trainer.py:396 | [WARN] len(train_dl) changed after accelerator.prepare: before=2516, after=629. This may indicate duplicated sharding/re-partitioning across distributed samplers.
2026-05-11 14:01:17 | INFO | __main__ | trainer.py:413 | [INFO] train progress setup (post-prepare): num_epochs=2, len(train_dl)=629, effective_grad_accum_steps=2, update_steps_per_epoch=315, max_train_steps=630
2026-05-11 14:01:17 | INFO | __main__ | trainer.py:122 | [INFO] logit_adjust enabled: tau=1.000 priors=['0.0807', '0.1945', '0.1601', '0.2074', '0.1937', '0.1636'] letters=[362, 425, 356, 422, 468, 434] prefix=[2476, 25]
2026-05-11 14:01:17 | INFO | __main__ | trainer.py:434 | [INFO] logit_adjust config saved to /data/liaozijie/fact-checking/outputs/runs/mmr_lambda_sweep_1024/build.retrieval.mmr_lambda-0.0__36a69f69/train/logit_adjust.json
2026-05-11 14:09:23 | INFO | __main__ | eval.py:43 | [EVAL_SAMPLE] idx=0 pred=pants-fire gold=barely-true output=Label: A explain=Hartzler said, "We have less Americans working now than in the ‘70s." The statistics Hartzler’s staff said she cited show the employment-population ratio and labor force participation rate was indeed higher in 1979 than in 2015. However,... prompt=<|im_start|>system
You are a careful fact-checking assistant for LIAR-RAW claims. Classify claims using only the claim and retrieved evidence supplied by the user.<|im_end|>
<|im_start|>user
Classify the claim into exactly one LIAR-RAW l...
2026-05-11 14:09:23 | INFO | __main__ | eval.py:43 | [EVAL_SAMPLE] idx=0 pred=pants-fire gold=barely-true output=Label: A explain=Hartzler said, "We have less Americans working now than in the ‘70s." The statistics Hartzler’s staff said she cited show the employment-population ratio and labor force participation rate was indeed higher in 1979 than in 2015. However,... prompt=<|im_start|>system
You are a careful fact-checking assistant for LIAR-RAW claims. Classify claims using only the claim and retrieved evidence supplied by the user.<|im_end|>
<|im_start|>user
Classify the claim into exactly one LIAR-RAW l...
2026-05-11 14:09:23 | INFO | __main__ | eval.py:43 | [EVAL_SAMPLE] idx=1 pred=pants-fire gold=pants-fire output=Label: A explain=Ellison used a Koran that once belonged to Thomas Jefferson, borrowing the rare book from the Library of Congress. It goes without saying that Ellison is not Obama. UPDATE: Barack Obama resigned from Trinity United Church of Christ on Ma... prompt=<|im_start|>system
You are a careful fact-checking assistant for LIAR-RAW claims. Classify claims using only the claim and retrieved evidence supplied by the user.<|im_end|>
<|im_start|>user
Classify the claim into exactly one LIAR-RAW l...
2026-05-11 14:09:23 | INFO | __main__ | eval.py:43 | [EVAL_SAMPLE] idx=1 pred=pants-fire gold=pants-fire output=Label: A explain=Ellison used a Koran that once belonged to Thomas Jefferson, borrowing the rare book from the Library of Congress. It goes without saying that Ellison is not Obama. UPDATE: Barack Obama resigned from Trinity United Church of Christ on Ma... prompt=<|im_start|>system
You are a careful fact-checking assistant for LIAR-RAW claims. Classify claims using only the claim and retrieved evidence supplied by the user.<|im_end|>
<|im_start|>user
Classify the claim into exactly one LIAR-RAW l...
2026-05-11 14:09:23 | INFO | __main__ | eval.py:43 | [EVAL_SAMPLE] idx=2 pred=mostly-true gold=false output=Label: E explain=However, we have two professors who say the law is silent on political activity -- even if one of them sees an implicit prohibition -- and a plain reading of the law that states no explicit ban. Blumenauer said that "the statute a hundre... prompt=<|im_start|>system
You are a careful fact-checking assistant for LIAR-RAW claims. Classify claims using only the claim and retrieved evidence supplied by the user.<|im_end|>
<|im_start|>user
Classify the claim into exactly one LIAR-RAW l...
2026-05-11 14:09:23 | INFO | __main__ | trainer.py:563 | [eval] step=100 accuracy=0.2117 macro_precision=0.2896 macro_recall=0.2415 macro_f1=0.1980 parse_error_rate=0.0000
2026-05-11 14:09:23 | INFO | __main__ | trainer.py:563 | [eval] per_class:
2026-05-11 14:09:23 | INFO | __main__ | trainer.py:563 |   - barely-true: P=0.1794 R=0.1688 F1=0.1739
2026-05-11 14:09:23 | INFO | __main__ | trainer.py:563 |   - false: P=0.2029 R=0.3180 F1=0.2478
2026-05-11 14:09:23 | INFO | __main__ | trainer.py:563 |   - half-true: P=0.5000 R=0.0163 F1=0.0315
2026-05-11 14:09:23 | INFO | __main__ | trainer.py:563 |   - mostly-true: P=0.3061 R=0.1793 F1=0.2261
2026-05-11 14:09:23 | INFO | __main__ | trainer.py:563 |   - pants-fire: P=0.1634 R=0.5776 F1=0.2548
2026-05-11 14:09:23 | INFO | __main__ | trainer.py:563 |   - true: P=0.3855 R=0.1893 F1=0.2540
2026-05-11 14:17:36 | INFO | __main__ | eval.py:43 | [EVAL_SAMPLE] idx=0 pred=false gold=barely-true output=Label: B explain=Hartzler said, "We have less Americans working now than in the ‘70s." The statistics Hartzler’s staff said she cited show the employment-population ratio and labor force participation rate was indeed higher in 1979 than in 2015. However,... prompt=<|im_start|>system
You are a careful fact-checking assistant for LIAR-RAW claims. Classify claims using only the claim and retrieved evidence supplied by the user.<|im_end|>
<|im_start|>user
Classify the claim into exactly one LIAR-RAW l...
2026-05-11 14:17:36 | INFO | __main__ | eval.py:43 | [EVAL_SAMPLE] idx=0 pred=false gold=barely-true output=Label: B explain=Hartzler said, "We have less Americans working now than in the ‘70s." The statistics Hartzler’s staff said she cited show the employment-population ratio and labor force participation rate was indeed higher in 1979 than in 2015. However,... prompt=<|im_start|>system
You are a careful fact-checking assistant for LIAR-RAW claims. Classify claims using only the claim and retrieved evidence supplied by the user.<|im_end|>
<|im_start|>user
Classify the claim into exactly one LIAR-RAW l...
2026-05-11 14:17:36 | INFO | __main__ | eval.py:43 | [EVAL_SAMPLE] idx=1 pred=false gold=pants-fire output=Label: B explain=Ellison used a Koran that once belonged to Thomas Jefferson, borrowing the rare book from the Library of Congress. It goes without saying that Ellison is not Obama. UPDATE: Barack Obama resigned from Trinity United Church of Christ on Ma... prompt=<|im_start|>system
You are a careful fact-checking assistant for LIAR-RAW claims. Classify claims using only the claim and retrieved evidence supplied by the user.<|im_end|>
<|im_start|>user
Classify the claim into exactly one LIAR-RAW l...
2026-05-11 14:17:36 | INFO | __main__ | eval.py:43 | [EVAL_SAMPLE] idx=1 pred=false gold=pants-fire output=Label: B explain=Ellison used a Koran that once belonged to Thomas Jefferson, borrowing the rare book from the Library of Congress. It goes without saying that Ellison is not Obama. UPDATE: Barack Obama resigned from Trinity United Church of Christ on Ma... prompt=<|im_start|>system
You are a careful fact-checking assistant for LIAR-RAW claims. Classify claims using only the claim and retrieved evidence supplied by the user.<|im_end|>
<|im_start|>user
Classify the claim into exactly one LIAR-RAW l...
2026-05-11 14:17:36 | INFO | __main__ | eval.py:43 | [EVAL_SAMPLE] idx=2 pred=barely-true gold=false output=Label: C explain=However, we have two professors who say the law is silent on political activity -- even if one of them sees an implicit prohibition -- and a plain reading of the law that states no explicit ban. Blumenauer said that "the statute a hundre... prompt=<|im_start|>system
You are a careful fact-checking assistant for LIAR-RAW claims. Classify claims using only the claim and retrieved evidence supplied by the user.<|im_end|>
<|im_start|>user
Classify the claim into exactly one LIAR-RAW l...
2026-05-11 14:17:36 | INFO | __main__ | trainer.py:563 | [eval] step=200 accuracy=0.2539 macro_precision=0.2754 macro_recall=0.2562 macro_f1=0.2497 parse_error_rate=0.0000
2026-05-11 14:17:36 | INFO | __main__ | trainer.py:563 | [eval] per_class:
2026-05-11 14:17:36 | INFO | __main__ | trainer.py:563 |   - barely-true: P=0.2021 R=0.2489 F1=0.2231
2026-05-11 14:17:36 | INFO | __main__ | trainer.py:563 |   - false: P=0.2301 R=0.4100 F1=0.2948
2026-05-11 14:17:36 | INFO | __main__ | trainer.py:563 |   - half-true: P=0.3113 R=0.1341 F1=0.1875
2026-05-11 14:17:36 | INFO | __main__ | trainer.py:563 |   - mostly-true: P=0.3484 R=0.2151 F1=0.2660
2026-05-11 14:17:36 | INFO | __main__ | trainer.py:563 |   - pants-fire: P=0.2484 R=0.3276 F1=0.2825
2026-05-11 14:17:36 | INFO | __main__ | trainer.py:563 |   - true: P=0.3119 R=0.2012 F1=0.2446
2026-05-11 14:25:47 | INFO | __main__ | eval.py:43 | [EVAL_SAMPLE] idx=0 pred=false gold=barely-true output=Label: B explain=Hartzler said, "We have less Americans working now than in the ‘70s." The statistics Hartzler’s staff said she cited show the employment-population ratio and labor force participation rate was indeed higher in 1979 than in 2015. However,... prompt=<|im_start|>system
You are a careful fact-checking assistant for LIAR-RAW claims. Classify claims using only the claim and retrieved evidence supplied by the user.<|im_end|>
<|im_start|>user
Classify the claim into exactly one LIAR-RAW l...
2026-05-11 14:25:47 | INFO | __main__ | eval.py:43 | [EVAL_SAMPLE] idx=0 pred=false gold=barely-true output=Label: B explain=Hartzler said, "We have less Americans working now than in the ‘70s." The statistics Hartzler’s staff said she cited show the employment-population ratio and labor force participation rate was indeed higher in 1979 than in 2015. However,... prompt=<|im_start|>system
You are a careful fact-checking assistant for LIAR-RAW claims. Classify claims using only the claim and retrieved evidence supplied by the user.<|im_end|>
<|im_start|>user
Classify the claim into exactly one LIAR-RAW l...
2026-05-11 14:25:47 | INFO | __main__ | eval.py:43 | [EVAL_SAMPLE] idx=1 pred=false gold=pants-fire output=Label: B explain=Ellison used a Koran that once belonged to Thomas Jefferson, borrowing the rare book from the Library of Congress. It goes without saying that Ellison is not Obama. UPDATE: Barack Obama resigned from Trinity United Church of Christ on Ma... prompt=<|im_start|>system
You are a careful fact-checking assistant for LIAR-RAW claims. Classify claims using only the claim and retrieved evidence supplied by the user.<|im_end|>
<|im_start|>user
Classify the claim into exactly one LIAR-RAW l...
2026-05-11 14:25:47 | INFO | __main__ | eval.py:43 | [EVAL_SAMPLE] idx=1 pred=false gold=pants-fire output=Label: B explain=Ellison used a Koran that once belonged to Thomas Jefferson, borrowing the rare book from the Library of Congress. It goes without saying that Ellison is not Obama. UPDATE: Barack Obama resigned from Trinity United Church of Christ on Ma... prompt=<|im_start|>system
You are a careful fact-checking assistant for LIAR-RAW claims. Classify claims using only the claim and retrieved evidence supplied by the user.<|im_end|>
<|im_start|>user
Classify the claim into exactly one LIAR-RAW l...
2026-05-11 14:25:47 | INFO | __main__ | eval.py:43 | [EVAL_SAMPLE] idx=2 pred=barely-true gold=false output=Label: C explain=However, we have two professors who say the law is silent on political activity -- even if one of them sees an implicit prohibition -- and a plain reading of the law that states no explicit ban. Blumenauer said that "the statute a hundre... prompt=<|im_start|>system
You are a careful fact-checking assistant for LIAR-RAW claims. Classify claims using only the claim and retrieved evidence supplied by the user.<|im_end|>
<|im_start|>user
Classify the claim into exactly one LIAR-RAW l...
2026-05-11 14:25:47 | INFO | __main__ | trainer.py:563 | [eval] step=300 accuracy=0.2539 macro_precision=0.2659 macro_recall=0.2712 macro_f1=0.2534 parse_error_rate=0.0000
2026-05-11 14:25:47 | INFO | __main__ | trainer.py:563 | [eval] per_class:
2026-05-11 14:25:47 | INFO | __main__ | trainer.py:563 |   - barely-true: P=0.2183 R=0.3418 F1=0.2664
2026-05-11 14:25:47 | INFO | __main__ | trainer.py:563 |   - false: P=0.2500 R=0.2682 F1=0.2588
2026-05-11 14:25:47 | INFO | __main__ | trainer.py:563 |   - half-true: P=0.2250 R=0.1098 F1=0.1475
2026-05-11 14:25:47 | INFO | __main__ | trainer.py:563 |   - mostly-true: P=0.3798 R=0.1952 F1=0.2579
2026-05-11 14:25:47 | INFO | __main__ | trainer.py:563 |   - pants-fire: P=0.2322 R=0.4224 F1=0.2997
2026-05-11 14:25:47 | INFO | __main__ | trainer.py:563 |   - true: P=0.2899 R=0.2899 F1=0.2899
2026-05-11 14:34:03 | INFO | __main__ | eval.py:43 | [EVAL_SAMPLE] idx=0 pred=false gold=barely-true output=Label: B explain=Hartzler said, "We have less Americans working now than in the ‘70s." The statistics Hartzler’s staff said she cited show the employment-population ratio and labor force participation rate was indeed higher in 1979 than in 2015. However,... prompt=<|im_start|>system
You are a careful fact-checking assistant for LIAR-RAW claims. Classify claims using only the claim and retrieved evidence supplied by the user.<|im_end|>
<|im_start|>user
Classify the claim into exactly one LIAR-RAW l...
2026-05-11 14:34:03 | INFO | __main__ | eval.py:43 | [EVAL_SAMPLE] idx=0 pred=false gold=barely-true output=Label: B explain=Hartzler said, "We have less Americans working now than in the ‘70s." The statistics Hartzler’s staff said she cited show the employment-population ratio and labor force participation rate was indeed higher in 1979 than in 2015. However,... prompt=<|im_start|>system
You are a careful fact-checking assistant for LIAR-RAW claims. Classify claims using only the claim and retrieved evidence supplied by the user.<|im_end|>
<|im_start|>user
Classify the claim into exactly one LIAR-RAW l...
2026-05-11 14:34:03 | INFO | __main__ | eval.py:43 | [EVAL_SAMPLE] idx=1 pred=false gold=pants-fire output=Label: B explain=Ellison used a Koran that once belonged to Thomas Jefferson, borrowing the rare book from the Library of Congress. It goes without saying that Ellison is not Obama. UPDATE: Barack Obama resigned from Trinity United Church of Christ on Ma... prompt=<|im_start|>system
You are a careful fact-checking assistant for LIAR-RAW claims. Classify claims using only the claim and retrieved evidence supplied by the user.<|im_end|>
<|im_start|>user
Classify the claim into exactly one LIAR-RAW l...
2026-05-11 14:34:03 | INFO | __main__ | eval.py:43 | [EVAL_SAMPLE] idx=1 pred=false gold=pants-fire output=Label: B explain=Ellison used a Koran that once belonged to Thomas Jefferson, borrowing the rare book from the Library of Congress. It goes without saying that Ellison is not Obama. UPDATE: Barack Obama resigned from Trinity United Church of Christ on Ma... prompt=<|im_start|>system
You are a careful fact-checking assistant for LIAR-RAW claims. Classify claims using only the claim and retrieved evidence supplied by the user.<|im_end|>
<|im_start|>user
Classify the claim into exactly one LIAR-RAW l...
2026-05-11 14:34:03 | INFO | __main__ | eval.py:43 | [EVAL_SAMPLE] idx=2 pred=barely-true gold=false output=Label: C explain=However, we have two professors who say the law is silent on political activity -- even if one of them sees an implicit prohibition -- and a plain reading of the law that states no explicit ban. Blumenauer said that "the statute a hundre... prompt=<|im_start|>system
You are a careful fact-checking assistant for LIAR-RAW claims. Classify claims using only the claim and retrieved evidence supplied by the user.<|im_end|>
<|im_start|>user
Classify the claim into exactly one LIAR-RAW l...
2026-05-11 14:34:03 | INFO | __main__ | trainer.py:563 | [eval] step=400 accuracy=0.2484 macro_precision=0.2670 macro_recall=0.2666 macro_f1=0.2447 parse_error_rate=0.0000
2026-05-11 14:34:03 | INFO | __main__ | trainer.py:563 | [eval] per_class:
2026-05-11 14:34:03 | INFO | __main__ | trainer.py:563 |   - barely-true: P=0.1981 R=0.2616 F1=0.2255
2026-05-11 14:34:03 | INFO | __main__ | trainer.py:563 |   - false: P=0.2427 R=0.3487 F1=0.2862
2026-05-11 14:34:03 | INFO | __main__ | trainer.py:563 |   - half-true: P=0.3059 R=0.1057 F1=0.1571
2026-05-11 14:34:03 | INFO | __main__ | trainer.py:563 |   - mostly-true: P=0.3400 R=0.1355 F1=0.1937
2026-05-11 14:34:03 | INFO | __main__ | trainer.py:563 |   - pants-fire: P=0.2327 R=0.4052 F1=0.2956
2026-05-11 14:34:03 | INFO | __main__ | trainer.py:563 |   - true: P=0.2829 R=0.3432 F1=0.3102
2026-05-11 14:42:13 | INFO | __main__ | eval.py:43 | [EVAL_SAMPLE] idx=0 pred=half-true gold=barely-true output=Label: D explain=Hartzler said, "We have less Americans working now than in the ‘70s." The statistics Hartzler’s staff said she cited show the employment-population ratio and labor force participation rate was indeed higher in 1979 than in 2015. However,... prompt=<|im_start|>system
You are a careful fact-checking assistant for LIAR-RAW claims. Classify claims using only the claim and retrieved evidence supplied by the user.<|im_end|>
<|im_start|>user
Classify the claim into exactly one LIAR-RAW l...
2026-05-11 14:42:13 | INFO | __main__ | eval.py:43 | [EVAL_SAMPLE] idx=0 pred=half-true gold=barely-true output=Label: D explain=Hartzler said, "We have less Americans working now than in the ‘70s." The statistics Hartzler’s staff said she cited show the employment-population ratio and labor force participation rate was indeed higher in 1979 than in 2015. However,... prompt=<|im_start|>system
You are a careful fact-checking assistant for LIAR-RAW claims. Classify claims using only the claim and retrieved evidence supplied by the user.<|im_end|>
<|im_start|>user
Classify the claim into exactly one LIAR-RAW l...
2026-05-11 14:42:13 | INFO | __main__ | eval.py:43 | [EVAL_SAMPLE] idx=1 pred=false gold=pants-fire output=Label: B explain=Ellison used a Koran that once belonged to Thomas Jefferson, borrowing the rare book from the Library of Congress. It goes without saying that Ellison is not Obama. UPDATE: Barack Obama resigned from Trinity United Church of Christ on Ma... prompt=<|im_start|>system
You are a careful fact-checking assistant for LIAR-RAW claims. Classify claims using only the claim and retrieved evidence supplied by the user.<|im_end|>
<|im_start|>user
Classify the claim into exactly one LIAR-RAW l...
2026-05-11 14:42:13 | INFO | __main__ | eval.py:43 | [EVAL_SAMPLE] idx=1 pred=false gold=pants-fire output=Label: B explain=Ellison used a Koran that once belonged to Thomas Jefferson, borrowing the rare book from the Library of Congress. It goes without saying that Ellison is not Obama. UPDATE: Barack Obama resigned from Trinity United Church of Christ on Ma... prompt=<|im_start|>system
You are a careful fact-checking assistant for LIAR-RAW claims. Classify claims using only the claim and retrieved evidence supplied by the user.<|im_end|>
<|im_start|>user
Classify the claim into exactly one LIAR-RAW l...
2026-05-11 14:42:13 | INFO | __main__ | eval.py:43 | [EVAL_SAMPLE] idx=2 pred=half-true gold=false output=Label: D explain=However, we have two professors who say the law is silent on political activity -- even if one of them sees an implicit prohibition -- and a plain reading of the law that states no explicit ban. Blumenauer said that "the statute a hundre... prompt=<|im_start|>system
You are a careful fact-checking assistant for LIAR-RAW claims. Classify claims using only the claim and retrieved evidence supplied by the user.<|im_end|>
<|im_start|>user
Classify the claim into exactly one LIAR-RAW l...
2026-05-11 14:42:13 | INFO | __main__ | trainer.py:563 | [eval] step=500 accuracy=0.2633 macro_precision=0.2765 macro_recall=0.2749 macro_f1=0.2529 parse_error_rate=0.0000
2026-05-11 14:42:13 | INFO | __main__ | trainer.py:563 | [eval] per_class:
2026-05-11 14:42:13 | INFO | __main__ | trainer.py:563 |   - barely-true: P=0.2695 R=0.1899 F1=0.2228
2026-05-11 14:42:13 | INFO | __main__ | trainer.py:563 |   - false: P=0.2597 R=0.2567 F1=0.2582
2026-05-11 14:42:13 | INFO | __main__ | trainer.py:563 |   - half-true: P=0.2433 R=0.3333 F1=0.2813
2026-05-11 14:42:13 | INFO | __main__ | trainer.py:563 |   - mostly-true: P=0.3317 R=0.2749 F1=0.3007
2026-05-11 14:42:13 | INFO | __main__ | trainer.py:563 |   - pants-fire: P=0.2214 R=0.5000 F1=0.3069
2026-05-11 14:42:13 | INFO | __main__ | trainer.py:563 |   - true: P=0.3333 R=0.0947 F1=0.1475
2026-05-11 14:50:20 | INFO | __main__ | eval.py:43 | [EVAL_SAMPLE] idx=0 pred=mostly-true gold=barely-true output=Label: E explain=Hartzler said, "We have less Americans working now than in the ‘70s." The statistics Hartzler’s staff said she cited show the employment-population ratio and labor force participation rate was indeed higher in 1979 than in 2015. However,... prompt=<|im_start|>system
You are a careful fact-checking assistant for LIAR-RAW claims. Classify claims using only the claim and retrieved evidence supplied by the user.<|im_end|>
<|im_start|>user
Classify the claim into exactly one LIAR-RAW l...
2026-05-11 14:50:20 | INFO | __main__ | eval.py:43 | [EVAL_SAMPLE] idx=0 pred=mostly-true gold=barely-true output=Label: E explain=Hartzler said, "We have less Americans working now than in the ‘70s." The statistics Hartzler’s staff said she cited show the employment-population ratio and labor force participation rate was indeed higher in 1979 than in 2015. However,... prompt=<|im_start|>system
You are a careful fact-checking assistant for LIAR-RAW claims. Classify claims using only the claim and retrieved evidence supplied by the user.<|im_end|>
<|im_start|>user
Classify the claim into exactly one LIAR-RAW l...
2026-05-11 14:50:20 | INFO | __main__ | eval.py:43 | [EVAL_SAMPLE] idx=1 pred=pants-fire gold=pants-fire output=Label: A explain=Ellison used a Koran that once belonged to Thomas Jefferson, borrowing the rare book from the Library of Congress. It goes without saying that Ellison is not Obama. UPDATE: Barack Obama resigned from Trinity United Church of Christ on Ma... prompt=<|im_start|>system
You are a careful fact-checking assistant for LIAR-RAW claims. Classify claims using only the claim and retrieved evidence supplied by the user.<|im_end|>
<|im_start|>user
Classify the claim into exactly one LIAR-RAW l...
2026-05-11 14:50:20 | INFO | __main__ | eval.py:43 | [EVAL_SAMPLE] idx=1 pred=pants-fire gold=pants-fire output=Label: A explain=Ellison used a Koran that once belonged to Thomas Jefferson, borrowing the rare book from the Library of Congress. It goes without saying that Ellison is not Obama. UPDATE: Barack Obama resigned from Trinity United Church of Christ on Ma... prompt=<|im_start|>system
You are a careful fact-checking assistant for LIAR-RAW claims. Classify claims using only the claim and retrieved evidence supplied by the user.<|im_end|>
<|im_start|>user
Classify the claim into exactly one LIAR-RAW l...
2026-05-11 14:50:20 | INFO | __main__ | eval.py:43 | [EVAL_SAMPLE] idx=2 pred=mostly-true gold=false output=Label: E explain=However, we have two professors who say the law is silent on political activity -- even if one of them sees an implicit prohibition -- and a plain reading of the law that states no explicit ban. Blumenauer said that "the statute a hundre... prompt=<|im_start|>system
You are a careful fact-checking assistant for LIAR-RAW claims. Classify claims using only the claim and retrieved evidence supplied by the user.<|im_end|>
<|im_start|>user
Classify the claim into exactly one LIAR-RAW l...
2026-05-11 14:50:20 | INFO | __main__ | trainer.py:563 | [eval] step=600 accuracy=0.2430 macro_precision=0.2575 macro_recall=0.2904 macro_f1=0.2207 parse_error_rate=0.0000
2026-05-11 14:50:20 | INFO | __main__ | trainer.py:563 | [eval] per_class:
2026-05-11 14:50:20 | INFO | __main__ | trainer.py:563 |   - barely-true: P=0.2576 R=0.0717 F1=0.1122
2026-05-11 14:50:20 | INFO | __main__ | trainer.py:563 |   - false: P=0.3421 R=0.0498 F1=0.0870
2026-05-11 14:50:20 | INFO | __main__ | trainer.py:563 |   - half-true: P=0.2023 R=0.1423 F1=0.1671
2026-05-11 14:50:20 | INFO | __main__ | trainer.py:563 |   - mostly-true: P=0.2681 R=0.3984 F1=0.3205
2026-05-11 14:50:20 | INFO | __main__ | trainer.py:563 |   - pants-fire: P=0.2100 R=0.6897 F1=0.3219
2026-05-11 14:50:20 | INFO | __main__ | trainer.py:563 |   - true: P=0.2651 R=0.3905 F1=0.3158
