2026-05-12 07:16:42 | INFO | __main__ | trainer.py:207 | [INFO] saved resolved config to /data/liaozijie/fact-checking/outputs/runs/mmr_lambda_sweep/build.retrieval.mmr_lambda-0.8__b81213ae/train/config.resolved.yaml
2026-05-12 07:16:42 | INFO | __main__ | stats.py:59 | [PROMPT_STATS] split=train pre_mean=848.06 pre_p95=1163 pre_overflow=0 post_mean=848.06 post_p95=1163 post_overflow=0 truncated=2 trunc_rate=0.0002
2026-05-12 07:16:42 | INFO | __main__ | stats.py:59 | [PROMPT_STATS] split=val pre_mean=866.58 pre_p95=1149 pre_overflow=0 post_mean=866.58 post_p95=1149 post_overflow=0 truncated=0 trunc_rate=0.0000
2026-05-12 07:16:42 | INFO | __main__ | trainer.py:269 | [INFO] prompt statistics saved to /data/liaozijie/fact-checking/outputs/runs/mmr_lambda_sweep/build.retrieval.mmr_lambda-0.8__b81213ae/train/prompt_stats/prompt_stats.json
2026-05-12 07:16:43 | INFO | __main__ | adapters.py:97 | [INFO] LoRA enabled: trainable parameters=40370176 / 7655986688 (0.5273%), r=16, alpha=32
2026-05-12 07:17:07 | INFO | __main__ | trainer.py:359 | [INFO] Optimizer will update LoRA/trainable parameters only.
2026-05-12 07:17:17 | INFO | __main__ | trainer.py:390 | [INFO] dataloader length around accelerator.prepare: before=2516, after=629
2026-05-12 07:17:17 | WARNING | __main__ | trainer.py:396 | [WARN] len(train_dl) changed after accelerator.prepare: before=2516, after=629. This may indicate duplicated sharding/re-partitioning across distributed samplers.
2026-05-12 07:17:17 | INFO | __main__ | trainer.py:413 | [INFO] train progress setup (post-prepare): num_epochs=2, len(train_dl)=629, effective_grad_accum_steps=2, update_steps_per_epoch=315, max_train_steps=630
2026-05-12 07:17:17 | INFO | __main__ | trainer.py:122 | [INFO] logit_adjust enabled: tau=1.000 priors=['0.0807', '0.1945', '0.1601', '0.2074', '0.1937', '0.1636'] letters=[362, 425, 356, 422, 468, 434] prefix=[2476, 25]
2026-05-12 07:17:17 | INFO | __main__ | trainer.py:434 | [INFO] logit_adjust config saved to /data/liaozijie/fact-checking/outputs/runs/mmr_lambda_sweep/build.retrieval.mmr_lambda-0.8__b81213ae/train/logit_adjust.json
2026-05-12 07:26:16 | INFO | __main__ | eval.py:43 | [EVAL_SAMPLE] idx=0 pred=false gold=barely-true output=Label: B explain=Hartzler said, "We have less Americans working now than in the ‘70s." The statistics Hartzler’s staff said she cited show the employment-population ratio and labor force participation rate was indeed higher in 1979 than in 2015. However,... prompt=<|im_start|>system
You are a careful fact-checking assistant for LIAR-RAW claims. Classify claims using only the claim and retrieved evidence supplied by the user.<|im_end|>
<|im_start|>user
Classify the claim into exactly one LIAR-RAW l...
2026-05-12 07:26:16 | INFO | __main__ | eval.py:43 | [EVAL_SAMPLE] idx=0 pred=false gold=barely-true output=Label: B explain=Hartzler said, "We have less Americans working now than in the ‘70s." The statistics Hartzler’s staff said she cited show the employment-population ratio and labor force participation rate was indeed higher in 1979 than in 2015. However,... prompt=<|im_start|>system
You are a careful fact-checking assistant for LIAR-RAW claims. Classify claims using only the claim and retrieved evidence supplied by the user.<|im_end|>
<|im_start|>user
Classify the claim into exactly one LIAR-RAW l...
2026-05-12 07:26:16 | INFO | __main__ | eval.py:43 | [EVAL_SAMPLE] idx=1 pred=false gold=pants-fire output=Label: B explain=Ellison used a Koran that once belonged to Thomas Jefferson, borrowing the rare book from the Library of Congress. It goes without saying that Ellison is not Obama. UPDATE: Barack Obama resigned from Trinity United Church of Christ on Ma... prompt=<|im_start|>system
You are a careful fact-checking assistant for LIAR-RAW claims. Classify claims using only the claim and retrieved evidence supplied by the user.<|im_end|>
<|im_start|>user
Classify the claim into exactly one LIAR-RAW l...
2026-05-12 07:26:16 | INFO | __main__ | eval.py:43 | [EVAL_SAMPLE] idx=1 pred=false gold=pants-fire output=Label: B explain=Ellison used a Koran that once belonged to Thomas Jefferson, borrowing the rare book from the Library of Congress. It goes without saying that Ellison is not Obama. UPDATE: Barack Obama resigned from Trinity United Church of Christ on Ma... prompt=<|im_start|>system
You are a careful fact-checking assistant for LIAR-RAW claims. Classify claims using only the claim and retrieved evidence supplied by the user.<|im_end|>
<|im_start|>user
Classify the claim into exactly one LIAR-RAW l...
2026-05-12 07:26:16 | INFO | __main__ | eval.py:43 | [EVAL_SAMPLE] idx=2 pred=mostly-true gold=false output=Label: E explain=However, we have two professors who say the law is silent on political activity -- even if one of them sees an implicit prohibition -- and a plain reading of the law that states no explicit ban. Blumenauer said that "the statute a hundre... prompt=<|im_start|>system
You are a careful fact-checking assistant for LIAR-RAW claims. Classify claims using only the claim and retrieved evidence supplied by the user.<|im_end|>
<|im_start|>user
Classify the claim into exactly one LIAR-RAW l...
2026-05-12 07:26:16 | INFO | __main__ | trainer.py:566 | [eval] step=50 accuracy=0.2531 macro_precision=0.3583 macro_recall=0.2561 macro_f1=0.2158 parse_error_rate=0.0000
2026-05-12 07:26:16 | INFO | __main__ | trainer.py:566 | [eval] per_class:
2026-05-12 07:26:16 | INFO | __main__ | trainer.py:566 |   - barely-true: P=0.2285 R=0.6624 F1=0.3398
2026-05-12 07:26:16 | INFO | __main__ | trainer.py:566 |   - false: P=0.2839 R=0.1686 F1=0.2115
2026-05-12 07:26:16 | INFO | __main__ | trainer.py:566 |   - half-true: P=0.8333 R=0.0203 F1=0.0397
2026-05-12 07:26:16 | INFO | __main__ | trainer.py:566 |   - mostly-true: P=0.3261 R=0.2390 F1=0.2759
2026-05-12 07:26:16 | INFO | __main__ | trainer.py:566 |   - pants-fire: P=0.2249 R=0.3276 F1=0.2667
2026-05-12 07:26:16 | INFO | __main__ | trainer.py:566 |   - true: P=0.2532 R=0.1183 F1=0.1613
2026-05-12 07:35:13 | INFO | __main__ | eval.py:43 | [EVAL_SAMPLE] idx=0 pred=false gold=barely-true output=Label: B explain=Hartzler said, "We have less Americans working now than in the ‘70s." The statistics Hartzler’s staff said she cited show the employment-population ratio and labor force participation rate was indeed higher in 1979 than in 2015. However,... prompt=<|im_start|>system
You are a careful fact-checking assistant for LIAR-RAW claims. Classify claims using only the claim and retrieved evidence supplied by the user.<|im_end|>
<|im_start|>user
Classify the claim into exactly one LIAR-RAW l...
2026-05-12 07:35:13 | INFO | __main__ | eval.py:43 | [EVAL_SAMPLE] idx=0 pred=false gold=barely-true output=Label: B explain=Hartzler said, "We have less Americans working now than in the ‘70s." The statistics Hartzler’s staff said she cited show the employment-population ratio and labor force participation rate was indeed higher in 1979 than in 2015. However,... prompt=<|im_start|>system
You are a careful fact-checking assistant for LIAR-RAW claims. Classify claims using only the claim and retrieved evidence supplied by the user.<|im_end|>
<|im_start|>user
Classify the claim into exactly one LIAR-RAW l...
2026-05-12 07:35:13 | INFO | __main__ | eval.py:43 | [EVAL_SAMPLE] idx=1 pred=false gold=pants-fire output=Label: B explain=Ellison used a Koran that once belonged to Thomas Jefferson, borrowing the rare book from the Library of Congress. It goes without saying that Ellison is not Obama. UPDATE: Barack Obama resigned from Trinity United Church of Christ on Ma... prompt=<|im_start|>system
You are a careful fact-checking assistant for LIAR-RAW claims. Classify claims using only the claim and retrieved evidence supplied by the user.<|im_end|>
<|im_start|>user
Classify the claim into exactly one LIAR-RAW l...
2026-05-12 07:35:13 | INFO | __main__ | eval.py:43 | [EVAL_SAMPLE] idx=1 pred=false gold=pants-fire output=Label: B explain=Ellison used a Koran that once belonged to Thomas Jefferson, borrowing the rare book from the Library of Congress. It goes without saying that Ellison is not Obama. UPDATE: Barack Obama resigned from Trinity United Church of Christ on Ma... prompt=<|im_start|>system
You are a careful fact-checking assistant for LIAR-RAW claims. Classify claims using only the claim and retrieved evidence supplied by the user.<|im_end|>
<|im_start|>user
Classify the claim into exactly one LIAR-RAW l...
2026-05-12 07:35:13 | INFO | __main__ | eval.py:43 | [EVAL_SAMPLE] idx=2 pred=half-true gold=false output=Label: D explain=However, we have two professors who say the law is silent on political activity -- even if one of them sees an implicit prohibition -- and a plain reading of the law that states no explicit ban. Blumenauer said that "the statute a hundre... prompt=<|im_start|>system
You are a careful fact-checking assistant for LIAR-RAW claims. Classify claims using only the claim and retrieved evidence supplied by the user.<|im_end|>
<|im_start|>user
Classify the claim into exactly one LIAR-RAW l...
2026-05-12 07:35:13 | INFO | __main__ | trainer.py:566 | [eval] step=100 accuracy=0.2500 macro_precision=0.2687 macro_recall=0.2557 macro_f1=0.2465 parse_error_rate=0.0000
2026-05-12 07:35:13 | INFO | __main__ | trainer.py:566 | [eval] per_class:
2026-05-12 07:35:13 | INFO | __main__ | trainer.py:566 |   - barely-true: P=0.2058 R=0.2700 F1=0.2336
2026-05-12 07:35:13 | INFO | __main__ | trainer.py:566 |   - false: P=0.2730 R=0.3065 F1=0.2888
2026-05-12 07:35:13 | INFO | __main__ | trainer.py:566 |   - half-true: P=0.2379 R=0.2805 F1=0.2575
2026-05-12 07:35:13 | INFO | __main__ | trainer.py:566 |   - mostly-true: P=0.3607 R=0.0876 F1=0.1410
2026-05-12 07:35:13 | INFO | __main__ | trainer.py:566 |   - pants-fire: P=0.2857 R=0.2759 F1=0.2807
2026-05-12 07:35:13 | INFO | __main__ | trainer.py:566 |   - true: P=0.2488 R=0.3136 F1=0.2775
2026-05-12 07:44:14 | INFO | __main__ | eval.py:43 | [EVAL_SAMPLE] idx=0 pred=pants-fire gold=barely-true output=Label: A explain=Hartzler said, "We have less Americans working now than in the ‘70s." The statistics Hartzler’s staff said she cited show the employment-population ratio and labor force participation rate was indeed higher in 1979 than in 2015. However,... prompt=<|im_start|>system
You are a careful fact-checking assistant for LIAR-RAW claims. Classify claims using only the claim and retrieved evidence supplied by the user.<|im_end|>
<|im_start|>user
Classify the claim into exactly one LIAR-RAW l...
2026-05-12 07:44:14 | INFO | __main__ | eval.py:43 | [EVAL_SAMPLE] idx=0 pred=pants-fire gold=barely-true output=Label: A explain=Hartzler said, "We have less Americans working now than in the ‘70s." The statistics Hartzler’s staff said she cited show the employment-population ratio and labor force participation rate was indeed higher in 1979 than in 2015. However,... prompt=<|im_start|>system
You are a careful fact-checking assistant for LIAR-RAW claims. Classify claims using only the claim and retrieved evidence supplied by the user.<|im_end|>
<|im_start|>user
Classify the claim into exactly one LIAR-RAW l...
2026-05-12 07:44:14 | INFO | __main__ | eval.py:43 | [EVAL_SAMPLE] idx=1 pred=pants-fire gold=pants-fire output=Label: A explain=Ellison used a Koran that once belonged to Thomas Jefferson, borrowing the rare book from the Library of Congress. It goes without saying that Ellison is not Obama. UPDATE: Barack Obama resigned from Trinity United Church of Christ on Ma... prompt=<|im_start|>system
You are a careful fact-checking assistant for LIAR-RAW claims. Classify claims using only the claim and retrieved evidence supplied by the user.<|im_end|>
<|im_start|>user
Classify the claim into exactly one LIAR-RAW l...
2026-05-12 07:44:14 | INFO | __main__ | eval.py:43 | [EVAL_SAMPLE] idx=1 pred=pants-fire gold=pants-fire output=Label: A explain=Ellison used a Koran that once belonged to Thomas Jefferson, borrowing the rare book from the Library of Congress. It goes without saying that Ellison is not Obama. UPDATE: Barack Obama resigned from Trinity United Church of Christ on Ma... prompt=<|im_start|>system
You are a careful fact-checking assistant for LIAR-RAW claims. Classify claims using only the claim and retrieved evidence supplied by the user.<|im_end|>
<|im_start|>user
Classify the claim into exactly one LIAR-RAW l...
2026-05-12 07:44:14 | INFO | __main__ | eval.py:43 | [EVAL_SAMPLE] idx=2 pred=half-true gold=false output=Label: D explain=However, we have two professors who say the law is silent on political activity -- even if one of them sees an implicit prohibition -- and a plain reading of the law that states no explicit ban. Blumenauer said that "the statute a hundre... prompt=<|im_start|>system
You are a careful fact-checking assistant for LIAR-RAW claims. Classify claims using only the claim and retrieved evidence supplied by the user.<|im_end|>
<|im_start|>user
Classify the claim into exactly one LIAR-RAW l...
2026-05-12 07:44:14 | INFO | __main__ | trainer.py:566 | [eval] step=150 accuracy=0.2406 macro_precision=0.3195 macro_recall=0.2825 macro_f1=0.2221 parse_error_rate=0.0000
2026-05-12 07:44:14 | INFO | __main__ | trainer.py:566 | [eval] per_class:
2026-05-12 07:44:14 | INFO | __main__ | trainer.py:566 |   - barely-true: P=0.2323 R=0.0970 F1=0.1369
2026-05-12 07:44:14 | INFO | __main__ | trainer.py:566 |   - false: P=0.2565 R=0.2261 F1=0.2403
2026-05-12 07:44:14 | INFO | __main__ | trainer.py:566 |   - half-true: P=0.2437 R=0.3171 F1=0.2756
2026-05-12 07:44:14 | INFO | __main__ | trainer.py:566 |   - mostly-true: P=0.7273 R=0.0319 F1=0.0611
2026-05-12 07:44:14 | INFO | __main__ | trainer.py:566 |   - pants-fire: P=0.2069 R=0.6207 F1=0.3103
2026-05-12 07:44:14 | INFO | __main__ | trainer.py:566 |   - true: P=0.2500 R=0.4024 F1=0.3084
2026-05-12 07:53:24 | INFO | __main__ | eval.py:43 | [EVAL_SAMPLE] idx=0 pred=false gold=barely-true output=Label: B explain=Hartzler said, "We have less Americans working now than in the ‘70s." The statistics Hartzler’s staff said she cited show the employment-population ratio and labor force participation rate was indeed higher in 1979 than in 2015. However,... prompt=<|im_start|>system
You are a careful fact-checking assistant for LIAR-RAW claims. Classify claims using only the claim and retrieved evidence supplied by the user.<|im_end|>
<|im_start|>user
Classify the claim into exactly one LIAR-RAW l...
2026-05-12 07:53:24 | INFO | __main__ | eval.py:43 | [EVAL_SAMPLE] idx=0 pred=false gold=barely-true output=Label: B explain=Hartzler said, "We have less Americans working now than in the ‘70s." The statistics Hartzler’s staff said she cited show the employment-population ratio and labor force participation rate was indeed higher in 1979 than in 2015. However,... prompt=<|im_start|>system
You are a careful fact-checking assistant for LIAR-RAW claims. Classify claims using only the claim and retrieved evidence supplied by the user.<|im_end|>
<|im_start|>user
Classify the claim into exactly one LIAR-RAW l...
2026-05-12 07:53:24 | INFO | __main__ | eval.py:43 | [EVAL_SAMPLE] idx=1 pred=pants-fire gold=pants-fire output=Label: A explain=Ellison used a Koran that once belonged to Thomas Jefferson, borrowing the rare book from the Library of Congress. It goes without saying that Ellison is not Obama. UPDATE: Barack Obama resigned from Trinity United Church of Christ on Ma... prompt=<|im_start|>system
You are a careful fact-checking assistant for LIAR-RAW claims. Classify claims using only the claim and retrieved evidence supplied by the user.<|im_end|>
<|im_start|>user
Classify the claim into exactly one LIAR-RAW l...
2026-05-12 07:53:24 | INFO | __main__ | eval.py:43 | [EVAL_SAMPLE] idx=1 pred=pants-fire gold=pants-fire output=Label: A explain=Ellison used a Koran that once belonged to Thomas Jefferson, borrowing the rare book from the Library of Congress. It goes without saying that Ellison is not Obama. UPDATE: Barack Obama resigned from Trinity United Church of Christ on Ma... prompt=<|im_start|>system
You are a careful fact-checking assistant for LIAR-RAW claims. Classify claims using only the claim and retrieved evidence supplied by the user.<|im_end|>
<|im_start|>user
Classify the claim into exactly one LIAR-RAW l...
2026-05-12 07:53:24 | INFO | __main__ | eval.py:43 | [EVAL_SAMPLE] idx=2 pred=mostly-true gold=false output=Label: E explain=However, we have two professors who say the law is silent on political activity -- even if one of them sees an implicit prohibition -- and a plain reading of the law that states no explicit ban. Blumenauer said that "the statute a hundre... prompt=<|im_start|>system
You are a careful fact-checking assistant for LIAR-RAW claims. Classify claims using only the claim and retrieved evidence supplied by the user.<|im_end|>
<|im_start|>user
Classify the claim into exactly one LIAR-RAW l...
2026-05-12 07:53:24 | INFO | __main__ | trainer.py:566 | [eval] step=200 accuracy=0.2672 macro_precision=0.2869 macro_recall=0.2894 macro_f1=0.2660 parse_error_rate=0.0000
2026-05-12 07:53:24 | INFO | __main__ | trainer.py:566 | [eval] per_class:
2026-05-12 07:53:24 | INFO | __main__ | trainer.py:566 |   - barely-true: P=0.2489 R=0.2321 F1=0.2402
2026-05-12 07:53:24 | INFO | __main__ | trainer.py:566 |   - false: P=0.2557 R=0.3410 F1=0.2923
2026-05-12 07:53:24 | INFO | __main__ | trainer.py:566 |   - half-true: P=0.2547 R=0.2195 F1=0.2358
2026-05-12 07:53:24 | INFO | __main__ | trainer.py:566 |   - mostly-true: P=0.4306 R=0.1235 F1=0.1920
2026-05-12 07:53:24 | INFO | __main__ | trainer.py:566 |   - pants-fire: P=0.2478 R=0.4828 F1=0.3275
2026-05-12 07:53:24 | INFO | __main__ | trainer.py:566 |   - true: P=0.2836 R=0.3373 F1=0.3081
2026-05-12 08:02:24 | INFO | __main__ | eval.py:43 | [EVAL_SAMPLE] idx=0 pred=false gold=barely-true output=Label: B explain=Hartzler said, "We have less Americans working now than in the ‘70s." The statistics Hartzler’s staff said she cited show the employment-population ratio and labor force participation rate was indeed higher in 1979 than in 2015. However,... prompt=<|im_start|>system
You are a careful fact-checking assistant for LIAR-RAW claims. Classify claims using only the claim and retrieved evidence supplied by the user.<|im_end|>
<|im_start|>user
Classify the claim into exactly one LIAR-RAW l...
2026-05-12 08:02:24 | INFO | __main__ | eval.py:43 | [EVAL_SAMPLE] idx=0 pred=false gold=barely-true output=Label: B explain=Hartzler said, "We have less Americans working now than in the ‘70s." The statistics Hartzler’s staff said she cited show the employment-population ratio and labor force participation rate was indeed higher in 1979 than in 2015. However,... prompt=<|im_start|>system
You are a careful fact-checking assistant for LIAR-RAW claims. Classify claims using only the claim and retrieved evidence supplied by the user.<|im_end|>
<|im_start|>user
Classify the claim into exactly one LIAR-RAW l...
2026-05-12 08:02:24 | INFO | __main__ | eval.py:43 | [EVAL_SAMPLE] idx=1 pred=false gold=pants-fire output=Label: B explain=Ellison used a Koran that once belonged to Thomas Jefferson, borrowing the rare book from the Library of Congress. It goes without saying that Ellison is not Obama. UPDATE: Barack Obama resigned from Trinity United Church of Christ on Ma... prompt=<|im_start|>system
You are a careful fact-checking assistant for LIAR-RAW claims. Classify claims using only the claim and retrieved evidence supplied by the user.<|im_end|>
<|im_start|>user
Classify the claim into exactly one LIAR-RAW l...
2026-05-12 08:02:24 | INFO | __main__ | eval.py:43 | [EVAL_SAMPLE] idx=1 pred=false gold=pants-fire output=Label: B explain=Ellison used a Koran that once belonged to Thomas Jefferson, borrowing the rare book from the Library of Congress. It goes without saying that Ellison is not Obama. UPDATE: Barack Obama resigned from Trinity United Church of Christ on Ma... prompt=<|im_start|>system
You are a careful fact-checking assistant for LIAR-RAW claims. Classify claims using only the claim and retrieved evidence supplied by the user.<|im_end|>
<|im_start|>user
Classify the claim into exactly one LIAR-RAW l...
2026-05-12 08:02:24 | INFO | __main__ | eval.py:43 | [EVAL_SAMPLE] idx=2 pred=barely-true gold=false output=Label: C explain=However, we have two professors who say the law is silent on political activity -- even if one of them sees an implicit prohibition -- and a plain reading of the law that states no explicit ban. Blumenauer said that "the statute a hundre... prompt=<|im_start|>system
You are a careful fact-checking assistant for LIAR-RAW claims. Classify claims using only the claim and retrieved evidence supplied by the user.<|im_end|>
<|im_start|>user
Classify the claim into exactly one LIAR-RAW l...
2026-05-12 08:02:24 | INFO | __main__ | trainer.py:566 | [eval] step=250 accuracy=0.2789 macro_precision=0.3038 macro_recall=0.2937 macro_f1=0.2763 parse_error_rate=0.0000
2026-05-12 08:02:24 | INFO | __main__ | trainer.py:566 | [eval] per_class:
2026-05-12 08:02:24 | INFO | __main__ | trainer.py:566 |   - barely-true: P=0.2369 R=0.2869 F1=0.2595
2026-05-12 08:02:24 | INFO | __main__ | trainer.py:566 |   - false: P=0.2789 R=0.4061 F1=0.3307
2026-05-12 08:02:24 | INFO | __main__ | trainer.py:566 |   - half-true: P=0.2286 R=0.1301 F1=0.1658
2026-05-12 08:02:24 | INFO | __main__ | trainer.py:566 |   - mostly-true: P=0.5185 R=0.1673 F1=0.2530
2026-05-12 08:02:24 | INFO | __main__ | trainer.py:566 |   - pants-fire: P=0.2901 R=0.4052 F1=0.3381
2026-05-12 08:02:24 | INFO | __main__ | trainer.py:566 |   - true: P=0.2696 R=0.3669 F1=0.3108
2026-05-12 08:11:23 | INFO | __main__ | eval.py:43 | [EVAL_SAMPLE] idx=0 pred=false gold=barely-true output=Label: B explain=Hartzler said, "We have less Americans working now than in the ‘70s." The statistics Hartzler’s staff said she cited show the employment-population ratio and labor force participation rate was indeed higher in 1979 than in 2015. However,... prompt=<|im_start|>system
You are a careful fact-checking assistant for LIAR-RAW claims. Classify claims using only the claim and retrieved evidence supplied by the user.<|im_end|>
<|im_start|>user
Classify the claim into exactly one LIAR-RAW l...
2026-05-12 08:11:23 | INFO | __main__ | eval.py:43 | [EVAL_SAMPLE] idx=0 pred=false gold=barely-true output=Label: B explain=Hartzler said, "We have less Americans working now than in the ‘70s." The statistics Hartzler’s staff said she cited show the employment-population ratio and labor force participation rate was indeed higher in 1979 than in 2015. However,... prompt=<|im_start|>system
You are a careful fact-checking assistant for LIAR-RAW claims. Classify claims using only the claim and retrieved evidence supplied by the user.<|im_end|>
<|im_start|>user
Classify the claim into exactly one LIAR-RAW l...
2026-05-12 08:11:23 | INFO | __main__ | eval.py:43 | [EVAL_SAMPLE] idx=1 pred=false gold=pants-fire output=Label: B explain=Ellison used a Koran that once belonged to Thomas Jefferson, borrowing the rare book from the Library of Congress. It goes without saying that Ellison is not Obama. UPDATE: Barack Obama resigned from Trinity United Church of Christ on Ma... prompt=<|im_start|>system
You are a careful fact-checking assistant for LIAR-RAW claims. Classify claims using only the claim and retrieved evidence supplied by the user.<|im_end|>
<|im_start|>user
Classify the claim into exactly one LIAR-RAW l...
2026-05-12 08:11:23 | INFO | __main__ | eval.py:43 | [EVAL_SAMPLE] idx=1 pred=false gold=pants-fire output=Label: B explain=Ellison used a Koran that once belonged to Thomas Jefferson, borrowing the rare book from the Library of Congress. It goes without saying that Ellison is not Obama. UPDATE: Barack Obama resigned from Trinity United Church of Christ on Ma... prompt=<|im_start|>system
You are a careful fact-checking assistant for LIAR-RAW claims. Classify claims using only the claim and retrieved evidence supplied by the user.<|im_end|>
<|im_start|>user
Classify the claim into exactly one LIAR-RAW l...
2026-05-12 08:11:23 | INFO | __main__ | eval.py:43 | [EVAL_SAMPLE] idx=2 pred=barely-true gold=false output=Label: C explain=However, we have two professors who say the law is silent on political activity -- even if one of them sees an implicit prohibition -- and a plain reading of the law that states no explicit ban. Blumenauer said that "the statute a hundre... prompt=<|im_start|>system
You are a careful fact-checking assistant for LIAR-RAW claims. Classify claims using only the claim and retrieved evidence supplied by the user.<|im_end|>
<|im_start|>user
Classify the claim into exactly one LIAR-RAW l...
2026-05-12 08:11:23 | INFO | __main__ | trainer.py:566 | [eval] step=300 accuracy=0.2648 macro_precision=0.2848 macro_recall=0.2870 macro_f1=0.2602 parse_error_rate=0.0000
2026-05-12 08:11:23 | INFO | __main__ | trainer.py:566 | [eval] per_class:
2026-05-12 08:11:23 | INFO | __main__ | trainer.py:566 |   - barely-true: P=0.2316 R=0.2658 F1=0.2475
2026-05-12 08:11:23 | INFO | __main__ | trainer.py:566 |   - false: P=0.2670 R=0.3755 F1=0.3121
2026-05-12 08:11:23 | INFO | __main__ | trainer.py:566 |   - half-true: P=0.2558 R=0.1341 F1=0.1760
2026-05-12 08:11:23 | INFO | __main__ | trainer.py:566 |   - mostly-true: P=0.4366 R=0.1235 F1=0.1925
2026-05-12 08:11:23 | INFO | __main__ | trainer.py:566 |   - pants-fire: P=0.2632 R=0.4741 F1=0.3385
2026-05-12 08:11:23 | INFO | __main__ | trainer.py:566 |   - true: P=0.2543 R=0.3491 F1=0.2943
2026-05-12 08:20:35 | INFO | __main__ | eval.py:43 | [EVAL_SAMPLE] idx=0 pred=false gold=barely-true output=Label: B explain=Hartzler said, "We have less Americans working now than in the ‘70s." The statistics Hartzler’s staff said she cited show the employment-population ratio and labor force participation rate was indeed higher in 1979 than in 2015. However,... prompt=<|im_start|>system
You are a careful fact-checking assistant for LIAR-RAW claims. Classify claims using only the claim and retrieved evidence supplied by the user.<|im_end|>
<|im_start|>user
Classify the claim into exactly one LIAR-RAW l...
2026-05-12 08:20:35 | INFO | __main__ | eval.py:43 | [EVAL_SAMPLE] idx=0 pred=false gold=barely-true output=Label: B explain=Hartzler said, "We have less Americans working now than in the ‘70s." The statistics Hartzler’s staff said she cited show the employment-population ratio and labor force participation rate was indeed higher in 1979 than in 2015. However,... prompt=<|im_start|>system
You are a careful fact-checking assistant for LIAR-RAW claims. Classify claims using only the claim and retrieved evidence supplied by the user.<|im_end|>
<|im_start|>user
Classify the claim into exactly one LIAR-RAW l...
2026-05-12 08:20:35 | INFO | __main__ | eval.py:43 | [EVAL_SAMPLE] idx=1 pred=false gold=pants-fire output=Label: B explain=Ellison used a Koran that once belonged to Thomas Jefferson, borrowing the rare book from the Library of Congress. It goes without saying that Ellison is not Obama. UPDATE: Barack Obama resigned from Trinity United Church of Christ on Ma... prompt=<|im_start|>system
You are a careful fact-checking assistant for LIAR-RAW claims. Classify claims using only the claim and retrieved evidence supplied by the user.<|im_end|>
<|im_start|>user
Classify the claim into exactly one LIAR-RAW l...
2026-05-12 08:20:35 | INFO | __main__ | eval.py:43 | [EVAL_SAMPLE] idx=1 pred=false gold=pants-fire output=Label: B explain=Ellison used a Koran that once belonged to Thomas Jefferson, borrowing the rare book from the Library of Congress. It goes without saying that Ellison is not Obama. UPDATE: Barack Obama resigned from Trinity United Church of Christ on Ma... prompt=<|im_start|>system
You are a careful fact-checking assistant for LIAR-RAW claims. Classify claims using only the claim and retrieved evidence supplied by the user.<|im_end|>
<|im_start|>user
Classify the claim into exactly one LIAR-RAW l...
2026-05-12 08:20:35 | INFO | __main__ | eval.py:43 | [EVAL_SAMPLE] idx=2 pred=barely-true gold=false output=Label: C explain=However, we have two professors who say the law is silent on political activity -- even if one of them sees an implicit prohibition -- and a plain reading of the law that states no explicit ban. Blumenauer said that "the statute a hundre... prompt=<|im_start|>system
You are a careful fact-checking assistant for LIAR-RAW claims. Classify claims using only the claim and retrieved evidence supplied by the user.<|im_end|>
<|im_start|>user
Classify the claim into exactly one LIAR-RAW l...
2026-05-12 08:20:35 | INFO | __main__ | trainer.py:566 | [eval] step=350 accuracy=0.2719 macro_precision=0.2956 macro_recall=0.2944 macro_f1=0.2673 parse_error_rate=0.0000
2026-05-12 08:20:35 | INFO | __main__ | trainer.py:566 | [eval] per_class:
2026-05-12 08:20:35 | INFO | __main__ | trainer.py:566 |   - barely-true: P=0.2243 R=0.2574 F1=0.2397
2026-05-12 08:20:35 | INFO | __main__ | trainer.py:566 |   - false: P=0.2801 R=0.3831 F1=0.3236
2026-05-12 08:20:35 | INFO | __main__ | trainer.py:566 |   - half-true: P=0.2574 R=0.1423 F1=0.1832
2026-05-12 08:20:35 | INFO | __main__ | trainer.py:566 |   - mostly-true: P=0.4776 R=0.1275 F1=0.2013
2026-05-12 08:20:35 | INFO | __main__ | trainer.py:566 |   - pants-fire: P=0.2584 R=0.4655 F1=0.3323
2026-05-12 08:20:35 | INFO | __main__ | trainer.py:566 |   - true: P=0.2762 R=0.3905 F1=0.3235
2026-05-12 08:29:26 | INFO | __main__ | eval.py:43 | [EVAL_SAMPLE] idx=0 pred=false gold=barely-true output=Label: B explain=Hartzler said, "We have less Americans working now than in the ‘70s." The statistics Hartzler’s staff said she cited show the employment-population ratio and labor force participation rate was indeed higher in 1979 than in 2015. However,... prompt=<|im_start|>system
You are a careful fact-checking assistant for LIAR-RAW claims. Classify claims using only the claim and retrieved evidence supplied by the user.<|im_end|>
<|im_start|>user
Classify the claim into exactly one LIAR-RAW l...
2026-05-12 08:29:26 | INFO | __main__ | eval.py:43 | [EVAL_SAMPLE] idx=0 pred=false gold=barely-true output=Label: B explain=Hartzler said, "We have less Americans working now than in the ‘70s." The statistics Hartzler’s staff said she cited show the employment-population ratio and labor force participation rate was indeed higher in 1979 than in 2015. However,... prompt=<|im_start|>system
You are a careful fact-checking assistant for LIAR-RAW claims. Classify claims using only the claim and retrieved evidence supplied by the user.<|im_end|>
<|im_start|>user
Classify the claim into exactly one LIAR-RAW l...
2026-05-12 08:29:26 | INFO | __main__ | eval.py:43 | [EVAL_SAMPLE] idx=1 pred=false gold=pants-fire output=Label: B explain=Ellison used a Koran that once belonged to Thomas Jefferson, borrowing the rare book from the Library of Congress. It goes without saying that Ellison is not Obama. UPDATE: Barack Obama resigned from Trinity United Church of Christ on Ma... prompt=<|im_start|>system
You are a careful fact-checking assistant for LIAR-RAW claims. Classify claims using only the claim and retrieved evidence supplied by the user.<|im_end|>
<|im_start|>user
Classify the claim into exactly one LIAR-RAW l...
2026-05-12 08:29:26 | INFO | __main__ | eval.py:43 | [EVAL_SAMPLE] idx=1 pred=false gold=pants-fire output=Label: B explain=Ellison used a Koran that once belonged to Thomas Jefferson, borrowing the rare book from the Library of Congress. It goes without saying that Ellison is not Obama. UPDATE: Barack Obama resigned from Trinity United Church of Christ on Ma... prompt=<|im_start|>system
You are a careful fact-checking assistant for LIAR-RAW claims. Classify claims using only the claim and retrieved evidence supplied by the user.<|im_end|>
<|im_start|>user
Classify the claim into exactly one LIAR-RAW l...
2026-05-12 08:29:26 | INFO | __main__ | eval.py:43 | [EVAL_SAMPLE] idx=2 pred=mostly-true gold=false output=Label: E explain=However, we have two professors who say the law is silent on political activity -- even if one of them sees an implicit prohibition -- and a plain reading of the law that states no explicit ban. Blumenauer said that "the statute a hundre... prompt=<|im_start|>system
You are a careful fact-checking assistant for LIAR-RAW claims. Classify claims using only the claim and retrieved evidence supplied by the user.<|im_end|>
<|im_start|>user
Classify the claim into exactly one LIAR-RAW l...
2026-05-12 08:29:26 | INFO | __main__ | trainer.py:566 | [eval] step=400 accuracy=0.2773 macro_precision=0.3054 macro_recall=0.2976 macro_f1=0.2751 parse_error_rate=0.0000
2026-05-12 08:29:26 | INFO | __main__ | trainer.py:566 | [eval] per_class:
2026-05-12 08:29:26 | INFO | __main__ | trainer.py:566 |   - barely-true: P=0.2464 R=0.2911 F1=0.2669
2026-05-12 08:29:26 | INFO | __main__ | trainer.py:566 |   - false: P=0.2807 R=0.3678 F1=0.3184
2026-05-12 08:29:26 | INFO | __main__ | trainer.py:566 |   - half-true: P=0.2586 R=0.1829 F1=0.2143
2026-05-12 08:29:26 | INFO | __main__ | trainer.py:566 |   - mostly-true: P=0.5152 R=0.1355 F1=0.2145
2026-05-12 08:29:26 | INFO | __main__ | trainer.py:566 |   - pants-fire: P=0.2718 R=0.4828 F1=0.3478
2026-05-12 08:29:26 | INFO | __main__ | trainer.py:566 |   - true: P=0.2594 R=0.3254 F1=0.2887
2026-05-12 08:38:28 | INFO | __main__ | eval.py:43 | [EVAL_SAMPLE] idx=0 pred=false gold=barely-true output=Label: B explain=Hartzler said, "We have less Americans working now than in the ‘70s." The statistics Hartzler’s staff said she cited show the employment-population ratio and labor force participation rate was indeed higher in 1979 than in 2015. However,... prompt=<|im_start|>system
You are a careful fact-checking assistant for LIAR-RAW claims. Classify claims using only the claim and retrieved evidence supplied by the user.<|im_end|>
<|im_start|>user
Classify the claim into exactly one LIAR-RAW l...
2026-05-12 08:38:28 | INFO | __main__ | eval.py:43 | [EVAL_SAMPLE] idx=0 pred=false gold=barely-true output=Label: B explain=Hartzler said, "We have less Americans working now than in the ‘70s." The statistics Hartzler’s staff said she cited show the employment-population ratio and labor force participation rate was indeed higher in 1979 than in 2015. However,... prompt=<|im_start|>system
You are a careful fact-checking assistant for LIAR-RAW claims. Classify claims using only the claim and retrieved evidence supplied by the user.<|im_end|>
<|im_start|>user
Classify the claim into exactly one LIAR-RAW l...
2026-05-12 08:38:28 | INFO | __main__ | eval.py:43 | [EVAL_SAMPLE] idx=1 pred=false gold=pants-fire output=Label: B explain=Ellison used a Koran that once belonged to Thomas Jefferson, borrowing the rare book from the Library of Congress. It goes without saying that Ellison is not Obama. UPDATE: Barack Obama resigned from Trinity United Church of Christ on Ma... prompt=<|im_start|>system
You are a careful fact-checking assistant for LIAR-RAW claims. Classify claims using only the claim and retrieved evidence supplied by the user.<|im_end|>
<|im_start|>user
Classify the claim into exactly one LIAR-RAW l...
2026-05-12 08:38:28 | INFO | __main__ | eval.py:43 | [EVAL_SAMPLE] idx=1 pred=false gold=pants-fire output=Label: B explain=Ellison used a Koran that once belonged to Thomas Jefferson, borrowing the rare book from the Library of Congress. It goes without saying that Ellison is not Obama. UPDATE: Barack Obama resigned from Trinity United Church of Christ on Ma... prompt=<|im_start|>system
You are a careful fact-checking assistant for LIAR-RAW claims. Classify claims using only the claim and retrieved evidence supplied by the user.<|im_end|>
<|im_start|>user
Classify the claim into exactly one LIAR-RAW l...
2026-05-12 08:38:28 | INFO | __main__ | eval.py:43 | [EVAL_SAMPLE] idx=2 pred=mostly-true gold=false output=Label: E explain=However, we have two professors who say the law is silent on political activity -- even if one of them sees an implicit prohibition -- and a plain reading of the law that states no explicit ban. Blumenauer said that "the statute a hundre... prompt=<|im_start|>system
You are a careful fact-checking assistant for LIAR-RAW claims. Classify claims using only the claim and retrieved evidence supplied by the user.<|im_end|>
<|im_start|>user
Classify the claim into exactly one LIAR-RAW l...
2026-05-12 08:38:28 | INFO | __main__ | trainer.py:566 | [eval] step=450 accuracy=0.2875 macro_precision=0.2913 macro_recall=0.2894 macro_f1=0.2816 parse_error_rate=0.0000
2026-05-12 08:38:28 | INFO | __main__ | trainer.py:566 | [eval] per_class:
2026-05-12 08:38:28 | INFO | __main__ | trainer.py:566 |   - barely-true: P=0.2385 R=0.2616 F1=0.2495
2026-05-12 08:38:28 | INFO | __main__ | trainer.py:566 |   - false: P=0.2939 R=0.3333 F1=0.3124
2026-05-12 08:38:28 | INFO | __main__ | trainer.py:566 |   - half-true: P=0.2635 R=0.1789 F1=0.2131
2026-05-12 08:38:28 | INFO | __main__ | trainer.py:566 |   - mostly-true: P=0.3138 R=0.4064 F1=0.3542
2026-05-12 08:38:28 | INFO | __main__ | trainer.py:566 |   - pants-fire: P=0.3046 R=0.3966 F1=0.3446
2026-05-12 08:38:28 | INFO | __main__ | trainer.py:566 |   - true: P=0.3333 R=0.1598 F1=0.2160
2026-05-12 08:47:33 | INFO | __main__ | eval.py:43 | [EVAL_SAMPLE] idx=0 pred=false gold=barely-true output=Label: B explain=Hartzler said, "We have less Americans working now than in the ‘70s." The statistics Hartzler’s staff said she cited show the employment-population ratio and labor force participation rate was indeed higher in 1979 than in 2015. However,... prompt=<|im_start|>system
You are a careful fact-checking assistant for LIAR-RAW claims. Classify claims using only the claim and retrieved evidence supplied by the user.<|im_end|>
<|im_start|>user
Classify the claim into exactly one LIAR-RAW l...
2026-05-12 08:47:33 | INFO | __main__ | eval.py:43 | [EVAL_SAMPLE] idx=0 pred=false gold=barely-true output=Label: B explain=Hartzler said, "We have less Americans working now than in the ‘70s." The statistics Hartzler’s staff said she cited show the employment-population ratio and labor force participation rate was indeed higher in 1979 than in 2015. However,... prompt=<|im_start|>system
You are a careful fact-checking assistant for LIAR-RAW claims. Classify claims using only the claim and retrieved evidence supplied by the user.<|im_end|>
<|im_start|>user
Classify the claim into exactly one LIAR-RAW l...
2026-05-12 08:47:33 | INFO | __main__ | eval.py:43 | [EVAL_SAMPLE] idx=1 pred=false gold=pants-fire output=Label: B explain=Ellison used a Koran that once belonged to Thomas Jefferson, borrowing the rare book from the Library of Congress. It goes without saying that Ellison is not Obama. UPDATE: Barack Obama resigned from Trinity United Church of Christ on Ma... prompt=<|im_start|>system
You are a careful fact-checking assistant for LIAR-RAW claims. Classify claims using only the claim and retrieved evidence supplied by the user.<|im_end|>
<|im_start|>user
Classify the claim into exactly one LIAR-RAW l...
2026-05-12 08:47:33 | INFO | __main__ | eval.py:43 | [EVAL_SAMPLE] idx=1 pred=false gold=pants-fire output=Label: B explain=Ellison used a Koran that once belonged to Thomas Jefferson, borrowing the rare book from the Library of Congress. It goes without saying that Ellison is not Obama. UPDATE: Barack Obama resigned from Trinity United Church of Christ on Ma... prompt=<|im_start|>system
You are a careful fact-checking assistant for LIAR-RAW claims. Classify claims using only the claim and retrieved evidence supplied by the user.<|im_end|>
<|im_start|>user
Classify the claim into exactly one LIAR-RAW l...
2026-05-12 08:47:33 | INFO | __main__ | eval.py:43 | [EVAL_SAMPLE] idx=2 pred=mostly-true gold=false output=Label: E explain=However, we have two professors who say the law is silent on political activity -- even if one of them sees an implicit prohibition -- and a plain reading of the law that states no explicit ban. Blumenauer said that "the statute a hundre... prompt=<|im_start|>system
You are a careful fact-checking assistant for LIAR-RAW claims. Classify claims using only the claim and retrieved evidence supplied by the user.<|im_end|>
<|im_start|>user
Classify the claim into exactly one LIAR-RAW l...
2026-05-12 08:47:33 | INFO | __main__ | trainer.py:566 | [eval] step=500 accuracy=0.2930 macro_precision=0.3051 macro_recall=0.2953 macro_f1=0.2747 parse_error_rate=0.0000
2026-05-12 08:47:33 | INFO | __main__ | trainer.py:566 | [eval] per_class:
2026-05-12 08:47:33 | INFO | __main__ | trainer.py:566 |   - barely-true: P=0.3415 R=0.0591 F1=0.1007
2026-05-12 08:47:33 | INFO | __main__ | trainer.py:566 |   - false: P=0.2676 R=0.5249 F1=0.3545
2026-05-12 08:47:33 | INFO | __main__ | trainer.py:566 |   - half-true: P=0.2840 R=0.1870 F1=0.2255
2026-05-12 08:47:33 | INFO | __main__ | trainer.py:566 |   - mostly-true: P=0.3426 R=0.3426 F1=0.3426
2026-05-12 08:47:33 | INFO | __main__ | trainer.py:566 |   - pants-fire: P=0.3231 R=0.3621 F1=0.3415
2026-05-12 08:47:33 | INFO | __main__ | trainer.py:566 |   - true: P=0.2717 R=0.2959 F1=0.2833
2026-05-12 08:56:24 | INFO | __main__ | eval.py:43 | [EVAL_SAMPLE] idx=0 pred=false gold=barely-true output=Label: B explain=Hartzler said, "We have less Americans working now than in the ‘70s." The statistics Hartzler’s staff said she cited show the employment-population ratio and labor force participation rate was indeed higher in 1979 than in 2015. However,... prompt=<|im_start|>system
You are a careful fact-checking assistant for LIAR-RAW claims. Classify claims using only the claim and retrieved evidence supplied by the user.<|im_end|>
<|im_start|>user
Classify the claim into exactly one LIAR-RAW l...
2026-05-12 08:56:24 | INFO | __main__ | eval.py:43 | [EVAL_SAMPLE] idx=0 pred=false gold=barely-true output=Label: B explain=Hartzler said, "We have less Americans working now than in the ‘70s." The statistics Hartzler’s staff said she cited show the employment-population ratio and labor force participation rate was indeed higher in 1979 than in 2015. However,... prompt=<|im_start|>system
You are a careful fact-checking assistant for LIAR-RAW claims. Classify claims using only the claim and retrieved evidence supplied by the user.<|im_end|>
<|im_start|>user
Classify the claim into exactly one LIAR-RAW l...
2026-05-12 08:56:24 | INFO | __main__ | eval.py:43 | [EVAL_SAMPLE] idx=1 pred=false gold=pants-fire output=Label: B explain=Ellison used a Koran that once belonged to Thomas Jefferson, borrowing the rare book from the Library of Congress. It goes without saying that Ellison is not Obama. UPDATE: Barack Obama resigned from Trinity United Church of Christ on Ma... prompt=<|im_start|>system
You are a careful fact-checking assistant for LIAR-RAW claims. Classify claims using only the claim and retrieved evidence supplied by the user.<|im_end|>
<|im_start|>user
Classify the claim into exactly one LIAR-RAW l...
2026-05-12 08:56:24 | INFO | __main__ | eval.py:43 | [EVAL_SAMPLE] idx=1 pred=false gold=pants-fire output=Label: B explain=Ellison used a Koran that once belonged to Thomas Jefferson, borrowing the rare book from the Library of Congress. It goes without saying that Ellison is not Obama. UPDATE: Barack Obama resigned from Trinity United Church of Christ on Ma... prompt=<|im_start|>system
You are a careful fact-checking assistant for LIAR-RAW claims. Classify claims using only the claim and retrieved evidence supplied by the user.<|im_end|>
<|im_start|>user
Classify the claim into exactly one LIAR-RAW l...
2026-05-12 08:56:24 | INFO | __main__ | eval.py:43 | [EVAL_SAMPLE] idx=2 pred=half-true gold=false output=Label: D explain=However, we have two professors who say the law is silent on political activity -- even if one of them sees an implicit prohibition -- and a plain reading of the law that states no explicit ban. Blumenauer said that "the statute a hundre... prompt=<|im_start|>system
You are a careful fact-checking assistant for LIAR-RAW claims. Classify claims using only the claim and retrieved evidence supplied by the user.<|im_end|>
<|im_start|>user
Classify the claim into exactly one LIAR-RAW l...
2026-05-12 08:56:24 | INFO | __main__ | trainer.py:566 | [eval] step=550 accuracy=0.2961 macro_precision=0.3175 macro_recall=0.3153 macro_f1=0.2997 parse_error_rate=0.0000
2026-05-12 08:56:24 | INFO | __main__ | trainer.py:566 | [eval] per_class:
2026-05-12 08:56:24 | INFO | __main__ | trainer.py:566 |   - barely-true: P=0.2632 R=0.3586 F1=0.3036
2026-05-12 08:56:24 | INFO | __main__ | trainer.py:566 |   - false: P=0.2794 R=0.2912 F1=0.2852
2026-05-12 08:56:24 | INFO | __main__ | trainer.py:566 |   - half-true: P=0.2825 R=0.2033 F1=0.2364
2026-05-12 08:56:24 | INFO | __main__ | trainer.py:566 |   - mostly-true: P=0.5000 R=0.2032 F1=0.2890
2026-05-12 08:56:24 | INFO | __main__ | trainer.py:566 |   - pants-fire: P=0.3029 R=0.4569 F1=0.3643
2026-05-12 08:56:24 | INFO | __main__ | trainer.py:566 |   - true: P=0.2771 R=0.3787 F1=0.3200
2026-05-12 09:05:14 | INFO | __main__ | eval.py:43 | [EVAL_SAMPLE] idx=0 pred=false gold=barely-true output=Label: B explain=Hartzler said, "We have less Americans working now than in the ‘70s." The statistics Hartzler’s staff said she cited show the employment-population ratio and labor force participation rate was indeed higher in 1979 than in 2015. However,... prompt=<|im_start|>system
You are a careful fact-checking assistant for LIAR-RAW claims. Classify claims using only the claim and retrieved evidence supplied by the user.<|im_end|>
<|im_start|>user
Classify the claim into exactly one LIAR-RAW l...
2026-05-12 09:05:14 | INFO | __main__ | eval.py:43 | [EVAL_SAMPLE] idx=0 pred=false gold=barely-true output=Label: B explain=Hartzler said, "We have less Americans working now than in the ‘70s." The statistics Hartzler’s staff said she cited show the employment-population ratio and labor force participation rate was indeed higher in 1979 than in 2015. However,... prompt=<|im_start|>system
You are a careful fact-checking assistant for LIAR-RAW claims. Classify claims using only the claim and retrieved evidence supplied by the user.<|im_end|>
<|im_start|>user
Classify the claim into exactly one LIAR-RAW l...
2026-05-12 09:05:14 | INFO | __main__ | eval.py:43 | [EVAL_SAMPLE] idx=1 pred=pants-fire gold=pants-fire output=Label: A explain=Ellison used a Koran that once belonged to Thomas Jefferson, borrowing the rare book from the Library of Congress. It goes without saying that Ellison is not Obama. UPDATE: Barack Obama resigned from Trinity United Church of Christ on Ma... prompt=<|im_start|>system
You are a careful fact-checking assistant for LIAR-RAW claims. Classify claims using only the claim and retrieved evidence supplied by the user.<|im_end|>
<|im_start|>user
Classify the claim into exactly one LIAR-RAW l...
2026-05-12 09:05:14 | INFO | __main__ | eval.py:43 | [EVAL_SAMPLE] idx=1 pred=pants-fire gold=pants-fire output=Label: A explain=Ellison used a Koran that once belonged to Thomas Jefferson, borrowing the rare book from the Library of Congress. It goes without saying that Ellison is not Obama. UPDATE: Barack Obama resigned from Trinity United Church of Christ on Ma... prompt=<|im_start|>system
You are a careful fact-checking assistant for LIAR-RAW claims. Classify claims using only the claim and retrieved evidence supplied by the user.<|im_end|>
<|im_start|>user
Classify the claim into exactly one LIAR-RAW l...
2026-05-12 09:05:14 | INFO | __main__ | eval.py:43 | [EVAL_SAMPLE] idx=2 pred=true gold=false output=Label: F explain=However, we have two professors who say the law is silent on political activity -- even if one of them sees an implicit prohibition -- and a plain reading of the law that states no explicit ban. Blumenauer said that "the statute a hundre... prompt=<|im_start|>system
You are a careful fact-checking assistant for LIAR-RAW claims. Classify claims using only the claim and retrieved evidence supplied by the user.<|im_end|>
<|im_start|>user
Classify the claim into exactly one LIAR-RAW l...
2026-05-12 09:05:14 | INFO | __main__ | trainer.py:566 | [eval] step=600 accuracy=0.2914 macro_precision=0.3309 macro_recall=0.3321 macro_f1=0.2739 parse_error_rate=0.0000
2026-05-12 09:05:14 | INFO | __main__ | trainer.py:566 | [eval] per_class:
2026-05-12 09:05:14 | INFO | __main__ | trainer.py:566 |   - barely-true: P=0.2583 R=0.5232 F1=0.3459
2026-05-12 09:05:14 | INFO | __main__ | trainer.py:566 |   - false: P=0.3750 R=0.0575 F1=0.0997
2026-05-12 09:05:14 | INFO | __main__ | trainer.py:566 |   - half-true: P=0.3333 R=0.1789 F1=0.2328
2026-05-12 09:05:14 | INFO | __main__ | trainer.py:566 |   - mostly-true: P=0.4500 R=0.1434 F1=0.2175
2026-05-12 09:05:14 | INFO | __main__ | trainer.py:566 |   - pants-fire: P=0.3014 R=0.5690 F1=0.3940
2026-05-12 09:05:14 | INFO | __main__ | trainer.py:566 |   - true: P=0.2675 R=0.5207 F1=0.3534
