2026-05-11 19:59:36 | INFO | __main__ | trainer.py:207 | [INFO] saved resolved config to /data/liaozijie/fact-checking/outputs/runs/mmr_lambda_sweep_1024/build.retrieval.mmr_lambda-0.4__d97b0bb2/train/config.resolved.yaml
2026-05-11 19:59:36 | INFO | __main__ | stats.py:59 | [PROMPT_STATS] split=train pre_mean=809.14 pre_p95=1004 pre_overflow=0 post_mean=809.14 post_p95=1004 post_overflow=0 truncated=1097 trunc_rate=0.1090
2026-05-11 19:59:36 | INFO | __main__ | stats.py:59 | [PROMPT_STATS] split=val pre_mean=826.86 pre_p95=1006 pre_overflow=0 post_mean=826.86 post_p95=1006 post_overflow=0 truncated=136 trunc_rate=0.1068
2026-05-11 19:59:36 | INFO | __main__ | trainer.py:269 | [INFO] prompt statistics saved to /data/liaozijie/fact-checking/outputs/runs/mmr_lambda_sweep_1024/build.retrieval.mmr_lambda-0.4__d97b0bb2/train/prompt_stats/prompt_stats.json
2026-05-11 19:59:37 | INFO | __main__ | adapters.py:97 | [INFO] LoRA enabled: trainable parameters=40370176 / 7655986688 (0.5273%), r=16, alpha=32
2026-05-11 19:59:59 | INFO | __main__ | trainer.py:359 | [INFO] Optimizer will update LoRA/trainable parameters only.
2026-05-11 20:00:05 | INFO | __main__ | trainer.py:390 | [INFO] dataloader length around accelerator.prepare: before=2516, after=629
2026-05-11 20:00:05 | WARNING | __main__ | trainer.py:396 | [WARN] len(train_dl) changed after accelerator.prepare: before=2516, after=629. This may indicate duplicated sharding/re-partitioning across distributed samplers.
2026-05-11 20:00:05 | INFO | __main__ | trainer.py:413 | [INFO] train progress setup (post-prepare): num_epochs=2, len(train_dl)=629, effective_grad_accum_steps=2, update_steps_per_epoch=315, max_train_steps=630
2026-05-11 20:00:05 | INFO | __main__ | trainer.py:122 | [INFO] logit_adjust enabled: tau=1.000 priors=['0.0807', '0.1945', '0.1601', '0.2074', '0.1937', '0.1636'] letters=[362, 425, 356, 422, 468, 434] prefix=[2476, 25]
2026-05-11 20:00:05 | INFO | __main__ | trainer.py:434 | [INFO] logit_adjust config saved to /data/liaozijie/fact-checking/outputs/runs/mmr_lambda_sweep_1024/build.retrieval.mmr_lambda-0.4__d97b0bb2/train/logit_adjust.json
2026-05-11 20:10:25 | INFO | __main__ | eval.py:43 | [EVAL_SAMPLE] idx=0 pred=pants-fire gold=barely-true output=Label: A explain=Hartzler said, "We have less Americans working now than in the ‘70s." The statistics Hartzler’s staff said she cited show the employment-population ratio and labor force participation rate was indeed higher in 1979 than in 2015. However,... prompt=<|im_start|>system
You are a careful fact-checking assistant for LIAR-RAW claims. Classify claims using only the claim and retrieved evidence supplied by the user.<|im_end|>
<|im_start|>user
Classify the claim into exactly one LIAR-RAW l...
2026-05-11 20:10:25 | INFO | __main__ | eval.py:43 | [EVAL_SAMPLE] idx=0 pred=pants-fire gold=barely-true output=Label: A explain=Hartzler said, "We have less Americans working now than in the ‘70s." The statistics Hartzler’s staff said she cited show the employment-population ratio and labor force participation rate was indeed higher in 1979 than in 2015. However,... prompt=<|im_start|>system
You are a careful fact-checking assistant for LIAR-RAW claims. Classify claims using only the claim and retrieved evidence supplied by the user.<|im_end|>
<|im_start|>user
Classify the claim into exactly one LIAR-RAW l...
2026-05-11 20:10:25 | INFO | __main__ | eval.py:43 | [EVAL_SAMPLE] idx=1 pred=false gold=pants-fire output=Label: B explain=Ellison used a Koran that once belonged to Thomas Jefferson, borrowing the rare book from the Library of Congress. It goes without saying that Ellison is not Obama. UPDATE: Barack Obama resigned from Trinity United Church of Christ on Ma... prompt=<|im_start|>system
You are a careful fact-checking assistant for LIAR-RAW claims. Classify claims using only the claim and retrieved evidence supplied by the user.<|im_end|>
<|im_start|>user
Classify the claim into exactly one LIAR-RAW l...
2026-05-11 20:10:25 | INFO | __main__ | eval.py:43 | [EVAL_SAMPLE] idx=1 pred=false gold=pants-fire output=Label: B explain=Ellison used a Koran that once belonged to Thomas Jefferson, borrowing the rare book from the Library of Congress. It goes without saying that Ellison is not Obama. UPDATE: Barack Obama resigned from Trinity United Church of Christ on Ma... prompt=<|im_start|>system
You are a careful fact-checking assistant for LIAR-RAW claims. Classify claims using only the claim and retrieved evidence supplied by the user.<|im_end|>
<|im_start|>user
Classify the claim into exactly one LIAR-RAW l...
2026-05-11 20:10:25 | INFO | __main__ | eval.py:43 | [EVAL_SAMPLE] idx=2 pred=mostly-true gold=false output=Label: E explain=However, we have two professors who say the law is silent on political activity -- even if one of them sees an implicit prohibition -- and a plain reading of the law that states no explicit ban. Blumenauer said that "the statute a hundre... prompt=<|im_start|>system
You are a careful fact-checking assistant for LIAR-RAW claims. Classify claims using only the claim and retrieved evidence supplied by the user.<|im_end|>
<|im_start|>user
Classify the claim into exactly one LIAR-RAW l...
2026-05-11 20:10:25 | INFO | __main__ | trainer.py:563 | [eval] step=100 accuracy=0.2437 macro_precision=0.2609 macro_recall=0.2662 macro_f1=0.2273 parse_error_rate=0.0000
2026-05-11 20:10:25 | INFO | __main__ | trainer.py:563 | [eval] per_class:
2026-05-11 20:10:25 | INFO | __main__ | trainer.py:563 |   - barely-true: P=0.2185 R=0.2785 F1=0.2449
2026-05-11 20:10:25 | INFO | __main__ | trainer.py:563 |   - false: P=0.2609 R=0.3908 F1=0.3129
2026-05-11 20:10:25 | INFO | __main__ | trainer.py:563 |   - half-true: P=0.3056 R=0.0447 F1=0.0780
2026-05-11 20:10:25 | INFO | __main__ | trainer.py:563 |   - mostly-true: P=0.3158 R=0.1195 F1=0.1734
2026-05-11 20:10:25 | INFO | __main__ | trainer.py:563 |   - pants-fire: P=0.2036 R=0.4914 F1=0.2879
2026-05-11 20:10:25 | INFO | __main__ | trainer.py:563 |   - true: P=0.2614 R=0.2722 F1=0.2667
2026-05-11 20:20:55 | INFO | __main__ | eval.py:43 | [EVAL_SAMPLE] idx=0 pred=false gold=barely-true output=Label: B explain=Hartzler said, "We have less Americans working now than in the ‘70s." The statistics Hartzler’s staff said she cited show the employment-population ratio and labor force participation rate was indeed higher in 1979 than in 2015. However,... prompt=<|im_start|>system
You are a careful fact-checking assistant for LIAR-RAW claims. Classify claims using only the claim and retrieved evidence supplied by the user.<|im_end|>
<|im_start|>user
Classify the claim into exactly one LIAR-RAW l...
2026-05-11 20:20:55 | INFO | __main__ | eval.py:43 | [EVAL_SAMPLE] idx=0 pred=pants-fire gold=barely-true output=Label: A explain=Hartzler said, "We have less Americans working now than in the ‘70s." The statistics Hartzler’s staff said she cited show the employment-population ratio and labor force participation rate was indeed higher in 1979 than in 2015. However,... prompt=<|im_start|>system
You are a careful fact-checking assistant for LIAR-RAW claims. Classify claims using only the claim and retrieved evidence supplied by the user.<|im_end|>
<|im_start|>user
Classify the claim into exactly one LIAR-RAW l...
2026-05-11 20:20:55 | INFO | __main__ | eval.py:43 | [EVAL_SAMPLE] idx=1 pred=false gold=pants-fire output=Label: B explain=Ellison used a Koran that once belonged to Thomas Jefferson, borrowing the rare book from the Library of Congress. It goes without saying that Ellison is not Obama. UPDATE: Barack Obama resigned from Trinity United Church of Christ on Ma... prompt=<|im_start|>system
You are a careful fact-checking assistant for LIAR-RAW claims. Classify claims using only the claim and retrieved evidence supplied by the user.<|im_end|>
<|im_start|>user
Classify the claim into exactly one LIAR-RAW l...
2026-05-11 20:20:55 | INFO | __main__ | eval.py:43 | [EVAL_SAMPLE] idx=1 pred=false gold=pants-fire output=Label: B explain=Ellison used a Koran that once belonged to Thomas Jefferson, borrowing the rare book from the Library of Congress. It goes without saying that Ellison is not Obama. UPDATE: Barack Obama resigned from Trinity United Church of Christ on Ma... prompt=<|im_start|>system
You are a careful fact-checking assistant for LIAR-RAW claims. Classify claims using only the claim and retrieved evidence supplied by the user.<|im_end|>
<|im_start|>user
Classify the claim into exactly one LIAR-RAW l...
2026-05-11 20:20:55 | INFO | __main__ | eval.py:43 | [EVAL_SAMPLE] idx=2 pred=barely-true gold=false output=Label: C explain=However, we have two professors who say the law is silent on political activity -- even if one of them sees an implicit prohibition -- and a plain reading of the law that states no explicit ban. Blumenauer said that "the statute a hundre... prompt=<|im_start|>system
You are a careful fact-checking assistant for LIAR-RAW claims. Classify claims using only the claim and retrieved evidence supplied by the user.<|im_end|>
<|im_start|>user
Classify the claim into exactly one LIAR-RAW l...
2026-05-11 20:20:55 | INFO | __main__ | trainer.py:563 | [eval] step=200 accuracy=0.2789 macro_precision=0.2882 macro_recall=0.2816 macro_f1=0.2735 parse_error_rate=0.0000
2026-05-11 20:20:55 | INFO | __main__ | trainer.py:563 | [eval] per_class:
2026-05-11 20:20:55 | INFO | __main__ | trainer.py:563 |   - barely-true: P=0.2420 R=0.2236 F1=0.2325
2026-05-11 20:20:55 | INFO | __main__ | trainer.py:563 |   - false: P=0.2731 R=0.4636 F1=0.3437
2026-05-11 20:20:55 | INFO | __main__ | trainer.py:563 |   - half-true: P=0.2353 R=0.2114 F1=0.2227
2026-05-11 20:20:55 | INFO | __main__ | trainer.py:563 |   - mostly-true: P=0.3810 R=0.2231 F1=0.2814
2026-05-11 20:20:55 | INFO | __main__ | trainer.py:563 |   - pants-fire: P=0.3046 R=0.3966 F1=0.3446
2026-05-11 20:20:55 | INFO | __main__ | trainer.py:563 |   - true: P=0.2929 R=0.1716 F1=0.2164
2026-05-11 20:31:29 | INFO | __main__ | eval.py:43 | [EVAL_SAMPLE] idx=0 pred=false gold=barely-true output=Label: B explain=Hartzler said, "We have less Americans working now than in the ‘70s." The statistics Hartzler’s staff said she cited show the employment-population ratio and labor force participation rate was indeed higher in 1979 than in 2015. However,... prompt=<|im_start|>system
You are a careful fact-checking assistant for LIAR-RAW claims. Classify claims using only the claim and retrieved evidence supplied by the user.<|im_end|>
<|im_start|>user
Classify the claim into exactly one LIAR-RAW l...
2026-05-11 20:31:29 | INFO | __main__ | eval.py:43 | [EVAL_SAMPLE] idx=0 pred=false gold=barely-true output=Label: B explain=Hartzler said, "We have less Americans working now than in the ‘70s." The statistics Hartzler’s staff said she cited show the employment-population ratio and labor force participation rate was indeed higher in 1979 than in 2015. However,... prompt=<|im_start|>system
You are a careful fact-checking assistant for LIAR-RAW claims. Classify claims using only the claim and retrieved evidence supplied by the user.<|im_end|>
<|im_start|>user
Classify the claim into exactly one LIAR-RAW l...
2026-05-11 20:31:29 | INFO | __main__ | eval.py:43 | [EVAL_SAMPLE] idx=1 pred=false gold=pants-fire output=Label: B explain=Ellison used a Koran that once belonged to Thomas Jefferson, borrowing the rare book from the Library of Congress. It goes without saying that Ellison is not Obama. UPDATE: Barack Obama resigned from Trinity United Church of Christ on Ma... prompt=<|im_start|>system
You are a careful fact-checking assistant for LIAR-RAW claims. Classify claims using only the claim and retrieved evidence supplied by the user.<|im_end|>
<|im_start|>user
Classify the claim into exactly one LIAR-RAW l...
2026-05-11 20:31:29 | INFO | __main__ | eval.py:43 | [EVAL_SAMPLE] idx=1 pred=false gold=pants-fire output=Label: B explain=Ellison used a Koran that once belonged to Thomas Jefferson, borrowing the rare book from the Library of Congress. It goes without saying that Ellison is not Obama. UPDATE: Barack Obama resigned from Trinity United Church of Christ on Ma... prompt=<|im_start|>system
You are a careful fact-checking assistant for LIAR-RAW claims. Classify claims using only the claim and retrieved evidence supplied by the user.<|im_end|>
<|im_start|>user
Classify the claim into exactly one LIAR-RAW l...
2026-05-11 20:31:29 | INFO | __main__ | eval.py:43 | [EVAL_SAMPLE] idx=2 pred=mostly-true gold=false output=Label: E explain=However, we have two professors who say the law is silent on political activity -- even if one of them sees an implicit prohibition -- and a plain reading of the law that states no explicit ban. Blumenauer said that "the statute a hundre... prompt=<|im_start|>system
You are a careful fact-checking assistant for LIAR-RAW claims. Classify claims using only the claim and retrieved evidence supplied by the user.<|im_end|>
<|im_start|>user
Classify the claim into exactly one LIAR-RAW l...
2026-05-11 20:31:29 | INFO | __main__ | trainer.py:563 | [eval] step=300 accuracy=0.2844 macro_precision=0.2950 macro_recall=0.2910 macro_f1=0.2796 parse_error_rate=0.0000
2026-05-11 20:31:29 | INFO | __main__ | trainer.py:563 | [eval] per_class:
2026-05-11 20:31:29 | INFO | __main__ | trainer.py:563 |   - barely-true: P=0.2380 R=0.3333 F1=0.2777
2026-05-11 20:31:29 | INFO | __main__ | trainer.py:563 |   - false: P=0.2846 R=0.4253 F1=0.3410
2026-05-11 20:31:29 | INFO | __main__ | trainer.py:563 |   - half-true: P=0.3186 R=0.1463 F1=0.2006
2026-05-11 20:31:29 | INFO | __main__ | trainer.py:563 |   - mostly-true: P=0.3557 R=0.2112 F1=0.2650
2026-05-11 20:31:29 | INFO | __main__ | trainer.py:563 |   - pants-fire: P=0.3092 R=0.4052 F1=0.3507
2026-05-11 20:31:29 | INFO | __main__ | trainer.py:563 |   - true: P=0.2639 R=0.2249 F1=0.2428
2026-05-11 20:41:56 | INFO | __main__ | eval.py:43 | [EVAL_SAMPLE] idx=0 pred=false gold=barely-true output=Label: B explain=Hartzler said, "We have less Americans working now than in the ‘70s." The statistics Hartzler’s staff said she cited show the employment-population ratio and labor force participation rate was indeed higher in 1979 than in 2015. However,... prompt=<|im_start|>system
You are a careful fact-checking assistant for LIAR-RAW claims. Classify claims using only the claim and retrieved evidence supplied by the user.<|im_end|>
<|im_start|>user
Classify the claim into exactly one LIAR-RAW l...
2026-05-11 20:41:56 | INFO | __main__ | eval.py:43 | [EVAL_SAMPLE] idx=0 pred=false gold=barely-true output=Label: B explain=Hartzler said, "We have less Americans working now than in the ‘70s." The statistics Hartzler’s staff said she cited show the employment-population ratio and labor force participation rate was indeed higher in 1979 than in 2015. However,... prompt=<|im_start|>system
You are a careful fact-checking assistant for LIAR-RAW claims. Classify claims using only the claim and retrieved evidence supplied by the user.<|im_end|>
<|im_start|>user
Classify the claim into exactly one LIAR-RAW l...
2026-05-11 20:41:56 | INFO | __main__ | eval.py:43 | [EVAL_SAMPLE] idx=1 pred=false gold=pants-fire output=Label: B explain=Ellison used a Koran that once belonged to Thomas Jefferson, borrowing the rare book from the Library of Congress. It goes without saying that Ellison is not Obama. UPDATE: Barack Obama resigned from Trinity United Church of Christ on Ma... prompt=<|im_start|>system
You are a careful fact-checking assistant for LIAR-RAW claims. Classify claims using only the claim and retrieved evidence supplied by the user.<|im_end|>
<|im_start|>user
Classify the claim into exactly one LIAR-RAW l...
2026-05-11 20:41:56 | INFO | __main__ | eval.py:43 | [EVAL_SAMPLE] idx=1 pred=false gold=pants-fire output=Label: B explain=Ellison used a Koran that once belonged to Thomas Jefferson, borrowing the rare book from the Library of Congress. It goes without saying that Ellison is not Obama. UPDATE: Barack Obama resigned from Trinity United Church of Christ on Ma... prompt=<|im_start|>system
You are a careful fact-checking assistant for LIAR-RAW claims. Classify claims using only the claim and retrieved evidence supplied by the user.<|im_end|>
<|im_start|>user
Classify the claim into exactly one LIAR-RAW l...
2026-05-11 20:41:56 | INFO | __main__ | eval.py:43 | [EVAL_SAMPLE] idx=2 pred=barely-true gold=false output=Label: C explain=However, we have two professors who say the law is silent on political activity -- even if one of them sees an implicit prohibition -- and a plain reading of the law that states no explicit ban. Blumenauer said that "the statute a hundre... prompt=<|im_start|>system
You are a careful fact-checking assistant for LIAR-RAW claims. Classify claims using only the claim and retrieved evidence supplied by the user.<|im_end|>
<|im_start|>user
Classify the claim into exactly one LIAR-RAW l...
2026-05-11 20:41:56 | INFO | __main__ | trainer.py:563 | [eval] step=400 accuracy=0.2852 macro_precision=0.3097 macro_recall=0.2943 macro_f1=0.2711 parse_error_rate=0.0000
2026-05-11 20:41:56 | INFO | __main__ | trainer.py:563 | [eval] per_class:
2026-05-11 20:41:56 | INFO | __main__ | trainer.py:563 |   - barely-true: P=0.2362 R=0.3797 F1=0.2913
2026-05-11 20:41:56 | INFO | __main__ | trainer.py:563 |   - false: P=0.2857 R=0.4598 F1=0.3524
2026-05-11 20:41:56 | INFO | __main__ | trainer.py:563 |   - half-true: P=0.3421 R=0.0528 F1=0.0915
2026-05-11 20:41:56 | INFO | __main__ | trainer.py:563 |   - mostly-true: P=0.4132 R=0.1992 F1=0.2688
2026-05-11 20:41:56 | INFO | __main__ | trainer.py:563 |   - pants-fire: P=0.3265 R=0.4138 F1=0.3650
2026-05-11 20:41:56 | INFO | __main__ | trainer.py:563 |   - true: P=0.2543 R=0.2604 F1=0.2573
2026-05-11 20:52:23 | INFO | __main__ | eval.py:43 | [EVAL_SAMPLE] idx=0 pred=pants-fire gold=barely-true output=Label: A explain=Hartzler said, "We have less Americans working now than in the ‘70s." The statistics Hartzler’s staff said she cited show the employment-population ratio and labor force participation rate was indeed higher in 1979 than in 2015. However,... prompt=<|im_start|>system
You are a careful fact-checking assistant for LIAR-RAW claims. Classify claims using only the claim and retrieved evidence supplied by the user.<|im_end|>
<|im_start|>user
Classify the claim into exactly one LIAR-RAW l...
2026-05-11 20:52:23 | INFO | __main__ | eval.py:43 | [EVAL_SAMPLE] idx=0 pred=false gold=barely-true output=Label: B explain=Hartzler said, "We have less Americans working now than in the ‘70s." The statistics Hartzler’s staff said she cited show the employment-population ratio and labor force participation rate was indeed higher in 1979 than in 2015. However,... prompt=<|im_start|>system
You are a careful fact-checking assistant for LIAR-RAW claims. Classify claims using only the claim and retrieved evidence supplied by the user.<|im_end|>
<|im_start|>user
Classify the claim into exactly one LIAR-RAW l...
2026-05-11 20:52:23 | INFO | __main__ | eval.py:43 | [EVAL_SAMPLE] idx=1 pred=false gold=pants-fire output=Label: B explain=Ellison used a Koran that once belonged to Thomas Jefferson, borrowing the rare book from the Library of Congress. It goes without saying that Ellison is not Obama. UPDATE: Barack Obama resigned from Trinity United Church of Christ on Ma... prompt=<|im_start|>system
You are a careful fact-checking assistant for LIAR-RAW claims. Classify claims using only the claim and retrieved evidence supplied by the user.<|im_end|>
<|im_start|>user
Classify the claim into exactly one LIAR-RAW l...
2026-05-11 20:52:23 | INFO | __main__ | eval.py:43 | [EVAL_SAMPLE] idx=1 pred=false gold=pants-fire output=Label: B explain=Ellison used a Koran that once belonged to Thomas Jefferson, borrowing the rare book from the Library of Congress. It goes without saying that Ellison is not Obama. UPDATE: Barack Obama resigned from Trinity United Church of Christ on Ma... prompt=<|im_start|>system
You are a careful fact-checking assistant for LIAR-RAW claims. Classify claims using only the claim and retrieved evidence supplied by the user.<|im_end|>
<|im_start|>user
Classify the claim into exactly one LIAR-RAW l...
2026-05-11 20:52:23 | INFO | __main__ | eval.py:43 | [EVAL_SAMPLE] idx=2 pred=mostly-true gold=false output=Label: E explain=However, we have two professors who say the law is silent on political activity -- even if one of them sees an implicit prohibition -- and a plain reading of the law that states no explicit ban. Blumenauer said that "the statute a hundre... prompt=<|im_start|>system
You are a careful fact-checking assistant for LIAR-RAW claims. Classify claims using only the claim and retrieved evidence supplied by the user.<|im_end|>
<|im_start|>user
Classify the claim into exactly one LIAR-RAW l...
2026-05-11 20:52:23 | INFO | __main__ | trainer.py:563 | [eval] step=500 accuracy=0.3000 macro_precision=0.3096 macro_recall=0.3142 macro_f1=0.2936 parse_error_rate=0.0000
2026-05-11 20:52:23 | INFO | __main__ | trainer.py:563 | [eval] per_class:
2026-05-11 20:52:23 | INFO | __main__ | trainer.py:563 |   - barely-true: P=0.2554 R=0.4473 F1=0.3252
2026-05-11 20:52:23 | INFO | __main__ | trainer.py:563 |   - false: P=0.3114 R=0.2720 F1=0.2904
2026-05-11 20:52:23 | INFO | __main__ | trainer.py:563 |   - half-true: P=0.3077 R=0.1463 F1=0.1983
2026-05-11 20:52:23 | INFO | __main__ | trainer.py:563 |   - mostly-true: P=0.3670 R=0.3187 F1=0.3412
2026-05-11 20:52:23 | INFO | __main__ | trainer.py:563 |   - pants-fire: P=0.2899 R=0.5172 F1=0.3715
2026-05-11 20:52:23 | INFO | __main__ | trainer.py:563 |   - true: P=0.3263 R=0.1834 F1=0.2348
2026-05-11 21:02:56 | INFO | __main__ | eval.py:43 | [EVAL_SAMPLE] idx=0 pred=false gold=barely-true output=Label: B explain=Hartzler said, "We have less Americans working now than in the ‘70s." The statistics Hartzler’s staff said she cited show the employment-population ratio and labor force participation rate was indeed higher in 1979 than in 2015. However,... prompt=<|im_start|>system
You are a careful fact-checking assistant for LIAR-RAW claims. Classify claims using only the claim and retrieved evidence supplied by the user.<|im_end|>
<|im_start|>user
Classify the claim into exactly one LIAR-RAW l...
2026-05-11 21:02:56 | INFO | __main__ | eval.py:43 | [EVAL_SAMPLE] idx=0 pred=false gold=barely-true output=Label: B explain=Hartzler said, "We have less Americans working now than in the ‘70s." The statistics Hartzler’s staff said she cited show the employment-population ratio and labor force participation rate was indeed higher in 1979 than in 2015. However,... prompt=<|im_start|>system
You are a careful fact-checking assistant for LIAR-RAW claims. Classify claims using only the claim and retrieved evidence supplied by the user.<|im_end|>
<|im_start|>user
Classify the claim into exactly one LIAR-RAW l...
2026-05-11 21:02:56 | INFO | __main__ | eval.py:43 | [EVAL_SAMPLE] idx=1 pred=pants-fire gold=pants-fire output=Label: A explain=Ellison used a Koran that once belonged to Thomas Jefferson, borrowing the rare book from the Library of Congress. It goes without saying that Ellison is not Obama. UPDATE: Barack Obama resigned from Trinity United Church of Christ on Ma... prompt=<|im_start|>system
You are a careful fact-checking assistant for LIAR-RAW claims. Classify claims using only the claim and retrieved evidence supplied by the user.<|im_end|>
<|im_start|>user
Classify the claim into exactly one LIAR-RAW l...
2026-05-11 21:02:56 | INFO | __main__ | eval.py:43 | [EVAL_SAMPLE] idx=1 pred=pants-fire gold=pants-fire output=Label: A explain=Ellison used a Koran that once belonged to Thomas Jefferson, borrowing the rare book from the Library of Congress. It goes without saying that Ellison is not Obama. UPDATE: Barack Obama resigned from Trinity United Church of Christ on Ma... prompt=<|im_start|>system
You are a careful fact-checking assistant for LIAR-RAW claims. Classify claims using only the claim and retrieved evidence supplied by the user.<|im_end|>
<|im_start|>user
Classify the claim into exactly one LIAR-RAW l...
2026-05-11 21:02:56 | INFO | __main__ | eval.py:43 | [EVAL_SAMPLE] idx=2 pred=mostly-true gold=false output=Label: E explain=However, we have two professors who say the law is silent on political activity -- even if one of them sees an implicit prohibition -- and a plain reading of the law that states no explicit ban. Blumenauer said that "the statute a hundre... prompt=<|im_start|>system
You are a careful fact-checking assistant for LIAR-RAW claims. Classify claims using only the claim and retrieved evidence supplied by the user.<|im_end|>
<|im_start|>user
Classify the claim into exactly one LIAR-RAW l...
2026-05-11 21:02:56 | INFO | __main__ | trainer.py:563 | [eval] step=600 accuracy=0.2797 macro_precision=0.3175 macro_recall=0.3122 macro_f1=0.2479 parse_error_rate=0.0000
2026-05-11 21:02:56 | INFO | __main__ | trainer.py:563 | [eval] per_class:
2026-05-11 21:02:56 | INFO | __main__ | trainer.py:563 |   - barely-true: P=0.2522 R=0.3586 F1=0.2962
2026-05-11 21:02:56 | INFO | __main__ | trainer.py:563 |   - false: P=0.3421 R=0.0996 F1=0.1543
2026-05-11 21:02:56 | INFO | __main__ | trainer.py:563 |   - half-true: P=0.4583 R=0.0894 F1=0.1497
2026-05-11 21:02:56 | INFO | __main__ | trainer.py:563 |   - mostly-true: P=0.3496 R=0.4861 F1=0.4067
2026-05-11 21:02:56 | INFO | __main__ | trainer.py:563 |   - pants-fire: P=0.2078 R=0.7328 F1=0.3238
2026-05-11 21:02:56 | INFO | __main__ | trainer.py:563 |   - true: P=0.2951 R=0.1065 F1=0.1565
