2026-05-11 14:54:07 | INFO | __main__ | trainer.py:207 | [INFO] saved resolved config to /data/liaozijie/fact-checking/outputs/runs/mmr_lambda_sweep_1024/build.retrieval.mmr_lambda-0.1__3cbad3b1/train/config.resolved.yaml
2026-05-11 14:54:07 | INFO | __main__ | stats.py:59 | [PROMPT_STATS] split=train pre_mean=765.29 pre_p95=984 pre_overflow=0 post_mean=765.29 post_p95=984 post_overflow=0 truncated=494 trunc_rate=0.0491
2026-05-11 14:54:07 | INFO | __main__ | stats.py:59 | [PROMPT_STATS] split=val pre_mean=775.68 pre_p95=972 pre_overflow=0 post_mean=775.68 post_p95=972 post_overflow=0 truncated=53 trunc_rate=0.0416
2026-05-11 14:54:07 | INFO | __main__ | trainer.py:269 | [INFO] prompt statistics saved to /data/liaozijie/fact-checking/outputs/runs/mmr_lambda_sweep_1024/build.retrieval.mmr_lambda-0.1__3cbad3b1/train/prompt_stats/prompt_stats.json
2026-05-11 14:54:08 | INFO | __main__ | adapters.py:97 | [INFO] LoRA enabled: trainable parameters=40370176 / 7655986688 (0.5273%), r=16, alpha=32
2026-05-11 14:54:29 | INFO | __main__ | trainer.py:359 | [INFO] Optimizer will update LoRA/trainable parameters only.
2026-05-11 14:54:34 | INFO | __main__ | trainer.py:390 | [INFO] dataloader length around accelerator.prepare: before=2516, after=629
2026-05-11 14:54:34 | WARNING | __main__ | trainer.py:396 | [WARN] len(train_dl) changed after accelerator.prepare: before=2516, after=629. This may indicate duplicated sharding/re-partitioning across distributed samplers.
2026-05-11 14:54:34 | INFO | __main__ | trainer.py:413 | [INFO] train progress setup (post-prepare): num_epochs=2, len(train_dl)=629, effective_grad_accum_steps=2, update_steps_per_epoch=315, max_train_steps=630
2026-05-11 14:54:34 | INFO | __main__ | trainer.py:122 | [INFO] logit_adjust enabled: tau=1.000 priors=['0.0807', '0.1945', '0.1601', '0.2074', '0.1937', '0.1636'] letters=[362, 425, 356, 422, 468, 434] prefix=[2476, 25]
2026-05-11 14:54:34 | INFO | __main__ | trainer.py:434 | [INFO] logit_adjust config saved to /data/liaozijie/fact-checking/outputs/runs/mmr_lambda_sweep_1024/build.retrieval.mmr_lambda-0.1__3cbad3b1/train/logit_adjust.json
2026-05-11 15:02:38 | INFO | __main__ | eval.py:43 | [EVAL_SAMPLE] idx=0 pred=false gold=barely-true output=Label: B explain=Hartzler said, "We have less Americans working now than in the ‘70s." The statistics Hartzler’s staff said she cited show the employment-population ratio and labor force participation rate was indeed higher in 1979 than in 2015. However,... prompt=<|im_start|>system
You are a careful fact-checking assistant for LIAR-RAW claims. Classify claims using only the claim and retrieved evidence supplied by the user.<|im_end|>
<|im_start|>user
Classify the claim into exactly one LIAR-RAW l...
2026-05-11 15:02:38 | INFO | __main__ | eval.py:43 | [EVAL_SAMPLE] idx=0 pred=false gold=barely-true output=Label: B explain=Hartzler said, "We have less Americans working now than in the ‘70s." The statistics Hartzler’s staff said she cited show the employment-population ratio and labor force participation rate was indeed higher in 1979 than in 2015. However,... prompt=<|im_start|>system
You are a careful fact-checking assistant for LIAR-RAW claims. Classify claims using only the claim and retrieved evidence supplied by the user.<|im_end|>
<|im_start|>user
Classify the claim into exactly one LIAR-RAW l...
2026-05-11 15:02:38 | INFO | __main__ | eval.py:43 | [EVAL_SAMPLE] idx=1 pred=false gold=pants-fire output=Label: B explain=Ellison used a Koran that once belonged to Thomas Jefferson, borrowing the rare book from the Library of Congress. It goes without saying that Ellison is not Obama. UPDATE: Barack Obama resigned from Trinity United Church of Christ on Ma... prompt=<|im_start|>system
You are a careful fact-checking assistant for LIAR-RAW claims. Classify claims using only the claim and retrieved evidence supplied by the user.<|im_end|>
<|im_start|>user
Classify the claim into exactly one LIAR-RAW l...
2026-05-11 15:02:38 | INFO | __main__ | eval.py:43 | [EVAL_SAMPLE] idx=1 pred=false gold=pants-fire output=Label: B explain=Ellison used a Koran that once belonged to Thomas Jefferson, borrowing the rare book from the Library of Congress. It goes without saying that Ellison is not Obama. UPDATE: Barack Obama resigned from Trinity United Church of Christ on Ma... prompt=<|im_start|>system
You are a careful fact-checking assistant for LIAR-RAW claims. Classify claims using only the claim and retrieved evidence supplied by the user.<|im_end|>
<|im_start|>user
Classify the claim into exactly one LIAR-RAW l...
2026-05-11 15:02:38 | INFO | __main__ | eval.py:43 | [EVAL_SAMPLE] idx=2 pred=mostly-true gold=false output=Label: E explain=However, we have two professors who say the law is silent on political activity -- even if one of them sees an implicit prohibition -- and a plain reading of the law that states no explicit ban. Blumenauer said that "the statute a hundre... prompt=<|im_start|>system
You are a careful fact-checking assistant for LIAR-RAW claims. Classify claims using only the claim and retrieved evidence supplied by the user.<|im_end|>
<|im_start|>user
Classify the claim into exactly one LIAR-RAW l...
2026-05-11 15:02:38 | INFO | __main__ | trainer.py:563 | [eval] step=100 accuracy=0.2367 macro_precision=0.2733 macro_recall=0.2346 macro_f1=0.2129 parse_error_rate=0.0000
2026-05-11 15:02:38 | INFO | __main__ | trainer.py:563 | [eval] per_class:
2026-05-11 15:02:38 | INFO | __main__ | trainer.py:563 |   - barely-true: P=0.1958 R=0.2743 F1=0.2285
2026-05-11 15:02:38 | INFO | __main__ | trainer.py:563 |   - false: P=0.2319 R=0.5019 F1=0.3172
2026-05-11 15:02:38 | INFO | __main__ | trainer.py:563 |   - half-true: P=0.3889 R=0.0285 F1=0.0530
2026-05-11 15:02:38 | INFO | __main__ | trainer.py:563 |   - mostly-true: P=0.3077 R=0.1434 F1=0.1957
2026-05-11 15:02:38 | INFO | __main__ | trainer.py:563 |   - pants-fire: P=0.2479 R=0.2586 F1=0.2532
2026-05-11 15:02:38 | INFO | __main__ | trainer.py:563 |   - true: P=0.2677 R=0.2012 F1=0.2297
2026-05-11 15:10:50 | INFO | __main__ | eval.py:43 | [EVAL_SAMPLE] idx=0 pred=false gold=barely-true output=Label: B explain=Hartzler said, "We have less Americans working now than in the ‘70s." The statistics Hartzler’s staff said she cited show the employment-population ratio and labor force participation rate was indeed higher in 1979 than in 2015. However,... prompt=<|im_start|>system
You are a careful fact-checking assistant for LIAR-RAW claims. Classify claims using only the claim and retrieved evidence supplied by the user.<|im_end|>
<|im_start|>user
Classify the claim into exactly one LIAR-RAW l...
2026-05-11 15:10:50 | INFO | __main__ | eval.py:43 | [EVAL_SAMPLE] idx=0 pred=false gold=barely-true output=Label: B explain=Hartzler said, "We have less Americans working now than in the ‘70s." The statistics Hartzler’s staff said she cited show the employment-population ratio and labor force participation rate was indeed higher in 1979 than in 2015. However,... prompt=<|im_start|>system
You are a careful fact-checking assistant for LIAR-RAW claims. Classify claims using only the claim and retrieved evidence supplied by the user.<|im_end|>
<|im_start|>user
Classify the claim into exactly one LIAR-RAW l...
2026-05-11 15:10:50 | INFO | __main__ | eval.py:43 | [EVAL_SAMPLE] idx=1 pred=false gold=pants-fire output=Label: B explain=Ellison used a Koran that once belonged to Thomas Jefferson, borrowing the rare book from the Library of Congress. It goes without saying that Ellison is not Obama. UPDATE: Barack Obama resigned from Trinity United Church of Christ on Ma... prompt=<|im_start|>system
You are a careful fact-checking assistant for LIAR-RAW claims. Classify claims using only the claim and retrieved evidence supplied by the user.<|im_end|>
<|im_start|>user
Classify the claim into exactly one LIAR-RAW l...
2026-05-11 15:10:50 | INFO | __main__ | eval.py:43 | [EVAL_SAMPLE] idx=1 pred=false gold=pants-fire output=Label: B explain=Ellison used a Koran that once belonged to Thomas Jefferson, borrowing the rare book from the Library of Congress. It goes without saying that Ellison is not Obama. UPDATE: Barack Obama resigned from Trinity United Church of Christ on Ma... prompt=<|im_start|>system
You are a careful fact-checking assistant for LIAR-RAW claims. Classify claims using only the claim and retrieved evidence supplied by the user.<|im_end|>
<|im_start|>user
Classify the claim into exactly one LIAR-RAW l...
2026-05-11 15:10:50 | INFO | __main__ | eval.py:43 | [EVAL_SAMPLE] idx=2 pred=mostly-true gold=false output=Label: E explain=However, we have two professors who say the law is silent on political activity -- even if one of them sees an implicit prohibition -- and a plain reading of the law that states no explicit ban. Blumenauer said that "the statute a hundre... prompt=<|im_start|>system
You are a careful fact-checking assistant for LIAR-RAW claims. Classify claims using only the claim and retrieved evidence supplied by the user.<|im_end|>
<|im_start|>user
Classify the claim into exactly one LIAR-RAW l...
2026-05-11 15:10:50 | INFO | __main__ | trainer.py:563 | [eval] step=200 accuracy=0.2484 macro_precision=0.2592 macro_recall=0.2596 macro_f1=0.2446 parse_error_rate=0.0000
2026-05-11 15:10:50 | INFO | __main__ | trainer.py:563 | [eval] per_class:
2026-05-11 15:10:50 | INFO | __main__ | trainer.py:563 |   - barely-true: P=0.2000 R=0.2110 F1=0.2053
2026-05-11 15:10:50 | INFO | __main__ | trainer.py:563 |   - false: P=0.2544 R=0.3870 F1=0.3070
2026-05-11 15:10:50 | INFO | __main__ | trainer.py:563 |   - half-true: P=0.2346 R=0.1707 F1=0.1976
2026-05-11 15:10:50 | INFO | __main__ | trainer.py:563 |   - mostly-true: P=0.3440 R=0.1713 F1=0.2287
2026-05-11 15:10:50 | INFO | __main__ | trainer.py:563 |   - pants-fire: P=0.2248 R=0.4224 F1=0.2934
2026-05-11 15:10:50 | INFO | __main__ | trainer.py:563 |   - true: P=0.2973 R=0.1953 F1=0.2357
2026-05-11 15:19:00 | INFO | __main__ | eval.py:43 | [EVAL_SAMPLE] idx=0 pred=false gold=barely-true output=Label: B explain=Hartzler said, "We have less Americans working now than in the ‘70s." The statistics Hartzler’s staff said she cited show the employment-population ratio and labor force participation rate was indeed higher in 1979 than in 2015. However,... prompt=<|im_start|>system
You are a careful fact-checking assistant for LIAR-RAW claims. Classify claims using only the claim and retrieved evidence supplied by the user.<|im_end|>
<|im_start|>user
Classify the claim into exactly one LIAR-RAW l...
2026-05-11 15:19:00 | INFO | __main__ | eval.py:43 | [EVAL_SAMPLE] idx=0 pred=false gold=barely-true output=Label: B explain=Hartzler said, "We have less Americans working now than in the ‘70s." The statistics Hartzler’s staff said she cited show the employment-population ratio and labor force participation rate was indeed higher in 1979 than in 2015. However,... prompt=<|im_start|>system
You are a careful fact-checking assistant for LIAR-RAW claims. Classify claims using only the claim and retrieved evidence supplied by the user.<|im_end|>
<|im_start|>user
Classify the claim into exactly one LIAR-RAW l...
2026-05-11 15:19:00 | INFO | __main__ | eval.py:43 | [EVAL_SAMPLE] idx=1 pred=false gold=pants-fire output=Label: B explain=Ellison used a Koran that once belonged to Thomas Jefferson, borrowing the rare book from the Library of Congress. It goes without saying that Ellison is not Obama. UPDATE: Barack Obama resigned from Trinity United Church of Christ on Ma... prompt=<|im_start|>system
You are a careful fact-checking assistant for LIAR-RAW claims. Classify claims using only the claim and retrieved evidence supplied by the user.<|im_end|>
<|im_start|>user
Classify the claim into exactly one LIAR-RAW l...
2026-05-11 15:19:00 | INFO | __main__ | eval.py:43 | [EVAL_SAMPLE] idx=1 pred=false gold=pants-fire output=Label: B explain=Ellison used a Koran that once belonged to Thomas Jefferson, borrowing the rare book from the Library of Congress. It goes without saying that Ellison is not Obama. UPDATE: Barack Obama resigned from Trinity United Church of Christ on Ma... prompt=<|im_start|>system
You are a careful fact-checking assistant for LIAR-RAW claims. Classify claims using only the claim and retrieved evidence supplied by the user.<|im_end|>
<|im_start|>user
Classify the claim into exactly one LIAR-RAW l...
2026-05-11 15:19:00 | INFO | __main__ | eval.py:43 | [EVAL_SAMPLE] idx=2 pred=true gold=false output=Label: F explain=However, we have two professors who say the law is silent on political activity -- even if one of them sees an implicit prohibition -- and a plain reading of the law that states no explicit ban. Blumenauer said that "the statute a hundre... prompt=<|im_start|>system
You are a careful fact-checking assistant for LIAR-RAW claims. Classify claims using only the claim and retrieved evidence supplied by the user.<|im_end|>
<|im_start|>user
Classify the claim into exactly one LIAR-RAW l...
2026-05-11 15:19:00 | INFO | __main__ | trainer.py:563 | [eval] step=300 accuracy=0.2508 macro_precision=0.2710 macro_recall=0.2672 macro_f1=0.2413 parse_error_rate=0.0000
2026-05-11 15:19:00 | INFO | __main__ | trainer.py:563 | [eval] per_class:
2026-05-11 15:19:00 | INFO | __main__ | trainer.py:563 |   - barely-true: P=0.2133 R=0.2025 F1=0.2078
2026-05-11 15:19:00 | INFO | __main__ | trainer.py:563 |   - false: P=0.2578 R=0.4138 F1=0.3176
2026-05-11 15:19:00 | INFO | __main__ | trainer.py:563 |   - half-true: P=0.2422 R=0.1585 F1=0.1916
2026-05-11 15:19:00 | INFO | __main__ | trainer.py:563 |   - mostly-true: P=0.4167 R=0.0797 F1=0.1338
2026-05-11 15:19:00 | INFO | __main__ | trainer.py:563 |   - pants-fire: P=0.2473 R=0.3879 F1=0.3020
2026-05-11 15:19:00 | INFO | __main__ | trainer.py:563 |   - true: P=0.2490 R=0.3609 F1=0.2947
2026-05-11 16:28:26 | INFO | __main__ | trainer.py:207 | [INFO] saved resolved config to /data/liaozijie/fact-checking/outputs/runs/mmr_lambda_sweep_1024/build.retrieval.mmr_lambda-0.1__3cbad3b1/train/config.resolved.yaml
2026-05-11 16:28:27 | INFO | __main__ | stats.py:59 | [PROMPT_STATS] split=train pre_mean=765.29 pre_p95=984 pre_overflow=0 post_mean=765.29 post_p95=984 post_overflow=0 truncated=494 trunc_rate=0.0491
2026-05-11 16:28:27 | INFO | __main__ | stats.py:59 | [PROMPT_STATS] split=val pre_mean=775.68 pre_p95=972 pre_overflow=0 post_mean=775.68 post_p95=972 post_overflow=0 truncated=53 trunc_rate=0.0416
2026-05-11 16:28:27 | INFO | __main__ | trainer.py:269 | [INFO] prompt statistics saved to /data/liaozijie/fact-checking/outputs/runs/mmr_lambda_sweep_1024/build.retrieval.mmr_lambda-0.1__3cbad3b1/train/prompt_stats/prompt_stats.json
2026-05-11 16:28:27 | INFO | __main__ | adapters.py:97 | [INFO] LoRA enabled: trainable parameters=40370176 / 7655986688 (0.5273%), r=16, alpha=32
2026-05-11 16:28:29 | INFO | __main__ | trainer.py:359 | [INFO] Optimizer will update LoRA/trainable parameters only.
2026-05-11 16:28:36 | INFO | __main__ | trainer.py:390 | [INFO] dataloader length around accelerator.prepare: before=2516, after=629
2026-05-11 16:28:36 | WARNING | __main__ | trainer.py:396 | [WARN] len(train_dl) changed after accelerator.prepare: before=2516, after=629. This may indicate duplicated sharding/re-partitioning across distributed samplers.
2026-05-11 16:28:36 | INFO | __main__ | trainer.py:413 | [INFO] train progress setup (post-prepare): num_epochs=2, len(train_dl)=629, effective_grad_accum_steps=2, update_steps_per_epoch=315, max_train_steps=630
2026-05-11 16:28:36 | INFO | __main__ | trainer.py:122 | [INFO] logit_adjust enabled: tau=1.000 priors=['0.0807', '0.1945', '0.1601', '0.2074', '0.1937', '0.1636'] letters=[362, 425, 356, 422, 468, 434] prefix=[2476, 25]
2026-05-11 16:28:36 | INFO | __main__ | trainer.py:434 | [INFO] logit_adjust config saved to /data/liaozijie/fact-checking/outputs/runs/mmr_lambda_sweep_1024/build.retrieval.mmr_lambda-0.1__3cbad3b1/train/logit_adjust.json
2026-05-11 16:38:45 | INFO | __main__ | eval.py:43 | [EVAL_SAMPLE] idx=0 pred=false gold=barely-true output=Label: B explain=Hartzler said, "We have less Americans working now than in the ‘70s." The statistics Hartzler’s staff said she cited show the employment-population ratio and labor force participation rate was indeed higher in 1979 than in 2015. However,... prompt=<|im_start|>system
You are a careful fact-checking assistant for LIAR-RAW claims. Classify claims using only the claim and retrieved evidence supplied by the user.<|im_end|>
<|im_start|>user
Classify the claim into exactly one LIAR-RAW l...
2026-05-11 16:38:45 | INFO | __main__ | eval.py:43 | [EVAL_SAMPLE] idx=0 pred=false gold=barely-true output=Label: B explain=Hartzler said, "We have less Americans working now than in the ‘70s." The statistics Hartzler’s staff said she cited show the employment-population ratio and labor force participation rate was indeed higher in 1979 than in 2015. However,... prompt=<|im_start|>system
You are a careful fact-checking assistant for LIAR-RAW claims. Classify claims using only the claim and retrieved evidence supplied by the user.<|im_end|>
<|im_start|>user
Classify the claim into exactly one LIAR-RAW l...
2026-05-11 16:38:45 | INFO | __main__ | eval.py:43 | [EVAL_SAMPLE] idx=1 pred=false gold=pants-fire output=Label: B explain=Ellison used a Koran that once belonged to Thomas Jefferson, borrowing the rare book from the Library of Congress. It goes without saying that Ellison is not Obama. UPDATE: Barack Obama resigned from Trinity United Church of Christ on Ma... prompt=<|im_start|>system
You are a careful fact-checking assistant for LIAR-RAW claims. Classify claims using only the claim and retrieved evidence supplied by the user.<|im_end|>
<|im_start|>user
Classify the claim into exactly one LIAR-RAW l...
2026-05-11 16:38:45 | INFO | __main__ | eval.py:43 | [EVAL_SAMPLE] idx=1 pred=false gold=pants-fire output=Label: B explain=Ellison used a Koran that once belonged to Thomas Jefferson, borrowing the rare book from the Library of Congress. It goes without saying that Ellison is not Obama. UPDATE: Barack Obama resigned from Trinity United Church of Christ on Ma... prompt=<|im_start|>system
You are a careful fact-checking assistant for LIAR-RAW claims. Classify claims using only the claim and retrieved evidence supplied by the user.<|im_end|>
<|im_start|>user
Classify the claim into exactly one LIAR-RAW l...
2026-05-11 16:38:45 | INFO | __main__ | eval.py:43 | [EVAL_SAMPLE] idx=2 pred=barely-true gold=false output=Label: C explain=However, we have two professors who say the law is silent on political activity -- even if one of them sees an implicit prohibition -- and a plain reading of the law that states no explicit ban. Blumenauer said that "the statute a hundre... prompt=<|im_start|>system
You are a careful fact-checking assistant for LIAR-RAW claims. Classify claims using only the claim and retrieved evidence supplied by the user.<|im_end|>
<|im_start|>user
Classify the claim into exactly one LIAR-RAW l...
2026-05-11 16:38:45 | INFO | __main__ | trainer.py:563 | [eval] step=100 accuracy=0.2297 macro_precision=0.3721 macro_recall=0.2236 macro_f1=0.1763 parse_error_rate=0.0000
2026-05-11 16:38:45 | INFO | __main__ | trainer.py:563 | [eval] per_class:
2026-05-11 16:38:45 | INFO | __main__ | trainer.py:563 |   - barely-true: P=0.1562 R=0.0422 F1=0.0664
2026-05-11 16:38:45 | INFO | __main__ | trainer.py:563 |   - false: P=0.2151 R=0.7318 F1=0.3325
2026-05-11 16:38:45 | INFO | __main__ | trainer.py:563 |   - half-true: P=0.3014 R=0.0894 F1=0.1379
2026-05-11 16:38:45 | INFO | __main__ | trainer.py:563 |   - mostly-true: P=1.0000 R=0.0080 F1=0.0158
2026-05-11 16:38:45 | INFO | __main__ | trainer.py:563 |   - pants-fire: P=0.2987 R=0.1983 F1=0.2383
2026-05-11 16:38:45 | INFO | __main__ | trainer.py:563 |   - true: P=0.2614 R=0.2722 F1=0.2667
2026-05-11 16:48:57 | INFO | __main__ | eval.py:43 | [EVAL_SAMPLE] idx=0 pred=false gold=barely-true output=Label: B explain=Hartzler said, "We have less Americans working now than in the ‘70s." The statistics Hartzler’s staff said she cited show the employment-population ratio and labor force participation rate was indeed higher in 1979 than in 2015. However,... prompt=<|im_start|>system
You are a careful fact-checking assistant for LIAR-RAW claims. Classify claims using only the claim and retrieved evidence supplied by the user.<|im_end|>
<|im_start|>user
Classify the claim into exactly one LIAR-RAW l...
2026-05-11 16:48:57 | INFO | __main__ | eval.py:43 | [EVAL_SAMPLE] idx=0 pred=false gold=barely-true output=Label: B explain=Hartzler said, "We have less Americans working now than in the ‘70s." The statistics Hartzler’s staff said she cited show the employment-population ratio and labor force participation rate was indeed higher in 1979 than in 2015. However,... prompt=<|im_start|>system
You are a careful fact-checking assistant for LIAR-RAW claims. Classify claims using only the claim and retrieved evidence supplied by the user.<|im_end|>
<|im_start|>user
Classify the claim into exactly one LIAR-RAW l...
2026-05-11 16:48:57 | INFO | __main__ | eval.py:43 | [EVAL_SAMPLE] idx=1 pred=false gold=pants-fire output=Label: B explain=Ellison used a Koran that once belonged to Thomas Jefferson, borrowing the rare book from the Library of Congress. It goes without saying that Ellison is not Obama. UPDATE: Barack Obama resigned from Trinity United Church of Christ on Ma... prompt=<|im_start|>system
You are a careful fact-checking assistant for LIAR-RAW claims. Classify claims using only the claim and retrieved evidence supplied by the user.<|im_end|>
<|im_start|>user
Classify the claim into exactly one LIAR-RAW l...
2026-05-11 16:48:57 | INFO | __main__ | eval.py:43 | [EVAL_SAMPLE] idx=1 pred=false gold=pants-fire output=Label: B explain=Ellison used a Koran that once belonged to Thomas Jefferson, borrowing the rare book from the Library of Congress. It goes without saying that Ellison is not Obama. UPDATE: Barack Obama resigned from Trinity United Church of Christ on Ma... prompt=<|im_start|>system
You are a careful fact-checking assistant for LIAR-RAW claims. Classify claims using only the claim and retrieved evidence supplied by the user.<|im_end|>
<|im_start|>user
Classify the claim into exactly one LIAR-RAW l...
2026-05-11 16:48:57 | INFO | __main__ | eval.py:43 | [EVAL_SAMPLE] idx=2 pred=mostly-true gold=false output=Label: E explain=However, we have two professors who say the law is silent on political activity -- even if one of them sees an implicit prohibition -- and a plain reading of the law that states no explicit ban. Blumenauer said that "the statute a hundre... prompt=<|im_start|>system
You are a careful fact-checking assistant for LIAR-RAW claims. Classify claims using only the claim and retrieved evidence supplied by the user.<|im_end|>
<|im_start|>user
Classify the claim into exactly one LIAR-RAW l...
2026-05-11 16:48:57 | INFO | __main__ | trainer.py:563 | [eval] step=200 accuracy=0.2562 macro_precision=0.2681 macro_recall=0.2546 macro_f1=0.2486 parse_error_rate=0.0000
2026-05-11 16:48:57 | INFO | __main__ | trainer.py:563 | [eval] per_class:
2026-05-11 16:48:57 | INFO | __main__ | trainer.py:563 |   - barely-true: P=0.2017 R=0.2996 F1=0.2411
2026-05-11 16:48:57 | INFO | __main__ | trainer.py:563 |   - false: P=0.2583 R=0.3295 F1=0.2896
2026-05-11 16:48:57 | INFO | __main__ | trainer.py:563 |   - half-true: P=0.2782 R=0.1504 F1=0.1953
2026-05-11 16:48:57 | INFO | __main__ | trainer.py:563 |   - mostly-true: P=0.3125 R=0.2988 F1=0.3055
2026-05-11 16:48:57 | INFO | __main__ | trainer.py:563 |   - pants-fire: P=0.2434 R=0.3190 F1=0.2761
2026-05-11 16:48:57 | INFO | __main__ | trainer.py:563 |   - true: P=0.3143 R=0.1302 F1=0.1841
2026-05-11 16:59:09 | INFO | __main__ | eval.py:43 | [EVAL_SAMPLE] idx=0 pred=false gold=barely-true output=Label: B explain=Hartzler said, "We have less Americans working now than in the ‘70s." The statistics Hartzler’s staff said she cited show the employment-population ratio and labor force participation rate was indeed higher in 1979 than in 2015. However,... prompt=<|im_start|>system
You are a careful fact-checking assistant for LIAR-RAW claims. Classify claims using only the claim and retrieved evidence supplied by the user.<|im_end|>
<|im_start|>user
Classify the claim into exactly one LIAR-RAW l...
2026-05-11 16:59:09 | INFO | __main__ | eval.py:43 | [EVAL_SAMPLE] idx=0 pred=false gold=barely-true output=Label: B explain=Hartzler said, "We have less Americans working now than in the ‘70s." The statistics Hartzler’s staff said she cited show the employment-population ratio and labor force participation rate was indeed higher in 1979 than in 2015. However,... prompt=<|im_start|>system
You are a careful fact-checking assistant for LIAR-RAW claims. Classify claims using only the claim and retrieved evidence supplied by the user.<|im_end|>
<|im_start|>user
Classify the claim into exactly one LIAR-RAW l...
2026-05-11 16:59:09 | INFO | __main__ | eval.py:43 | [EVAL_SAMPLE] idx=1 pred=false gold=pants-fire output=Label: B explain=Ellison used a Koran that once belonged to Thomas Jefferson, borrowing the rare book from the Library of Congress. It goes without saying that Ellison is not Obama. UPDATE: Barack Obama resigned from Trinity United Church of Christ on Ma... prompt=<|im_start|>system
You are a careful fact-checking assistant for LIAR-RAW claims. Classify claims using only the claim and retrieved evidence supplied by the user.<|im_end|>
<|im_start|>user
Classify the claim into exactly one LIAR-RAW l...
2026-05-11 16:59:09 | INFO | __main__ | eval.py:43 | [EVAL_SAMPLE] idx=1 pred=false gold=pants-fire output=Label: B explain=Ellison used a Koran that once belonged to Thomas Jefferson, borrowing the rare book from the Library of Congress. It goes without saying that Ellison is not Obama. UPDATE: Barack Obama resigned from Trinity United Church of Christ on Ma... prompt=<|im_start|>system
You are a careful fact-checking assistant for LIAR-RAW claims. Classify claims using only the claim and retrieved evidence supplied by the user.<|im_end|>
<|im_start|>user
Classify the claim into exactly one LIAR-RAW l...
2026-05-11 16:59:09 | INFO | __main__ | eval.py:43 | [EVAL_SAMPLE] idx=2 pred=mostly-true gold=false output=Label: E explain=However, we have two professors who say the law is silent on political activity -- even if one of them sees an implicit prohibition -- and a plain reading of the law that states no explicit ban. Blumenauer said that "the statute a hundre... prompt=<|im_start|>system
You are a careful fact-checking assistant for LIAR-RAW claims. Classify claims using only the claim and retrieved evidence supplied by the user.<|im_end|>
<|im_start|>user
Classify the claim into exactly one LIAR-RAW l...
2026-05-11 16:59:09 | INFO | __main__ | trainer.py:563 | [eval] step=300 accuracy=0.2789 macro_precision=0.2941 macro_recall=0.2887 macro_f1=0.2767 parse_error_rate=0.0000
2026-05-11 16:59:09 | INFO | __main__ | trainer.py:563 | [eval] per_class:
2026-05-11 16:59:09 | INFO | __main__ | trainer.py:563 |   - barely-true: P=0.2330 R=0.3460 F1=0.2784
2026-05-11 16:59:09 | INFO | __main__ | trainer.py:563 |   - false: P=0.2707 R=0.3257 F1=0.2957
2026-05-11 16:59:09 | INFO | __main__ | trainer.py:563 |   - half-true: P=0.3437 R=0.1341 F1=0.1930
2026-05-11 16:59:09 | INFO | __main__ | trainer.py:563 |   - mostly-true: P=0.3684 R=0.2510 F1=0.2986
2026-05-11 16:59:09 | INFO | __main__ | trainer.py:563 |   - pants-fire: P=0.2340 R=0.3793 F1=0.2895
2026-05-11 16:59:09 | INFO | __main__ | trainer.py:563 |   - true: P=0.3145 R=0.2959 F1=0.3049
2026-05-11 17:09:22 | INFO | __main__ | eval.py:43 | [EVAL_SAMPLE] idx=0 pred=false gold=barely-true output=Label: B explain=Hartzler said, "We have less Americans working now than in the ‘70s." The statistics Hartzler’s staff said she cited show the employment-population ratio and labor force participation rate was indeed higher in 1979 than in 2015. However,... prompt=<|im_start|>system
You are a careful fact-checking assistant for LIAR-RAW claims. Classify claims using only the claim and retrieved evidence supplied by the user.<|im_end|>
<|im_start|>user
Classify the claim into exactly one LIAR-RAW l...
2026-05-11 17:09:22 | INFO | __main__ | eval.py:43 | [EVAL_SAMPLE] idx=0 pred=false gold=barely-true output=Label: B explain=Hartzler said, "We have less Americans working now than in the ‘70s." The statistics Hartzler’s staff said she cited show the employment-population ratio and labor force participation rate was indeed higher in 1979 than in 2015. However,... prompt=<|im_start|>system
You are a careful fact-checking assistant for LIAR-RAW claims. Classify claims using only the claim and retrieved evidence supplied by the user.<|im_end|>
<|im_start|>user
Classify the claim into exactly one LIAR-RAW l...
2026-05-11 17:09:22 | INFO | __main__ | eval.py:43 | [EVAL_SAMPLE] idx=1 pred=false gold=pants-fire output=Label: B explain=Ellison used a Koran that once belonged to Thomas Jefferson, borrowing the rare book from the Library of Congress. It goes without saying that Ellison is not Obama. UPDATE: Barack Obama resigned from Trinity United Church of Christ on Ma... prompt=<|im_start|>system
You are a careful fact-checking assistant for LIAR-RAW claims. Classify claims using only the claim and retrieved evidence supplied by the user.<|im_end|>
<|im_start|>user
Classify the claim into exactly one LIAR-RAW l...
2026-05-11 17:09:22 | INFO | __main__ | eval.py:43 | [EVAL_SAMPLE] idx=1 pred=false gold=pants-fire output=Label: B explain=Ellison used a Koran that once belonged to Thomas Jefferson, borrowing the rare book from the Library of Congress. It goes without saying that Ellison is not Obama. UPDATE: Barack Obama resigned from Trinity United Church of Christ on Ma... prompt=<|im_start|>system
You are a careful fact-checking assistant for LIAR-RAW claims. Classify claims using only the claim and retrieved evidence supplied by the user.<|im_end|>
<|im_start|>user
Classify the claim into exactly one LIAR-RAW l...
2026-05-11 17:09:22 | INFO | __main__ | eval.py:43 | [EVAL_SAMPLE] idx=2 pred=mostly-true gold=false output=Label: E explain=However, we have two professors who say the law is silent on political activity -- even if one of them sees an implicit prohibition -- and a plain reading of the law that states no explicit ban. Blumenauer said that "the statute a hundre... prompt=<|im_start|>system
You are a careful fact-checking assistant for LIAR-RAW claims. Classify claims using only the claim and retrieved evidence supplied by the user.<|im_end|>
<|im_start|>user
Classify the claim into exactly one LIAR-RAW l...
2026-05-11 17:09:22 | INFO | __main__ | trainer.py:563 | [eval] step=400 accuracy=0.2609 macro_precision=0.2816 macro_recall=0.2846 macro_f1=0.2594 parse_error_rate=0.0000
2026-05-11 17:09:22 | INFO | __main__ | trainer.py:563 | [eval] per_class:
2026-05-11 17:09:22 | INFO | __main__ | trainer.py:563 |   - barely-true: P=0.2098 R=0.2532 F1=0.2294
2026-05-11 17:09:22 | INFO | __main__ | trainer.py:563 |   - false: P=0.2540 R=0.3065 F1=0.2778
2026-05-11 17:09:22 | INFO | __main__ | trainer.py:563 |   - half-true: P=0.3023 R=0.1057 F1=0.1566
2026-05-11 17:09:22 | INFO | __main__ | trainer.py:563 |   - mostly-true: P=0.4228 R=0.2072 F1=0.2781
2026-05-11 17:09:22 | INFO | __main__ | trainer.py:563 |   - pants-fire: P=0.2132 R=0.4741 F1=0.2941
2026-05-11 17:09:22 | INFO | __main__ | trainer.py:563 |   - true: P=0.2877 R=0.3609 F1=0.3202
2026-05-11 17:19:35 | INFO | __main__ | eval.py:43 | [EVAL_SAMPLE] idx=0 pred=false gold=barely-true output=Label: B explain=Hartzler said, "We have less Americans working now than in the ‘70s." The statistics Hartzler’s staff said she cited show the employment-population ratio and labor force participation rate was indeed higher in 1979 than in 2015. However,... prompt=<|im_start|>system
You are a careful fact-checking assistant for LIAR-RAW claims. Classify claims using only the claim and retrieved evidence supplied by the user.<|im_end|>
<|im_start|>user
Classify the claim into exactly one LIAR-RAW l...
2026-05-11 17:19:35 | INFO | __main__ | eval.py:43 | [EVAL_SAMPLE] idx=0 pred=false gold=barely-true output=Label: B explain=Hartzler said, "We have less Americans working now than in the ‘70s." The statistics Hartzler’s staff said she cited show the employment-population ratio and labor force participation rate was indeed higher in 1979 than in 2015. However,... prompt=<|im_start|>system
You are a careful fact-checking assistant for LIAR-RAW claims. Classify claims using only the claim and retrieved evidence supplied by the user.<|im_end|>
<|im_start|>user
Classify the claim into exactly one LIAR-RAW l...
2026-05-11 17:19:35 | INFO | __main__ | eval.py:43 | [EVAL_SAMPLE] idx=1 pred=true gold=pants-fire output=Label: F explain=Ellison used a Koran that once belonged to Thomas Jefferson, borrowing the rare book from the Library of Congress. It goes without saying that Ellison is not Obama. UPDATE: Barack Obama resigned from Trinity United Church of Christ on Ma... prompt=<|im_start|>system
You are a careful fact-checking assistant for LIAR-RAW claims. Classify claims using only the claim and retrieved evidence supplied by the user.<|im_end|>
<|im_start|>user
Classify the claim into exactly one LIAR-RAW l...
2026-05-11 17:19:35 | INFO | __main__ | eval.py:43 | [EVAL_SAMPLE] idx=1 pred=true gold=pants-fire output=Label: F explain=Ellison used a Koran that once belonged to Thomas Jefferson, borrowing the rare book from the Library of Congress. It goes without saying that Ellison is not Obama. UPDATE: Barack Obama resigned from Trinity United Church of Christ on Ma... prompt=<|im_start|>system
You are a careful fact-checking assistant for LIAR-RAW claims. Classify claims using only the claim and retrieved evidence supplied by the user.<|im_end|>
<|im_start|>user
Classify the claim into exactly one LIAR-RAW l...
2026-05-11 17:19:35 | INFO | __main__ | eval.py:43 | [EVAL_SAMPLE] idx=2 pred=mostly-true gold=false output=Label: E explain=However, we have two professors who say the law is silent on political activity -- even if one of them sees an implicit prohibition -- and a plain reading of the law that states no explicit ban. Blumenauer said that "the statute a hundre... prompt=<|im_start|>system
You are a careful fact-checking assistant for LIAR-RAW claims. Classify claims using only the claim and retrieved evidence supplied by the user.<|im_end|>
<|im_start|>user
Classify the claim into exactly one LIAR-RAW l...
2026-05-11 17:19:35 | INFO | __main__ | trainer.py:563 | [eval] step=500 accuracy=0.2578 macro_precision=0.2780 macro_recall=0.2888 macro_f1=0.2516 parse_error_rate=0.0000
2026-05-11 17:19:35 | INFO | __main__ | trainer.py:563 | [eval] per_class:
2026-05-11 17:19:35 | INFO | __main__ | trainer.py:563 |   - barely-true: P=0.2619 R=0.3249 F1=0.2900
2026-05-11 17:19:35 | INFO | __main__ | trainer.py:563 |   - false: P=0.3097 R=0.1839 F1=0.2308
2026-05-11 17:19:35 | INFO | __main__ | trainer.py:563 |   - half-true: P=0.2457 R=0.1748 F1=0.2043
2026-05-11 17:19:35 | INFO | __main__ | trainer.py:563 |   - mostly-true: P=0.3881 R=0.1036 F1=0.1635
2026-05-11 17:19:35 | INFO | __main__ | trainer.py:563 |   - pants-fire: P=0.2332 R=0.4483 F1=0.3068
2026-05-11 17:19:35 | INFO | __main__ | trainer.py:563 |   - true: P=0.2295 R=0.4970 F1=0.3140
2026-05-11 17:29:47 | INFO | __main__ | eval.py:43 | [EVAL_SAMPLE] idx=0 pred=pants-fire gold=barely-true output=Label: A explain=Hartzler said, "We have less Americans working now than in the ‘70s." The statistics Hartzler’s staff said she cited show the employment-population ratio and labor force participation rate was indeed higher in 1979 than in 2015. However,... prompt=<|im_start|>system
You are a careful fact-checking assistant for LIAR-RAW claims. Classify claims using only the claim and retrieved evidence supplied by the user.<|im_end|>
<|im_start|>user
Classify the claim into exactly one LIAR-RAW l...
2026-05-11 17:29:47 | INFO | __main__ | eval.py:43 | [EVAL_SAMPLE] idx=0 pred=pants-fire gold=barely-true output=Label: A explain=Hartzler said, "We have less Americans working now than in the ‘70s." The statistics Hartzler’s staff said she cited show the employment-population ratio and labor force participation rate was indeed higher in 1979 than in 2015. However,... prompt=<|im_start|>system
You are a careful fact-checking assistant for LIAR-RAW claims. Classify claims using only the claim and retrieved evidence supplied by the user.<|im_end|>
<|im_start|>user
Classify the claim into exactly one LIAR-RAW l...
2026-05-11 17:29:47 | INFO | __main__ | eval.py:43 | [EVAL_SAMPLE] idx=1 pred=pants-fire gold=pants-fire output=Label: A explain=Ellison used a Koran that once belonged to Thomas Jefferson, borrowing the rare book from the Library of Congress. It goes without saying that Ellison is not Obama. UPDATE: Barack Obama resigned from Trinity United Church of Christ on Ma... prompt=<|im_start|>system
You are a careful fact-checking assistant for LIAR-RAW claims. Classify claims using only the claim and retrieved evidence supplied by the user.<|im_end|>
<|im_start|>user
Classify the claim into exactly one LIAR-RAW l...
2026-05-11 17:29:47 | INFO | __main__ | eval.py:43 | [EVAL_SAMPLE] idx=1 pred=pants-fire gold=pants-fire output=Label: A explain=Ellison used a Koran that once belonged to Thomas Jefferson, borrowing the rare book from the Library of Congress. It goes without saying that Ellison is not Obama. UPDATE: Barack Obama resigned from Trinity United Church of Christ on Ma... prompt=<|im_start|>system
You are a careful fact-checking assistant for LIAR-RAW claims. Classify claims using only the claim and retrieved evidence supplied by the user.<|im_end|>
<|im_start|>user
Classify the claim into exactly one LIAR-RAW l...
2026-05-11 17:29:47 | INFO | __main__ | eval.py:43 | [EVAL_SAMPLE] idx=2 pred=mostly-true gold=false output=Label: E explain=However, we have two professors who say the law is silent on political activity -- even if one of them sees an implicit prohibition -- and a plain reading of the law that states no explicit ban. Blumenauer said that "the statute a hundre... prompt=<|im_start|>system
You are a careful fact-checking assistant for LIAR-RAW claims. Classify claims using only the claim and retrieved evidence supplied by the user.<|im_end|>
<|im_start|>user
Classify the claim into exactly one LIAR-RAW l...
2026-05-11 17:29:47 | INFO | __main__ | trainer.py:563 | [eval] step=600 accuracy=0.2437 macro_precision=0.2799 macro_recall=0.3004 macro_f1=0.2277 parse_error_rate=0.0000
2026-05-11 17:29:47 | INFO | __main__ | trainer.py:563 | [eval] per_class:
2026-05-11 17:29:47 | INFO | __main__ | trainer.py:563 |   - barely-true: P=0.2625 R=0.1772 F1=0.2116
2026-05-11 17:29:47 | INFO | __main__ | trainer.py:563 |   - false: P=0.3380 R=0.0920 F1=0.1446
2026-05-11 17:29:47 | INFO | __main__ | trainer.py:563 |   - half-true: P=0.3148 R=0.0691 F1=0.1133
2026-05-11 17:29:47 | INFO | __main__ | trainer.py:563 |   - mostly-true: P=0.3446 R=0.2430 F1=0.2850
2026-05-11 17:29:47 | INFO | __main__ | trainer.py:563 |   - pants-fire: P=0.1795 R=0.7241 F1=0.2877
2026-05-11 17:29:47 | INFO | __main__ | trainer.py:563 |   - true: P=0.2400 R=0.4970 F1=0.3237
