$ accelerate launch --num_processes=4 --num_machines=1 --mixed_precision=bf16 --use_deepspeed --deepspeed_config_file /data/liaozijie/fact-checking/configs/deepspeed_zero2.json -m sft.trainer --config /data/liaozijie/fact-checking/outputs/runs/mmr_lambda_sweep/build.retrieval.mmr_lambda=0.0__6a1a1a98/configs/train.resolved.yaml

The following values were not passed to `accelerate launch` and had defaults used instead:
		More than one GPU was found, enabling multi-GPU training.
		If this was unintended please pass in `--num_processes=1`.
	`--dynamo_backend` was set to a value of `'no'`
To avoid this warning pass in values for each of the problematic parameters or run `accelerate config`.
W0511 12:29:33.817000 122623 site-packages/torch/distributed/run.py:792] 
W0511 12:29:33.817000 122623 site-packages/torch/distributed/run.py:792] *****************************************
W0511 12:29:33.817000 122623 site-packages/torch/distributed/run.py:792] Setting OMP_NUM_THREADS environment variable for each process to be 1 in default, to avoid your system being overloaded, please further tune the variable for optimal performance in your application as needed. 
W0511 12:29:33.817000 122623 site-packages/torch/distributed/run.py:792] *****************************************
[RANK 0] Detected kernel version 4.18.0, which is below the recommended minimum of 5.5.0; this can cause the process to hang. It is recommended to upgrade the kernel to the minimum version or higher.
swanlab: Using SwanLab to track your experiments. Please refer to https://docs.swanlab.cn for more information.
swanlab: (1) Create a SwanLab account.
swanlab: (2) Use an existing SwanLab account.
swanlab: (3) Don't visualize my results.
swanlab: Enter your choice: 
swanlab: You chose 'Use an existing swanlab account'
swanlab: Logging into https://swanlab.cn
swanlab: You can find your API key at: https://swanlab.cn/space/~/settings
swanlab: Paste an API key from your profile and hit enter, or press 'CTRL + C' to quit: 
swanlab: Tracking run with swanlab version 0.7.16
swanlab: Run data will be saved locally in /data/liaozijie/fact-checking/swanlog/run-20260511_123021-2tmyhga34xgcu3c5tyd46
swanlab: 👋 Hi fenglin,welcome to swanlab!
swanlab: Syncing run mmr_lambda_sweep__build.retrieval.mmr_lambda=0.0 to the cloud
swanlab: 🏠 View project at https://swanlab.cn/@fenglin/fact-checking-build-train-infer
swanlab: 🚀 View run at https://swanlab.cn/@fenglin/fact-checking-build-train-infer/runs/2tmyhga34xgcu3c5tyd46
2026-05-11 12:30:27 | INFO | __main__ | trainer.py:206 | [INFO] saved resolved config to /data/liaozijie/fact-checking/outputs/runs/mmr_lambda_sweep/build.retrieval.mmr_lambda=0.0__6a1a1a98/train/config.resolved.yaml
2026-05-11 12:30:27 | INFO | __main__ | stats.py:59 | [PROMPT_STATS] split=train pre_mean=777.08 pre_p95=1021 pre_overflow=0 post_mean=777.08 post_p95=1021 post_overflow=0 truncated=2 trunc_rate=0.0002
2026-05-11 12:30:27 | INFO | __main__ | stats.py:59 | [PROMPT_STATS] split=val pre_mean=787.42 pre_p95=1017 pre_overflow=0 post_mean=787.42 post_p95=1017 post_overflow=0 truncated=0 trunc_rate=0.0000
2026-05-11 12:30:27 | INFO | __main__ | trainer.py:268 | [INFO] prompt statistics saved to /data/liaozijie/fact-checking/outputs/runs/mmr_lambda_sweep/build.retrieval.mmr_lambda=0.0__6a1a1a98/train/prompt_stats/prompt_stats.json

Loading checkpoint shards:   0%|          | 0/4 [00:00<?, ?it/s]
Loading checkpoint shards:   0%|          | 0/4 [00:00<?, ?it/s]
Loading checkpoint shards:   0%|          | 0/4 [00:00<?, ?it/s]
Loading checkpoint shards:   0%|          | 0/4 [00:00<?, ?it/s]
Loading checkpoint shards:  25%|██▌       | 1/4 [00:00<00:02,  1.01it/s]
Loading checkpoint shards:  25%|██▌       | 1/4 [00:00<00:02,  1.01it/s]
Loading checkpoint shards:  25%|██▌       | 1/4 [00:00<00:02,  1.01it/s]
Loading checkpoint shards:  25%|██▌       | 1/4 [00:00<00:02,  1.01it/s]
Loading checkpoint shards:  50%|█████     | 2/4 [00:02<00:02,  1.07s/it]
Loading checkpoint shards:  50%|█████     | 2/4 [00:02<00:02,  1.07s/it]
Loading checkpoint shards:  50%|█████     | 2/4 [00:02<00:02,  1.07s/it]
Loading checkpoint shards:  50%|█████     | 2/4 [00:02<00:02,  1.07s/it]
Loading checkpoint shards:  75%|███████▌  | 3/4 [00:03<00:01,  1.23s/it]
Loading checkpoint shards:  75%|███████▌  | 3/4 [00:03<00:01,  1.23s/it]
Loading checkpoint shards:  75%|███████▌  | 3/4 [00:03<00:01,  1.23s/it]
Loading checkpoint shards:  75%|███████▌  | 3/4 [00:03<00:01,  1.23s/it]
Loading checkpoint shards: 100%|██████████| 4/4 [00:04<00:00,  1.02it/s]
Loading checkpoint shards: 100%|██████████| 4/4 [00:04<00:00,  1.02it/s]
Loading checkpoint shards: 100%|██████████| 4/4 [00:04<00:00,  1.02it/s]
Loading checkpoint shards: 100%|██████████| 4/4 [00:04<00:00,  1.02it/s]
Loading checkpoint shards: 100%|██████████| 4/4 [00:04<00:00,  1.04s/it]
Loading checkpoint shards: 100%|██████████| 4/4 [00:04<00:00,  1.04s/it]


Loading checkpoint shards: 100%|██████████| 4/4 [00:04<00:00,  1.04s/it]

Loading checkpoint shards: 100%|██████████| 4/4 [00:04<00:00,  1.04s/it]
2026-05-11 12:30:34 | INFO | __main__ | adapters.py:97 | [INFO] LoRA enabled: trainable parameters=40370176 / 7655986688 (0.5273%), r=16, alpha=32
2026-05-11 12:30:55 | INFO | __main__ | trainer.py:358 | [INFO] Optimizer will update LoRA/trainable parameters only.
2026-05-11 12:31:30 | INFO | __main__ | trainer.py:389 | [INFO] dataloader length around accelerator.prepare: before=2516, after=629
2026-05-11 12:31:30 | WARNING | __main__ | trainer.py:395 | [WARN] len(train_dl) changed after accelerator.prepare: before=2516, after=629. This may indicate duplicated sharding/re-partitioning across distributed samplers.
2026-05-11 12:31:30 | INFO | __main__ | trainer.py:412 | [INFO] train progress setup (post-prepare): num_epochs=2, len(train_dl)=629, effective_grad_accum_steps=2, update_steps_per_epoch=315, max_train_steps=630
2026-05-11 12:31:30 | INFO | __main__ | trainer.py:121 | [INFO] logit_adjust enabled: tau=1.000 priors=['0.0807', '0.1945', '0.1601', '0.2074', '0.1937', '0.1636'] letters=[362, 425, 356, 422, 468, 434] prefix=[2476, 25]

  0%|          | 0/630 [00:00<?, ?it/s]
  0%|          | 1/630 [00:10<1:53:19, 10.81s/it]
  0%|          | 2/630 [00:16<1:22:37,  7.89s/it]
  0%|          | 3/630 [00:21<1:05:33,  6.27s/it]
  1%|          | 4/630 [00:25<56:40,  5.43s/it]  
  1%|          | 5/630 [00:28<50:32,  4.85s/it]
  1%|          | 6/630 [00:32<45:44,  4.40s/it]
  1%|          | 7/630 [00:38<49:36,  4.78s/it]
  1%|▏         | 8/630 [00:42<49:26,  4.77s/it]
  1%|▏         | 9/630 [00:47<47:43,  4.61s/it]
  2%|▏         | 10/630 [00:51<45:46,  4.43s/it]
  2%|▏         | 11/630 [00:55<44:03,  4.27s/it]
  2%|▏         | 12/630 [00:58<42:02,  4.08s/it]
  2%|▏         | 13/630 [01:03<45:01,  4.38s/it]
  2%|▏         | 14/630 [01:09<48:32,  4.73s/it]
  2%|▏         | 15/630 [01:13<47:24,  4.63s/it]
  3%|▎         | 16/630 [01:17<46:01,  4.50s/it]
  3%|▎         | 17/630 [01:21<43:58,  4.30s/it]
  3%|▎         | 18/630 [01:25<43:09,  4.23s/it]
  3%|▎         | 19/630 [01:31<47:19,  4.65s/it]
  3%|▎         | 20/630 [01:37<50:24,  4.96s/it]
  3%|▎         | 21/630 [01:41<49:18,  4.86s/it]
  3%|▎         | 22/630 [01:45<47:12,  4.66s/it]
  4%|▎         | 23/630 [01:49<45:16,  4.47s/it]
  4%|▍         | 24/630 [01:53<43:29,  4.31s/it]
  4%|▍         | 25/630 [01:57<40:59,  4.07s/it]
  4%|▍         | 26/630 [02:02<44:25,  4.41s/it]
  4%|▍         | 27/630 [02:07<45:14,  4.50s/it]
  4%|▍         | 28/630 [02:11<44:40,  4.45s/it]
  5%|▍         | 29/630 [02:15<43:37,  4.35s/it]
  5%|▍         | 30/630 [02:19<42:00,  4.20s/it]
  5%|▍         | 31/630 [02:23<39:58,  4.00s/it]
  5%|▌         | 32/630 [02:29<46:57,  4.71s/it]
  5%|▌         | 33/630 [02:34<47:28,  4.77s/it]
  5%|▌         | 34/630 [02:38<46:11,  4.65s/it]
  6%|▌         | 35/630 [02:42<44:24,  4.48s/it]
  6%|▌         | 36/630 [02:47<43:36,  4.41s/it]
  6%|▌         | 37/630 [02:51<42:18,  4.28s/it]
  6%|▌         | 38/630 [02:56<44:15,  4.49s/it]
  6%|▌         | 39/630 [03:01<45:47,  4.65s/it]
  6%|▋         | 40/630 [03:05<45:20,  4.61s/it]
  7%|▋         | 41/630 [03:09<43:52,  4.47s/it]
  7%|▋         | 42/630 [03:13<42:34,  4.34s/it]
  7%|▋         | 43/630 [03:17<40:49,  4.17s/it]
  7%|▋         | 44/630 [03:22<43:18,  4.43s/it]
  7%|▋         | 45/630 [03:28<46:10,  4.74s/it]
  7%|▋         | 46/630 [03:32<45:10,  4.64s/it]
  7%|▋         | 47/630 [03:36<43:49,  4.51s/it]
  8%|▊         | 48/630 [03:40<42:05,  4.34s/it]
  8%|▊         | 49/630 [03:44<40:25,  4.17s/it]
  8%|▊         | 50/630 [03:48<38:46,  4.01s/it]
  8%|▊         | 51/630 [03:53<42:47,  4.43s/it]
  8%|▊         | 52/630 [03:58<43:42,  4.54s/it]
  8%|▊         | 53/630 [04:02<43:58,  4.57s/it]
  9%|▊         | 54/630 [04:07<42:39,  4.44s/it]
  9%|▊         | 55/630 [04:10<41:10,  4.30s/it]
  9%|▉         | 56/630 [04:14<39:14,  4.10s/it]
  9%|▉         | 57/630 [04:21<47:05,  4.93s/it]
  9%|▉         | 58/630 [04:26<47:30,  4.98s/it]
  9%|▉         | 59/630 [04:30<45:41,  4.80s/it]
 10%|▉         | 60/630 [04:35<43:44,  4.60s/it]
 10%|▉         | 61/630 [04:39<41:48,  4.41s/it]
 10%|▉         | 62/630 [04:42<39:47,  4.20s/it]
 10%|█         | 63/630 [04:48<44:17,  4.69s/it]
 10%|█         | 64/630 [04:53<45:13,  4.79s/it]
 10%|█         | 65/630 [04:57<43:45,  4.65s/it]
 10%|█         | 66/630 [05:01<41:58,  4.47s/it]
 11%|█         | 67/630 [05:05<40:21,  4.30s/it]
 11%|█         | 68/630 [05:09<39:31,  4.22s/it]
 11%|█         | 69/630 [05:16<45:26,  4.86s/it]
 11%|█         | 70/630 [05:22<48:14,  5.17s/it]
 11%|█▏        | 71/630 [05:27<47:34,  5.11s/it]
 11%|█▏        | 72/630 [05:31<44:59,  4.84s/it]
 12%|█▏        | 73/630 [05:35<42:45,  4.61s/it]
 12%|█▏        | 74/630 [05:39<40:46,  4.40s/it]
 12%|█▏        | 75/630 [05:42<38:07,  4.12s/it]
 12%|█▏        | 76/630 [05:50<46:50,  5.07s/it]
 12%|█▏        | 77/630 [05:55<46:29,  5.04s/it]
 12%|█▏        | 78/630 [05:59<44:09,  4.80s/it]
 13%|█▎        | 79/630 [06:03<41:49,  4.55s/it]
 13%|█▎        | 80/630 [06:07<39:38,  4.32s/it]
 13%|█▎        | 81/630 [06:10<37:40,  4.12s/it]
 13%|█▎        | 82/630 [06:16<41:21,  4.53s/it]
 13%|█▎        | 83/630 [06:21<42:10,  4.63s/it]
 13%|█▎        | 84/630 [06:25<41:07,  4.52s/it]
 13%|█▎        | 85/630 [06:29<40:48,  4.49s/it]
 14%|█▎        | 86/630 [06:33<38:49,  4.28s/it]
 14%|█▍        | 87/630 [06:37<36:50,  4.07s/it]
 14%|█▍        | 88/630 [06:41<38:48,  4.30s/it]
 14%|█▍        | 89/630 [06:47<41:05,  4.56s/it]
 14%|█▍        | 90/630 [06:51<40:33,  4.51s/it]
 14%|█▍        | 91/630 [06:55<39:39,  4.41s/it]
 15%|█▍        | 92/630 [06:59<38:09,  4.26s/it]
 15%|█▍        | 93/630 [07:03<36:35,  4.09s/it]
 15%|█▍        | 94/630 [07:08<39:33,  4.43s/it]
 15%|█▌        | 95/630 [07:13<41:48,  4.69s/it]
 15%|█▌        | 96/630 [07:18<41:44,  4.69s/it]
 15%|█▌        | 97/630 [07:22<40:27,  4.55s/it]
 16%|█▌        | 98/630 [07:26<39:10,  4.42s/it]
 16%|█▌        | 99/630 [07:30<37:22,  4.22s/it]
 16%|█▌        | 100/630 [07:34<35:34,  4.03s/it]

eval:   0%|          | 0/80 [00:00<?, ?it/s][A/data/liaozijie/conda/accelerate-fc/lib/python3.11/site-packages/transformers/tokenization_utils_base.py:2751: UserWarning: `max_length` is ignored when `padding`=`True` and there is no truncation strategy. To pad to max length, use `padding='max_length'`.
  warnings.warn(
/data/liaozijie/conda/accelerate-fc/lib/python3.11/site-packages/transformers/tokenization_utils_base.py:2751: UserWarning: `max_length` is ignored when `padding`=`True` and there is no truncation strategy. To pad to max length, use `padding='max_length'`.
  warnings.warn(
/data/liaozijie/conda/accelerate-fc/lib/python3.11/site-packages/transformers/tokenization_utils_base.py:2751: UserWarning: `max_length` is ignored when `padding`=`True` and there is no truncation strategy. To pad to max length, use `padding='max_length'`.
  warnings.warn(
/data/liaozijie/conda/accelerate-fc/lib/python3.11/site-packages/transformers/tokenization_utils_base.py:2751: UserWarning: `max_length` is ignored when `padding`=`True` and there is no truncation strategy. To pad to max length, use `padding='max_length'`.
  warnings.warn(
/data/liaozijie/conda/accelerate-fc/lib/python3.11/site-packages/transformers/tokenization_utils_base.py:2751: UserWarning: `max_length` is ignored when `padding`=`True` and there is no truncation strategy. To pad to max length, use `padding='max_length'`.
  warnings.warn(
/data/liaozijie/conda/accelerate-fc/lib/python3.11/site-packages/transformers/tokenization_utils_base.py:2751: UserWarning: `max_length` is ignored when `padding`=`True` and there is no truncation strategy. To pad to max length, use `padding='max_length'`.
  warnings.warn(
/data/liaozijie/conda/accelerate-fc/lib/python3.11/site-packages/transformers/tokenization_utils_base.py:2751: UserWarning: `max_length` is ignored when `padding`=`True` and there is no truncation strategy. To pad to max length, use `padding='max_length'`.
  warnings.warn(
/data/liaozijie/conda/accelerate-fc/lib/python3.11/site-packages/transformers/tokenization_utils_base.py:2751: UserWarning: `max_length` is ignored when `padding`=`True` and there is no truncation strategy. To pad to max length, use `padding='max_length'`.
  warnings.warn(
/data/liaozijie/conda/accelerate-fc/lib/python3.11/site-packages/transformers/tokenization_utils_base.py:2751: UserWarning: `max_length` is ignored when `padding`=`True` and there is no truncation strategy. To pad to max length, use `padding='max_length'`.
  warnings.warn(
/data/liaozijie/conda/accelerate-fc/lib/python3.11/site-packages/transformers/tokenization_utils_base.py:2751: UserWarning: `max_length` is ignored when `padding`=`True` and there is no truncation strategy. To pad to max length, use `padding='max_length'`.
  warnings.warn(
/data/liaozijie/conda/accelerate-fc/lib/python3.11/site-packages/transformers/tokenization_utils_base.py:2751: UserWarning: `max_length` is ignored when `padding`=`True` and there is no truncation strategy. To pad to max length, use `padding='max_length'`.
  warnings.warn(
/data/liaozijie/conda/accelerate-fc/lib/python3.11/site-packages/transformers/tokenization_utils_base.py:2751: UserWarning: `max_length` is ignored when `padding`=`True` and there is no truncation strategy. To pad to max length, use `padding='max_length'`.
  warnings.warn(
/data/liaozijie/conda/accelerate-fc/lib/python3.11/site-packages/transformers/tokenization_utils_base.py:2751: UserWarning: `max_length` is ignored when `padding`=`True` and there is no truncation strategy. To pad to max length, use `padding='max_length'`.
  warnings.warn(
/data/liaozijie/conda/accelerate-fc/lib/python3.11/site-packages/transformers/tokenization_utils_base.py:2751: UserWarning: `max_length` is ignored when `padding`=`True` and there is no truncation strategy. To pad to max length, use `padding='max_length'`.
  warnings.warn(
/data/liaozijie/conda/accelerate-fc/lib/python3.11/site-packages/transformers/tokenization_utils_base.py:2751: UserWarning: `max_length` is ignored when `padding`=`True` and there is no truncation strategy. To pad to max length, use `padding='max_length'`.
  warnings.warn(
/data/liaozijie/conda/accelerate-fc/lib/python3.11/site-packages/transformers/tokenization_utils_base.py:2751: UserWarning: `max_length` is ignored when `padding`=`True` and there is no truncation strategy. To pad to max length, use `padding='max_length'`.
  warnings.warn(


eval:   1%|▏         | 1/80 [00:01<01:22,  1.05s/it][A

eval:   2%|▎         | 2/80 [00:01<01:08,  1.14it/s][A

eval:   4%|▍         | 3/80 [00:02<01:04,  1.19it/s][A

eval:   5%|▌         | 4/80 [00:03<01:02,  1.21it/s][A

eval:   6%|▋         | 5/80 [00:04<00:59,  1.25it/s][A

eval:   8%|▊         | 6/80 [00:04<00:55,  1.32it/s][A

eval:   9%|▉         | 7/80 [00:05<00:53,  1.36it/s][A

eval:  10%|█         | 8/80 [00:06<00:55,  1.29it/s][A

eval:  11%|█▏        | 9/80 [00:07<00:52,  1.35it/s][A

eval:  12%|█▎        | 10/80 [00:07<00:55,  1.26it/s][A

eval:  14%|█▍        | 11/80 [00:09<01:05,  1.05it/s][A

eval:  15%|█▌        | 12/80 [00:10<01:02,  1.09it/s][A

eval:  16%|█▋        | 13/80 [00:10<00:57,  1.16it/s][A

eval:  18%|█▊        | 14/80 [00:11<00:55,  1.18it/s][A

eval:  19%|█▉        | 15/80 [00:12<00:53,  1.22it/s][A

eval:  20%|██        | 16/80 [00:13<00:50,  1.28it/s][A

eval:  21%|██▏       | 17/80 [00:13<00:48,  1.30it/s][A

eval:  22%|██▎       | 18/80 [00:14<00:46,  1.35it/s][A

eval:  24%|██▍       | 19/80 [00:15<00:43,  1.40it/s][A

eval:  25%|██▌       | 20/80 [00:15<00:42,  1.42it/s][A

eval:  26%|██▋       | 21/80 [00:16<00:40,  1.44it/s][A

eval:  28%|██▊       | 22/80 [00:17<00:46,  1.24it/s][A

eval:  29%|██▉       | 23/80 [00:18<00:42,  1.34it/s][A

eval:  30%|███       | 24/80 [00:18<00:39,  1.42it/s][A

eval:  31%|███▏      | 25/80 [00:19<00:38,  1.42it/s][A

eval:  32%|███▎      | 26/80 [00:20<00:42,  1.27it/s][A

eval:  34%|███▍      | 27/80 [00:21<00:41,  1.26it/s][A

eval:  35%|███▌      | 28/80 [00:22<00:41,  1.27it/s][A

eval:  36%|███▋      | 29/80 [00:22<00:39,  1.28it/s][A

eval:  38%|███▊      | 30/80 [00:23<00:36,  1.37it/s][A

eval:  39%|███▉      | 31/80 [00:24<00:35,  1.39it/s][A

eval:  40%|████      | 32/80 [00:25<00:38,  1.25it/s][A

eval:  41%|████▏     | 33/80 [00:25<00:34,  1.34it/s][A

eval:  42%|████▎     | 34/80 [00:26<00:39,  1.18it/s][A

eval:  44%|████▍     | 35/80 [00:27<00:37,  1.20it/s][A

eval:  45%|████▌     | 36/80 [00:28<00:34,  1.26it/s][A

eval:  46%|████▋     | 37/80 [00:29<00:32,  1.33it/s][A

eval:  48%|████▊     | 38/80 [00:29<00:30,  1.37it/s][A

eval:  49%|████▉     | 39/80 [00:30<00:29,  1.39it/s][A

eval:  50%|█████     | 40/80 [00:31<00:29,  1.35it/s][A

eval:  51%|█████▏    | 41/80 [00:32<00:32,  1.19it/s][A

eval:  52%|█████▎    | 42/80 [00:32<00:31,  1.23it/s][A

eval:  54%|█████▍    | 43/80 [00:33<00:28,  1.29it/s][A

eval:  55%|█████▌    | 44/80 [00:34<00:28,  1.28it/s][A

eval:  56%|█████▋    | 45/80 [00:35<00:25,  1.38it/s][A

eval:  57%|█████▊    | 46/80 [00:35<00:24,  1.39it/s][A

eval:  59%|█████▉    | 47/80 [00:36<00:25,  1.32it/s][A

eval:  60%|██████    | 48/80 [00:37<00:24,  1.32it/s][A

eval:  61%|██████▏   | 49/80 [00:37<00:22,  1.41it/s][A

eval:  62%|██████▎   | 50/80 [00:38<00:21,  1.42it/s][A

eval:  64%|██████▍   | 51/80 [00:39<00:20,  1.44it/s][A

eval:  65%|██████▌   | 52/80 [00:40<00:21,  1.29it/s][A

eval:  66%|██████▋   | 53/80 [00:40<00:19,  1.38it/s][A

eval:  68%|██████▊   | 54/80 [00:41<00:19,  1.34it/s][A

eval:  69%|██████▉   | 55/80 [00:42<00:18,  1.34it/s][A

eval:  70%|███████   | 56/80 [00:43<00:18,  1.33it/s][A

eval:  71%|███████▏  | 57/80 [00:44<00:18,  1.25it/s][A

eval:  72%|███████▎  | 58/80 [00:44<00:17,  1.26it/s][A

eval:  74%|███████▍  | 59/80 [00:45<00:15,  1.36it/s][A

eval:  75%|███████▌  | 60/80 [00:46<00:14,  1.38it/s][A

eval:  76%|███████▋  | 61/80 [00:46<00:13,  1.40it/s][A

eval:  78%|███████▊  | 62/80 [00:47<00:12,  1.41it/s][A

eval:  79%|███████▉  | 63/80 [00:48<00:12,  1.36it/s][A

eval:  80%|████████  | 64/80 [00:49<00:12,  1.33it/s][A

eval:  81%|████████▏ | 65/80 [00:49<00:11,  1.31it/s][A

eval:  82%|████████▎ | 66/80 [00:50<00:11,  1.27it/s][A

eval:  84%|████████▍ | 67/80 [00:51<00:09,  1.33it/s][A

eval:  85%|████████▌ | 68/80 [00:52<00:09,  1.28it/s][A

eval:  86%|████████▋ | 69/80 [00:53<00:08,  1.26it/s][A

eval:  88%|████████▊ | 70/80 [00:53<00:07,  1.26it/s][A

eval:  89%|████████▉ | 71/80 [00:54<00:07,  1.25it/s][A

eval:  90%|█████████ | 72/80 [00:55<00:06,  1.19it/s][A

eval:  91%|█████████▏| 73/80 [00:56<00:05,  1.25it/s][A

eval:  92%|█████████▎| 74/80 [00:57<00:04,  1.31it/s][A

eval:  94%|█████████▍| 75/80 [00:57<00:03,  1.31it/s][A

eval:  95%|█████████▌| 76/80 [00:58<00:02,  1.36it/s][A

eval:  96%|█████████▋| 77/80 [00:59<00:02,  1.39it/s][A

eval:  98%|█████████▊| 78/80 [00:59<00:01,  1.47it/s][A

eval:  99%|█████████▉| 79/80 [01:00<00:00,  1.40it/s][A

eval: 100%|██████████| 80/80 [01:01<00:00,  1.43it/s][A

                                                     [A2026-05-11 12:40:06 | INFO | __main__ | eval.py:43 | [EVAL_SAMPLE] idx=0 pred=false gold=barely-true output=Label: B explain=Hartzler said, "We have less Americans working now than in the ‘70s." The statistics Hartzler’s staff said she cited show the employment-population ratio and labor force participation rate was indeed higher in 1979 than in 2015. However,... prompt=<|im_start|>system
You are a careful fact-checking assistant for LIAR-RAW claims. Classify claims using only the claim and retrieved evidence supplied by the user.<|im_end|>
<|im_start|>user
Classify the claim into exactly one LIAR-RAW l...
2026-05-11 12:40:06 | INFO | __main__ | eval.py:43 | [EVAL_SAMPLE] idx=0 pred=false gold=barely-true output=Label: B explain=Hartzler said, "We have less Americans working now than in the ‘70s." The statistics Hartzler’s staff said she cited show the employment-population ratio and labor force participation rate was indeed higher in 1979 than in 2015. However,... prompt=<|im_start|>system
You are a careful fact-checking assistant for LIAR-RAW claims. Classify claims using only the claim and retrieved evidence supplied by the user.<|im_end|>
<|im_start|>user
Classify the claim into exactly one LIAR-RAW l...
2026-05-11 12:40:06 | INFO | __main__ | eval.py:43 | [EVAL_SAMPLE] idx=1 pred=false gold=pants-fire output=Label: B explain=Ellison used a Koran that once belonged to Thomas Jefferson, borrowing the rare book from the Library of Congress. It goes without saying that Ellison is not Obama. UPDATE: Barack Obama resigned from Trinity United Church of Christ on Ma... prompt=<|im_start|>system
You are a careful fact-checking assistant for LIAR-RAW claims. Classify claims using only the claim and retrieved evidence supplied by the user.<|im_end|>
<|im_start|>user
Classify the claim into exactly one LIAR-RAW l...
2026-05-11 12:40:06 | INFO | __main__ | eval.py:43 | [EVAL_SAMPLE] idx=1 pred=false gold=pants-fire output=Label: B explain=Ellison used a Koran that once belonged to Thomas Jefferson, borrowing the rare book from the Library of Congress. It goes without saying that Ellison is not Obama. UPDATE: Barack Obama resigned from Trinity United Church of Christ on Ma... prompt=<|im_start|>system
You are a careful fact-checking assistant for LIAR-RAW claims. Classify claims using only the claim and retrieved evidence supplied by the user.<|im_end|>
<|im_start|>user
Classify the claim into exactly one LIAR-RAW l...
2026-05-11 12:40:06 | INFO | __main__ | eval.py:43 | [EVAL_SAMPLE] idx=2 pred=mostly-true gold=false output=Label: E explain=However, we have two professors who say the law is silent on political activity -- even if one of them sees an implicit prohibition -- and a plain reading of the law that states no explicit ban. Blumenauer said that "the statute a hundre... prompt=<|im_start|>system
You are a careful fact-checking assistant for LIAR-RAW claims. Classify claims using only the claim and retrieved evidence supplied by the user.<|im_end|>
<|im_start|>user
Classify the claim into exactly one LIAR-RAW l...
2026-05-11 12:40:06 | INFO | __main__ | trainer.py:556 | [eval] step=100 accuracy=0.2391 macro_precision=0.2556 macro_recall=0.2382 macro_f1=0.2181 parse_error_rate=0.0000
2026-05-11 12:40:06 | INFO | __main__ | trainer.py:556 | [eval] per_class:
2026-05-11 12:40:06 | INFO | __main__ | trainer.py:556 |   - barely-true: P=0.1831 R=0.2278 F1=0.2030
2026-05-11 12:40:06 | INFO | __main__ | trainer.py:556 |   - false: P=0.2519 R=0.5134 F1=0.3380
2026-05-11 12:40:06 | INFO | __main__ | trainer.py:556 |   - half-true: P=0.1739 R=0.0488 F1=0.0762
2026-05-11 12:40:06 | INFO | __main__ | trainer.py:556 |   - mostly-true: P=0.3291 R=0.1036 F1=0.1576
2026-05-11 12:40:06 | INFO | __main__ | trainer.py:556 |   - pants-fire: P=0.3594 R=0.1983 F1=0.2556
2026-05-11 12:40:06 | INFO | __main__ | trainer.py:556 |   - true: P=0.2365 R=0.3373 F1=0.2780

 16%|█▌        | 101/630 [08:49<3:43:35, 25.36s/it]
 16%|█▌        | 102/630 [08:54<2:50:06, 19.33s/it]
 16%|█▋        | 103/630 [08:58<2:10:06, 14.81s/it]
 17%|█▋        | 104/630 [09:02<1:41:38, 11.59s/it]
 17%|█▋        | 105/630 [09:07<1:22:00,  9.37s/it]
 17%|█▋        | 106/630 [09:10<1:06:43,  7.64s/it]
 17%|█▋        | 107/630 [09:18<1:05:49,  7.55s/it]
 17%|█▋        | 108/630 [09:23<59:22,  6.82s/it]  
 17%|█▋        | 109/630 [09:27<52:47,  6.08s/it]
 17%|█▋        | 110/630 [09:31<47:24,  5.47s/it]
 18%|█▊        | 111/630 [09:35<43:20,  5.01s/it]
 18%|█▊        | 112/630 [09:39<39:38,  4.59s/it]
 18%|█▊        | 113/630 [09:43<40:08,  4.66s/it]
 18%|█▊        | 114/630 [09:48<41:03,  4.78s/it]
 18%|█▊        | 115/630 [09:53<40:08,  4.68s/it]
 18%|█▊        | 116/630 [09:57<38:50,  4.53s/it]
 19%|█▊        | 117/630 [10:01<37:07,  4.34s/it]
 19%|█▊        | 118/630 [10:05<35:20,  4.14s/it]
 19%|█▉        | 119/630 [10:11<39:59,  4.70s/it]
 19%|█▉        | 120/630 [10:16<42:46,  5.03s/it]
 19%|█▉        | 121/630 [10:21<41:36,  4.90s/it]
 19%|█▉        | 122/630 [10:25<39:43,  4.69s/it]
 20%|█▉        | 123/630 [10:30<39:13,  4.64s/it]
 20%|█▉        | 124/630 [10:34<37:00,  4.39s/it]
 20%|█▉        | 125/630 [10:37<33:51,  4.02s/it]
 20%|██        | 126/630 [10:43<38:39,  4.60s/it]
 20%|██        | 127/630 [10:48<39:01,  4.66s/it]
 20%|██        | 128/630 [10:52<37:55,  4.53s/it]
 20%|██        | 129/630 [10:56<36:26,  4.36s/it]
 21%|██        | 130/630 [11:00<35:05,  4.21s/it]
 21%|██        | 131/630 [11:03<33:29,  4.03s/it]
 21%|██        | 132/630 [11:10<40:50,  4.92s/it]
 21%|██        | 133/630 [11:15<41:17,  4.99s/it]
 21%|██▏       | 134/630 [11:20<39:41,  4.80s/it]
 21%|██▏       | 135/630 [11:24<38:11,  4.63s/it]
 22%|██▏       | 136/630 [11:28<36:12,  4.40s/it]
 22%|██▏       | 137/630 [11:31<34:22,  4.18s/it]
 22%|██▏       | 138/630 [11:38<39:44,  4.85s/it]
 22%|██▏       | 139/630 [11:43<40:47,  4.99s/it]
 22%|██▏       | 140/630 [11:48<40:31,  4.96s/it]
 22%|██▏       | 141/630 [11:53<39:32,  4.85s/it]
 23%|██▎       | 142/630 [11:57<37:06,  4.56s/it]
 23%|██▎       | 143/630 [12:00<35:06,  4.33s/it]
 23%|██▎       | 144/630 [12:06<38:09,  4.71s/it]
 23%|██▎       | 145/630 [12:11<39:19,  4.86s/it]
 23%|██▎       | 146/630 [12:16<38:39,  4.79s/it]
 23%|██▎       | 147/630 [12:20<37:09,  4.62s/it]
 23%|██▎       | 148/630 [12:24<35:58,  4.48s/it]
 24%|██▎       | 149/630 [12:28<34:17,  4.28s/it]
 24%|██▍       | 150/630 [12:31<32:23,  4.05s/it]
 24%|██▍       | 151/630 [12:38<37:48,  4.74s/it]
 24%|██▍       | 152/630 [12:43<38:03,  4.78s/it]
 24%|██▍       | 153/630 [12:47<36:41,  4.62s/it]
 24%|██▍       | 154/630 [12:51<35:24,  4.46s/it]
 25%|██▍       | 155/630 [12:55<34:40,  4.38s/it]
 25%|██▍       | 156/630 [12:59<32:39,  4.13s/it]
 25%|██▍       | 157/630 [13:05<38:00,  4.82s/it]
 25%|██▌       | 158/630 [13:11<40:03,  5.09s/it]
 25%|██▌       | 159/630 [13:15<38:27,  4.90s/it]
 25%|██▌       | 160/630 [13:19<36:23,  4.65s/it]
 26%|██▌       | 161/630 [13:23<34:39,  4.43s/it]
 26%|██▌       | 162/630 [13:27<32:55,  4.22s/it]
 26%|██▌       | 163/630 [13:33<35:55,  4.61s/it]
 26%|██▌       | 164/630 [13:38<37:14,  4.80s/it]
 26%|██▌       | 165/630 [13:42<36:19,  4.69s/it]
 26%|██▋       | 166/630 [13:46<34:50,  4.51s/it]
 27%|██▋       | 167/630 [13:50<33:28,  4.34s/it]
 27%|██▋       | 168/630 [13:54<31:53,  4.14s/it]
 27%|██▋       | 169/630 [13:59<34:04,  4.43s/it]
 27%|██▋       | 170/630 [14:04<35:37,  4.65s/it]
 27%|██▋       | 171/630 [14:09<35:00,  4.58s/it]
 27%|██▋       | 172/630 [14:13<34:06,  4.47s/it]
 27%|██▋       | 173/630 [14:17<33:56,  4.46s/it]
 28%|██▊       | 174/630 [14:21<32:22,  4.26s/it]
 28%|██▊       | 175/630 [14:25<30:49,  4.06s/it]
 28%|██▊       | 176/630 [14:30<34:24,  4.55s/it]
 28%|██▊       | 177/630 [14:35<34:58,  4.63s/it]
 28%|██▊       | 178/630 [14:40<34:07,  4.53s/it]
 28%|██▊       | 179/630 [14:44<33:03,  4.40s/it]
 29%|██▊       | 180/630 [14:48<31:57,  4.26s/it]
 29%|██▊       | 181/630 [14:51<30:40,  4.10s/it]
 29%|██▉       | 182/630 [14:57<33:54,  4.54s/it]
 29%|██▉       | 183/630 [15:02<34:30,  4.63s/it]
 29%|██▉       | 184/630 [15:06<33:39,  4.53s/it]
 29%|██▉       | 185/630 [15:10<32:40,  4.41s/it]
 30%|██▉       | 186/630 [15:14<31:22,  4.24s/it]
 30%|██▉       | 187/630 [15:18<30:06,  4.08s/it]
 30%|██▉       | 188/630 [15:23<32:46,  4.45s/it]
 30%|███       | 189/630 [15:28<34:00,  4.63s/it]
 30%|███       | 190/630 [15:32<33:36,  4.58s/it]
 30%|███       | 191/630 [15:37<33:26,  4.57s/it]
 30%|███       | 192/630 [15:41<32:50,  4.50s/it]
 31%|███       | 193/630 [15:45<31:55,  4.38s/it]
 31%|███       | 194/630 [15:51<33:15,  4.58s/it]
 31%|███       | 195/630 [15:56<34:49,  4.80s/it]
 31%|███       | 196/630 [16:00<34:07,  4.72s/it]swanlab: [2026.05.11 12:47:34] network error, swanlab will resume uploads when the network improves

 31%|███▏      | 197/630 [16:05<32:56,  4.57s/it]
 31%|███▏      | 198/630 [16:09<31:42,  4.40s/it]
 32%|███▏      | 199/630 [16:12<30:18,  4.22s/it]
 32%|███▏      | 200/630 [16:16<28:51,  4.03s/it]

eval:   0%|          | 0/80 [00:00<?, ?it/s][A

eval:   1%|▏         | 1/80 [00:00<00:49,  1.60it/s][A

eval:   2%|▎         | 2/80 [00:01<00:55,  1.41it/s][A

eval:   4%|▍         | 3/80 [00:02<00:57,  1.34it/s][A

eval:   5%|▌         | 4/80 [00:02<00:58,  1.31it/s][A

eval:   6%|▋         | 5/80 [00:03<00:56,  1.32it/s][A

eval:   8%|▊         | 6/80 [00:04<00:54,  1.37it/s][A

eval:   9%|▉         | 7/80 [00:05<00:52,  1.39it/s][A

eval:  10%|█         | 8/80 [00:05<00:55,  1.31it/s][A

eval:  11%|█▏        | 9/80 [00:06<00:52,  1.36it/s][A

eval:  12%|█▎        | 10/80 [00:07<00:55,  1.27it/s][A

eval:  14%|█▍        | 11/80 [00:08<01:05,  1.06it/s][A

eval:  15%|█▌        | 12/80 [00:09<01:02,  1.10it/s][A

eval:  16%|█▋        | 13/80 [00:10<00:57,  1.16it/s][A

eval:  18%|█▊        | 14/80 [00:11<00:55,  1.19it/s][A

eval:  19%|█▉        | 15/80 [00:11<00:52,  1.23it/s][A

eval:  20%|██        | 16/80 [00:12<00:49,  1.28it/s][A

eval:  21%|██▏       | 17/80 [00:13<00:48,  1.30it/s][A

eval:  22%|██▎       | 18/80 [00:14<00:46,  1.35it/s][A

eval:  24%|██▍       | 19/80 [00:14<00:43,  1.40it/s][A

eval:  25%|██▌       | 20/80 [00:15<00:42,  1.42it/s][A

eval:  26%|██▋       | 21/80 [00:16<00:40,  1.45it/s][A

eval:  28%|██▊       | 22/80 [00:17<00:46,  1.24it/s][A

eval:  29%|██▉       | 23/80 [00:17<00:42,  1.34it/s][A

eval:  30%|███       | 24/80 [00:18<00:39,  1.41it/s][A

eval:  31%|███▏      | 25/80 [00:19<00:38,  1.42it/s][A

eval:  32%|███▎      | 26/80 [00:20<00:42,  1.27it/s][A

eval:  34%|███▍      | 27/80 [00:20<00:41,  1.27it/s][A

eval:  35%|███▌      | 28/80 [00:21<00:41,  1.27it/s][A

eval:  36%|███▋      | 29/80 [00:22<00:39,  1.28it/s][A

eval:  38%|███▊      | 30/80 [00:23<00:36,  1.37it/s][A

eval:  39%|███▉      | 31/80 [00:23<00:35,  1.38it/s][A

eval:  40%|████      | 32/80 [00:24<00:38,  1.25it/s][A

eval:  41%|████▏     | 33/80 [00:25<00:34,  1.35it/s][A

eval:  42%|████▎     | 34/80 [00:26<00:39,  1.17it/s][A

eval:  44%|████▍     | 35/80 [00:27<00:37,  1.20it/s][A

eval:  45%|████▌     | 36/80 [00:27<00:34,  1.26it/s][A

eval:  46%|████▋     | 37/80 [00:28<00:32,  1.33it/s][A

eval:  48%|████▊     | 38/80 [00:29<00:30,  1.37it/s][A

eval:  49%|████▉     | 39/80 [00:29<00:29,  1.39it/s][A

eval:  50%|█████     | 40/80 [00:30<00:29,  1.35it/s][A

eval:  51%|█████▏    | 41/80 [00:31<00:32,  1.19it/s][A

eval:  52%|█████▎    | 42/80 [00:32<00:31,  1.22it/s][A

eval:  54%|█████▍    | 43/80 [00:33<00:28,  1.29it/s][A

eval:  55%|█████▌    | 44/80 [00:34<00:28,  1.28it/s][A

eval:  56%|█████▋    | 45/80 [00:34<00:25,  1.38it/s][A

eval:  57%|█████▊    | 46/80 [00:35<00:24,  1.40it/s][A

eval:  59%|█████▉    | 47/80 [00:36<00:24,  1.32it/s][A

eval:  60%|██████    | 48/80 [00:36<00:24,  1.33it/s][A

eval:  61%|██████▏   | 49/80 [00:37<00:22,  1.41it/s][A

eval:  62%|██████▎   | 50/80 [00:38<00:21,  1.42it/s][A

eval:  64%|██████▍   | 51/80 [00:38<00:20,  1.44it/s][A

eval:  65%|██████▌   | 52/80 [00:39<00:21,  1.29it/s][A

eval:  66%|██████▋   | 53/80 [00:40<00:19,  1.38it/s][A

eval:  68%|██████▊   | 54/80 [00:41<00:19,  1.34it/s][A

eval:  69%|██████▉   | 55/80 [00:42<00:18,  1.34it/s][A

eval:  70%|███████   | 56/80 [00:42<00:18,  1.33it/s][A

eval:  71%|███████▏  | 57/80 [00:43<00:18,  1.25it/s][A

eval:  72%|███████▎  | 58/80 [00:44<00:17,  1.26it/s][A

eval:  74%|███████▍  | 59/80 [00:45<00:15,  1.37it/s][A

eval:  75%|███████▌  | 60/80 [00:45<00:14,  1.39it/s][A

eval:  76%|███████▋  | 61/80 [00:46<00:13,  1.41it/s][A

eval:  78%|███████▊  | 62/80 [00:47<00:12,  1.42it/s][A

eval:  79%|███████▉  | 63/80 [00:47<00:12,  1.36it/s][A

eval:  80%|████████  | 64/80 [00:48<00:11,  1.33it/s][A

eval:  81%|████████▏ | 65/80 [00:49<00:11,  1.31it/s][A

eval:  82%|████████▎ | 66/80 [00:50<00:10,  1.27it/s][A

eval:  84%|████████▍ | 67/80 [00:51<00:09,  1.33it/s][A

eval:  85%|████████▌ | 68/80 [00:51<00:09,  1.28it/s][A

eval:  86%|████████▋ | 69/80 [00:52<00:08,  1.26it/s][A

eval:  88%|████████▊ | 70/80 [00:53<00:07,  1.26it/s][A

eval:  89%|████████▉ | 71/80 [00:54<00:07,  1.25it/s][A

eval:  90%|█████████ | 72/80 [00:55<00:06,  1.19it/s][A

eval:  91%|█████████▏| 73/80 [00:55<00:05,  1.25it/s][A

eval:  92%|█████████▎| 74/80 [00:56<00:04,  1.31it/s][A

eval:  94%|█████████▍| 75/80 [00:57<00:03,  1.31it/s][A

eval:  95%|█████████▌| 76/80 [00:58<00:02,  1.35it/s][A

eval:  96%|█████████▋| 77/80 [00:58<00:02,  1.39it/s][A

eval:  98%|█████████▊| 78/80 [00:59<00:01,  1.46it/s][A

eval:  99%|█████████▉| 79/80 [01:00<00:00,  1.39it/s][A

eval: 100%|██████████| 80/80 [01:00<00:00,  1.42it/s][A

                                                     [A2026-05-11 12:48:47 | INFO | __main__ | eval.py:43 | [EVAL_SAMPLE] idx=0 pred=false gold=barely-true output=Label: B explain=Hartzler said, "We have less Americans working now than in the ‘70s." The statistics Hartzler’s staff said she cited show the employment-population ratio and labor force participation rate was indeed higher in 1979 than in 2015. However,... prompt=<|im_start|>system
You are a careful fact-checking assistant for LIAR-RAW claims. Classify claims using only the claim and retrieved evidence supplied by the user.<|im_end|>
<|im_start|>user
Classify the claim into exactly one LIAR-RAW l...
2026-05-11 12:48:47 | INFO | __main__ | eval.py:43 | [EVAL_SAMPLE] idx=0 pred=false gold=barely-true output=Label: B explain=Hartzler said, "We have less Americans working now than in the ‘70s." The statistics Hartzler’s staff said she cited show the employment-population ratio and labor force participation rate was indeed higher in 1979 than in 2015. However,... prompt=<|im_start|>system
You are a careful fact-checking assistant for LIAR-RAW claims. Classify claims using only the claim and retrieved evidence supplied by the user.<|im_end|>
<|im_start|>user
Classify the claim into exactly one LIAR-RAW l...
2026-05-11 12:48:47 | INFO | __main__ | eval.py:43 | [EVAL_SAMPLE] idx=1 pred=false gold=pants-fire output=Label: B explain=Ellison used a Koran that once belonged to Thomas Jefferson, borrowing the rare book from the Library of Congress. It goes without saying that Ellison is not Obama. UPDATE: Barack Obama resigned from Trinity United Church of Christ on Ma... prompt=<|im_start|>system
You are a careful fact-checking assistant for LIAR-RAW claims. Classify claims using only the claim and retrieved evidence supplied by the user.<|im_end|>
<|im_start|>user
Classify the claim into exactly one LIAR-RAW l...
2026-05-11 12:48:47 | INFO | __main__ | eval.py:43 | [EVAL_SAMPLE] idx=1 pred=false gold=pants-fire output=Label: B explain=Ellison used a Koran that once belonged to Thomas Jefferson, borrowing the rare book from the Library of Congress. It goes without saying that Ellison is not Obama. UPDATE: Barack Obama resigned from Trinity United Church of Christ on Ma... prompt=<|im_start|>system
You are a careful fact-checking assistant for LIAR-RAW claims. Classify claims using only the claim and retrieved evidence supplied by the user.<|im_end|>
<|im_start|>user
Classify the claim into exactly one LIAR-RAW l...
2026-05-11 12:48:47 | INFO | __main__ | eval.py:43 | [EVAL_SAMPLE] idx=2 pred=barely-true gold=false output=Label: C explain=However, we have two professors who say the law is silent on political activity -- even if one of them sees an implicit prohibition -- and a plain reading of the law that states no explicit ban. Blumenauer said that "the statute a hundre... prompt=<|im_start|>system
You are a careful fact-checking assistant for LIAR-RAW claims. Classify claims using only the claim and retrieved evidence supplied by the user.<|im_end|>
<|im_start|>user
Classify the claim into exactly one LIAR-RAW l...
2026-05-11 12:48:47 | INFO | __main__ | trainer.py:556 | [eval] step=200 accuracy=0.2734 macro_precision=0.2964 macro_recall=0.2833 macro_f1=0.2606 parse_error_rate=0.0000
2026-05-11 12:48:47 | INFO | __main__ | trainer.py:556 | [eval] per_class:
2026-05-11 12:48:47 | INFO | __main__ | trainer.py:556 |   - barely-true: P=0.2257 R=0.4219 F1=0.2941
2026-05-11 12:48:47 | INFO | __main__ | trainer.py:556 |   - false: P=0.2806 R=0.3333 F1=0.3047
2026-05-11 12:48:47 | INFO | __main__ | trainer.py:556 |   - half-true: P=0.3437 R=0.0447 F1=0.0791
2026-05-11 12:48:47 | INFO | __main__ | trainer.py:556 |   - mostly-true: P=0.3701 R=0.2271 F1=0.2815
2026-05-11 12:48:47 | INFO | __main__ | trainer.py:556 |   - pants-fire: P=0.2370 R=0.3534 F1=0.2837
2026-05-11 12:48:47 | INFO | __main__ | trainer.py:556 |   - true: P=0.3214 R=0.3195 F1=0.3205

 32%|███▏      | 201/630 [17:30<2:59:33, 25.11s/it]
 32%|███▏      | 202/630 [17:35<2:15:56, 19.06s/it]
 32%|███▏      | 203/630 [17:39<1:43:59, 14.61s/it]
 32%|███▏      | 204/630 [17:44<1:21:19, 11.45s/it]
 33%|███▎      | 205/630 [17:47<1:04:59,  9.17s/it]
 33%|███▎      | 206/630 [17:51<52:58,  7.50s/it]  
 33%|███▎      | 207/630 [17:56<48:31,  6.88s/it]
 33%|███▎      | 208/630 [18:01<44:00,  6.26s/it]
 33%|███▎      | 209/630 [18:06<41:15,  5.88s/it]
 33%|███▎      | 210/630 [18:11<38:04,  5.44s/it]
 33%|███▎      | 211/630 [18:15<34:55,  5.00s/it]
 34%|███▎      | 212/630 [18:18<32:11,  4.62s/it]
 34%|███▍      | 213/630 [18:23<33:07,  4.77s/it]
 34%|███▍      | 214/630 [18:29<33:57,  4.90s/it]
 34%|███▍      | 215/630 [18:33<33:24,  4.83s/it]
 34%|███▍      | 216/630 [18:38<32:04,  4.65s/it]
 34%|███▍      | 217/630 [18:42<30:34,  4.44s/it]
 35%|███▍      | 218/630 [18:45<29:03,  4.23s/it]
 35%|███▍      | 219/630 [18:50<30:15,  4.42s/it]
 35%|███▍      | 220/630 [18:55<31:59,  4.68s/it]
 35%|███▌      | 221/630 [19:00<31:51,  4.67s/it]
 35%|███▌      | 222/630 [19:04<30:55,  4.55s/it]
 35%|███▌      | 223/630 [19:08<29:45,  4.39s/it]
 36%|███▌      | 224/630 [19:12<28:25,  4.20s/it]
 36%|███▌      | 225/630 [19:15<26:43,  3.96s/it]
 36%|███▌      | 226/630 [19:22<31:20,  4.66s/it]
 36%|███▌      | 227/630 [19:27<32:57,  4.91s/it]
 36%|███▌      | 228/630 [19:32<31:37,  4.72s/it]
 36%|███▋      | 229/630 [19:36<30:31,  4.57s/it]
 37%|███▋      | 230/630 [19:40<29:05,  4.36s/it]
 37%|███▋      | 231/630 [19:43<27:41,  4.17s/it]
 37%|███▋      | 232/630 [19:51<34:15,  5.16s/it]
 37%|███▋      | 233/630 [19:56<34:08,  5.16s/it]
 37%|███▋      | 234/630 [20:00<32:17,  4.89s/it]
 37%|███▋      | 235/630 [20:04<30:37,  4.65s/it]
 37%|███▋      | 236/630 [20:08<28:59,  4.41s/it]
 38%|███▊      | 237/630 [20:12<27:25,  4.19s/it]
 38%|███▊      | 238/630 [20:17<28:32,  4.37s/it]
 38%|███▊      | 239/630 [20:22<30:00,  4.61s/it]
 38%|███▊      | 240/630 [20:26<29:48,  4.59s/it]
 38%|███▊      | 241/630 [20:31<29:03,  4.48s/it]
 38%|███▊      | 242/630 [20:35<28:02,  4.34s/it]
 39%|███▊      | 243/630 [20:38<26:49,  4.16s/it]
 39%|███▊      | 244/630 [20:45<32:16,  5.02s/it]
 39%|███▉      | 245/630 [20:51<33:42,  5.25s/it]
 39%|███▉      | 246/630 [20:56<32:22,  5.06s/it]
 39%|███▉      | 247/630 [21:00<30:39,  4.80s/it]
 39%|███▉      | 248/630 [21:04<29:09,  4.58s/it]
 40%|███▉      | 249/630 [21:08<27:41,  4.36s/it]
 40%|███▉      | 250/630 [21:11<25:55,  4.09s/it]
 40%|███▉      | 251/630 [21:17<29:15,  4.63s/it]
 40%|████      | 252/630 [21:22<29:10,  4.63s/it]
 40%|████      | 253/630 [21:26<28:20,  4.51s/it]
 40%|████      | 254/630 [21:30<27:15,  4.35s/it]
 40%|████      | 255/630 [21:34<26:16,  4.20s/it]
 41%|████      | 256/630 [21:37<24:52,  3.99s/it]
 41%|████      | 257/630 [21:44<29:43,  4.78s/it]
 41%|████      | 258/630 [21:49<30:29,  4.92s/it]
 41%|████      | 259/630 [21:54<29:29,  4.77s/it]
 41%|████▏     | 260/630 [21:58<28:16,  4.59s/it]
 41%|████▏     | 261/630 [22:02<27:53,  4.53s/it]
 42%|████▏     | 262/630 [22:06<26:58,  4.40s/it]
 42%|████▏     | 263/630 [22:12<29:23,  4.80s/it]
 42%|████▏     | 264/630 [22:17<29:44,  4.88s/it]
 42%|████▏     | 265/630 [22:22<28:52,  4.75s/it]
 42%|████▏     | 266/630 [22:26<27:47,  4.58s/it]
 42%|████▏     | 267/630 [22:30<26:35,  4.39s/it]
 43%|████▎     | 268/630 [22:33<25:15,  4.19s/it]
 43%|████▎     | 269/630 [22:39<27:19,  4.54s/it]
 43%|████▎     | 270/630 [22:44<28:40,  4.78s/it]
 43%|████▎     | 271/630 [22:49<28:08,  4.70s/it]
 43%|████▎     | 272/630 [22:53<27:03,  4.54s/it]
 43%|████▎     | 273/630 [22:57<25:50,  4.34s/it]
 43%|████▎     | 274/630 [23:00<24:42,  4.16s/it]
 44%|████▎     | 275/630 [23:04<23:22,  3.95s/it]
 44%|████▍     | 276/630 [23:10<27:20,  4.63s/it]
 44%|████▍     | 277/630 [23:15<27:45,  4.72s/it]
 44%|████▍     | 278/630 [23:19<26:55,  4.59s/it]
 44%|████▍     | 279/630 [23:24<26:30,  4.53s/it]
 44%|████▍     | 280/630 [23:28<25:49,  4.43s/it]
 45%|████▍     | 281/630 [23:32<24:43,  4.25s/it]
 45%|████▍     | 282/630 [23:38<28:03,  4.84s/it]
 45%|████▍     | 283/630 [23:43<28:11,  4.87s/it]
 45%|████▌     | 284/630 [23:47<27:22,  4.75s/it]
 45%|████▌     | 285/630 [23:52<26:13,  4.56s/it]
 45%|████▌     | 286/630 [23:55<25:05,  4.38s/it]
 46%|████▌     | 287/630 [23:59<23:45,  4.16s/it]
 46%|████▌     | 288/630 [24:05<26:26,  4.64s/it]
 46%|████▌     | 289/630 [24:10<27:21,  4.82s/it]
 46%|████▌     | 290/630 [24:15<26:35,  4.69s/it]
 46%|████▌     | 291/630 [24:19<25:37,  4.53s/it]
 46%|████▋     | 292/630 [24:23<24:36,  4.37s/it]
 47%|████▋     | 293/630 [24:26<23:31,  4.19s/it]
 47%|████▋     | 294/630 [24:32<25:58,  4.64s/it]
 47%|████▋     | 295/630 [24:38<27:26,  4.91s/it]
 47%|████▋     | 296/630 [24:43<27:38,  4.97s/it]
 47%|████▋     | 297/630 [24:47<26:27,  4.77s/it]
 47%|████▋     | 298/630 [24:51<25:30,  4.61s/it]
 47%|████▋     | 299/630 [24:55<24:38,  4.47s/it]
 48%|████▊     | 300/630 [24:59<22:37,  4.11s/it]

eval:   0%|          | 0/80 [00:00<?, ?it/s][A

eval:   1%|▏         | 1/80 [00:00<00:50,  1.56it/s][A

eval:   2%|▎         | 2/80 [00:01<00:55,  1.40it/s][A

eval:   4%|▍         | 3/80 [00:02<00:57,  1.33it/s][A

eval:   5%|▌         | 4/80 [00:02<00:58,  1.30it/s][A

eval:   6%|▋         | 5/80 [00:03<00:57,  1.31it/s][A

eval:   8%|▊         | 6/80 [00:04<00:54,  1.36it/s][A

eval:   9%|▉         | 7/80 [00:05<00:52,  1.39it/s][A

eval:  10%|█         | 8/80 [00:05<00:55,  1.31it/s][A

eval:  11%|█▏        | 9/80 [00:06<00:52,  1.36it/s][A

eval:  12%|█▎        | 10/80 [00:07<00:55,  1.27it/s][A

eval:  14%|█▍        | 11/80 [00:08<01:05,  1.06it/s][A

eval:  15%|█▌        | 12/80 [00:09<01:01,  1.10it/s][A

eval:  16%|█▋        | 13/80 [00:10<00:57,  1.16it/s][A

eval:  18%|█▊        | 14/80 [00:11<00:55,  1.19it/s][A

eval:  19%|█▉        | 15/80 [00:11<00:52,  1.23it/s][A

eval:  20%|██        | 16/80 [00:12<00:49,  1.29it/s][A

eval:  21%|██▏       | 17/80 [00:13<00:48,  1.30it/s][A

eval:  22%|██▎       | 18/80 [00:14<00:45,  1.35it/s][A

eval:  24%|██▍       | 19/80 [00:14<00:43,  1.40it/s][A

eval:  25%|██▌       | 20/80 [00:15<00:42,  1.42it/s][A

eval:  26%|██▋       | 21/80 [00:16<00:40,  1.44it/s][A

eval:  28%|██▊       | 22/80 [00:17<00:46,  1.24it/s][A

eval:  29%|██▉       | 23/80 [00:17<00:42,  1.34it/s][A

eval:  30%|███       | 24/80 [00:18<00:39,  1.42it/s][A

eval:  31%|███▏      | 25/80 [00:19<00:38,  1.42it/s][A

eval:  32%|███▎      | 26/80 [00:20<00:42,  1.27it/s][A

eval:  34%|███▍      | 27/80 [00:20<00:41,  1.27it/s][A

eval:  35%|███▌      | 28/80 [00:21<00:41,  1.26it/s][A

eval:  36%|███▋      | 29/80 [00:22<00:40,  1.27it/s][A

eval:  38%|███▊      | 30/80 [00:23<00:36,  1.37it/s][A

eval:  39%|███▉      | 31/80 [00:23<00:35,  1.38it/s][A

eval:  40%|████      | 32/80 [00:24<00:38,  1.25it/s][A

eval:  41%|████▏     | 33/80 [00:25<00:34,  1.35it/s][A

eval:  42%|████▎     | 34/80 [00:26<00:39,  1.18it/s][A

eval:  44%|████▍     | 35/80 [00:27<00:37,  1.20it/s][A

eval:  45%|████▌     | 36/80 [00:27<00:34,  1.26it/s][A

eval:  46%|████▋     | 37/80 [00:28<00:32,  1.32it/s][A

eval:  48%|████▊     | 38/80 [00:29<00:30,  1.37it/s][A

eval:  49%|████▉     | 39/80 [00:29<00:29,  1.39it/s][A

eval:  50%|█████     | 40/80 [00:30<00:29,  1.35it/s][A

eval:  51%|█████▏    | 41/80 [00:31<00:32,  1.19it/s][A

eval:  52%|█████▎    | 42/80 [00:32<00:31,  1.22it/s][A

eval:  54%|█████▍    | 43/80 [00:33<00:28,  1.29it/s][A

eval:  55%|█████▌    | 44/80 [00:34<00:28,  1.28it/s][A

eval:  56%|█████▋    | 45/80 [00:34<00:25,  1.38it/s][A

eval:  57%|█████▊    | 46/80 [00:35<00:24,  1.40it/s][A

eval:  59%|█████▉    | 47/80 [00:36<00:25,  1.32it/s][A

eval:  60%|██████    | 48/80 [00:36<00:24,  1.33it/s][A

eval:  61%|██████▏   | 49/80 [00:37<00:22,  1.41it/s][A

eval:  62%|██████▎   | 50/80 [00:38<00:21,  1.42it/s][A

eval:  64%|██████▍   | 51/80 [00:38<00:20,  1.44it/s][A

eval:  65%|██████▌   | 52/80 [00:39<00:21,  1.29it/s][A

eval:  66%|██████▋   | 53/80 [00:40<00:19,  1.37it/s][A

eval:  68%|██████▊   | 54/80 [00:41<00:19,  1.34it/s][A

eval:  69%|██████▉   | 55/80 [00:42<00:18,  1.33it/s][A

eval:  70%|███████   | 56/80 [00:42<00:18,  1.32it/s][A

eval:  71%|███████▏  | 57/80 [00:43<00:18,  1.25it/s][A

eval:  72%|███████▎  | 58/80 [00:44<00:17,  1.27it/s][A

eval:  74%|███████▍  | 59/80 [00:45<00:15,  1.37it/s][A

eval:  75%|███████▌  | 60/80 [00:45<00:14,  1.39it/s][A

eval:  76%|███████▋  | 61/80 [00:46<00:13,  1.41it/s][A

eval:  78%|███████▊  | 62/80 [00:47<00:12,  1.42it/s][A

eval:  79%|███████▉  | 63/80 [00:47<00:12,  1.36it/s][A

eval:  80%|████████  | 64/80 [00:48<00:11,  1.33it/s][A

eval:  81%|████████▏ | 65/80 [00:49<00:11,  1.31it/s][A

eval:  82%|████████▎ | 66/80 [00:50<00:10,  1.27it/s][A

eval:  84%|████████▍ | 67/80 [00:51<00:09,  1.33it/s][A

eval:  85%|████████▌ | 68/80 [00:51<00:09,  1.28it/s][A

eval:  86%|████████▋ | 69/80 [00:52<00:08,  1.26it/s][A

eval:  88%|████████▊ | 70/80 [00:53<00:07,  1.26it/s][A

eval:  89%|████████▉ | 71/80 [00:54<00:07,  1.25it/s][A

eval:  90%|█████████ | 72/80 [00:55<00:06,  1.19it/s][A

eval:  91%|█████████▏| 73/80 [00:55<00:05,  1.25it/s][A

eval:  92%|█████████▎| 74/80 [00:56<00:04,  1.31it/s][A

eval:  94%|█████████▍| 75/80 [00:57<00:03,  1.31it/s][A

eval:  95%|█████████▌| 76/80 [00:58<00:02,  1.36it/s][A

eval:  96%|█████████▋| 77/80 [00:58<00:02,  1.39it/s][A

eval:  98%|█████████▊| 78/80 [00:59<00:01,  1.47it/s][A

eval:  99%|█████████▉| 79/80 [01:00<00:00,  1.40it/s][A

eval: 100%|██████████| 80/80 [01:00<00:00,  1.43it/s][A

                                                     [A2026-05-11 12:57:30 | INFO | __main__ | eval.py:43 | [EVAL_SAMPLE] idx=0 pred=false gold=barely-true output=Label: B explain=Hartzler said, "We have less Americans working now than in the ‘70s." The statistics Hartzler’s staff said she cited show the employment-population ratio and labor force participation rate was indeed higher in 1979 than in 2015. However,... prompt=<|im_start|>system
You are a careful fact-checking assistant for LIAR-RAW claims. Classify claims using only the claim and retrieved evidence supplied by the user.<|im_end|>
<|im_start|>user
Classify the claim into exactly one LIAR-RAW l...
2026-05-11 12:57:30 | INFO | __main__ | eval.py:43 | [EVAL_SAMPLE] idx=0 pred=false gold=barely-true output=Label: B explain=Hartzler said, "We have less Americans working now than in the ‘70s." The statistics Hartzler’s staff said she cited show the employment-population ratio and labor force participation rate was indeed higher in 1979 than in 2015. However,... prompt=<|im_start|>system
You are a careful fact-checking assistant for LIAR-RAW claims. Classify claims using only the claim and retrieved evidence supplied by the user.<|im_end|>
<|im_start|>user
Classify the claim into exactly one LIAR-RAW l...
2026-05-11 12:57:30 | INFO | __main__ | eval.py:43 | [EVAL_SAMPLE] idx=1 pred=false gold=pants-fire output=Label: B explain=Ellison used a Koran that once belonged to Thomas Jefferson, borrowing the rare book from the Library of Congress. It goes without saying that Ellison is not Obama. UPDATE: Barack Obama resigned from Trinity United Church of Christ on Ma... prompt=<|im_start|>system
You are a careful fact-checking assistant for LIAR-RAW claims. Classify claims using only the claim and retrieved evidence supplied by the user.<|im_end|>
<|im_start|>user
Classify the claim into exactly one LIAR-RAW l...
2026-05-11 12:57:30 | INFO | __main__ | eval.py:43 | [EVAL_SAMPLE] idx=1 pred=false gold=pants-fire output=Label: B explain=Ellison used a Koran that once belonged to Thomas Jefferson, borrowing the rare book from the Library of Congress. It goes without saying that Ellison is not Obama. UPDATE: Barack Obama resigned from Trinity United Church of Christ on Ma... prompt=<|im_start|>system
You are a careful fact-checking assistant for LIAR-RAW claims. Classify claims using only the claim and retrieved evidence supplied by the user.<|im_end|>
<|im_start|>user
Classify the claim into exactly one LIAR-RAW l...
2026-05-11 12:57:30 | INFO | __main__ | eval.py:43 | [EVAL_SAMPLE] idx=2 pred=barely-true gold=false output=Label: C explain=However, we have two professors who say the law is silent on political activity -- even if one of them sees an implicit prohibition -- and a plain reading of the law that states no explicit ban. Blumenauer said that "the statute a hundre... prompt=<|im_start|>system
You are a careful fact-checking assistant for LIAR-RAW claims. Classify claims using only the claim and retrieved evidence supplied by the user.<|im_end|>
<|im_start|>user
Classify the claim into exactly one LIAR-RAW l...
2026-05-11 12:57:30 | INFO | __main__ | trainer.py:556 | [eval] step=300 accuracy=0.2516 macro_precision=0.2629 macro_recall=0.2650 macro_f1=0.2440 parse_error_rate=0.0000
2026-05-11 12:57:30 | INFO | __main__ | trainer.py:556 | [eval] per_class:
2026-05-11 12:57:30 | INFO | __main__ | trainer.py:556 |   - barely-true: P=0.2147 R=0.3333 F1=0.2612
2026-05-11 12:57:30 | INFO | __main__ | trainer.py:556 |   - false: P=0.2606 R=0.3525 F1=0.2997
2026-05-11 12:57:30 | INFO | __main__ | trainer.py:556 |   - half-true: P=0.2521 R=0.1220 F1=0.1644
2026-05-11 12:57:30 | INFO | __main__ | trainer.py:556 |   - mostly-true: P=0.3194 R=0.0916 F1=0.1424
2026-05-11 12:57:30 | INFO | __main__ | trainer.py:556 |   - pants-fire: P=0.2303 R=0.3534 F1=0.2789
2026-05-11 12:57:30 | INFO | __main__ | trainer.py:556 |   - true: P=0.3000 R=0.3373 F1=0.3175

 48%|████▊     | 301/630 [26:10<2:12:16, 24.12s/it]
 48%|████▊     | 302/630 [26:14<1:40:26, 18.37s/it]
 48%|████▊     | 303/630 [26:19<1:17:21, 14.19s/it]
 48%|████▊     | 304/630 [26:23<1:00:41, 11.17s/it]
 48%|████▊     | 305/630 [26:27<48:38,  8.98s/it]  
 49%|████▊     | 306/630 [26:31<39:47,  7.37s/it]
 49%|████▊     | 307/630 [26:38<39:26,  7.33s/it]
 49%|████▉     | 308/630 [26:43<36:02,  6.72s/it]
 49%|████▉     | 309/630 [26:48<32:36,  6.10s/it]
 49%|████▉     | 310/630 [26:52<29:34,  5.54s/it]
 49%|████▉     | 311/630 [26:56<26:54,  5.06s/it]
 50%|████▉     | 312/630 [27:00<24:44,  4.67s/it]
 50%|████▉     | 313/630 [27:05<26:08,  4.95s/it]
 50%|████▉     | 314/630 [27:10<25:56,  4.93s/it]
 50%|█████     | 315/630 [27:12<21:36,  4.12s/it]
 50%|█████     | 316/630 [27:20<27:40,  5.29s/it]
 50%|█████     | 317/630 [27:25<27:15,  5.22s/it]
 50%|█████     | 318/630 [27:30<25:40,  4.94s/it]
 51%|█████     | 319/630 [27:34<24:12,  4.67s/it]
 51%|█████     | 320/630 [27:38<22:48,  4.42s/it]
 51%|█████     | 321/630 [27:41<21:18,  4.14s/it]
 51%|█████     | 322/630 [27:47<24:03,  4.69s/it]
 51%|█████▏    | 323/630 [27:52<24:17,  4.75s/it]
 51%|█████▏    | 324/630 [27:56<23:26,  4.60s/it]
 52%|█████▏    | 325/630 [28:00<22:38,  4.45s/it]
 52%|█████▏    | 326/630 [28:04<21:40,  4.28s/it]
 52%|█████▏    | 327/630 [28:08<20:46,  4.11s/it]
 52%|█████▏    | 328/630 [28:14<23:49,  4.73s/it]
 52%|█████▏    | 329/630 [28:19<24:30,  4.89s/it]
 52%|█████▏    | 330/630 [28:24<23:52,  4.77s/it]
 53%|█████▎    | 331/630 [28:28<22:58,  4.61s/it]
 53%|█████▎    | 332/630 [28:32<22:32,  4.54s/it]
 53%|█████▎    | 333/630 [28:37<21:48,  4.40s/it]
 53%|█████▎    | 334/630 [28:42<23:31,  4.77s/it]
 53%|█████▎    | 335/630 [28:47<24:17,  4.94s/it]
 53%|█████▎    | 336/630 [28:52<23:41,  4.84s/it]
 53%|█████▎    | 337/630 [28:56<22:39,  4.64s/it]
 54%|█████▎    | 338/630 [29:00<21:46,  4.48s/it]
 54%|█████▍    | 339/630 [29:04<20:47,  4.29s/it]
 54%|█████▍    | 340/630 [29:08<19:19,  4.00s/it]
 54%|█████▍    | 341/630 [29:13<21:57,  4.56s/it]
 54%|█████▍    | 342/630 [29:18<22:05,  4.60s/it]
 54%|█████▍    | 343/630 [29:22<21:28,  4.49s/it]
 55%|█████▍    | 344/630 [29:26<20:43,  4.35s/it]
 55%|█████▍    | 345/630 [29:30<20:03,  4.22s/it]
 55%|█████▍    | 346/630 [29:34<19:09,  4.05s/it]
 55%|█████▌    | 347/630 [29:40<22:21,  4.74s/it]
 55%|█████▌    | 348/630 [29:45<22:40,  4.82s/it]
 55%|█████▌    | 349/630 [29:50<22:41,  4.85s/it]
 56%|█████▌    | 350/630 [29:54<21:44,  4.66s/it]
 56%|█████▌    | 351/630 [29:59<21:11,  4.56s/it]
 56%|█████▌    | 352/630 [30:03<20:31,  4.43s/it]
 56%|█████▌    | 353/630 [30:09<22:54,  4.96s/it]
 56%|█████▌    | 354/630 [30:14<23:15,  5.05s/it]
 56%|█████▋    | 355/630 [30:19<22:25,  4.89s/it]
 57%|█████▋    | 356/630 [30:23<21:23,  4.68s/it]
 57%|█████▋    | 357/630 [30:27<20:19,  4.47s/it]
 57%|█████▋    | 358/630 [30:31<19:19,  4.26s/it]
 57%|█████▋    | 359/630 [30:36<20:02,  4.44s/it]
 57%|█████▋    | 360/630 [30:41<20:56,  4.65s/it]
 57%|█████▋    | 361/630 [30:45<20:47,  4.64s/it]
 57%|█████▋    | 362/630 [30:50<20:11,  4.52s/it]
 58%|█████▊    | 363/630 [30:54<19:24,  4.36s/it]
 58%|█████▊    | 364/630 [30:57<18:37,  4.20s/it]
 58%|█████▊    | 365/630 [31:01<17:39,  4.00s/it]
 58%|█████▊    | 366/630 [31:06<19:25,  4.41s/it]
 58%|█████▊    | 367/630 [31:11<20:08,  4.59s/it]
 58%|█████▊    | 368/630 [31:16<19:39,  4.50s/it]
 59%|█████▊    | 369/630 [31:20<19:19,  4.44s/it]
 59%|█████▊    | 370/630 [31:24<18:58,  4.38s/it]
 59%|█████▉    | 371/630 [31:28<17:59,  4.17s/it]
 59%|█████▉    | 372/630 [31:34<20:49,  4.84s/it]
 59%|█████▉    | 373/630 [31:39<21:01,  4.91s/it]
 59%|█████▉    | 374/630 [31:44<20:15,  4.75s/it]
 60%|█████▉    | 375/630 [31:48<19:26,  4.58s/it]
 60%|█████▉    | 376/630 [31:52<18:33,  4.39s/it]
 60%|█████▉    | 377/630 [31:56<17:42,  4.20s/it]
 60%|██████    | 378/630 [32:02<20:46,  4.95s/it]
 60%|██████    | 379/630 [32:08<21:10,  5.06s/it]
 60%|██████    | 380/630 [32:12<20:32,  4.93s/it]
 60%|██████    | 381/630 [32:16<19:35,  4.72s/it]
 61%|██████    | 382/630 [32:20<18:31,  4.48s/it]
 61%|██████    | 383/630 [32:24<17:30,  4.25s/it]
 61%|██████    | 384/630 [32:30<19:41,  4.80s/it]
 61%|██████    | 385/630 [32:36<20:40,  5.06s/it]
 61%|██████▏   | 386/630 [32:41<20:10,  4.96s/it]
 61%|██████▏   | 387/630 [32:45<19:11,  4.74s/it]
 62%|██████▏   | 388/630 [32:49<18:46,  4.65s/it]
 62%|██████▏   | 389/630 [32:53<17:35,  4.38s/it]
 62%|██████▏   | 390/630 [32:56<15:52,  3.97s/it]
 62%|██████▏   | 391/630 [33:02<17:50,  4.48s/it]
 62%|██████▏   | 392/630 [33:06<18:04,  4.56s/it]
 62%|██████▏   | 393/630 [33:11<17:38,  4.47s/it]
 63%|██████▎   | 394/630 [33:15<17:05,  4.34s/it]
 63%|██████▎   | 395/630 [33:19<16:27,  4.20s/it]
 63%|██████▎   | 396/630 [33:22<15:48,  4.05s/it]
 63%|██████▎   | 397/630 [33:28<17:30,  4.51s/it]
 63%|██████▎   | 398/630 [33:33<17:55,  4.63s/it]
 63%|██████▎   | 399/630 [33:37<17:35,  4.57s/it]
 63%|██████▎   | 400/630 [33:41<17:00,  4.44s/it]

eval:   0%|          | 0/80 [00:00<?, ?it/s][A

eval:   1%|▏         | 1/80 [00:00<00:49,  1.59it/s][A

eval:   2%|▎         | 2/80 [00:01<00:55,  1.42it/s][A

eval:   4%|▍         | 3/80 [00:02<00:57,  1.35it/s][A

eval:   5%|▌         | 4/80 [00:02<00:58,  1.31it/s][A

eval:   6%|▋         | 5/80 [00:03<00:57,  1.31it/s][A

eval:   8%|▊         | 6/80 [00:04<00:54,  1.37it/s][A

eval:   9%|▉         | 7/80 [00:05<00:52,  1.39it/s][A

eval:  10%|█         | 8/80 [00:05<00:55,  1.31it/s][A

eval:  11%|█▏        | 9/80 [00:06<00:52,  1.36it/s][A

eval:  12%|█▎        | 10/80 [00:07<00:55,  1.27it/s][A

eval:  14%|█▍        | 11/80 [00:08<01:05,  1.06it/s][A

eval:  15%|█▌        | 12/80 [00:09<01:02,  1.09it/s][A

eval:  16%|█▋        | 13/80 [00:10<00:57,  1.16it/s][A

eval:  18%|█▊        | 14/80 [00:11<00:55,  1.18it/s][A

eval:  19%|█▉        | 15/80 [00:11<00:53,  1.22it/s][A

eval:  20%|██        | 16/80 [00:12<00:50,  1.28it/s][A

eval:  21%|██▏       | 17/80 [00:13<00:48,  1.30it/s][A

eval:  22%|██▎       | 18/80 [00:14<00:46,  1.34it/s][A

eval:  24%|██▍       | 19/80 [00:14<00:43,  1.39it/s][A

eval:  25%|██▌       | 20/80 [00:15<00:42,  1.42it/s][A

eval:  26%|██▋       | 21/80 [00:16<00:40,  1.44it/s][A

eval:  28%|██▊       | 22/80 [00:17<00:46,  1.24it/s][A

eval:  29%|██▉       | 23/80 [00:17<00:42,  1.34it/s][A

eval:  30%|███       | 24/80 [00:18<00:39,  1.42it/s][A

eval:  31%|███▏      | 25/80 [00:19<00:38,  1.42it/s][A

eval:  32%|███▎      | 26/80 [00:20<00:42,  1.27it/s][A

eval:  34%|███▍      | 27/80 [00:20<00:41,  1.27it/s][A

eval:  35%|███▌      | 28/80 [00:21<00:41,  1.27it/s][A

eval:  36%|███▋      | 29/80 [00:22<00:39,  1.28it/s][A

eval:  38%|███▊      | 30/80 [00:23<00:36,  1.37it/s][A

eval:  39%|███▉      | 31/80 [00:23<00:35,  1.38it/s][A

eval:  40%|████      | 32/80 [00:24<00:38,  1.25it/s][A

eval:  41%|████▏     | 33/80 [00:25<00:34,  1.35it/s][A

eval:  42%|████▎     | 34/80 [00:26<00:39,  1.18it/s][A

eval:  44%|████▍     | 35/80 [00:27<00:37,  1.20it/s][A

eval:  45%|████▌     | 36/80 [00:27<00:34,  1.27it/s][A

eval:  46%|████▋     | 37/80 [00:28<00:32,  1.33it/s][A

eval:  48%|████▊     | 38/80 [00:29<00:30,  1.37it/s][A

eval:  49%|████▉     | 39/80 [00:29<00:29,  1.39it/s][A

eval:  50%|█████     | 40/80 [00:30<00:29,  1.35it/s][A

eval:  51%|█████▏    | 41/80 [00:31<00:32,  1.19it/s][A

eval:  52%|█████▎    | 42/80 [00:32<00:31,  1.22it/s][A

eval:  54%|█████▍    | 43/80 [00:33<00:28,  1.29it/s][A

eval:  55%|█████▌    | 44/80 [00:34<00:28,  1.28it/s][A

eval:  56%|█████▋    | 45/80 [00:34<00:25,  1.37it/s][A

eval:  57%|█████▊    | 46/80 [00:35<00:24,  1.40it/s][A

eval:  59%|█████▉    | 47/80 [00:36<00:25,  1.32it/s][A

eval:  60%|██████    | 48/80 [00:36<00:24,  1.32it/s][A

eval:  61%|██████▏   | 49/80 [00:37<00:22,  1.40it/s][A

eval:  62%|██████▎   | 50/80 [00:38<00:21,  1.42it/s][A

eval:  64%|██████▍   | 51/80 [00:38<00:20,  1.44it/s][A

eval:  65%|██████▌   | 52/80 [00:39<00:21,  1.29it/s][A

eval:  66%|██████▋   | 53/80 [00:40<00:19,  1.38it/s][A

eval:  68%|██████▊   | 54/80 [00:41<00:19,  1.34it/s][A

eval:  69%|██████▉   | 55/80 [00:42<00:18,  1.34it/s][A

eval:  70%|███████   | 56/80 [00:42<00:18,  1.33it/s][A

eval:  71%|███████▏  | 57/80 [00:43<00:18,  1.25it/s][A

eval:  72%|███████▎  | 58/80 [00:44<00:17,  1.27it/s][A

eval:  74%|███████▍  | 59/80 [00:45<00:15,  1.37it/s][A

eval:  75%|███████▌  | 60/80 [00:45<00:14,  1.39it/s][A

eval:  76%|███████▋  | 61/80 [00:46<00:13,  1.41it/s][A

eval:  78%|███████▊  | 62/80 [00:47<00:12,  1.42it/s][A

eval:  79%|███████▉  | 63/80 [00:47<00:12,  1.36it/s][A

eval:  80%|████████  | 64/80 [00:48<00:11,  1.33it/s][A

eval:  81%|████████▏ | 65/80 [00:49<00:11,  1.31it/s][A

eval:  82%|████████▎ | 66/80 [00:50<00:10,  1.28it/s][A

eval:  84%|████████▍ | 67/80 [00:51<00:09,  1.33it/s][A

eval:  85%|████████▌ | 68/80 [00:51<00:09,  1.28it/s][A

eval:  86%|████████▋ | 69/80 [00:52<00:08,  1.26it/s][A

eval:  88%|████████▊ | 70/80 [00:53<00:07,  1.26it/s][A

eval:  89%|████████▉ | 71/80 [00:54<00:07,  1.25it/s][A

eval:  90%|█████████ | 72/80 [00:55<00:06,  1.19it/s][A

eval:  91%|█████████▏| 73/80 [00:55<00:05,  1.25it/s][A

eval:  92%|█████████▎| 74/80 [00:56<00:04,  1.31it/s][A

eval:  94%|█████████▍| 75/80 [00:57<00:03,  1.31it/s][A

eval:  95%|█████████▌| 76/80 [00:58<00:02,  1.35it/s][A

eval:  96%|█████████▋| 77/80 [00:58<00:02,  1.39it/s][A

eval:  98%|█████████▊| 78/80 [00:59<00:01,  1.47it/s][A

eval:  99%|█████████▉| 79/80 [01:00<00:00,  1.40it/s][A

eval: 100%|██████████| 80/80 [01:00<00:00,  1.43it/s][A

                                                     [A2026-05-11 13:06:13 | INFO | __main__ | eval.py:43 | [EVAL_SAMPLE] idx=0 pred=false gold=barely-true output=Label: B explain=Hartzler said, "We have less Americans working now than in the ‘70s." The statistics Hartzler’s staff said she cited show the employment-population ratio and labor force participation rate was indeed higher in 1979 than in 2015. However,... prompt=<|im_start|>system
You are a careful fact-checking assistant for LIAR-RAW claims. Classify claims using only the claim and retrieved evidence supplied by the user.<|im_end|>
<|im_start|>user
Classify the claim into exactly one LIAR-RAW l...
2026-05-11 13:06:13 | INFO | __main__ | eval.py:43 | [EVAL_SAMPLE] idx=0 pred=false gold=barely-true output=Label: B explain=Hartzler said, "We have less Americans working now than in the ‘70s." The statistics Hartzler’s staff said she cited show the employment-population ratio and labor force participation rate was indeed higher in 1979 than in 2015. However,... prompt=<|im_start|>system
You are a careful fact-checking assistant for LIAR-RAW claims. Classify claims using only the claim and retrieved evidence supplied by the user.<|im_end|>
<|im_start|>user
Classify the claim into exactly one LIAR-RAW l...
2026-05-11 13:06:13 | INFO | __main__ | eval.py:43 | [EVAL_SAMPLE] idx=1 pred=false gold=pants-fire output=Label: B explain=Ellison used a Koran that once belonged to Thomas Jefferson, borrowing the rare book from the Library of Congress. It goes without saying that Ellison is not Obama. UPDATE: Barack Obama resigned from Trinity United Church of Christ on Ma... prompt=<|im_start|>system
You are a careful fact-checking assistant for LIAR-RAW claims. Classify claims using only the claim and retrieved evidence supplied by the user.<|im_end|>
<|im_start|>user
Classify the claim into exactly one LIAR-RAW l...
2026-05-11 13:06:13 | INFO | __main__ | eval.py:43 | [EVAL_SAMPLE] idx=1 pred=false gold=pants-fire output=Label: B explain=Ellison used a Koran that once belonged to Thomas Jefferson, borrowing the rare book from the Library of Congress. It goes without saying that Ellison is not Obama. UPDATE: Barack Obama resigned from Trinity United Church of Christ on Ma... prompt=<|im_start|>system
You are a careful fact-checking assistant for LIAR-RAW claims. Classify claims using only the claim and retrieved evidence supplied by the user.<|im_end|>
<|im_start|>user
Classify the claim into exactly one LIAR-RAW l...
2026-05-11 13:06:13 | INFO | __main__ | eval.py:43 | [EVAL_SAMPLE] idx=2 pred=barely-true gold=false output=Label: C explain=However, we have two professors who say the law is silent on political activity -- even if one of them sees an implicit prohibition -- and a plain reading of the law that states no explicit ban. Blumenauer said that "the statute a hundre... prompt=<|im_start|>system
You are a careful fact-checking assistant for LIAR-RAW claims. Classify claims using only the claim and retrieved evidence supplied by the user.<|im_end|>
<|im_start|>user
Classify the claim into exactly one LIAR-RAW l...
2026-05-11 13:06:13 | INFO | __main__ | trainer.py:556 | [eval] step=400 accuracy=0.2461 macro_precision=0.2589 macro_recall=0.2616 macro_f1=0.2301 parse_error_rate=0.0000
2026-05-11 13:06:13 | INFO | __main__ | trainer.py:556 | [eval] per_class:
2026-05-11 13:06:13 | INFO | __main__ | trainer.py:556 |   - barely-true: P=0.2147 R=0.2954 F1=0.2487
2026-05-11 13:06:13 | INFO | __main__ | trainer.py:556 |   - false: P=0.2532 R=0.3831 F1=0.3049
2026-05-11 13:06:13 | INFO | __main__ | trainer.py:556 |   - half-true: P=0.2623 R=0.1301 F1=0.1739
2026-05-11 13:06:13 | INFO | __main__ | trainer.py:556 |   - mostly-true: P=0.3200 R=0.0319 F1=0.0580
2026-05-11 13:06:13 | INFO | __main__ | trainer.py:556 |   - pants-fire: P=0.2299 R=0.3448 F1=0.2759
2026-05-11 13:06:13 | INFO | __main__ | trainer.py:556 |   - true: P=0.2731 R=0.3846 F1=0.3194

 64%|██████▎   | 401/630 [34:50<1:30:39, 23.75s/it]
 64%|██████▍   | 402/630 [34:54<1:07:55, 17.88s/it]
 64%|██████▍   | 403/630 [34:59<52:45, 13.95s/it]  
 64%|██████▍   | 404/630 [35:04<42:20, 11.24s/it]
 64%|██████▍   | 405/630 [35:08<34:26,  9.19s/it]
 64%|██████▍   | 406/630 [35:13<29:00,  7.77s/it]
 65%|██████▍   | 407/630 [35:17<24:31,  6.60s/it]
 65%|██████▍   | 408/630 [35:21<21:15,  5.74s/it]
 65%|██████▍   | 409/630 [35:26<20:45,  5.63s/it]
 65%|██████▌   | 410/630 [35:31<20:29,  5.59s/it]
 65%|██████▌   | 411/630 [35:36<19:28,  5.33s/it]
 65%|██████▌   | 412/630 [35:40<18:16,  5.03s/it]
 66%|██████▌   | 413/630 [35:45<17:09,  4.74s/it]
 66%|██████▌   | 414/630 [35:48<16:06,  4.47s/it]
 66%|██████▌   | 415/630 [35:52<15:03,  4.20s/it]
 66%|██████▌   | 416/630 [35:59<18:00,  5.05s/it]
 66%|██████▌   | 417/630 [36:04<17:57,  5.06s/it]
 66%|██████▋   | 418/630 [36:08<17:07,  4.84s/it]
 67%|██████▋   | 419/630 [36:13<16:40,  4.74s/it]
 67%|██████▋   | 420/630 [36:17<15:57,  4.56s/it]
 67%|██████▋   | 421/630 [36:21<14:54,  4.28s/it]
 67%|██████▋   | 422/630 [36:27<17:28,  5.04s/it]
 67%|██████▋   | 423/630 [36:33<17:26,  5.06s/it]
 67%|██████▋   | 424/630 [36:37<17:02,  4.96s/it]
 67%|██████▋   | 425/630 [36:42<16:12,  4.75s/it]
 68%|██████▊   | 426/630 [36:46<15:24,  4.53s/it]
 68%|██████▊   | 427/630 [36:49<14:29,  4.28s/it]
 68%|██████▊   | 428/630 [36:54<14:55,  4.43s/it]
 68%|██████▊   | 429/630 [36:59<15:32,  4.64s/it]
 68%|██████▊   | 430/630 [37:04<15:26,  4.63s/it]
 68%|██████▊   | 431/630 [37:08<14:59,  4.52s/it]
 69%|██████▊   | 432/630 [37:12<14:23,  4.36s/it]
 69%|██████▊   | 433/630 [37:16<13:45,  4.19s/it]
 69%|██████▉   | 434/630 [37:21<15:01,  4.60s/it]
 69%|██████▉   | 435/630 [37:27<15:49,  4.87s/it]
 69%|██████▉   | 436/630 [37:32<15:42,  4.86s/it]
 69%|██████▉   | 437/630 [37:36<15:18,  4.76s/it]
 70%|██████▉   | 438/630 [37:40<14:29,  4.53s/it]
 70%|██████▉   | 439/630 [37:44<13:39,  4.29s/it]
 70%|██████▉   | 440/630 [37:47<12:44,  4.02s/it]
 70%|███████   | 441/630 [37:55<16:07,  5.12s/it]
 70%|███████   | 442/630 [38:00<15:59,  5.11s/it]
 70%|███████   | 443/630 [38:04<15:07,  4.85s/it]
 70%|███████   | 444/630 [38:08<14:13,  4.59s/it]
 71%|███████   | 445/630 [38:12<13:21,  4.33s/it]
 71%|███████   | 446/630 [38:15<12:19,  4.02s/it]
 71%|███████   | 447/630 [38:21<13:51,  4.54s/it]
 71%|███████   | 448/630 [38:26<14:00,  4.62s/it]
 71%|███████▏  | 449/630 [38:30<13:36,  4.51s/it]
 71%|███████▏  | 450/630 [38:34<13:11,  4.40s/it]
 72%|███████▏  | 451/630 [38:38<12:34,  4.22s/it]
 72%|███████▏  | 452/630 [38:42<12:02,  4.06s/it]
 72%|███████▏  | 453/630 [38:47<12:41,  4.30s/it]
 72%|███████▏  | 454/630 [38:52<13:28,  4.59s/it]
 72%|███████▏  | 455/630 [38:56<13:13,  4.53s/it]
 72%|███████▏  | 456/630 [39:01<12:49,  4.42s/it]
 73%|███████▎  | 457/630 [39:04<12:19,  4.28s/it]
 73%|███████▎  | 458/630 [39:08<11:46,  4.11s/it]
 73%|███████▎  | 459/630 [39:15<13:41,  4.80s/it]
 73%|███████▎  | 460/630 [39:20<14:13,  5.02s/it]
 73%|███████▎  | 461/630 [39:25<13:50,  4.91s/it]
 73%|███████▎  | 462/630 [39:29<13:12,  4.72s/it]
 73%|███████▎  | 463/630 [39:33<12:32,  4.50s/it]
 74%|███████▎  | 464/630 [39:37<11:55,  4.31s/it]
 74%|███████▍  | 465/630 [39:40<11:13,  4.08s/it]
 74%|███████▍  | 466/630 [39:47<13:16,  4.86s/it]
 74%|███████▍  | 467/630 [39:52<13:19,  4.90s/it]
 74%|███████▍  | 468/630 [39:56<12:41,  4.70s/it]
 74%|███████▍  | 469/630 [40:00<12:07,  4.52s/it]
 75%|███████▍  | 470/630 [40:04<11:33,  4.33s/it]
 75%|███████▍  | 471/630 [40:09<11:31,  4.35s/it]
 75%|███████▍  | 472/630 [40:15<12:41,  4.82s/it]
 75%|███████▌  | 473/630 [40:20<12:40,  4.85s/it]
 75%|███████▌  | 474/630 [40:24<12:11,  4.69s/it]
 75%|███████▌  | 475/630 [40:28<11:38,  4.51s/it]
 76%|███████▌  | 476/630 [40:32<11:08,  4.34s/it]
 76%|███████▌  | 477/630 [40:36<10:53,  4.27s/it]
 76%|███████▌  | 478/630 [40:41<11:37,  4.59s/it]
 76%|███████▌  | 479/630 [40:46<11:51,  4.71s/it]
 76%|███████▌  | 480/630 [40:51<11:32,  4.62s/it]
 76%|███████▋  | 481/630 [40:55<11:03,  4.46s/it]
 77%|███████▋  | 482/630 [40:59<10:31,  4.27s/it]
 77%|███████▋  | 483/630 [41:02<10:04,  4.11s/it]
 77%|███████▋  | 484/630 [41:08<10:50,  4.45s/it]
 77%|███████▋  | 485/630 [41:13<11:26,  4.74s/it]
 77%|███████▋  | 486/630 [41:18<11:17,  4.70s/it]
 77%|███████▋  | 487/630 [41:22<10:51,  4.56s/it]
 77%|███████▋  | 488/630 [41:27<10:57,  4.63s/it]
 78%|███████▊  | 489/630 [41:31<10:33,  4.49s/it]
 78%|███████▊  | 490/630 [41:34<09:47,  4.20s/it]
 78%|███████▊  | 491/630 [41:40<10:47,  4.66s/it]
 78%|███████▊  | 492/630 [41:45<10:41,  4.65s/it]
 78%|███████▊  | 493/630 [41:49<10:19,  4.52s/it]
 78%|███████▊  | 494/630 [41:53<10:10,  4.49s/it]
 79%|███████▊  | 495/630 [41:57<09:39,  4.29s/it]
 79%|███████▊  | 496/630 [42:01<09:10,  4.11s/it]
 79%|███████▉  | 497/630 [42:08<10:53,  4.91s/it]
 79%|███████▉  | 498/630 [42:13<10:53,  4.95s/it]
 79%|███████▉  | 499/630 [42:17<10:27,  4.79s/it]
 79%|███████▉  | 500/630 [42:21<10:00,  4.62s/it]

eval:   0%|          | 0/80 [00:00<?, ?it/s][A

eval:   1%|▏         | 1/80 [00:00<00:49,  1.59it/s][A

eval:   2%|▎         | 2/80 [00:01<00:55,  1.42it/s][A

eval:   4%|▍         | 3/80 [00:02<00:57,  1.34it/s][A

eval:   5%|▌         | 4/80 [00:02<00:58,  1.30it/s][A

eval:   6%|▋         | 5/80 [00:03<00:57,  1.31it/s][A

eval:   8%|▊         | 6/80 [00:04<00:54,  1.37it/s][A

eval:   9%|▉         | 7/80 [00:05<00:52,  1.39it/s][A

eval:  10%|█         | 8/80 [00:05<00:54,  1.31it/s][A

eval:  11%|█▏        | 9/80 [00:06<00:52,  1.36it/s][A

eval:  12%|█▎        | 10/80 [00:07<00:55,  1.27it/s][A

eval:  14%|█▍        | 11/80 [00:08<01:05,  1.06it/s][A

eval:  15%|█▌        | 12/80 [00:09<01:01,  1.10it/s][A

eval:  16%|█▋        | 13/80 [00:10<00:57,  1.16it/s][A

eval:  18%|█▊        | 14/80 [00:11<00:55,  1.19it/s][A

eval:  19%|█▉        | 15/80 [00:11<00:52,  1.23it/s][A

eval:  20%|██        | 16/80 [00:12<00:49,  1.29it/s][A

eval:  21%|██▏       | 17/80 [00:13<00:48,  1.30it/s][A

eval:  22%|██▎       | 18/80 [00:14<00:46,  1.35it/s][A

eval:  24%|██▍       | 19/80 [00:14<00:43,  1.40it/s][A

eval:  25%|██▌       | 20/80 [00:15<00:42,  1.43it/s][A

eval:  26%|██▋       | 21/80 [00:16<00:40,  1.45it/s][A

eval:  28%|██▊       | 22/80 [00:17<00:46,  1.24it/s][A

eval:  29%|██▉       | 23/80 [00:17<00:42,  1.34it/s][A

eval:  30%|███       | 24/80 [00:18<00:39,  1.41it/s][A

eval:  31%|███▏      | 25/80 [00:19<00:38,  1.42it/s][A

eval:  32%|███▎      | 26/80 [00:20<00:42,  1.27it/s][A

eval:  34%|███▍      | 27/80 [00:20<00:41,  1.27it/s][A

eval:  35%|███▌      | 28/80 [00:21<00:41,  1.27it/s][A

eval:  36%|███▋      | 29/80 [00:22<00:39,  1.28it/s][A

eval:  38%|███▊      | 30/80 [00:23<00:36,  1.37it/s][A

eval:  39%|███▉      | 31/80 [00:23<00:35,  1.38it/s][A

eval:  40%|████      | 32/80 [00:24<00:38,  1.25it/s][A

eval:  41%|████▏     | 33/80 [00:25<00:34,  1.35it/s][A

eval:  42%|████▎     | 34/80 [00:26<00:39,  1.18it/s][A

eval:  44%|████▍     | 35/80 [00:27<00:37,  1.20it/s][A

eval:  45%|████▌     | 36/80 [00:27<00:34,  1.26it/s][A

eval:  46%|████▋     | 37/80 [00:28<00:32,  1.32it/s][A

eval:  48%|████▊     | 38/80 [00:29<00:30,  1.37it/s][A

eval:  49%|████▉     | 39/80 [00:29<00:29,  1.39it/s][A

eval:  50%|█████     | 40/80 [00:30<00:29,  1.35it/s][A

eval:  51%|█████▏    | 41/80 [00:31<00:32,  1.19it/s][A

eval:  52%|█████▎    | 42/80 [00:32<00:31,  1.23it/s][A

eval:  54%|█████▍    | 43/80 [00:33<00:28,  1.29it/s][A

eval:  55%|█████▌    | 44/80 [00:34<00:28,  1.28it/s][A

eval:  56%|█████▋    | 45/80 [00:34<00:25,  1.38it/s][A

eval:  57%|█████▊    | 46/80 [00:35<00:24,  1.40it/s][A

eval:  59%|█████▉    | 47/80 [00:36<00:24,  1.32it/s][A

eval:  60%|██████    | 48/80 [00:36<00:24,  1.33it/s][A

eval:  61%|██████▏   | 49/80 [00:37<00:22,  1.41it/s][A

eval:  62%|██████▎   | 50/80 [00:38<00:21,  1.42it/s][A

eval:  64%|██████▍   | 51/80 [00:38<00:20,  1.44it/s][A

eval:  65%|██████▌   | 52/80 [00:39<00:21,  1.29it/s][A

eval:  66%|██████▋   | 53/80 [00:40<00:19,  1.38it/s][A

eval:  68%|██████▊   | 54/80 [00:41<00:19,  1.34it/s][A

eval:  69%|██████▉   | 55/80 [00:41<00:18,  1.34it/s][A

eval:  70%|███████   | 56/80 [00:42<00:18,  1.33it/s][A

eval:  71%|███████▏  | 57/80 [00:43<00:18,  1.25it/s][A

eval:  72%|███████▎  | 58/80 [00:44<00:17,  1.26it/s][A

eval:  74%|███████▍  | 59/80 [00:45<00:15,  1.37it/s][A

eval:  75%|███████▌  | 60/80 [00:45<00:14,  1.38it/s][A

eval:  76%|███████▋  | 61/80 [00:46<00:13,  1.41it/s][A

eval:  78%|███████▊  | 62/80 [00:47<00:12,  1.42it/s][A

eval:  79%|███████▉  | 63/80 [00:47<00:12,  1.36it/s][A

eval:  80%|████████  | 64/80 [00:48<00:12,  1.33it/s][A

eval:  81%|████████▏ | 65/80 [00:49<00:11,  1.30it/s][A

eval:  82%|████████▎ | 66/80 [00:50<00:11,  1.27it/s][A

eval:  84%|████████▍ | 67/80 [00:51<00:09,  1.33it/s][A

eval:  85%|████████▌ | 68/80 [00:51<00:09,  1.27it/s][A

eval:  86%|████████▋ | 69/80 [00:52<00:08,  1.26it/s][A

eval:  88%|████████▊ | 70/80 [00:53<00:07,  1.26it/s][A

eval:  89%|████████▉ | 71/80 [00:54<00:07,  1.25it/s][A

eval:  90%|█████████ | 72/80 [00:55<00:06,  1.19it/s][A

eval:  91%|█████████▏| 73/80 [00:55<00:05,  1.25it/s][A

eval:  92%|█████████▎| 74/80 [00:56<00:04,  1.31it/s][A

eval:  94%|█████████▍| 75/80 [00:57<00:03,  1.31it/s][A

eval:  95%|█████████▌| 76/80 [00:58<00:02,  1.35it/s][A

eval:  96%|█████████▋| 77/80 [00:58<00:02,  1.39it/s][A

eval:  98%|█████████▊| 78/80 [00:59<00:01,  1.47it/s][A

eval:  99%|█████████▉| 79/80 [01:00<00:00,  1.40it/s][A

eval: 100%|██████████| 80/80 [01:00<00:00,  1.43it/s][A

                                                     [A2026-05-11 13:14:53 | INFO | __main__ | eval.py:43 | [EVAL_SAMPLE] idx=0 pred=half-true gold=barely-true output=Label: D explain=Hartzler said, "We have less Americans working now than in the ‘70s." The statistics Hartzler’s staff said she cited show the employment-population ratio and labor force participation rate was indeed higher in 1979 than in 2015. However,... prompt=<|im_start|>system
You are a careful fact-checking assistant for LIAR-RAW claims. Classify claims using only the claim and retrieved evidence supplied by the user.<|im_end|>
<|im_start|>user
Classify the claim into exactly one LIAR-RAW l...
2026-05-11 13:14:53 | INFO | __main__ | eval.py:43 | [EVAL_SAMPLE] idx=0 pred=half-true gold=barely-true output=Label: D explain=Hartzler said, "We have less Americans working now than in the ‘70s." The statistics Hartzler’s staff said she cited show the employment-population ratio and labor force participation rate was indeed higher in 1979 than in 2015. However,... prompt=<|im_start|>system
You are a careful fact-checking assistant for LIAR-RAW claims. Classify claims using only the claim and retrieved evidence supplied by the user.<|im_end|>
<|im_start|>user
Classify the claim into exactly one LIAR-RAW l...
2026-05-11 13:14:53 | INFO | __main__ | eval.py:43 | [EVAL_SAMPLE] idx=1 pred=false gold=pants-fire output=Label: B explain=Ellison used a Koran that once belonged to Thomas Jefferson, borrowing the rare book from the Library of Congress. It goes without saying that Ellison is not Obama. UPDATE: Barack Obama resigned from Trinity United Church of Christ on Ma... prompt=<|im_start|>system
You are a careful fact-checking assistant for LIAR-RAW claims. Classify claims using only the claim and retrieved evidence supplied by the user.<|im_end|>
<|im_start|>user
Classify the claim into exactly one LIAR-RAW l...
2026-05-11 13:14:53 | INFO | __main__ | eval.py:43 | [EVAL_SAMPLE] idx=1 pred=false gold=pants-fire output=Label: B explain=Ellison used a Koran that once belonged to Thomas Jefferson, borrowing the rare book from the Library of Congress. It goes without saying that Ellison is not Obama. UPDATE: Barack Obama resigned from Trinity United Church of Christ on Ma... prompt=<|im_start|>system
You are a careful fact-checking assistant for LIAR-RAW claims. Classify claims using only the claim and retrieved evidence supplied by the user.<|im_end|>
<|im_start|>user
Classify the claim into exactly one LIAR-RAW l...
2026-05-11 13:14:53 | INFO | __main__ | eval.py:43 | [EVAL_SAMPLE] idx=2 pred=mostly-true gold=false output=Label: E explain=However, we have two professors who say the law is silent on political activity -- even if one of them sees an implicit prohibition -- and a plain reading of the law that states no explicit ban. Blumenauer said that "the statute a hundre... prompt=<|im_start|>system
You are a careful fact-checking assistant for LIAR-RAW claims. Classify claims using only the claim and retrieved evidence supplied by the user.<|im_end|>
<|im_start|>user
Classify the claim into exactly one LIAR-RAW l...
2026-05-11 13:14:53 | INFO | __main__ | trainer.py:556 | [eval] step=500 accuracy=0.2602 macro_precision=0.2583 macro_recall=0.2927 macro_f1=0.2598 parse_error_rate=0.0000
2026-05-11 13:14:53 | INFO | __main__ | trainer.py:556 | [eval] per_class:
2026-05-11 13:14:53 | INFO | __main__ | trainer.py:556 |   - barely-true: P=0.2500 R=0.1941 F1=0.2185
2026-05-11 13:14:53 | INFO | __main__ | trainer.py:556 |   - false: P=0.2830 R=0.2299 F1=0.2537
2026-05-11 13:14:53 | INFO | __main__ | trainer.py:556 |   - half-true: P=0.2123 R=0.1260 F1=0.1582
2026-05-11 13:14:53 | INFO | __main__ | trainer.py:556 |   - mostly-true: P=0.3102 R=0.2669 F1=0.2869
2026-05-11 13:14:53 | INFO | __main__ | trainer.py:556 |   - pants-fire: P=0.2444 R=0.5603 F1=0.3403
2026-05-11 13:14:53 | INFO | __main__ | trainer.py:556 |   - true: P=0.2500 R=0.3787 F1=0.3012

 80%|███████▉  | 501/630 [43:30<51:13, 23.83s/it]
 80%|███████▉  | 502/630 [43:34<37:58, 17.80s/it]
 80%|███████▉  | 503/630 [43:39<29:44, 14.05s/it]
 80%|████████  | 504/630 [43:44<23:52, 11.37s/it]
 80%|████████  | 505/630 [43:49<19:38,  9.43s/it]
 80%|████████  | 506/630 [43:54<16:27,  7.96s/it]
 80%|████████  | 507/630 [43:58<13:49,  6.75s/it]
 81%|████████  | 508/630 [44:01<11:52,  5.84s/it]
 81%|████████  | 509/630 [44:07<11:26,  5.67s/it]
 81%|████████  | 510/630 [44:12<11:12,  5.61s/it]
 81%|████████  | 511/630 [44:17<10:49,  5.45s/it]
 81%|████████▏ | 512/630 [44:21<10:00,  5.08s/it]
 81%|████████▏ | 513/630 [44:25<09:17,  4.76s/it]
 82%|████████▏ | 514/630 [44:29<08:37,  4.46s/it]
 82%|████████▏ | 515/630 [44:33<07:59,  4.17s/it]
 82%|████████▏ | 516/630 [44:38<08:53,  4.68s/it]
 82%|████████▏ | 517/630 [44:43<08:52,  4.71s/it]
 82%|████████▏ | 518/630 [44:48<08:40,  4.65s/it]
 82%|████████▏ | 519/630 [44:52<08:16,  4.47s/it]
 83%|████████▎ | 520/630 [44:56<07:50,  4.28s/it]
 83%|████████▎ | 521/630 [44:59<07:24,  4.07s/it]
 83%|████████▎ | 522/630 [45:07<09:08,  5.08s/it]
 83%|████████▎ | 523/630 [45:13<09:29,  5.32s/it]
 83%|████████▎ | 524/630 [45:17<08:58,  5.08s/it]
 83%|████████▎ | 525/630 [45:21<08:22,  4.79s/it]
 83%|████████▎ | 526/630 [45:25<07:49,  4.51s/it]
 84%|████████▎ | 527/630 [45:29<07:19,  4.26s/it]
 84%|████████▍ | 528/630 [45:34<08:01,  4.72s/it]
 84%|████████▍ | 529/630 [45:40<08:18,  4.94s/it]
 84%|████████▍ | 530/630 [45:44<07:57,  4.77s/it]
 84%|████████▍ | 531/630 [45:49<07:36,  4.61s/it]
 84%|████████▍ | 532/630 [45:53<07:14,  4.43s/it]
 85%|████████▍ | 533/630 [45:56<06:49,  4.22s/it]
 85%|████████▍ | 534/630 [46:02<07:26,  4.65s/it]
 85%|████████▍ | 535/630 [46:07<07:41,  4.85s/it]
 85%|████████▌ | 536/630 [46:12<07:30,  4.79s/it]
 85%|████████▌ | 537/630 [46:16<07:08,  4.61s/it]
 85%|████████▌ | 538/630 [46:20<06:45,  4.41s/it]
 86%|████████▌ | 539/630 [46:24<06:34,  4.33s/it]
 86%|████████▌ | 540/630 [46:27<06:00,  4.00s/it]
 86%|████████▌ | 541/630 [46:33<06:44,  4.54s/it]
 86%|████████▌ | 542/630 [46:38<06:56,  4.74s/it]
 86%|████████▌ | 543/630 [46:43<06:41,  4.62s/it]
 86%|████████▋ | 544/630 [46:47<06:25,  4.48s/it]
 87%|████████▋ | 545/630 [46:51<06:05,  4.30s/it]
 87%|████████▋ | 546/630 [46:54<05:43,  4.09s/it]
 87%|████████▋ | 547/630 [47:01<06:36,  4.78s/it]
 87%|████████▋ | 548/630 [47:06<06:36,  4.84s/it]
 87%|████████▋ | 549/630 [47:10<06:20,  4.70s/it]
 87%|████████▋ | 550/630 [47:14<06:01,  4.52s/it]
 87%|████████▋ | 551/630 [47:18<05:45,  4.37s/it]
 88%|████████▊ | 552/630 [47:22<05:26,  4.18s/it]
 88%|████████▊ | 553/630 [47:26<05:27,  4.26s/it]
 88%|████████▊ | 554/630 [47:31<05:36,  4.42s/it]
 88%|████████▊ | 555/630 [47:36<05:28,  4.38s/it]
 88%|████████▊ | 556/630 [47:40<05:18,  4.30s/it]
 88%|████████▊ | 557/630 [47:44<05:13,  4.29s/it]
 89%|████████▊ | 558/630 [47:48<05:05,  4.24s/it]
 89%|████████▊ | 559/630 [47:53<05:24,  4.57s/it]
 89%|████████▉ | 560/630 [47:59<05:37,  4.82s/it]
 89%|████████▉ | 561/630 [48:03<05:27,  4.75s/it]
 89%|████████▉ | 562/630 [48:08<05:11,  4.59s/it]
 89%|████████▉ | 563/630 [48:12<04:58,  4.45s/it]
 90%|████████▉ | 564/630 [48:16<04:43,  4.29s/it]
 90%|████████▉ | 565/630 [48:20<04:31,  4.18s/it]
 90%|████████▉ | 566/630 [48:26<05:08,  4.81s/it]
 90%|█████████ | 567/630 [48:31<05:02,  4.80s/it]
 90%|█████████ | 568/630 [48:35<04:46,  4.63s/it]
 90%|█████████ | 569/630 [48:39<04:28,  4.40s/it]
 90%|█████████ | 570/630 [48:43<04:13,  4.22s/it]
 91%|█████████ | 571/630 [48:46<03:58,  4.03s/it]
 91%|█████████ | 572/630 [48:52<04:20,  4.49s/it]
 91%|█████████ | 573/630 [48:56<04:18,  4.54s/it]
 91%|█████████ | 574/630 [49:01<04:15,  4.57s/it]
 91%|█████████▏| 575/630 [49:05<04:09,  4.54s/it]
 91%|█████████▏| 576/630 [49:10<03:59,  4.43s/it]
 92%|█████████▏| 577/630 [49:13<03:42,  4.19s/it]
 92%|█████████▏| 578/630 [49:18<03:46,  4.35s/it]
 92%|█████████▏| 579/630 [49:23<03:50,  4.53s/it]
 92%|█████████▏| 580/630 [49:27<03:45,  4.52s/it]
 92%|█████████▏| 581/630 [49:32<03:36,  4.42s/it]
 92%|█████████▏| 582/630 [49:36<03:31,  4.40s/it]
 93%|█████████▎| 583/630 [49:40<03:16,  4.17s/it]
 93%|█████████▎| 584/630 [49:45<03:26,  4.49s/it]
 93%|█████████▎| 585/630 [49:51<03:38,  4.86s/it]
 93%|█████████▎| 586/630 [49:55<03:31,  4.81s/it]
 93%|█████████▎| 587/630 [49:59<03:19,  4.63s/it]
 93%|█████████▎| 588/630 [50:03<03:06,  4.45s/it]
 93%|█████████▎| 589/630 [50:07<02:53,  4.24s/it]
 94%|█████████▎| 590/630 [50:11<02:40,  4.02s/it]
 94%|█████████▍| 591/630 [50:18<03:13,  4.96s/it]
 94%|█████████▍| 592/630 [50:23<03:15,  5.15s/it]
 94%|█████████▍| 593/630 [50:28<03:04,  4.98s/it]
 94%|█████████▍| 594/630 [50:32<02:49,  4.71s/it]
 94%|█████████▍| 595/630 [50:36<02:35,  4.46s/it]
 95%|█████████▍| 596/630 [50:40<02:24,  4.24s/it]
 95%|█████████▍| 597/630 [50:46<02:37,  4.77s/it]
 95%|█████████▍| 598/630 [50:51<02:34,  4.83s/it]
 95%|█████████▌| 599/630 [50:55<02:25,  4.69s/it]
 95%|█████████▌| 600/630 [51:00<02:18,  4.63s/it]

eval:   0%|          | 0/80 [00:00<?, ?it/s][A

eval:   1%|▏         | 1/80 [00:00<00:50,  1.58it/s][A

eval:   2%|▎         | 2/80 [00:01<00:55,  1.41it/s][A

eval:   4%|▍         | 3/80 [00:02<00:57,  1.34it/s][A

eval:   5%|▌         | 4/80 [00:02<00:58,  1.31it/s][A

eval:   6%|▋         | 5/80 [00:03<00:56,  1.32it/s][A

eval:   8%|▊         | 6/80 [00:04<00:54,  1.36it/s][A

eval:   9%|▉         | 7/80 [00:05<00:52,  1.39it/s][A

eval:  10%|█         | 8/80 [00:05<00:55,  1.30it/s][A

eval:  11%|█▏        | 9/80 [00:06<00:52,  1.36it/s][A

eval:  12%|█▎        | 10/80 [00:07<00:55,  1.27it/s][A

eval:  14%|█▍        | 11/80 [00:08<01:05,  1.06it/s][A

eval:  15%|█▌        | 12/80 [00:09<01:02,  1.10it/s][A

eval:  16%|█▋        | 13/80 [00:10<00:57,  1.16it/s][A

eval:  18%|█▊        | 14/80 [00:11<00:55,  1.19it/s][A

eval:  19%|█▉        | 15/80 [00:11<00:52,  1.23it/s][A

eval:  20%|██        | 16/80 [00:12<00:49,  1.28it/s][A

eval:  21%|██▏       | 17/80 [00:13<00:48,  1.29it/s][A

eval:  22%|██▎       | 18/80 [00:14<00:46,  1.34it/s][A

eval:  24%|██▍       | 19/80 [00:14<00:43,  1.39it/s][A

eval:  25%|██▌       | 20/80 [00:15<00:42,  1.41it/s][A

eval:  26%|██▋       | 21/80 [00:16<00:41,  1.44it/s][A

eval:  28%|██▊       | 22/80 [00:17<00:46,  1.24it/s][A

eval:  29%|██▉       | 23/80 [00:17<00:42,  1.34it/s][A

eval:  30%|███       | 24/80 [00:18<00:39,  1.41it/s][A

eval:  31%|███▏      | 25/80 [00:19<00:38,  1.42it/s][A

eval:  32%|███▎      | 26/80 [00:20<00:42,  1.27it/s][A

eval:  34%|███▍      | 27/80 [00:20<00:41,  1.26it/s][A

eval:  35%|███▌      | 28/80 [00:21<00:41,  1.27it/s][A

eval:  36%|███▋      | 29/80 [00:22<00:39,  1.28it/s][A

eval:  38%|███▊      | 30/80 [00:23<00:36,  1.37it/s][A

eval:  39%|███▉      | 31/80 [00:23<00:35,  1.38it/s][A

eval:  40%|████      | 32/80 [00:24<00:38,  1.25it/s][A

eval:  41%|████▏     | 33/80 [00:25<00:34,  1.35it/s][A

eval:  42%|████▎     | 34/80 [00:26<00:39,  1.18it/s][A

eval:  44%|████▍     | 35/80 [00:27<00:37,  1.20it/s][A

eval:  45%|████▌     | 36/80 [00:27<00:34,  1.26it/s][A

eval:  46%|████▋     | 37/80 [00:28<00:32,  1.33it/s][A

eval:  48%|████▊     | 38/80 [00:29<00:30,  1.37it/s][A

eval:  49%|████▉     | 39/80 [00:29<00:29,  1.39it/s][A

eval:  50%|█████     | 40/80 [00:30<00:29,  1.35it/s][A

eval:  51%|█████▏    | 41/80 [00:31<00:32,  1.19it/s][A

eval:  52%|█████▎    | 42/80 [00:32<00:30,  1.23it/s][A

eval:  54%|█████▍    | 43/80 [00:33<00:28,  1.29it/s][A

eval:  55%|█████▌    | 44/80 [00:34<00:28,  1.28it/s][A

eval:  56%|█████▋    | 45/80 [00:34<00:25,  1.38it/s][A

eval:  57%|█████▊    | 46/80 [00:35<00:24,  1.40it/s][A

eval:  59%|█████▉    | 47/80 [00:36<00:24,  1.32it/s][A

eval:  60%|██████    | 48/80 [00:36<00:24,  1.33it/s][A

eval:  61%|██████▏   | 49/80 [00:37<00:22,  1.41it/s][A

eval:  62%|██████▎   | 50/80 [00:38<00:21,  1.42it/s][A

eval:  64%|██████▍   | 51/80 [00:38<00:20,  1.44it/s][A

eval:  65%|██████▌   | 52/80 [00:39<00:21,  1.29it/s][A

eval:  66%|██████▋   | 53/80 [00:40<00:19,  1.38it/s][A

eval:  68%|██████▊   | 54/80 [00:41<00:19,  1.34it/s][A

eval:  69%|██████▉   | 55/80 [00:42<00:18,  1.34it/s][A

eval:  70%|███████   | 56/80 [00:42<00:18,  1.33it/s][A

eval:  71%|███████▏  | 57/80 [00:43<00:18,  1.25it/s][A

eval:  72%|███████▎  | 58/80 [00:44<00:17,  1.26it/s][A

eval:  74%|███████▍  | 59/80 [00:45<00:15,  1.36it/s][A

eval:  75%|███████▌  | 60/80 [00:45<00:14,  1.38it/s][A

eval:  76%|███████▋  | 61/80 [00:46<00:13,  1.41it/s][A

eval:  78%|███████▊  | 62/80 [00:47<00:12,  1.41it/s][A

eval:  79%|███████▉  | 63/80 [00:47<00:12,  1.36it/s][A

eval:  80%|████████  | 64/80 [00:48<00:12,  1.33it/s][A

eval:  81%|████████▏ | 65/80 [00:49<00:11,  1.31it/s][A

eval:  82%|████████▎ | 66/80 [00:50<00:11,  1.27it/s][A

eval:  84%|████████▍ | 67/80 [00:51<00:09,  1.33it/s][A

eval:  85%|████████▌ | 68/80 [00:51<00:09,  1.28it/s][A

eval:  86%|████████▋ | 69/80 [00:52<00:08,  1.26it/s][A

eval:  88%|████████▊ | 70/80 [00:53<00:07,  1.26it/s][A

eval:  89%|████████▉ | 71/80 [00:54<00:07,  1.25it/s][A

eval:  90%|█████████ | 72/80 [00:55<00:06,  1.19it/s][A

eval:  91%|█████████▏| 73/80 [00:55<00:05,  1.26it/s][A

eval:  92%|█████████▎| 74/80 [00:56<00:04,  1.31it/s][A

eval:  94%|█████████▍| 75/80 [00:57<00:03,  1.31it/s][A

eval:  95%|█████████▌| 76/80 [00:58<00:02,  1.36it/s][A

eval:  96%|█████████▋| 77/80 [00:58<00:02,  1.39it/s][A

eval:  98%|█████████▊| 78/80 [00:59<00:01,  1.46it/s][A

eval:  99%|█████████▉| 79/80 [01:00<00:00,  1.40it/s][A

eval: 100%|██████████| 80/80 [01:00<00:00,  1.42it/s][A

                                                     [A2026-05-11 13:23:31 | INFO | __main__ | eval.py:43 | [EVAL_SAMPLE] idx=0 pred=true gold=barely-true output=Label: F explain=Hartzler said, "We have less Americans working now than in the ‘70s." The statistics Hartzler’s staff said she cited show the employment-population ratio and labor force participation rate was indeed higher in 1979 than in 2015. However,... prompt=<|im_start|>system
You are a careful fact-checking assistant for LIAR-RAW claims. Classify claims using only the claim and retrieved evidence supplied by the user.<|im_end|>
<|im_start|>user
Classify the claim into exactly one LIAR-RAW l...
2026-05-11 13:23:31 | INFO | __main__ | eval.py:43 | [EVAL_SAMPLE] idx=0 pred=true gold=barely-true output=Label: F explain=Hartzler said, "We have less Americans working now than in the ‘70s." The statistics Hartzler’s staff said she cited show the employment-population ratio and labor force participation rate was indeed higher in 1979 than in 2015. However,... prompt=<|im_start|>system
You are a careful fact-checking assistant for LIAR-RAW claims. Classify claims using only the claim and retrieved evidence supplied by the user.<|im_end|>
<|im_start|>user
Classify the claim into exactly one LIAR-RAW l...
2026-05-11 13:23:31 | INFO | __main__ | eval.py:43 | [EVAL_SAMPLE] idx=1 pred=false gold=pants-fire output=Label: B explain=Ellison used a Koran that once belonged to Thomas Jefferson, borrowing the rare book from the Library of Congress. It goes without saying that Ellison is not Obama. UPDATE: Barack Obama resigned from Trinity United Church of Christ on Ma... prompt=<|im_start|>system
You are a careful fact-checking assistant for LIAR-RAW claims. Classify claims using only the claim and retrieved evidence supplied by the user.<|im_end|>
<|im_start|>user
Classify the claim into exactly one LIAR-RAW l...
2026-05-11 13:23:31 | INFO | __main__ | eval.py:43 | [EVAL_SAMPLE] idx=1 pred=false gold=pants-fire output=Label: B explain=Ellison used a Koran that once belonged to Thomas Jefferson, borrowing the rare book from the Library of Congress. It goes without saying that Ellison is not Obama. UPDATE: Barack Obama resigned from Trinity United Church of Christ on Ma... prompt=<|im_start|>system
You are a careful fact-checking assistant for LIAR-RAW claims. Classify claims using only the claim and retrieved evidence supplied by the user.<|im_end|>
<|im_start|>user
Classify the claim into exactly one LIAR-RAW l...
2026-05-11 13:23:31 | INFO | __main__ | eval.py:43 | [EVAL_SAMPLE] idx=2 pred=barely-true gold=false output=Label: C explain=However, we have two professors who say the law is silent on political activity -- even if one of them sees an implicit prohibition -- and a plain reading of the law that states no explicit ban. Blumenauer said that "the statute a hundre... prompt=<|im_start|>system
You are a careful fact-checking assistant for LIAR-RAW claims. Classify claims using only the claim and retrieved evidence supplied by the user.<|im_end|>
<|im_start|>user
Classify the claim into exactly one LIAR-RAW l...
2026-05-11 13:23:31 | INFO | __main__ | trainer.py:556 | [eval] step=600 accuracy=0.2852 macro_precision=0.3442 macro_recall=0.3033 macro_f1=0.2704 parse_error_rate=0.0000
2026-05-11 13:23:31 | INFO | __main__ | trainer.py:556 | [eval] per_class:
2026-05-11 13:23:31 | INFO | __main__ | trainer.py:556 |   - barely-true: P=0.1878 R=0.1688 F1=0.1778
2026-05-11 13:23:31 | INFO | __main__ | trainer.py:556 |   - false: P=0.2654 R=0.5287 F1=0.3534
2026-05-11 13:23:31 | INFO | __main__ | trainer.py:556 |   - half-true: P=0.5882 R=0.0407 F1=0.0760
2026-05-11 13:23:31 | INFO | __main__ | trainer.py:556 |   - mostly-true: P=0.3793 R=0.2191 F1=0.2778
2026-05-11 13:23:31 | INFO | __main__ | trainer.py:556 |   - pants-fire: P=0.3467 R=0.4483 F1=0.3910
2026-05-11 13:23:31 | INFO | __main__ | trainer.py:556 |   - true: P=0.2979 R=0.4142 F1=0.3465

 95%|█████████▌| 601/630 [52:11<11:58, 24.79s/it]
 96%|█████████▌| 602/630 [52:15<08:36, 18.45s/it]
 96%|█████████▌| 603/630 [52:19<06:24, 14.24s/it]
 96%|█████████▌| 604/630 [52:24<04:56, 11.41s/it]
 96%|█████████▌| 605/630 [52:29<03:52,  9.29s/it]
 96%|█████████▌| 606/630 [52:33<03:05,  7.74s/it]
 96%|█████████▋| 607/630 [52:37<02:31,  6.57s/it]
 97%|█████████▋| 608/630 [52:40<02:05,  5.72s/it]
 97%|█████████▋| 609/630 [52:46<01:57,  5.61s/it]
 97%|█████████▋| 610/630 [52:51<01:53,  5.66s/it]
 97%|█████████▋| 611/630 [52:56<01:41,  5.35s/it]
 97%|█████████▋| 612/630 [53:00<01:30,  5.00s/it]
 97%|█████████▋| 613/630 [53:04<01:20,  4.74s/it]
 97%|█████████▋| 614/630 [53:08<01:11,  4.46s/it]
 98%|█████████▊| 615/630 [53:12<01:02,  4.13s/it]
 98%|█████████▊| 616/630 [53:18<01:06,  4.73s/it]
 98%|█████████▊| 617/630 [53:23<01:03,  4.88s/it]
 98%|█████████▊| 618/630 [53:27<00:56,  4.69s/it]
 98%|█████████▊| 619/630 [53:31<00:49,  4.52s/it]
 98%|█████████▊| 620/630 [53:35<00:43,  4.32s/it]
 99%|█████████▊| 621/630 [53:39<00:36,  4.09s/it]
 99%|█████████▊| 622/630 [53:45<00:37,  4.71s/it]
 99%|█████████▉| 623/630 [53:50<00:33,  4.79s/it]
 99%|█████████▉| 624/630 [53:54<00:27,  4.63s/it]
 99%|█████████▉| 625/630 [53:58<00:22,  4.46s/it]
 99%|█████████▉| 626/630 [54:02<00:17,  4.39s/it]
100%|█████████▉| 627/630 [54:07<00:13,  4.36s/it]
100%|█████████▉| 628/630 [54:11<00:08,  4.41s/it]
100%|█████████▉| 629/630 [54:16<00:04,  4.40s/it]
100%|██████████| 630/630 [54:18<00:00,  3.73s/it]swanlab: 🏠 View project at https://swanlab.cn/@fenglin/fact-checking-build-train-infer
swanlab: 🚀 View run at https://swanlab.cn/@fenglin/fact-checking-build-train-infer/runs/2tmyhga34xgcu3c5tyd46

 95%|█████████▌| 601/630 [52:11<11:58, 24.79s/it]
 96%|█████████▌| 602/630 [52:15<08:36, 18.45s/it]
 96%|█████████▌| 603/630 [52:19<06:24, 14.24s/it]
 96%|█████████▌| 604/630 [52:24<04:56, 11.41s/it]
 96%|█████████▌| 605/630 [52:29<03:52,  9.29s/it]
 96%|█████████▌| 606/630 [52:33<03:05,  7.74s/it]
 96%|█████████▋| 607/630 [52:37<02:31,  6.57s/it]
 97%|█████████▋| 608/630 [52:40<02:05,  5.72s/it]
 97%|█████████▋| 609/630 [52:46<01:57,  5.61s/it]
 97%|█████████▋| 610/630 [52:51<01:53,  5.66s/it]
 97%|█████████▋| 611/630 [52:56<01:41,  5.35s/it]
 97%|█████████▋| 612/630 [53:00<01:30,  5.00s/it]
 97%|█████████▋| 613/630 [53:04<01:20,  4.74s/it]
 97%|█████████▋| 614/630 [53:08<01:11,  4.46s/it]
 98%|█████████▊| 615/630 [53:12<01:02,  4.13s/it]
 98%|█████████▊| 616/630 [53:18<01:06,  4.73s/it]
 98%|█████████▊| 617/630 [53:23<01:03,  4.88s/it]
 98%|█████████▊| 618/630 [53:27<00:56,  4.69s/it]
 98%|█████████▊| 619/630 [53:31<00:49,  4.52s/it]
 98%|█████████▊| 620/630 [53:35<00:43,  4.32s/it]
 99%|█████████▊| 621/630 [53:39<00:36,  4.09s/it]
 99%|█████████▊| 622/630 [53:45<00:37,  4.71s/it]
 99%|█████████▉| 623/630 [53:50<00:33,  4.79s/it]
 99%|█████████▉| 624/630 [53:54<00:27,  4.63s/it]
 99%|█████████▉| 625/630 [53:58<00:22,  4.46s/it]
 99%|█████████▉| 626/630 [54:02<00:17,  4.39s/it]
100%|█████████▉| 627/630 [54:07<00:13,  4.36s/it]
100%|█████████▉| 628/630 [54:11<00:08,  4.41s/it]
100%|█████████▉| 629/630 [54:16<00:04,  4.40s/it]
100%|██████████| 630/630 [54:18<00:00,  3.73s/it]

100%|██████████| 630/630 [54:23<00:00,  5.18s/it]
