$ accelerate launch --num_processes=4 --num_machines=1 --mixed_precision=bf16 --use_deepspeed --deepspeed_config_file /data/liaozijie/fact-checking/configs/deepspeed_zero2.json -m sft.trainer --config /data/liaozijie/fact-checking/outputs/runs/mmr_lambda_sweep_1024/build.retrieval.mmr_lambda-0.2__2ebf5b17/configs/train.resolved.yaml

The following values were not passed to `accelerate launch` and had defaults used instead:
		More than one GPU was found, enabling multi-GPU training.
		If this was unintended please pass in `--num_processes=1`.
	`--dynamo_backend` was set to a value of `'no'`
To avoid this warning pass in values for each of the problematic parameters or run `accelerate config`.
W0511 17:37:03.263000 484210 site-packages/torch/distributed/run.py:792] 
W0511 17:37:03.263000 484210 site-packages/torch/distributed/run.py:792] *****************************************
W0511 17:37:03.263000 484210 site-packages/torch/distributed/run.py:792] Setting OMP_NUM_THREADS environment variable for each process to be 1 in default, to avoid your system being overloaded, please further tune the variable for optimal performance in your application as needed. 
W0511 17:37:03.263000 484210 site-packages/torch/distributed/run.py:792] *****************************************
[RANK 0] Detected kernel version 4.18.0, which is below the recommended minimum of 5.5.0; this can cause the process to hang. It is recommended to upgrade the kernel to the minimum version or higher.
swanlab: swanlab version 0.7.17 is available!  Upgrade: `pip install -U swanlab`
swanlab: Tracking run with swanlab version 0.7.16
swanlab: Run data will be saved locally in /data/liaozijie/fact-checking/swanlog/run-20260511_173709-6fvr0u5ikqtwnesa5rpoy
swanlab: 👋 Hi fenglin,welcome to swanlab!
swanlab: Syncing run mmr_lambda_sweep_1024__build.retrieval.mmr_lambda-0.2 to the cloud
swanlab: 🏠 View project at https://swanlab.cn/@fenglin/fact-checking-build-train-infer
swanlab: 🚀 View run at https://swanlab.cn/@fenglin/fact-checking-build-train-infer/runs/6fvr0u5ikqtwnesa5rpoy
2026-05-11 17:37:19 | INFO | __main__ | trainer.py:207 | [INFO] saved resolved config to /data/liaozijie/fact-checking/outputs/runs/mmr_lambda_sweep_1024/build.retrieval.mmr_lambda-0.2__2ebf5b17/train/config.resolved.yaml
2026-05-11 17:37:20 | INFO | __main__ | stats.py:59 | [PROMPT_STATS] split=train pre_mean=773.67 pre_p95=987 pre_overflow=0 post_mean=773.67 post_p95=987 post_overflow=0 truncated=589 trunc_rate=0.0585
2026-05-11 17:37:20 | INFO | __main__ | stats.py:59 | [PROMPT_STATS] split=val pre_mean=785.42 pre_p95=980 pre_overflow=0 post_mean=785.42 post_p95=980 post_overflow=0 truncated=61 trunc_rate=0.0479
2026-05-11 17:37:20 | INFO | __main__ | trainer.py:269 | [INFO] prompt statistics saved to /data/liaozijie/fact-checking/outputs/runs/mmr_lambda_sweep_1024/build.retrieval.mmr_lambda-0.2__2ebf5b17/train/prompt_stats/prompt_stats.json

Loading checkpoint shards:   0%|          | 0/4 [00:00<?, ?it/s]
Loading checkpoint shards:   0%|          | 0/4 [00:00<?, ?it/s]
Loading checkpoint shards:   0%|          | 0/4 [00:00<?, ?it/s]
Loading checkpoint shards:   0%|          | 0/4 [00:00<?, ?it/s]
Loading checkpoint shards: 100%|██████████| 4/4 [00:00<00:00, 102.47it/s]

Loading checkpoint shards: 100%|██████████| 4/4 [00:00<00:00, 103.57it/s]

Loading checkpoint shards: 100%|██████████| 4/4 [00:00<00:00, 109.60it/s]

Loading checkpoint shards: 100%|██████████| 4/4 [00:00<00:00, 110.28it/s]
2026-05-11 17:37:20 | INFO | __main__ | adapters.py:97 | [INFO] LoRA enabled: trainable parameters=40370176 / 7655986688 (0.5273%), r=16, alpha=32
2026-05-11 17:37:42 | INFO | __main__ | trainer.py:359 | [INFO] Optimizer will update LoRA/trainable parameters only.
2026-05-11 17:37:48 | INFO | __main__ | trainer.py:390 | [INFO] dataloader length around accelerator.prepare: before=2516, after=629
2026-05-11 17:37:48 | WARNING | __main__ | trainer.py:396 | [WARN] len(train_dl) changed after accelerator.prepare: before=2516, after=629. This may indicate duplicated sharding/re-partitioning across distributed samplers.
2026-05-11 17:37:48 | INFO | __main__ | trainer.py:413 | [INFO] train progress setup (post-prepare): num_epochs=2, len(train_dl)=629, effective_grad_accum_steps=2, update_steps_per_epoch=315, max_train_steps=630
2026-05-11 17:37:48 | INFO | __main__ | trainer.py:122 | [INFO] logit_adjust enabled: tau=1.000 priors=['0.0807', '0.1945', '0.1601', '0.2074', '0.1937', '0.1636'] letters=[362, 425, 356, 422, 468, 434] prefix=[2476, 25]
2026-05-11 17:37:48 | INFO | __main__ | trainer.py:434 | [INFO] logit_adjust config saved to /data/liaozijie/fact-checking/outputs/runs/mmr_lambda_sweep_1024/build.retrieval.mmr_lambda-0.2__2ebf5b17/train/logit_adjust.json

  0%|          | 0/630 [00:00<?, ?it/s]
  0%|          | 1/630 [00:07<1:14:52,  7.14s/it]
  0%|          | 2/630 [00:13<1:07:04,  6.41s/it]
  0%|          | 3/630 [00:18<1:00:05,  5.75s/it]
  1%|          | 4/630 [00:23<59:30,  5.70s/it]  
  1%|          | 5/630 [00:28<57:23,  5.51s/it]
  1%|          | 6/630 [00:33<52:40,  5.06s/it]
  1%|          | 7/630 [00:40<59:27,  5.73s/it]
  1%|▏         | 8/630 [00:46<1:01:14,  5.91s/it]
  1%|▏         | 9/630 [00:51<57:40,  5.57s/it]  
  2%|▏         | 10/630 [00:56<56:55,  5.51s/it]
  2%|▏         | 11/630 [01:01<56:21,  5.46s/it]
  2%|▏         | 12/630 [01:06<52:19,  5.08s/it]
  2%|▏         | 13/630 [01:12<55:30,  5.40s/it]
  2%|▏         | 14/630 [01:18<57:30,  5.60s/it]
  2%|▏         | 15/630 [01:23<57:15,  5.59s/it]
  3%|▎         | 16/630 [01:29<57:17,  5.60s/it]
  3%|▎         | 17/630 [01:34<54:06,  5.30s/it]
  3%|▎         | 18/630 [01:39<54:21,  5.33s/it]
  3%|▎         | 19/630 [01:45<55:46,  5.48s/it]
  3%|▎         | 20/630 [01:51<58:57,  5.80s/it]
  3%|▎         | 21/630 [01:57<58:56,  5.81s/it]
  3%|▎         | 22/630 [02:03<58:00,  5.72s/it]
  4%|▎         | 23/630 [02:08<56:38,  5.60s/it]
  4%|▍         | 24/630 [02:12<52:59,  5.25s/it]
  4%|▍         | 25/630 [02:17<51:22,  5.10s/it]
  4%|▍         | 26/630 [02:23<54:41,  5.43s/it]
  4%|▍         | 27/630 [02:29<53:31,  5.33s/it]
  4%|▍         | 28/630 [02:34<53:28,  5.33s/it]
  5%|▍         | 29/630 [02:39<53:18,  5.32s/it]
  5%|▍         | 30/630 [02:45<54:32,  5.45s/it]
  5%|▍         | 31/630 [02:49<50:34,  5.07s/it]
  5%|▌         | 32/630 [02:56<54:45,  5.49s/it]
  5%|▌         | 33/630 [03:02<56:28,  5.68s/it]
  5%|▌         | 34/630 [03:08<56:55,  5.73s/it]
  6%|▌         | 35/630 [03:13<56:25,  5.69s/it]
  6%|▌         | 36/630 [03:18<54:56,  5.55s/it]
  6%|▌         | 37/630 [03:23<51:13,  5.18s/it]
  6%|▌         | 38/630 [03:28<52:35,  5.33s/it]
  6%|▌         | 39/630 [03:35<55:48,  5.67s/it]
  6%|▋         | 40/630 [03:41<56:31,  5.75s/it]
  7%|▋         | 41/630 [03:46<55:48,  5.68s/it]
  7%|▋         | 42/630 [03:52<54:36,  5.57s/it]
  7%|▋         | 43/630 [03:57<53:34,  5.48s/it]
  7%|▋         | 44/630 [04:02<53:16,  5.45s/it]
  7%|▋         | 45/630 [04:09<56:38,  5.81s/it]
  7%|▋         | 46/630 [04:14<55:33,  5.71s/it]
  7%|▋         | 47/630 [04:20<54:14,  5.58s/it]
  8%|▊         | 48/630 [04:25<53:32,  5.52s/it]
  8%|▊         | 49/630 [04:29<50:02,  5.17s/it]
  8%|▊         | 50/630 [04:34<47:44,  4.94s/it]
  8%|▊         | 51/630 [04:40<51:49,  5.37s/it]
  8%|▊         | 52/630 [04:47<54:36,  5.67s/it]
  8%|▊         | 53/630 [04:52<54:47,  5.70s/it]
  9%|▊         | 54/630 [04:58<53:49,  5.61s/it]
  9%|▊         | 55/630 [05:02<50:37,  5.28s/it]
  9%|▉         | 56/630 [05:07<49:24,  5.17s/it]
  9%|▉         | 57/630 [05:13<52:28,  5.50s/it]
  9%|▉         | 58/630 [05:20<54:36,  5.73s/it]
  9%|▉         | 59/630 [05:25<52:28,  5.51s/it]
 10%|▉         | 60/630 [05:30<52:04,  5.48s/it]
 10%|▉         | 61/630 [05:35<51:08,  5.39s/it]
 10%|▉         | 62/630 [05:39<47:47,  5.05s/it]
 10%|█         | 63/630 [05:45<49:30,  5.24s/it]
 10%|█         | 64/630 [05:51<52:17,  5.54s/it]
 10%|█         | 65/630 [05:57<52:52,  5.62s/it]
 10%|█         | 66/630 [06:03<52:23,  5.57s/it]
 11%|█         | 67/630 [06:08<51:18,  5.47s/it]
 11%|█         | 68/630 [06:12<48:07,  5.14s/it]
 11%|█         | 69/630 [06:18<49:27,  5.29s/it]
 11%|█         | 70/630 [06:25<53:18,  5.71s/it]
 11%|█▏        | 71/630 [06:30<53:21,  5.73s/it]
 11%|█▏        | 72/630 [06:36<53:06,  5.71s/it]
 12%|█▏        | 73/630 [06:41<52:00,  5.60s/it]
 12%|█▏        | 74/630 [06:46<48:31,  5.24s/it]
 12%|█▏        | 75/630 [06:51<47:15,  5.11s/it]
 12%|█▏        | 76/630 [06:57<50:45,  5.50s/it]
 12%|█▏        | 77/630 [07:03<52:12,  5.66s/it]
 12%|█▏        | 78/630 [07:09<51:48,  5.63s/it]
 13%|█▎        | 79/630 [07:14<51:22,  5.59s/it]
 13%|█▎        | 80/630 [07:19<48:32,  5.30s/it]
 13%|█▎        | 81/630 [07:24<47:25,  5.18s/it]
 13%|█▎        | 82/630 [07:30<50:57,  5.58s/it]
 13%|█▎        | 83/630 [07:37<53:06,  5.83s/it]
 13%|█▎        | 84/630 [07:42<53:07,  5.84s/it]
 13%|█▎        | 85/630 [07:48<53:12,  5.86s/it]
 14%|█▎        | 86/630 [07:54<51:39,  5.70s/it]
 14%|█▍        | 87/630 [07:59<50:27,  5.58s/it]
 14%|█▍        | 88/630 [08:04<48:13,  5.34s/it]
 14%|█▍        | 89/630 [08:10<51:01,  5.66s/it]
 14%|█▍        | 90/630 [08:16<50:51,  5.65s/it]
 14%|█▍        | 91/630 [08:21<50:43,  5.65s/it]
 15%|█▍        | 92/630 [08:27<49:29,  5.52s/it]
 15%|█▍        | 93/630 [08:32<48:07,  5.38s/it]
 15%|█▍        | 94/630 [08:36<46:05,  5.16s/it]
 15%|█▌        | 95/630 [08:44<51:36,  5.79s/it]
 15%|█▌        | 96/630 [08:49<50:04,  5.63s/it]
 15%|█▌        | 97/630 [08:54<50:06,  5.64s/it]
 16%|█▌        | 98/630 [09:00<49:55,  5.63s/it]
 16%|█▌        | 99/630 [09:05<49:08,  5.55s/it]
 16%|█▌        | 100/630 [09:09<44:41,  5.06s/it]

eval:   0%|          | 0/80 [00:00<?, ?it/s][A/data/liaozijie/conda/accelerate-fc/lib/python3.11/site-packages/transformers/tokenization_utils_base.py:2751: UserWarning: `max_length` is ignored when `padding`=`True` and there is no truncation strategy. To pad to max length, use `padding='max_length'`.
  warnings.warn(
/data/liaozijie/conda/accelerate-fc/lib/python3.11/site-packages/transformers/tokenization_utils_base.py:2751: UserWarning: `max_length` is ignored when `padding`=`True` and there is no truncation strategy. To pad to max length, use `padding='max_length'`.
  warnings.warn(
/data/liaozijie/conda/accelerate-fc/lib/python3.11/site-packages/transformers/tokenization_utils_base.py:2751: UserWarning: `max_length` is ignored when `padding`=`True` and there is no truncation strategy. To pad to max length, use `padding='max_length'`.
  warnings.warn(
/data/liaozijie/conda/accelerate-fc/lib/python3.11/site-packages/transformers/tokenization_utils_base.py:2751: UserWarning: `max_length` is ignored when `padding`=`True` and there is no truncation strategy. To pad to max length, use `padding='max_length'`.
  warnings.warn(
/data/liaozijie/conda/accelerate-fc/lib/python3.11/site-packages/transformers/tokenization_utils_base.py:2751: UserWarning: `max_length` is ignored when `padding`=`True` and there is no truncation strategy. To pad to max length, use `padding='max_length'`.
  warnings.warn(
/data/liaozijie/conda/accelerate-fc/lib/python3.11/site-packages/transformers/tokenization_utils_base.py:2751: UserWarning: `max_length` is ignored when `padding`=`True` and there is no truncation strategy. To pad to max length, use `padding='max_length'`.
  warnings.warn(
/data/liaozijie/conda/accelerate-fc/lib/python3.11/site-packages/transformers/tokenization_utils_base.py:2751: UserWarning: `max_length` is ignored when `padding`=`True` and there is no truncation strategy. To pad to max length, use `padding='max_length'`.
  warnings.warn(
/data/liaozijie/conda/accelerate-fc/lib/python3.11/site-packages/transformers/tokenization_utils_base.py:2751: UserWarning: `max_length` is ignored when `padding`=`True` and there is no truncation strategy. To pad to max length, use `padding='max_length'`.
  warnings.warn(
/data/liaozijie/conda/accelerate-fc/lib/python3.11/site-packages/transformers/tokenization_utils_base.py:2751: UserWarning: `max_length` is ignored when `padding`=`True` and there is no truncation strategy. To pad to max length, use `padding='max_length'`.
  warnings.warn(
/data/liaozijie/conda/accelerate-fc/lib/python3.11/site-packages/transformers/tokenization_utils_base.py:2751: UserWarning: `max_length` is ignored when `padding`=`True` and there is no truncation strategy. To pad to max length, use `padding='max_length'`.
  warnings.warn(
/data/liaozijie/conda/accelerate-fc/lib/python3.11/site-packages/transformers/tokenization_utils_base.py:2751: UserWarning: `max_length` is ignored when `padding`=`True` and there is no truncation strategy. To pad to max length, use `padding='max_length'`.
  warnings.warn(
/data/liaozijie/conda/accelerate-fc/lib/python3.11/site-packages/transformers/tokenization_utils_base.py:2751: UserWarning: `max_length` is ignored when `padding`=`True` and there is no truncation strategy. To pad to max length, use `padding='max_length'`.
  warnings.warn(
/data/liaozijie/conda/accelerate-fc/lib/python3.11/site-packages/transformers/tokenization_utils_base.py:2751: UserWarning: `max_length` is ignored when `padding`=`True` and there is no truncation strategy. To pad to max length, use `padding='max_length'`.
  warnings.warn(
/data/liaozijie/conda/accelerate-fc/lib/python3.11/site-packages/transformers/tokenization_utils_base.py:2751: UserWarning: `max_length` is ignored when `padding`=`True` and there is no truncation strategy. To pad to max length, use `padding='max_length'`.
  warnings.warn(
/data/liaozijie/conda/accelerate-fc/lib/python3.11/site-packages/transformers/tokenization_utils_base.py:2751: UserWarning: `max_length` is ignored when `padding`=`True` and there is no truncation strategy. To pad to max length, use `padding='max_length'`.
  warnings.warn(
/data/liaozijie/conda/accelerate-fc/lib/python3.11/site-packages/transformers/tokenization_utils_base.py:2751: UserWarning: `max_length` is ignored when `padding`=`True` and there is no truncation strategy. To pad to max length, use `padding='max_length'`.
  warnings.warn(


eval:   1%|▏         | 1/80 [00:00<01:07,  1.16it/s][A

eval:   2%|▎         | 2/80 [00:01<01:10,  1.11it/s][A

eval:   4%|▍         | 3/80 [00:02<01:02,  1.23it/s][A

eval:   5%|▌         | 4/80 [00:03<00:58,  1.30it/s][A

eval:   6%|▋         | 5/80 [00:03<00:54,  1.37it/s][A

eval:   8%|▊         | 6/80 [00:04<01:01,  1.20it/s][A

eval:   9%|▉         | 7/80 [00:05<00:57,  1.26it/s][A

eval:  10%|█         | 8/80 [00:06<00:54,  1.32it/s][A

eval:  11%|█▏        | 9/80 [00:06<00:52,  1.35it/s][A

eval:  12%|█▎        | 10/80 [00:08<00:58,  1.19it/s][A

eval:  14%|█▍        | 11/80 [00:08<00:54,  1.26it/s][A

eval:  15%|█▌        | 12/80 [00:09<00:52,  1.31it/s][A

eval:  16%|█▋        | 13/80 [00:10<00:49,  1.34it/s][A

eval:  18%|█▊        | 14/80 [00:11<00:57,  1.15it/s][A

eval:  19%|█▉        | 15/80 [00:12<00:53,  1.22it/s][A

eval:  20%|██        | 16/80 [00:12<00:50,  1.27it/s][A

eval:  21%|██▏       | 17/80 [00:13<00:47,  1.32it/s][A

eval:  22%|██▎       | 18/80 [00:14<00:53,  1.15it/s][A

eval:  24%|██▍       | 19/80 [00:15<00:49,  1.24it/s][A

eval:  25%|██▌       | 20/80 [00:15<00:46,  1.30it/s][A

eval:  26%|██▋       | 21/80 [00:17<00:52,  1.12it/s][A

eval:  28%|██▊       | 22/80 [00:17<00:47,  1.21it/s][A

eval:  29%|██▉       | 23/80 [00:18<00:44,  1.27it/s][A

eval:  30%|███       | 24/80 [00:19<00:41,  1.34it/s][A

eval:  31%|███▏      | 25/80 [00:20<00:49,  1.11it/s][A

eval:  32%|███▎      | 26/80 [00:21<00:45,  1.20it/s][A

eval:  34%|███▍      | 27/80 [00:21<00:41,  1.28it/s][A

eval:  35%|███▌      | 28/80 [00:22<00:39,  1.33it/s][A

eval:  36%|███▋      | 29/80 [00:23<00:46,  1.10it/s][A

eval:  38%|███▊      | 30/80 [00:24<00:42,  1.19it/s][A

eval:  39%|███▉      | 31/80 [00:24<00:38,  1.26it/s][A

eval:  40%|████      | 32/80 [00:26<00:44,  1.08it/s][A

eval:  41%|████▏     | 33/80 [00:26<00:39,  1.18it/s][A

eval:  42%|████▎     | 34/80 [00:27<00:36,  1.25it/s][A

eval:  44%|████▍     | 35/80 [00:28<00:34,  1.30it/s][A

eval:  45%|████▌     | 36/80 [00:29<00:40,  1.10it/s][A

eval:  46%|████▋     | 37/80 [00:30<00:36,  1.18it/s][A

eval:  48%|████▊     | 38/80 [00:30<00:33,  1.26it/s][A

eval:  49%|████▉     | 39/80 [00:32<00:37,  1.09it/s][A

eval:  50%|█████     | 40/80 [00:32<00:33,  1.19it/s][A

eval:  51%|█████▏    | 41/80 [00:33<00:30,  1.27it/s][A

eval:  52%|█████▎    | 42/80 [00:34<00:28,  1.31it/s][A

eval:  54%|█████▍    | 43/80 [00:35<00:33,  1.09it/s][A

eval:  55%|█████▌    | 44/80 [00:36<00:30,  1.17it/s][A

eval:  56%|█████▋    | 45/80 [00:36<00:27,  1.26it/s][A

eval:  57%|█████▊    | 46/80 [00:37<00:25,  1.36it/s][A

eval:  59%|█████▉    | 47/80 [00:38<00:29,  1.11it/s][A

eval:  60%|██████    | 48/80 [00:39<00:26,  1.19it/s][A

eval:  61%|██████▏   | 49/80 [00:40<00:24,  1.26it/s][A

eval:  62%|██████▎   | 50/80 [00:41<00:28,  1.06it/s][A

eval:  64%|██████▍   | 51/80 [00:41<00:24,  1.19it/s][A

eval:  65%|██████▌   | 52/80 [00:42<00:22,  1.25it/s][A

eval:  66%|██████▋   | 53/80 [00:43<00:20,  1.31it/s][A

eval:  68%|██████▊   | 54/80 [00:44<00:23,  1.11it/s][A

eval:  69%|██████▉   | 55/80 [00:45<00:20,  1.19it/s][A

eval:  70%|███████   | 56/80 [00:45<00:19,  1.25it/s][A

eval:  71%|███████▏  | 57/80 [00:47<00:21,  1.06it/s][A

eval:  72%|███████▎  | 58/80 [00:47<00:19,  1.16it/s][A

eval:  74%|███████▍  | 59/80 [00:48<00:17,  1.23it/s][A

eval:  75%|███████▌  | 60/80 [00:49<00:15,  1.28it/s][A

eval:  76%|███████▋  | 61/80 [00:50<00:17,  1.07it/s][A

eval:  78%|███████▊  | 62/80 [00:51<00:15,  1.16it/s][A

eval:  79%|███████▉  | 63/80 [00:51<00:13,  1.24it/s][A

eval:  80%|████████  | 64/80 [00:53<00:15,  1.06it/s][A

eval:  81%|████████▏ | 65/80 [00:53<00:12,  1.16it/s][A

eval:  82%|████████▎ | 66/80 [00:54<00:11,  1.23it/s][A

eval:  84%|████████▍ | 67/80 [00:55<00:10,  1.29it/s][A

eval:  85%|████████▌ | 68/80 [00:56<00:11,  1.08it/s][A

eval:  86%|████████▋ | 69/80 [00:57<00:09,  1.18it/s][A

eval:  88%|████████▊ | 70/80 [00:57<00:07,  1.25it/s][A

eval:  89%|████████▉ | 71/80 [00:59<00:08,  1.04it/s][A

eval:  90%|█████████ | 72/80 [00:59<00:07,  1.14it/s][A

eval:  91%|█████████▏| 73/80 [01:00<00:05,  1.22it/s][A

eval:  92%|█████████▎| 74/80 [01:01<00:04,  1.28it/s][A

eval:  94%|█████████▍| 75/80 [01:02<00:04,  1.07it/s][A

eval:  95%|█████████▌| 76/80 [01:03<00:03,  1.16it/s][A

eval:  96%|█████████▋| 77/80 [01:03<00:02,  1.24it/s][A

eval:  98%|█████████▊| 78/80 [01:05<00:01,  1.06it/s][A

eval:  99%|█████████▉| 79/80 [01:05<00:00,  1.19it/s][A

eval: 100%|██████████| 80/80 [01:06<00:00,  1.27it/s][A

                                                     [A2026-05-11 17:48:04 | INFO | __main__ | eval.py:43 | [EVAL_SAMPLE] idx=0 pred=false gold=barely-true output=Label: B explain=Hartzler said, "We have less Americans working now than in the ‘70s." The statistics Hartzler’s staff said she cited show the employment-population ratio and labor force participation rate was indeed higher in 1979 than in 2015. However,... prompt=<|im_start|>system
You are a careful fact-checking assistant for LIAR-RAW claims. Classify claims using only the claim and retrieved evidence supplied by the user.<|im_end|>
<|im_start|>user
Classify the claim into exactly one LIAR-RAW l...
2026-05-11 17:48:04 | INFO | __main__ | eval.py:43 | [EVAL_SAMPLE] idx=0 pred=false gold=barely-true output=Label: B explain=Hartzler said, "We have less Americans working now than in the ‘70s." The statistics Hartzler’s staff said she cited show the employment-population ratio and labor force participation rate was indeed higher in 1979 than in 2015. However,... prompt=<|im_start|>system
You are a careful fact-checking assistant for LIAR-RAW claims. Classify claims using only the claim and retrieved evidence supplied by the user.<|im_end|>
<|im_start|>user
Classify the claim into exactly one LIAR-RAW l...
2026-05-11 17:48:04 | INFO | __main__ | eval.py:43 | [EVAL_SAMPLE] idx=1 pred=false gold=pants-fire output=Label: B explain=Ellison used a Koran that once belonged to Thomas Jefferson, borrowing the rare book from the Library of Congress. It goes without saying that Ellison is not Obama. UPDATE: Barack Obama resigned from Trinity United Church of Christ on Ma... prompt=<|im_start|>system
You are a careful fact-checking assistant for LIAR-RAW claims. Classify claims using only the claim and retrieved evidence supplied by the user.<|im_end|>
<|im_start|>user
Classify the claim into exactly one LIAR-RAW l...
2026-05-11 17:48:04 | INFO | __main__ | eval.py:43 | [EVAL_SAMPLE] idx=1 pred=false gold=pants-fire output=Label: B explain=Ellison used a Koran that once belonged to Thomas Jefferson, borrowing the rare book from the Library of Congress. It goes without saying that Ellison is not Obama. UPDATE: Barack Obama resigned from Trinity United Church of Christ on Ma... prompt=<|im_start|>system
You are a careful fact-checking assistant for LIAR-RAW claims. Classify claims using only the claim and retrieved evidence supplied by the user.<|im_end|>
<|im_start|>user
Classify the claim into exactly one LIAR-RAW l...
2026-05-11 17:48:04 | INFO | __main__ | eval.py:43 | [EVAL_SAMPLE] idx=2 pred=true gold=false output=Label: F explain=However, we have two professors who say the law is silent on political activity -- even if one of them sees an implicit prohibition -- and a plain reading of the law that states no explicit ban. Blumenauer said that "the statute a hundre... prompt=<|im_start|>system
You are a careful fact-checking assistant for LIAR-RAW claims. Classify claims using only the claim and retrieved evidence supplied by the user.<|im_end|>
<|im_start|>user
Classify the claim into exactly one LIAR-RAW l...
2026-05-11 17:48:04 | INFO | __main__ | trainer.py:563 | [eval] step=100 accuracy=0.2328 macro_precision=0.2571 macro_recall=0.2452 macro_f1=0.2054 parse_error_rate=0.0000
2026-05-11 17:48:04 | INFO | __main__ | trainer.py:563 | [eval] per_class:
2026-05-11 17:48:04 | INFO | __main__ | trainer.py:563 |   - barely-true: P=0.1845 R=0.0802 F1=0.1118
2026-05-11 17:48:04 | INFO | __main__ | trainer.py:563 |   - false: P=0.2300 R=0.4521 F1=0.3049
2026-05-11 17:48:04 | INFO | __main__ | trainer.py:563 |   - half-true: P=0.2558 R=0.2236 F1=0.2386
2026-05-11 17:48:04 | INFO | __main__ | trainer.py:563 |   - mostly-true: P=0.4000 R=0.0080 F1=0.0156
2026-05-11 17:48:04 | INFO | __main__ | trainer.py:563 |   - pants-fire: P=0.2411 R=0.2931 F1=0.2646
2026-05-11 17:48:04 | INFO | __main__ | trainer.py:563 |   - true: P=0.2310 R=0.4142 F1=0.2966

 16%|█▌        | 101/630 [10:30<4:04:46, 27.76s/it]
 16%|█▌        | 102/630 [10:37<3:08:13, 21.39s/it]
 16%|█▋        | 103/630 [10:42<2:26:37, 16.69s/it]
 17%|█▋        | 104/630 [10:48<1:58:04, 13.47s/it]
 17%|█▋        | 105/630 [10:53<1:34:33, 10.81s/it]
 17%|█▋        | 106/630 [10:57<1:17:42,  8.90s/it]
 17%|█▋        | 107/630 [11:04<1:10:42,  8.11s/it]
 17%|█▋        | 108/630 [11:09<1:04:22,  7.40s/it]
 17%|█▋        | 109/630 [11:15<58:31,  6.74s/it]  
 17%|█▋        | 110/630 [11:20<55:39,  6.42s/it]
 18%|█▊        | 111/630 [11:26<52:40,  6.09s/it]
 18%|█▊        | 112/630 [11:31<50:12,  5.81s/it]
 18%|█▊        | 113/630 [11:36<47:38,  5.53s/it]
 18%|█▊        | 114/630 [11:43<51:23,  5.98s/it]
 18%|█▊        | 115/630 [11:48<49:10,  5.73s/it]
 18%|█▊        | 116/630 [11:53<47:19,  5.53s/it]
 19%|█▊        | 117/630 [11:57<44:36,  5.22s/it]
 19%|█▊        | 118/630 [12:02<43:13,  5.07s/it]
 19%|█▉        | 119/630 [12:07<43:40,  5.13s/it]
 19%|█▉        | 120/630 [12:14<47:28,  5.59s/it]
 19%|█▉        | 121/630 [12:20<48:13,  5.68s/it]
 19%|█▉        | 122/630 [12:25<46:59,  5.55s/it]
 20%|█▉        | 123/630 [12:30<46:13,  5.47s/it]
 20%|█▉        | 124/630 [12:35<44:46,  5.31s/it]
 20%|█▉        | 125/630 [12:39<40:05,  4.76s/it]
 20%|██        | 126/630 [12:45<44:27,  5.29s/it]
 20%|██        | 127/630 [12:51<45:03,  5.38s/it]
 20%|██        | 128/630 [12:56<43:10,  5.16s/it]
 20%|██        | 129/630 [13:01<43:44,  5.24s/it]
 21%|██        | 130/630 [13:06<42:59,  5.16s/it]
 21%|██        | 131/630 [13:10<40:57,  4.92s/it]
 21%|██        | 132/630 [13:17<44:02,  5.31s/it]
 21%|██        | 133/630 [13:23<45:53,  5.54s/it]
 21%|██▏       | 134/630 [13:28<46:23,  5.61s/it]
 21%|██▏       | 135/630 [13:34<46:26,  5.63s/it]
 22%|██▏       | 136/630 [13:39<45:40,  5.55s/it]
 22%|██▏       | 137/630 [13:44<42:37,  5.19s/it]
 22%|██▏       | 138/630 [13:50<46:05,  5.62s/it]
 22%|██▏       | 139/630 [13:57<48:40,  5.95s/it]
 22%|██▏       | 140/630 [14:02<47:03,  5.76s/it]
 22%|██▏       | 141/630 [14:08<45:49,  5.62s/it]
 23%|██▎       | 142/630 [14:13<44:31,  5.47s/it]
 23%|██▎       | 143/630 [14:17<41:57,  5.17s/it]
 23%|██▎       | 144/630 [14:23<42:32,  5.25s/it]
 23%|██▎       | 145/630 [14:29<45:51,  5.67s/it]
 23%|██▎       | 146/630 [14:35<46:14,  5.73s/it]
 23%|██▎       | 147/630 [14:41<46:24,  5.77s/it]
 23%|██▎       | 148/630 [14:46<45:18,  5.64s/it]
 24%|██▎       | 149/630 [14:52<44:19,  5.53s/it]
 24%|██▍       | 150/630 [14:56<40:25,  5.05s/it]
 24%|██▍       | 151/630 [15:02<43:15,  5.42s/it]
 24%|██▍       | 152/630 [15:08<44:30,  5.59s/it]
 24%|██▍       | 153/630 [15:14<44:34,  5.61s/it]
 24%|██▍       | 154/630 [15:19<44:15,  5.58s/it]
 25%|██▍       | 155/630 [15:25<44:25,  5.61s/it]
 25%|██▍       | 156/630 [15:29<41:09,  5.21s/it]
 25%|██▍       | 157/630 [15:36<44:33,  5.65s/it]
 25%|██▌       | 158/630 [15:42<47:01,  5.98s/it]
 25%|██▌       | 159/630 [15:48<45:01,  5.74s/it]
 25%|██▌       | 160/630 [15:53<43:18,  5.53s/it]
 26%|██▌       | 161/630 [15:57<40:48,  5.22s/it]
 26%|██▌       | 162/630 [16:02<39:24,  5.05s/it]
 26%|██▌       | 163/630 [16:07<38:39,  4.97s/it]
 26%|██▌       | 164/630 [16:13<41:18,  5.32s/it]
 26%|██▌       | 165/630 [16:19<42:13,  5.45s/it]
 26%|██▋       | 166/630 [16:24<42:32,  5.50s/it]
 27%|██▋       | 167/630 [16:29<41:52,  5.43s/it]
 27%|██▋       | 168/630 [16:34<39:21,  5.11s/it]
 27%|██▋       | 169/630 [16:39<40:21,  5.25s/it]
 27%|██▋       | 170/630 [16:47<44:50,  5.85s/it]
 27%|██▋       | 171/630 [16:53<45:23,  5.93s/it]
 27%|██▋       | 172/630 [16:58<42:47,  5.61s/it]
 27%|██▋       | 173/630 [17:03<43:08,  5.66s/it]
 28%|██▊       | 174/630 [17:09<43:50,  5.77s/it]
 28%|██▊       | 175/630 [17:14<41:31,  5.48s/it]
 28%|██▊       | 176/630 [17:20<43:08,  5.70s/it]
 28%|██▊       | 177/630 [17:27<45:02,  5.96s/it]
 28%|██▊       | 178/630 [17:33<44:02,  5.85s/it]
 28%|██▊       | 179/630 [17:37<41:39,  5.54s/it]
 29%|██▊       | 180/630 [17:42<39:36,  5.28s/it]
 29%|██▊       | 181/630 [17:46<37:04,  4.95s/it]
 29%|██▉       | 182/630 [17:52<39:48,  5.33s/it]
 29%|██▉       | 183/630 [17:58<40:59,  5.50s/it]
 29%|██▉       | 184/630 [18:04<41:39,  5.60s/it]
 29%|██▉       | 185/630 [18:10<41:16,  5.57s/it]
 30%|██▉       | 186/630 [18:15<40:25,  5.46s/it]
 30%|██▉       | 187/630 [18:19<37:36,  5.09s/it]
 30%|██▉       | 188/630 [18:25<39:00,  5.30s/it]
 30%|███       | 189/630 [18:31<41:16,  5.62s/it]
 30%|███       | 190/630 [18:37<42:09,  5.75s/it]
 30%|███       | 191/630 [18:43<42:14,  5.77s/it]
 30%|███       | 192/630 [18:49<41:24,  5.67s/it]
 31%|███       | 193/630 [18:54<40:02,  5.50s/it]
 31%|███       | 194/630 [18:59<39:49,  5.48s/it]
 31%|███       | 195/630 [19:05<40:02,  5.52s/it]
 31%|███       | 196/630 [19:11<40:36,  5.61s/it]
 31%|███▏      | 197/630 [19:16<40:45,  5.65s/it]
 31%|███▏      | 198/630 [19:22<40:09,  5.58s/it]
 32%|███▏      | 199/630 [19:27<39:14,  5.46s/it]
 32%|███▏      | 200/630 [19:31<35:59,  5.02s/it]

eval:   0%|          | 0/80 [00:00<?, ?it/s][A

eval:   1%|▏         | 1/80 [00:00<00:55,  1.44it/s][A

eval:   2%|▎         | 2/80 [00:01<01:15,  1.03it/s][A

eval:   4%|▍         | 3/80 [00:02<01:05,  1.18it/s][A

eval:   5%|▌         | 4/80 [00:03<00:59,  1.27it/s][A

eval:   6%|▋         | 5/80 [00:03<00:55,  1.34it/s][A

eval:   8%|▊         | 6/80 [00:05<01:06,  1.11it/s][A

eval:   9%|▉         | 7/80 [00:05<01:00,  1.20it/s][A

eval:  10%|█         | 8/80 [00:06<00:56,  1.27it/s][A

eval:  11%|█▏        | 9/80 [00:07<01:06,  1.07it/s][A

eval:  12%|█▎        | 10/80 [00:08<01:00,  1.16it/s][A

eval:  14%|█▍        | 11/80 [00:09<00:55,  1.24it/s][A

eval:  15%|█▌        | 12/80 [00:09<00:52,  1.30it/s][A

eval:  16%|█▋        | 13/80 [00:11<01:01,  1.09it/s][A

eval:  18%|█▊        | 14/80 [00:11<00:56,  1.18it/s][A

eval:  19%|█▉        | 15/80 [00:12<00:52,  1.24it/s][A

eval:  20%|██        | 16/80 [00:13<00:59,  1.07it/s][A

eval:  21%|██▏       | 17/80 [00:14<00:54,  1.16it/s][A

eval:  22%|██▎       | 18/80 [00:15<00:50,  1.24it/s][A

eval:  24%|██▍       | 19/80 [00:15<00:46,  1.31it/s][A

eval:  25%|██▌       | 20/80 [00:16<00:52,  1.15it/s][A

eval:  26%|██▋       | 21/80 [00:17<00:47,  1.23it/s][A

eval:  28%|██▊       | 22/80 [00:18<00:44,  1.30it/s][A

eval:  29%|██▉       | 23/80 [00:18<00:42,  1.33it/s][A

eval:  30%|███       | 24/80 [00:20<00:48,  1.16it/s][A

eval:  31%|███▏      | 25/80 [00:20<00:44,  1.24it/s][A

eval:  32%|███▎      | 26/80 [00:21<00:41,  1.30it/s][A

eval:  34%|███▍      | 27/80 [00:22<00:47,  1.11it/s][A

eval:  35%|███▌      | 28/80 [00:23<00:43,  1.19it/s][A

eval:  36%|███▋      | 29/80 [00:23<00:40,  1.27it/s][A

eval:  38%|███▊      | 30/80 [00:24<00:37,  1.32it/s][A

eval:  39%|███▉      | 31/80 [00:25<00:45,  1.09it/s][A

eval:  40%|████      | 32/80 [00:26<00:40,  1.17it/s][A

eval:  41%|████▏     | 33/80 [00:27<00:37,  1.24it/s][A

eval:  42%|████▎     | 34/80 [00:28<00:43,  1.05it/s][A

eval:  44%|████▍     | 35/80 [00:29<00:39,  1.14it/s][A

eval:  45%|████▌     | 36/80 [00:30<00:36,  1.21it/s][A

eval:  46%|████▋     | 37/80 [00:30<00:33,  1.27it/s][A

eval:  48%|████▊     | 38/80 [00:31<00:37,  1.11it/s][A

eval:  49%|████▉     | 39/80 [00:32<00:33,  1.21it/s][A

eval:  50%|█████     | 40/80 [00:33<00:30,  1.30it/s][A

eval:  51%|█████▏    | 41/80 [00:33<00:28,  1.35it/s][A

eval:  52%|█████▎    | 42/80 [00:35<00:33,  1.14it/s][A

eval:  54%|█████▍    | 43/80 [00:35<00:30,  1.22it/s][A

eval:  55%|█████▌    | 44/80 [00:36<00:28,  1.28it/s][A

eval:  56%|█████▋    | 45/80 [00:37<00:32,  1.09it/s][A

eval:  57%|█████▊    | 46/80 [00:38<00:28,  1.21it/s][A

eval:  59%|█████▉    | 47/80 [00:39<00:25,  1.27it/s][A

eval:  60%|██████    | 48/80 [00:39<00:24,  1.32it/s][A

eval:  61%|██████▏   | 49/80 [00:40<00:28,  1.09it/s][A

eval:  62%|██████▎   | 50/80 [00:41<00:25,  1.18it/s][A

eval:  64%|██████▍   | 51/80 [00:42<00:22,  1.29it/s][A

eval:  65%|██████▌   | 52/80 [00:43<00:25,  1.08it/s][A

eval:  66%|██████▋   | 53/80 [00:44<00:22,  1.18it/s][A

eval:  68%|██████▊   | 54/80 [00:44<00:20,  1.25it/s][A

eval:  69%|██████▉   | 55/80 [00:45<00:19,  1.30it/s][A

eval:  70%|███████   | 56/80 [00:46<00:21,  1.12it/s][A

eval:  71%|███████▏  | 57/80 [00:47<00:19,  1.20it/s][A

eval:  72%|███████▎  | 58/80 [00:48<00:17,  1.27it/s][A

eval:  74%|███████▍  | 59/80 [00:48<00:15,  1.32it/s][A

eval:  75%|███████▌  | 60/80 [00:50<00:17,  1.13it/s][A

eval:  76%|███████▋  | 61/80 [00:50<00:15,  1.20it/s][A

eval:  78%|███████▊  | 62/80 [00:51<00:14,  1.27it/s][A

eval:  79%|███████▉  | 63/80 [00:52<00:16,  1.06it/s][A

eval:  80%|████████  | 64/80 [00:53<00:13,  1.15it/s][A

eval:  81%|████████▏ | 65/80 [00:54<00:12,  1.23it/s][A

eval:  82%|████████▎ | 66/80 [00:54<00:10,  1.29it/s][A

eval:  84%|████████▍ | 67/80 [00:56<00:12,  1.08it/s][A

eval:  85%|████████▌ | 68/80 [00:56<00:10,  1.17it/s][A

eval:  86%|████████▋ | 69/80 [00:57<00:08,  1.25it/s][A

eval:  88%|████████▊ | 70/80 [00:58<00:09,  1.05it/s][A

eval:  89%|████████▉ | 71/80 [00:59<00:07,  1.14it/s][A

eval:  90%|█████████ | 72/80 [01:00<00:06,  1.22it/s][A

eval:  91%|█████████▏| 73/80 [01:00<00:05,  1.28it/s][A

eval:  92%|█████████▎| 74/80 [01:02<00:05,  1.07it/s][A

eval:  94%|█████████▍| 75/80 [01:02<00:04,  1.16it/s][A

eval:  95%|█████████▌| 76/80 [01:03<00:03,  1.23it/s][A

eval:  96%|█████████▋| 77/80 [01:04<00:02,  1.04it/s][A

eval:  98%|█████████▊| 78/80 [01:05<00:01,  1.14it/s][A

eval:  99%|█████████▉| 79/80 [01:06<00:00,  1.26it/s][A

eval: 100%|██████████| 80/80 [01:06<00:00,  1.33it/s][A

                                                     [A2026-05-11 17:58:26 | INFO | __main__ | eval.py:43 | [EVAL_SAMPLE] idx=0 pred=false gold=barely-true output=Label: B explain=Hartzler said, "We have less Americans working now than in the ‘70s." The statistics Hartzler’s staff said she cited show the employment-population ratio and labor force participation rate was indeed higher in 1979 than in 2015. However,... prompt=<|im_start|>system
You are a careful fact-checking assistant for LIAR-RAW claims. Classify claims using only the claim and retrieved evidence supplied by the user.<|im_end|>
<|im_start|>user
Classify the claim into exactly one LIAR-RAW l...
2026-05-11 17:58:26 | INFO | __main__ | eval.py:43 | [EVAL_SAMPLE] idx=0 pred=false gold=barely-true output=Label: B explain=Hartzler said, "We have less Americans working now than in the ‘70s." The statistics Hartzler’s staff said she cited show the employment-population ratio and labor force participation rate was indeed higher in 1979 than in 2015. However,... prompt=<|im_start|>system
You are a careful fact-checking assistant for LIAR-RAW claims. Classify claims using only the claim and retrieved evidence supplied by the user.<|im_end|>
<|im_start|>user
Classify the claim into exactly one LIAR-RAW l...
2026-05-11 17:58:26 | INFO | __main__ | eval.py:43 | [EVAL_SAMPLE] idx=1 pred=false gold=pants-fire output=Label: B explain=Ellison used a Koran that once belonged to Thomas Jefferson, borrowing the rare book from the Library of Congress. It goes without saying that Ellison is not Obama. UPDATE: Barack Obama resigned from Trinity United Church of Christ on Ma... prompt=<|im_start|>system
You are a careful fact-checking assistant for LIAR-RAW claims. Classify claims using only the claim and retrieved evidence supplied by the user.<|im_end|>
<|im_start|>user
Classify the claim into exactly one LIAR-RAW l...
2026-05-11 17:58:26 | INFO | __main__ | eval.py:43 | [EVAL_SAMPLE] idx=1 pred=false gold=pants-fire output=Label: B explain=Ellison used a Koran that once belonged to Thomas Jefferson, borrowing the rare book from the Library of Congress. It goes without saying that Ellison is not Obama. UPDATE: Barack Obama resigned from Trinity United Church of Christ on Ma... prompt=<|im_start|>system
You are a careful fact-checking assistant for LIAR-RAW claims. Classify claims using only the claim and retrieved evidence supplied by the user.<|im_end|>
<|im_start|>user
Classify the claim into exactly one LIAR-RAW l...
2026-05-11 17:58:26 | INFO | __main__ | eval.py:43 | [EVAL_SAMPLE] idx=2 pred=barely-true gold=false output=Label: C explain=However, we have two professors who say the law is silent on political activity -- even if one of them sees an implicit prohibition -- and a plain reading of the law that states no explicit ban. Blumenauer said that "the statute a hundre... prompt=<|im_start|>system
You are a careful fact-checking assistant for LIAR-RAW claims. Classify claims using only the claim and retrieved evidence supplied by the user.<|im_end|>
<|im_start|>user
Classify the claim into exactly one LIAR-RAW l...
2026-05-11 17:58:26 | INFO | __main__ | trainer.py:563 | [eval] step=200 accuracy=0.2547 macro_precision=0.2954 macro_recall=0.2662 macro_f1=0.2385 parse_error_rate=0.0000
2026-05-11 17:58:26 | INFO | __main__ | trainer.py:563 | [eval] per_class:
2026-05-11 17:58:26 | INFO | __main__ | trainer.py:563 |   - barely-true: P=0.2196 R=0.4641 F1=0.2981
2026-05-11 17:58:26 | INFO | __main__ | trainer.py:563 |   - false: P=0.2717 R=0.2644 F1=0.2680
2026-05-11 17:58:26 | INFO | __main__ | trainer.py:563 |   - half-true: P=0.2749 R=0.1911 F1=0.2254
2026-05-11 17:58:26 | INFO | __main__ | trainer.py:563 |   - mostly-true: P=0.4615 R=0.0239 F1=0.0455
2026-05-11 17:58:26 | INFO | __main__ | trainer.py:563 |   - pants-fire: P=0.2517 R=0.3103 F1=0.2780
2026-05-11 17:58:26 | INFO | __main__ | trainer.py:563 |   - true: P=0.2929 R=0.3432 F1=0.3161

 32%|███▏      | 201/630 [20:52<3:19:28, 27.90s/it]
 32%|███▏      | 202/630 [20:58<2:32:24, 21.37s/it]
 32%|███▏      | 203/630 [21:04<1:58:52, 16.70s/it]
 32%|███▏      | 204/630 [21:09<1:34:21, 13.29s/it]
 33%|███▎      | 205/630 [21:15<1:17:18, 10.91s/it]
 33%|███▎      | 206/630 [21:19<1:03:32,  8.99s/it]
 33%|███▎      | 207/630 [21:26<57:33,  8.16s/it]  
 33%|███▎      | 208/630 [21:32<54:44,  7.78s/it]
 33%|███▎      | 209/630 [21:39<51:25,  7.33s/it]
 33%|███▎      | 210/630 [21:44<46:12,  6.60s/it]
 33%|███▎      | 211/630 [21:49<43:37,  6.25s/it]
 34%|███▎      | 212/630 [21:54<40:54,  5.87s/it]
 34%|███▍      | 213/630 [21:59<38:20,  5.52s/it]
 34%|███▍      | 214/630 [22:06<41:11,  5.94s/it]
 34%|███▍      | 215/630 [22:11<39:17,  5.68s/it]
 34%|███▍      | 216/630 [22:16<39:19,  5.70s/it]
 34%|███▍      | 217/630 [22:22<38:44,  5.63s/it]
 35%|███▍      | 218/630 [22:27<37:32,  5.47s/it]
 35%|███▍      | 219/630 [22:32<37:16,  5.44s/it]
 35%|███▍      | 220/630 [22:39<38:50,  5.68s/it]
 35%|███▌      | 221/630 [22:44<38:10,  5.60s/it]
 35%|███▌      | 222/630 [22:50<38:01,  5.59s/it]
 35%|███▌      | 223/630 [22:55<36:29,  5.38s/it]
 36%|███▌      | 224/630 [22:59<34:43,  5.13s/it]
 36%|███▌      | 225/630 [23:04<33:19,  4.94s/it]
 36%|███▌      | 226/630 [23:10<35:52,  5.33s/it]
 36%|███▌      | 227/630 [23:16<37:08,  5.53s/it]
 36%|███▌      | 228/630 [23:21<35:51,  5.35s/it]
 36%|███▋      | 229/630 [23:26<36:03,  5.40s/it]
 37%|███▋      | 230/630 [23:31<35:30,  5.33s/it]
 37%|███▋      | 231/630 [23:36<33:09,  4.99s/it]
 37%|███▋      | 232/630 [23:43<37:07,  5.60s/it]
 37%|███▋      | 233/630 [23:48<36:45,  5.56s/it]
 37%|███▋      | 234/630 [23:54<36:25,  5.52s/it]
 37%|███▋      | 235/630 [23:59<36:32,  5.55s/it]
 37%|███▋      | 236/630 [24:04<35:58,  5.48s/it]
 38%|███▊      | 237/630 [24:09<33:34,  5.13s/it]
 38%|███▊      | 238/630 [24:14<34:33,  5.29s/it]
 38%|███▊      | 239/630 [24:21<36:35,  5.61s/it]
 38%|███▊      | 240/630 [24:27<36:48,  5.66s/it]
 38%|███▊      | 241/630 [24:32<37:13,  5.74s/it]
 38%|███▊      | 242/630 [24:38<36:44,  5.68s/it]
 39%|███▊      | 243/630 [24:43<36:09,  5.61s/it]
 39%|███▊      | 244/630 [24:49<35:41,  5.55s/it]
 39%|███▉      | 245/630 [24:55<37:21,  5.82s/it]
 39%|███▉      | 246/630 [25:00<35:58,  5.62s/it]
 39%|███▉      | 247/630 [25:06<35:28,  5.56s/it]
 39%|███▉      | 248/630 [25:11<34:36,  5.44s/it]
 40%|███▉      | 249/630 [25:15<32:30,  5.12s/it]
 40%|███▉      | 250/630 [25:20<31:46,  5.02s/it]
 40%|███▉      | 251/630 [25:27<34:42,  5.49s/it]
 40%|████      | 252/630 [25:33<35:42,  5.67s/it]
 40%|████      | 253/630 [25:39<35:37,  5.67s/it]
 40%|████      | 254/630 [25:44<35:20,  5.64s/it]
 40%|████      | 255/630 [25:49<33:20,  5.33s/it]
 41%|████      | 256/630 [25:54<32:37,  5.23s/it]
 41%|████      | 257/630 [26:00<34:48,  5.60s/it]
 41%|████      | 258/630 [26:06<35:56,  5.80s/it]
 41%|████      | 259/630 [26:13<36:35,  5.92s/it]
 41%|████▏     | 260/630 [26:18<35:56,  5.83s/it]
 41%|████▏     | 261/630 [26:24<35:39,  5.80s/it]
 42%|████▏     | 262/630 [26:29<34:05,  5.56s/it]
 42%|████▏     | 263/630 [26:34<32:40,  5.34s/it]
 42%|████▏     | 264/630 [26:41<35:11,  5.77s/it]
 42%|████▏     | 265/630 [26:46<33:37,  5.53s/it]
 42%|████▏     | 266/630 [26:51<32:30,  5.36s/it]
 42%|████▏     | 267/630 [26:55<31:00,  5.12s/it]
 43%|████▎     | 268/630 [27:00<30:06,  4.99s/it]
 43%|████▎     | 269/630 [27:05<30:34,  5.08s/it]
 43%|████▎     | 270/630 [27:12<32:53,  5.48s/it]
 43%|████▎     | 271/630 [27:17<33:34,  5.61s/it]
 43%|████▎     | 272/630 [27:22<32:15,  5.41s/it]
 43%|████▎     | 273/630 [27:28<32:17,  5.43s/it]
 43%|████▎     | 274/630 [27:33<31:34,  5.32s/it]
 44%|████▎     | 275/630 [27:37<28:57,  4.90s/it]
 44%|████▍     | 276/630 [27:43<31:25,  5.33s/it]
 44%|████▍     | 277/630 [27:49<33:05,  5.62s/it]
 44%|████▍     | 278/630 [27:57<35:49,  6.11s/it]
 44%|████▍     | 279/630 [28:02<33:28,  5.72s/it]
 44%|████▍     | 280/630 [28:07<32:33,  5.58s/it]
 45%|████▍     | 281/630 [28:11<30:55,  5.32s/it]
 45%|████▍     | 282/630 [28:18<32:11,  5.55s/it]
 45%|████▍     | 283/630 [28:24<33:00,  5.71s/it]
 45%|████▌     | 284/630 [28:29<31:46,  5.51s/it]
 45%|████▌     | 285/630 [28:34<31:57,  5.56s/it]
 45%|████▌     | 286/630 [28:40<31:43,  5.53s/it]
 46%|████▌     | 287/630 [28:45<30:54,  5.41s/it]
 46%|████▌     | 288/630 [28:50<29:39,  5.20s/it]
 46%|████▌     | 289/630 [28:56<31:04,  5.47s/it]
 46%|████▌     | 290/630 [29:02<31:31,  5.56s/it]
 46%|████▌     | 291/630 [29:07<31:29,  5.57s/it]
 46%|████▋     | 292/630 [29:13<31:13,  5.54s/it]
 47%|████▋     | 293/630 [29:18<30:44,  5.47s/it]
 47%|████▋     | 294/630 [29:23<30:42,  5.48s/it]
 47%|████▋     | 295/630 [29:30<33:11,  5.94s/it]
 47%|████▋     | 296/630 [29:36<32:58,  5.92s/it]
 47%|████▋     | 297/630 [29:41<31:17,  5.64s/it]
 47%|████▋     | 298/630 [29:46<30:26,  5.50s/it]
 47%|████▋     | 299/630 [29:52<29:53,  5.42s/it]
 48%|████▊     | 300/630 [29:56<27:29,  5.00s/it]

eval:   0%|          | 0/80 [00:00<?, ?it/s][A

eval:   1%|▏         | 1/80 [00:01<01:45,  1.34s/it][A

eval:   2%|▎         | 2/80 [00:02<01:14,  1.04it/s][A

eval:   4%|▍         | 3/80 [00:02<01:04,  1.19it/s][A

eval:   5%|▌         | 4/80 [00:03<01:16,  1.01s/it][A

eval:   6%|▋         | 5/80 [00:04<01:06,  1.13it/s][A

eval:   8%|▊         | 6/80 [00:05<01:00,  1.21it/s][A

eval:   9%|▉         | 7/80 [00:06<00:57,  1.28it/s][A

eval:  10%|█         | 8/80 [00:07<01:05,  1.09it/s][A

eval:  11%|█▏        | 9/80 [00:07<01:00,  1.18it/s][A

eval:  12%|█▎        | 10/80 [00:08<00:55,  1.26it/s][A

eval:  14%|█▍        | 11/80 [00:09<01:04,  1.08it/s][A

eval:  15%|█▌        | 12/80 [00:10<00:58,  1.16it/s][A

eval:  16%|█▋        | 13/80 [00:11<00:54,  1.23it/s][A

eval:  18%|█▊        | 14/80 [00:11<00:51,  1.29it/s][A

eval:  19%|█▉        | 15/80 [00:13<00:59,  1.09it/s][A

eval:  20%|██        | 16/80 [00:13<00:54,  1.18it/s][A

eval:  21%|██▏       | 17/80 [00:14<00:50,  1.24it/s][A

eval:  22%|██▎       | 18/80 [00:15<00:58,  1.06it/s][A

eval:  24%|██▍       | 19/80 [00:16<00:52,  1.16it/s][A

eval:  25%|██▌       | 20/80 [00:17<00:48,  1.23it/s][A

eval:  26%|██▋       | 21/80 [00:17<00:45,  1.30it/s][A

eval:  28%|██▊       | 22/80 [00:19<00:52,  1.11it/s][A

eval:  29%|██▉       | 23/80 [00:19<00:47,  1.19it/s][A

eval:  30%|███       | 24/80 [00:20<00:43,  1.28it/s][A

eval:  31%|███▏      | 25/80 [00:21<00:49,  1.11it/s][A

eval:  32%|███▎      | 26/80 [00:22<00:45,  1.20it/s][A

eval:  34%|███▍      | 27/80 [00:22<00:41,  1.28it/s][A

eval:  35%|███▌      | 28/80 [00:23<00:39,  1.33it/s][A

eval:  36%|███▋      | 29/80 [00:24<00:44,  1.14it/s][A

eval:  38%|███▊      | 30/80 [00:25<00:40,  1.22it/s][A

eval:  39%|███▉      | 31/80 [00:26<00:38,  1.28it/s][A

eval:  40%|████      | 32/80 [00:26<00:36,  1.32it/s][A

eval:  41%|████▏     | 33/80 [00:28<00:42,  1.12it/s][A

eval:  42%|████▎     | 34/80 [00:28<00:38,  1.21it/s][A

eval:  44%|████▍     | 35/80 [00:29<00:35,  1.27it/s][A

eval:  45%|████▌     | 36/80 [00:30<00:41,  1.05it/s][A

eval:  46%|████▋     | 37/80 [00:31<00:37,  1.14it/s][A

eval:  48%|████▊     | 38/80 [00:32<00:34,  1.22it/s][A

eval:  49%|████▉     | 39/80 [00:32<00:31,  1.30it/s][A

eval:  50%|█████     | 40/80 [00:34<00:35,  1.13it/s][A

eval:  51%|█████▏    | 41/80 [00:34<00:32,  1.21it/s][A

eval:  52%|█████▎    | 42/80 [00:35<00:29,  1.27it/s][A

eval:  54%|█████▍    | 43/80 [00:36<00:27,  1.33it/s][A

eval:  55%|█████▌    | 44/80 [00:37<00:31,  1.14it/s][A

eval:  56%|█████▋    | 45/80 [00:37<00:28,  1.24it/s][A

eval:  57%|█████▊    | 46/80 [00:38<00:25,  1.34it/s][A

eval:  59%|█████▉    | 47/80 [00:39<00:29,  1.12it/s][A

eval:  60%|██████    | 48/80 [00:40<00:26,  1.20it/s][A

eval:  61%|██████▏   | 49/80 [00:41<00:24,  1.27it/s][A

eval:  62%|██████▎   | 50/80 [00:41<00:22,  1.32it/s][A

eval:  64%|██████▍   | 51/80 [00:42<00:25,  1.14it/s][A

eval:  65%|██████▌   | 52/80 [00:43<00:23,  1.21it/s][A

eval:  66%|██████▋   | 53/80 [00:44<00:21,  1.28it/s][A

eval:  68%|██████▊   | 54/80 [00:45<00:19,  1.33it/s][A

eval:  69%|██████▉   | 55/80 [00:46<00:22,  1.10it/s][A

eval:  70%|███████   | 56/80 [00:47<00:20,  1.18it/s][A

eval:  71%|███████▏  | 57/80 [00:47<00:18,  1.24it/s][A

eval:  72%|███████▎  | 58/80 [00:48<00:20,  1.06it/s][A

eval:  74%|███████▍  | 59/80 [00:49<00:18,  1.15it/s][A

eval:  75%|███████▌  | 60/80 [00:50<00:16,  1.22it/s][A

eval:  76%|███████▋  | 61/80 [00:51<00:14,  1.28it/s][A

eval:  78%|███████▊  | 62/80 [00:52<00:16,  1.10it/s][A

eval:  79%|███████▉  | 63/80 [00:52<00:14,  1.19it/s][A

eval:  80%|████████  | 64/80 [00:53<00:12,  1.25it/s][A

eval:  81%|████████▏ | 65/80 [00:54<00:13,  1.07it/s][A

eval:  82%|████████▎ | 66/80 [00:55<00:11,  1.17it/s][A

eval:  84%|████████▍ | 67/80 [00:56<00:10,  1.24it/s][A

eval:  85%|████████▌ | 68/80 [00:56<00:09,  1.30it/s][A

eval:  86%|████████▋ | 69/80 [00:58<00:10,  1.07it/s][A

eval:  88%|████████▊ | 70/80 [00:58<00:08,  1.17it/s][A

eval:  89%|████████▉ | 71/80 [00:59<00:07,  1.23it/s][A

eval:  90%|█████████ | 72/80 [01:00<00:07,  1.06it/s][A

eval:  91%|█████████▏| 73/80 [01:01<00:06,  1.15it/s][A

eval:  92%|█████████▎| 74/80 [01:02<00:04,  1.22it/s][A

eval:  94%|█████████▍| 75/80 [01:03<00:03,  1.28it/s][A

eval:  95%|█████████▌| 76/80 [01:04<00:03,  1.09it/s][A

eval:  96%|█████████▋| 77/80 [01:04<00:02,  1.18it/s][A

eval:  98%|█████████▊| 78/80 [01:05<00:01,  1.26it/s][A

eval:  99%|█████████▉| 79/80 [01:06<00:00,  1.13it/s][A

eval: 100%|██████████| 80/80 [01:07<00:00,  1.22it/s][A

                                                     [A2026-05-11 18:08:52 | INFO | __main__ | eval.py:43 | [EVAL_SAMPLE] idx=0 pred=false gold=barely-true output=Label: B explain=Hartzler said, "We have less Americans working now than in the ‘70s." The statistics Hartzler’s staff said she cited show the employment-population ratio and labor force participation rate was indeed higher in 1979 than in 2015. However,... prompt=<|im_start|>system
You are a careful fact-checking assistant for LIAR-RAW claims. Classify claims using only the claim and retrieved evidence supplied by the user.<|im_end|>
<|im_start|>user
Classify the claim into exactly one LIAR-RAW l...
2026-05-11 18:08:52 | INFO | __main__ | eval.py:43 | [EVAL_SAMPLE] idx=0 pred=false gold=barely-true output=Label: B explain=Hartzler said, "We have less Americans working now than in the ‘70s." The statistics Hartzler’s staff said she cited show the employment-population ratio and labor force participation rate was indeed higher in 1979 than in 2015. However,... prompt=<|im_start|>system
You are a careful fact-checking assistant for LIAR-RAW claims. Classify claims using only the claim and retrieved evidence supplied by the user.<|im_end|>
<|im_start|>user
Classify the claim into exactly one LIAR-RAW l...
2026-05-11 18:08:52 | INFO | __main__ | eval.py:43 | [EVAL_SAMPLE] idx=1 pred=false gold=pants-fire output=Label: B explain=Ellison used a Koran that once belonged to Thomas Jefferson, borrowing the rare book from the Library of Congress. It goes without saying that Ellison is not Obama. UPDATE: Barack Obama resigned from Trinity United Church of Christ on Ma... prompt=<|im_start|>system
You are a careful fact-checking assistant for LIAR-RAW claims. Classify claims using only the claim and retrieved evidence supplied by the user.<|im_end|>
<|im_start|>user
Classify the claim into exactly one LIAR-RAW l...
2026-05-11 18:08:52 | INFO | __main__ | eval.py:43 | [EVAL_SAMPLE] idx=1 pred=false gold=pants-fire output=Label: B explain=Ellison used a Koran that once belonged to Thomas Jefferson, borrowing the rare book from the Library of Congress. It goes without saying that Ellison is not Obama. UPDATE: Barack Obama resigned from Trinity United Church of Christ on Ma... prompt=<|im_start|>system
You are a careful fact-checking assistant for LIAR-RAW claims. Classify claims using only the claim and retrieved evidence supplied by the user.<|im_end|>
<|im_start|>user
Classify the claim into exactly one LIAR-RAW l...
2026-05-11 18:08:52 | INFO | __main__ | eval.py:43 | [EVAL_SAMPLE] idx=2 pred=barely-true gold=false output=Label: C explain=However, we have two professors who say the law is silent on political activity -- even if one of them sees an implicit prohibition -- and a plain reading of the law that states no explicit ban. Blumenauer said that "the statute a hundre... prompt=<|im_start|>system
You are a careful fact-checking assistant for LIAR-RAW claims. Classify claims using only the claim and retrieved evidence supplied by the user.<|im_end|>
<|im_start|>user
Classify the claim into exactly one LIAR-RAW l...
2026-05-11 18:08:52 | INFO | __main__ | trainer.py:563 | [eval] step=300 accuracy=0.2695 macro_precision=0.2853 macro_recall=0.2881 macro_f1=0.2647 parse_error_rate=0.0000
2026-05-11 18:08:52 | INFO | __main__ | trainer.py:563 | [eval] per_class:
2026-05-11 18:08:52 | INFO | __main__ | trainer.py:563 |   - barely-true: P=0.2366 R=0.3924 F1=0.2952
2026-05-11 18:08:52 | INFO | __main__ | trainer.py:563 |   - false: P=0.2816 R=0.2989 F1=0.2900
2026-05-11 18:08:52 | INFO | __main__ | trainer.py:563 |   - half-true: P=0.2857 R=0.1220 F1=0.1709
2026-05-11 18:08:52 | INFO | __main__ | trainer.py:563 |   - mostly-true: P=0.3810 R=0.1594 F1=0.2247
2026-05-11 18:08:52 | INFO | __main__ | trainer.py:563 |   - pants-fire: P=0.2332 R=0.4483 F1=0.3068
2026-05-11 18:08:52 | INFO | __main__ | trainer.py:563 |   - true: P=0.2938 R=0.3077 F1=0.3006

 48%|████▊     | 301/630 [31:16<2:31:52, 27.70s/it]
 48%|████▊     | 302/630 [31:22<1:55:32, 21.14s/it]
 48%|████▊     | 303/630 [31:28<1:29:58, 16.51s/it]
 48%|████▊     | 304/630 [31:33<1:11:22, 13.14s/it]
 48%|████▊     | 305/630 [31:38<56:49, 10.49s/it]  
 49%|████▊     | 306/630 [31:42<47:21,  8.77s/it]
 49%|████▊     | 307/630 [31:48<42:52,  7.97s/it]
 49%|████▉     | 308/630 [31:54<39:35,  7.38s/it]
 49%|████▉     | 309/630 [31:59<35:39,  6.67s/it]
 49%|████▉     | 310/630 [32:05<33:14,  6.23s/it]
 49%|████▉     | 311/630 [32:09<30:58,  5.83s/it]
 50%|████▉     | 312/630 [32:14<29:33,  5.58s/it]
 50%|████▉     | 313/630 [32:20<28:44,  5.44s/it]
 50%|████▉     | 314/630 [32:25<28:18,  5.37s/it]
 50%|█████     | 315/630 [32:28<24:12,  4.61s/it]
 50%|█████     | 316/630 [32:34<26:32,  5.07s/it]
 50%|█████     | 317/630 [32:40<28:00,  5.37s/it]
 50%|█████     | 318/630 [32:45<27:22,  5.26s/it]
 51%|█████     | 319/630 [32:50<27:43,  5.35s/it]
 51%|█████     | 320/630 [32:56<27:20,  5.29s/it]
 51%|█████     | 321/630 [33:00<25:37,  4.98s/it]
 51%|█████     | 322/630 [33:07<28:35,  5.57s/it]
 51%|█████▏    | 323/630 [33:13<29:44,  5.81s/it]
 51%|█████▏    | 324/630 [33:18<28:05,  5.51s/it]
 52%|█████▏    | 325/630 [33:23<27:26,  5.40s/it]
 52%|█████▏    | 326/630 [33:27<25:48,  5.09s/it]
 52%|█████▏    | 327/630 [33:32<25:35,  5.07s/it]
 52%|█████▏    | 328/630 [33:38<25:50,  5.13s/it]
 52%|█████▏    | 329/630 [33:44<27:25,  5.47s/it]
 52%|█████▏    | 330/630 [33:50<28:41,  5.74s/it]
 53%|█████▎    | 331/630 [33:55<27:11,  5.46s/it]
 53%|█████▎    | 332/630 [34:00<26:14,  5.28s/it]
 53%|█████▎    | 333/630 [34:04<24:39,  4.98s/it]
 53%|█████▎    | 334/630 [34:10<25:21,  5.14s/it]
 53%|█████▎    | 335/630 [34:16<27:17,  5.55s/it]
 53%|█████▎    | 336/630 [34:22<27:43,  5.66s/it]
 53%|█████▎    | 337/630 [34:28<27:45,  5.69s/it]
 54%|█████▎    | 338/630 [34:33<27:21,  5.62s/it]
 54%|█████▍    | 339/630 [34:39<26:41,  5.50s/it]
 54%|█████▍    | 340/630 [34:43<24:32,  5.08s/it]
 54%|█████▍    | 341/630 [34:49<26:24,  5.48s/it]
 54%|█████▍    | 342/630 [34:55<27:12,  5.67s/it]
 54%|█████▍    | 343/630 [35:01<27:23,  5.73s/it]
 55%|█████▍    | 344/630 [35:07<26:51,  5.63s/it]
 55%|█████▍    | 345/630 [35:12<26:19,  5.54s/it]
 55%|█████▍    | 346/630 [35:16<24:15,  5.12s/it]
 55%|█████▌    | 347/630 [35:22<25:59,  5.51s/it]
 55%|█████▌    | 348/630 [35:30<29:00,  6.17s/it]
 55%|█████▌    | 349/630 [35:36<28:15,  6.03s/it]
 56%|█████▌    | 350/630 [35:41<26:41,  5.72s/it]
 56%|█████▌    | 351/630 [35:46<25:54,  5.57s/it]
 56%|█████▌    | 352/630 [35:51<24:55,  5.38s/it]
 56%|█████▌    | 353/630 [35:56<23:44,  5.14s/it]
 56%|█████▌    | 354/630 [36:03<26:26,  5.75s/it]
 56%|█████▋    | 355/630 [36:08<25:19,  5.52s/it]
 57%|█████▋    | 356/630 [36:13<25:24,  5.57s/it]
 57%|█████▋    | 357/630 [36:19<24:45,  5.44s/it]
 57%|█████▋    | 358/630 [36:23<22:54,  5.05s/it]
 57%|█████▋    | 359/630 [36:28<23:34,  5.22s/it]
 57%|█████▋    | 360/630 [36:35<25:03,  5.57s/it]
 57%|█████▋    | 361/630 [36:41<25:27,  5.68s/it]
 57%|█████▋    | 362/630 [36:46<25:22,  5.68s/it]
 58%|█████▊    | 363/630 [36:52<24:57,  5.61s/it]
 58%|█████▊    | 364/630 [36:57<24:14,  5.47s/it]
 58%|█████▊    | 365/630 [37:01<22:22,  5.07s/it]
 58%|█████▊    | 366/630 [37:07<23:52,  5.43s/it]
 58%|█████▊    | 367/630 [37:13<24:34,  5.61s/it]
 58%|█████▊    | 368/630 [37:19<24:21,  5.58s/it]
 59%|█████▊    | 369/630 [37:24<23:50,  5.48s/it]
 59%|█████▊    | 370/630 [37:29<22:22,  5.16s/it]
 59%|█████▉    | 371/630 [37:33<21:47,  5.05s/it]
 59%|█████▉    | 372/630 [37:40<23:47,  5.53s/it]
 59%|█████▉    | 373/630 [37:46<24:34,  5.74s/it]
 59%|█████▉    | 374/630 [37:52<24:53,  5.83s/it]
 60%|█████▉    | 375/630 [37:58<24:40,  5.81s/it]
 60%|█████▉    | 376/630 [38:03<23:41,  5.60s/it]
 60%|█████▉    | 377/630 [38:08<22:09,  5.26s/it]
 60%|██████    | 378/630 [38:13<22:35,  5.38s/it]
 60%|██████    | 379/630 [38:20<23:42,  5.67s/it]
 60%|██████    | 380/630 [38:26<23:57,  5.75s/it]
 60%|██████    | 381/630 [38:31<23:49,  5.74s/it]
 61%|██████    | 382/630 [38:37<23:31,  5.69s/it]
 61%|██████    | 383/630 [38:42<22:30,  5.47s/it]
 61%|██████    | 384/630 [38:47<22:32,  5.50s/it]
 61%|██████    | 385/630 [38:54<23:26,  5.74s/it]
 61%|██████▏   | 386/630 [38:59<22:55,  5.64s/it]
 61%|██████▏   | 387/630 [39:04<22:34,  5.57s/it]
 62%|██████▏   | 388/630 [39:10<22:38,  5.61s/it]
 62%|██████▏   | 389/630 [39:15<21:52,  5.45s/it]
 62%|██████▏   | 390/630 [39:19<20:09,  5.04s/it]
 62%|██████▏   | 391/630 [39:26<21:43,  5.46s/it]
 62%|██████▏   | 392/630 [39:33<23:12,  5.85s/it]
 62%|██████▏   | 393/630 [39:38<22:15,  5.63s/it]
 63%|██████▎   | 394/630 [39:43<22:10,  5.64s/it]
 63%|██████▎   | 395/630 [39:49<21:45,  5.55s/it]
 63%|██████▎   | 396/630 [39:54<20:52,  5.35s/it]
 63%|██████▎   | 397/630 [40:00<21:47,  5.61s/it]
 63%|██████▎   | 398/630 [40:06<22:19,  5.77s/it]
 63%|██████▎   | 399/630 [40:12<22:01,  5.72s/it]
 63%|██████▎   | 400/630 [40:17<21:10,  5.52s/it]

eval:   0%|          | 0/80 [00:00<?, ?it/s][A

eval:   1%|▏         | 1/80 [00:00<00:55,  1.42it/s][A

eval:   2%|▎         | 2/80 [00:01<00:57,  1.37it/s][A

eval:   4%|▍         | 3/80 [00:02<00:55,  1.39it/s][A

eval:   5%|▌         | 4/80 [00:02<00:53,  1.41it/s][A

eval:   6%|▋         | 5/80 [00:03<00:52,  1.43it/s][A

eval:   8%|▊         | 6/80 [00:04<00:51,  1.44it/s][A

eval:   9%|▉         | 7/80 [00:05<00:54,  1.35it/s][A

eval:  10%|█         | 8/80 [00:05<00:52,  1.38it/s][A

eval:  11%|█▏        | 9/80 [00:06<00:50,  1.39it/s][A

eval:  12%|█▎        | 10/80 [00:07<00:49,  1.42it/s][A

eval:  14%|█▍        | 11/80 [00:08<00:54,  1.26it/s][A

eval:  15%|█▌        | 12/80 [00:08<00:51,  1.31it/s][A

eval:  16%|█▋        | 13/80 [00:09<00:49,  1.34it/s][A

eval:  18%|█▊        | 14/80 [00:10<00:48,  1.37it/s][A

eval:  19%|█▉        | 15/80 [00:11<00:55,  1.17it/s][A

eval:  20%|██        | 16/80 [00:12<00:51,  1.24it/s][A

eval:  21%|██▏       | 17/80 [00:12<00:48,  1.29it/s][A

eval:  22%|██▎       | 18/80 [00:13<00:54,  1.13it/s][A

eval:  24%|██▍       | 19/80 [00:14<00:50,  1.21it/s][A

eval:  25%|██▌       | 20/80 [00:15<00:46,  1.28it/s][A

eval:  26%|██▋       | 21/80 [00:15<00:44,  1.34it/s][A

eval:  28%|██▊       | 22/80 [00:17<00:50,  1.14it/s][A

eval:  29%|██▉       | 23/80 [00:17<00:47,  1.21it/s][A

eval:  30%|███       | 24/80 [00:18<00:43,  1.30it/s][A

eval:  31%|███▏      | 25/80 [00:19<00:40,  1.35it/s][A

eval:  32%|███▎      | 26/80 [00:20<00:48,  1.11it/s][A

eval:  34%|███▍      | 27/80 [00:21<00:43,  1.21it/s][A

eval:  35%|███▌      | 28/80 [00:21<00:41,  1.27it/s][A

eval:  36%|███▋      | 29/80 [00:23<00:47,  1.06it/s][A

eval:  38%|███▊      | 30/80 [00:23<00:43,  1.16it/s][A

eval:  39%|███▉      | 31/80 [00:24<00:39,  1.24it/s][A

eval:  40%|████      | 32/80 [00:25<00:37,  1.29it/s][A

eval:  41%|████▏     | 33/80 [00:26<00:42,  1.10it/s][A

eval:  42%|████▎     | 34/80 [00:26<00:38,  1.19it/s][A

eval:  44%|████▍     | 35/80 [00:27<00:35,  1.26it/s][A

eval:  45%|████▌     | 36/80 [00:28<00:41,  1.06it/s][A

eval:  46%|████▋     | 37/80 [00:29<00:37,  1.15it/s][A

eval:  48%|████▊     | 38/80 [00:30<00:34,  1.23it/s][A

eval:  49%|████▉     | 39/80 [00:31<00:31,  1.31it/s][A

eval:  50%|█████     | 40/80 [00:32<00:35,  1.12it/s][A

eval:  51%|█████▏    | 41/80 [00:32<00:32,  1.20it/s][A

eval:  52%|█████▎    | 42/80 [00:33<00:30,  1.26it/s][A

eval:  54%|█████▍    | 43/80 [00:34<00:28,  1.32it/s][A

eval:  55%|█████▌    | 44/80 [00:35<00:32,  1.10it/s][A

eval:  56%|█████▋    | 45/80 [00:36<00:29,  1.20it/s][A

eval:  57%|█████▊    | 46/80 [00:36<00:26,  1.30it/s][A

eval:  59%|█████▉    | 47/80 [00:38<00:30,  1.08it/s][A

eval:  60%|██████    | 48/80 [00:38<00:27,  1.16it/s][A

eval:  61%|██████▏   | 49/80 [00:39<00:25,  1.24it/s][A

eval:  62%|██████▎   | 50/80 [00:40<00:23,  1.30it/s][A

eval:  64%|██████▍   | 51/80 [00:41<00:26,  1.10it/s][A

eval:  65%|██████▌   | 52/80 [00:42<00:23,  1.18it/s][A

eval:  66%|██████▋   | 53/80 [00:42<00:21,  1.26it/s][A

eval:  68%|██████▊   | 54/80 [00:44<00:24,  1.06it/s][A

eval:  69%|██████▉   | 55/80 [00:44<00:21,  1.15it/s][A

eval:  70%|███████   | 56/80 [00:45<00:19,  1.22it/s][A

eval:  71%|███████▏  | 57/80 [00:46<00:17,  1.28it/s][A

eval:  72%|███████▎  | 58/80 [00:47<00:20,  1.06it/s][A

eval:  74%|███████▍  | 59/80 [00:48<00:18,  1.15it/s][A

eval:  75%|███████▌  | 60/80 [00:48<00:16,  1.22it/s][A

eval:  76%|███████▋  | 61/80 [00:50<00:18,  1.03it/s][A

eval:  78%|███████▊  | 62/80 [00:50<00:16,  1.12it/s][A

eval:  79%|███████▉  | 63/80 [00:51<00:14,  1.21it/s][A

eval:  80%|████████  | 64/80 [00:52<00:12,  1.27it/s][A

eval:  81%|████████▏ | 65/80 [00:52<00:11,  1.32it/s][A

eval:  82%|████████▎ | 66/80 [00:53<00:10,  1.36it/s][A

eval:  84%|████████▍ | 67/80 [00:54<00:09,  1.38it/s][A

eval:  85%|████████▌ | 68/80 [00:55<00:08,  1.41it/s][A

eval:  86%|████████▋ | 69/80 [00:55<00:07,  1.42it/s][A

eval:  88%|████████▊ | 70/80 [00:56<00:07,  1.38it/s][A

eval:  89%|████████▉ | 71/80 [00:57<00:06,  1.40it/s][A

eval:  90%|█████████ | 72/80 [00:57<00:05,  1.42it/s][A

eval:  91%|█████████▏| 73/80 [00:58<00:04,  1.42it/s][A

eval:  92%|█████████▎| 74/80 [00:59<00:04,  1.43it/s][A

eval:  94%|█████████▍| 75/80 [01:00<00:03,  1.30it/s][A

eval:  95%|█████████▌| 76/80 [01:00<00:02,  1.34it/s][A

eval:  96%|█████████▋| 77/80 [01:01<00:02,  1.38it/s][A

eval:  98%|█████████▊| 78/80 [01:02<00:01,  1.41it/s][A

eval:  99%|█████████▉| 79/80 [01:03<00:00,  1.29it/s][A

eval: 100%|██████████| 80/80 [01:03<00:00,  1.35it/s][A

                                                     [A2026-05-11 18:19:09 | INFO | __main__ | eval.py:43 | [EVAL_SAMPLE] idx=0 pred=false gold=barely-true output=Label: B explain=Hartzler said, "We have less Americans working now than in the ‘70s." The statistics Hartzler’s staff said she cited show the employment-population ratio and labor force participation rate was indeed higher in 1979 than in 2015. However,... prompt=<|im_start|>system
You are a careful fact-checking assistant for LIAR-RAW claims. Classify claims using only the claim and retrieved evidence supplied by the user.<|im_end|>
<|im_start|>user
Classify the claim into exactly one LIAR-RAW l...
2026-05-11 18:19:09 | INFO | __main__ | eval.py:43 | [EVAL_SAMPLE] idx=0 pred=false gold=barely-true output=Label: B explain=Hartzler said, "We have less Americans working now than in the ‘70s." The statistics Hartzler’s staff said she cited show the employment-population ratio and labor force participation rate was indeed higher in 1979 than in 2015. However,... prompt=<|im_start|>system
You are a careful fact-checking assistant for LIAR-RAW claims. Classify claims using only the claim and retrieved evidence supplied by the user.<|im_end|>
<|im_start|>user
Classify the claim into exactly one LIAR-RAW l...
2026-05-11 18:19:09 | INFO | __main__ | eval.py:43 | [EVAL_SAMPLE] idx=1 pred=false gold=pants-fire output=Label: B explain=Ellison used a Koran that once belonged to Thomas Jefferson, borrowing the rare book from the Library of Congress. It goes without saying that Ellison is not Obama. UPDATE: Barack Obama resigned from Trinity United Church of Christ on Ma... prompt=<|im_start|>system
You are a careful fact-checking assistant for LIAR-RAW claims. Classify claims using only the claim and retrieved evidence supplied by the user.<|im_end|>
<|im_start|>user
Classify the claim into exactly one LIAR-RAW l...
2026-05-11 18:19:09 | INFO | __main__ | eval.py:43 | [EVAL_SAMPLE] idx=1 pred=false gold=pants-fire output=Label: B explain=Ellison used a Koran that once belonged to Thomas Jefferson, borrowing the rare book from the Library of Congress. It goes without saying that Ellison is not Obama. UPDATE: Barack Obama resigned from Trinity United Church of Christ on Ma... prompt=<|im_start|>system
You are a careful fact-checking assistant for LIAR-RAW claims. Classify claims using only the claim and retrieved evidence supplied by the user.<|im_end|>
<|im_start|>user
Classify the claim into exactly one LIAR-RAW l...
2026-05-11 18:19:09 | INFO | __main__ | eval.py:43 | [EVAL_SAMPLE] idx=2 pred=mostly-true gold=false output=Label: E explain=However, we have two professors who say the law is silent on political activity -- even if one of them sees an implicit prohibition -- and a plain reading of the law that states no explicit ban. Blumenauer said that "the statute a hundre... prompt=<|im_start|>system
You are a careful fact-checking assistant for LIAR-RAW claims. Classify claims using only the claim and retrieved evidence supplied by the user.<|im_end|>
<|im_start|>user
Classify the claim into exactly one LIAR-RAW l...
2026-05-11 18:19:09 | INFO | __main__ | trainer.py:563 | [eval] step=400 accuracy=0.2648 macro_precision=0.2873 macro_recall=0.2740 macro_f1=0.2628 parse_error_rate=0.0000
2026-05-11 18:19:09 | INFO | __main__ | trainer.py:563 | [eval] per_class:
2026-05-11 18:19:09 | INFO | __main__ | trainer.py:563 |   - barely-true: P=0.2230 R=0.2616 F1=0.2408
2026-05-11 18:19:09 | INFO | __main__ | trainer.py:563 |   - false: P=0.2615 R=0.3716 F1=0.3070
2026-05-11 18:19:09 | INFO | __main__ | trainer.py:563 |   - half-true: P=0.2678 R=0.1992 F1=0.2284
2026-05-11 18:19:09 | INFO | __main__ | trainer.py:563 |   - mostly-true: P=0.4706 R=0.1594 F1=0.2381
2026-05-11 18:19:09 | INFO | __main__ | trainer.py:563 |   - pants-fire: P=0.2360 R=0.3621 F1=0.2857
2026-05-11 18:19:09 | INFO | __main__ | trainer.py:563 |   - true: P=0.2649 R=0.2899 F1=0.2768

 64%|██████▎   | 401/630 [41:29<1:37:31, 25.55s/it]
 64%|██████▍   | 402/630 [41:33<1:13:08, 19.25s/it]
 64%|██████▍   | 403/630 [41:39<57:23, 15.17s/it]  
 64%|██████▍   | 404/630 [41:45<47:02, 12.49s/it]
 64%|██████▍   | 405/630 [41:51<39:19, 10.49s/it]
 64%|██████▍   | 406/630 [41:57<33:31,  8.98s/it]
 65%|██████▍   | 407/630 [42:02<29:17,  7.88s/it]
 65%|██████▍   | 408/630 [42:06<25:23,  6.86s/it]
 65%|██████▍   | 409/630 [42:12<23:56,  6.50s/it]
 65%|██████▌   | 410/630 [42:19<23:49,  6.50s/it]
 65%|██████▌   | 411/630 [42:24<23:03,  6.32s/it]
 65%|██████▌   | 412/630 [42:30<22:13,  6.12s/it]
 66%|██████▌   | 413/630 [42:36<21:27,  5.93s/it]
 66%|██████▌   | 414/630 [42:41<20:42,  5.75s/it]
 66%|██████▌   | 415/630 [42:45<18:32,  5.18s/it]
 66%|██████▌   | 416/630 [42:52<20:32,  5.76s/it]
 66%|██████▌   | 417/630 [42:58<20:34,  5.79s/it]
 66%|██████▋   | 418/630 [43:03<20:21,  5.76s/it]
 67%|██████▋   | 419/630 [43:09<20:01,  5.69s/it]
 67%|██████▋   | 420/630 [43:14<19:32,  5.58s/it]
 67%|██████▋   | 421/630 [43:18<17:58,  5.16s/it]
 67%|██████▋   | 422/630 [43:25<19:08,  5.52s/it]
 67%|██████▋   | 423/630 [43:31<19:26,  5.64s/it]
 67%|██████▋   | 424/630 [43:37<19:39,  5.73s/it]
 67%|██████▋   | 425/630 [43:42<19:25,  5.69s/it]
 68%|██████▊   | 426/630 [43:47<18:50,  5.54s/it]
 68%|██████▊   | 427/630 [43:52<17:29,  5.17s/it]
 68%|██████▊   | 428/630 [43:57<17:48,  5.29s/it]
 68%|██████▊   | 429/630 [44:04<18:50,  5.62s/it]
 68%|██████▊   | 430/630 [44:10<19:09,  5.75s/it]
 68%|██████▊   | 431/630 [44:15<18:56,  5.71s/it]
 69%|██████▊   | 432/630 [44:21<18:37,  5.64s/it]
 69%|██████▊   | 433/630 [44:26<18:16,  5.57s/it]
 69%|██████▉   | 434/630 [44:32<18:18,  5.60s/it]
 69%|██████▉   | 435/630 [44:38<18:54,  5.82s/it]
 69%|██████▉   | 436/630 [44:44<19:04,  5.90s/it]
 69%|██████▉   | 437/630 [44:50<18:45,  5.83s/it]
 70%|██████▉   | 438/630 [44:55<18:01,  5.63s/it]
 70%|██████▉   | 439/630 [45:00<17:10,  5.40s/it]
 70%|██████▉   | 440/630 [45:04<15:48,  4.99s/it]
 70%|███████   | 441/630 [45:10<17:00,  5.40s/it]
 70%|███████   | 442/630 [45:16<17:29,  5.58s/it]
 70%|███████   | 443/630 [45:22<17:32,  5.63s/it]
 70%|███████   | 444/630 [45:27<17:05,  5.51s/it]
 71%|███████   | 445/630 [45:33<16:59,  5.51s/it]
 71%|███████   | 446/630 [45:37<15:36,  5.09s/it]
 71%|███████   | 447/630 [45:43<16:45,  5.50s/it]
 71%|███████   | 448/630 [45:50<17:20,  5.72s/it]
 71%|███████▏  | 449/630 [45:55<17:18,  5.74s/it]
 71%|███████▏  | 450/630 [46:01<17:08,  5.71s/it]
 72%|███████▏  | 451/630 [46:07<17:04,  5.72s/it]
 72%|███████▏  | 452/630 [46:12<16:23,  5.52s/it]
 72%|███████▏  | 453/630 [46:17<15:42,  5.32s/it]
 72%|███████▏  | 454/630 [46:24<16:58,  5.79s/it]
 72%|███████▏  | 455/630 [46:30<17:23,  5.96s/it]
 72%|███████▏  | 456/630 [46:35<16:49,  5.80s/it]
 73%|███████▎  | 457/630 [46:40<15:56,  5.53s/it]
 73%|███████▎  | 458/630 [46:46<15:34,  5.43s/it]
 73%|███████▎  | 459/630 [46:51<15:31,  5.45s/it]
 73%|███████▎  | 460/630 [46:57<16:12,  5.72s/it]
 73%|███████▎  | 461/630 [47:03<16:20,  5.80s/it]
 73%|███████▎  | 462/630 [47:08<15:28,  5.53s/it]
 73%|███████▎  | 463/630 [47:14<15:14,  5.48s/it]
 74%|███████▎  | 464/630 [47:18<14:34,  5.27s/it]
 74%|███████▍  | 465/630 [47:22<13:22,  4.87s/it]
 74%|███████▍  | 466/630 [47:29<14:22,  5.26s/it]
 74%|███████▍  | 467/630 [47:34<14:34,  5.36s/it]
 74%|███████▍  | 468/630 [47:40<15:01,  5.57s/it]
 74%|███████▍  | 469/630 [47:46<15:09,  5.65s/it]
 75%|███████▍  | 470/630 [47:50<14:05,  5.29s/it]
 75%|███████▍  | 471/630 [47:55<13:44,  5.18s/it]
 75%|███████▍  | 472/630 [48:02<14:31,  5.52s/it]
 75%|███████▌  | 473/630 [48:08<15:03,  5.76s/it]
 75%|███████▌  | 474/630 [48:14<14:52,  5.72s/it]
 75%|███████▌  | 475/630 [48:19<14:32,  5.63s/it]
 76%|███████▌  | 476/630 [48:24<13:36,  5.30s/it]
 76%|███████▌  | 477/630 [48:29<13:19,  5.23s/it]
 76%|███████▌  | 478/630 [48:34<13:19,  5.26s/it]
 76%|███████▌  | 479/630 [48:40<14:01,  5.57s/it]
 76%|███████▌  | 480/630 [48:46<14:13,  5.69s/it]
 76%|███████▋  | 481/630 [48:51<13:34,  5.47s/it]
 77%|███████▋  | 482/630 [48:57<13:23,  5.43s/it]
 77%|███████▋  | 483/630 [49:01<12:53,  5.26s/it]
 77%|███████▋  | 484/630 [49:07<12:55,  5.31s/it]
 77%|███████▋  | 485/630 [49:13<13:16,  5.49s/it]
 77%|███████▋  | 486/630 [49:19<13:31,  5.64s/it]
 77%|███████▋  | 487/630 [49:24<13:19,  5.59s/it]
 77%|███████▋  | 488/630 [49:30<13:07,  5.54s/it]
 78%|███████▊  | 489/630 [49:35<12:50,  5.47s/it]
 78%|███████▊  | 490/630 [49:39<11:48,  5.06s/it]
 78%|███████▊  | 491/630 [49:46<12:56,  5.58s/it]
 78%|███████▊  | 492/630 [49:53<13:35,  5.91s/it]
 78%|███████▊  | 493/630 [49:58<12:58,  5.68s/it]
 78%|███████▊  | 494/630 [50:03<12:54,  5.70s/it]
 79%|███████▊  | 495/630 [50:09<12:31,  5.57s/it]
 79%|███████▊  | 496/630 [50:14<11:56,  5.35s/it]
 79%|███████▉  | 497/630 [50:20<12:27,  5.62s/it]
 79%|███████▉  | 498/630 [50:26<12:50,  5.84s/it]
 79%|███████▉  | 499/630 [50:32<12:37,  5.78s/it]
 79%|███████▉  | 500/630 [50:37<11:52,  5.48s/it]

eval:   0%|          | 0/80 [00:00<?, ?it/s][A

eval:   1%|▏         | 1/80 [00:00<00:55,  1.42it/s][A

eval:   2%|▎         | 2/80 [00:01<00:58,  1.33it/s][A

eval:   4%|▍         | 3/80 [00:02<00:56,  1.37it/s][A

eval:   5%|▌         | 4/80 [00:02<00:54,  1.39it/s][A

eval:   6%|▋         | 5/80 [00:03<00:52,  1.43it/s][A

eval:   8%|▊         | 6/80 [00:04<00:51,  1.43it/s][A

eval:   9%|▉         | 7/80 [00:05<00:54,  1.33it/s][A

eval:  10%|█         | 8/80 [00:05<00:52,  1.36it/s][A

eval:  11%|█▏        | 9/80 [00:06<00:51,  1.38it/s][A

eval:  12%|█▎        | 10/80 [00:07<00:49,  1.41it/s][A

eval:  14%|█▍        | 11/80 [00:08<00:54,  1.26it/s][A

eval:  15%|█▌        | 12/80 [00:08<00:51,  1.31it/s][A

eval:  16%|█▋        | 13/80 [00:09<00:50,  1.34it/s][A

eval:  18%|█▊        | 14/80 [00:10<00:48,  1.37it/s][A

eval:  19%|█▉        | 15/80 [00:11<00:54,  1.19it/s][A

eval:  20%|██        | 16/80 [00:12<00:50,  1.26it/s][A

eval:  21%|██▏       | 17/80 [00:12<00:48,  1.31it/s][A

eval:  22%|██▎       | 18/80 [00:13<00:54,  1.13it/s][A

eval:  24%|██▍       | 19/80 [00:14<00:50,  1.22it/s][A

eval:  25%|██▌       | 20/80 [00:15<00:46,  1.28it/s][A

eval:  26%|██▋       | 21/80 [00:15<00:44,  1.34it/s][A

eval:  28%|██▊       | 22/80 [00:17<00:51,  1.13it/s][A

eval:  29%|██▉       | 23/80 [00:17<00:47,  1.20it/s][A

eval:  30%|███       | 24/80 [00:18<00:43,  1.29it/s][A

eval:  31%|███▏      | 25/80 [00:19<00:41,  1.34it/s][A

eval:  32%|███▎      | 26/80 [00:20<00:47,  1.14it/s][A

eval:  34%|███▍      | 27/80 [00:21<00:42,  1.23it/s][A

eval:  35%|███▌      | 28/80 [00:21<00:40,  1.29it/s][A

eval:  36%|███▋      | 29/80 [00:22<00:46,  1.09it/s][A

eval:  38%|███▊      | 30/80 [00:23<00:42,  1.18it/s][A

eval:  39%|███▉      | 31/80 [00:24<00:39,  1.25it/s][A

eval:  40%|████      | 32/80 [00:25<00:36,  1.30it/s][A

eval:  41%|████▏     | 33/80 [00:26<00:41,  1.12it/s][A

eval:  42%|████▎     | 34/80 [00:26<00:38,  1.21it/s][A

eval:  44%|████▍     | 35/80 [00:27<00:35,  1.27it/s][A

eval:  45%|████▌     | 36/80 [00:28<00:41,  1.06it/s][A

eval:  46%|████▋     | 37/80 [00:29<00:37,  1.15it/s][A

eval:  48%|████▊     | 38/80 [00:30<00:34,  1.23it/s][A

eval:  49%|████▉     | 39/80 [00:30<00:31,  1.31it/s][A

eval:  50%|█████     | 40/80 [00:32<00:35,  1.12it/s][A

eval:  51%|█████▏    | 41/80 [00:32<00:32,  1.21it/s][A

eval:  52%|█████▎    | 42/80 [00:33<00:29,  1.27it/s][A

eval:  54%|█████▍    | 43/80 [00:34<00:27,  1.32it/s][A

eval:  55%|█████▌    | 44/80 [00:35<00:32,  1.09it/s][A

eval:  56%|█████▋    | 45/80 [00:36<00:29,  1.20it/s][A

eval:  57%|█████▊    | 46/80 [00:36<00:26,  1.30it/s][A

eval:  59%|█████▉    | 47/80 [00:38<00:30,  1.07it/s][A

eval:  60%|██████    | 48/80 [00:38<00:27,  1.16it/s][A

eval:  61%|██████▏   | 49/80 [00:39<00:25,  1.23it/s][A

eval:  62%|██████▎   | 50/80 [00:40<00:23,  1.30it/s][A

eval:  64%|██████▍   | 51/80 [00:41<00:26,  1.11it/s][A

eval:  65%|██████▌   | 52/80 [00:41<00:23,  1.19it/s][A

eval:  66%|██████▋   | 53/80 [00:42<00:21,  1.27it/s][A

eval:  68%|██████▊   | 54/80 [00:43<00:23,  1.09it/s][A

eval:  69%|██████▉   | 55/80 [00:44<00:21,  1.18it/s][A

eval:  70%|███████   | 56/80 [00:45<00:19,  1.25it/s][A

eval:  71%|███████▏  | 57/80 [00:45<00:17,  1.30it/s][A

eval:  72%|███████▎  | 58/80 [00:47<00:20,  1.10it/s][A

eval:  74%|███████▍  | 59/80 [00:47<00:17,  1.18it/s][A

eval:  75%|███████▌  | 60/80 [00:48<00:16,  1.24it/s][A

eval:  76%|███████▋  | 61/80 [00:49<00:18,  1.05it/s][A

eval:  78%|███████▊  | 62/80 [00:50<00:15,  1.15it/s][A

eval:  79%|███████▉  | 63/80 [00:51<00:13,  1.23it/s][A

eval:  80%|████████  | 64/80 [00:51<00:12,  1.28it/s][A

eval:  81%|████████▏ | 65/80 [00:53<00:13,  1.07it/s][A

eval:  82%|████████▎ | 66/80 [00:53<00:11,  1.17it/s][A

eval:  84%|████████▍ | 67/80 [00:54<00:10,  1.24it/s][A

eval:  85%|████████▌ | 68/80 [00:55<00:11,  1.05it/s][A

eval:  86%|████████▋ | 69/80 [00:56<00:09,  1.15it/s][A

eval:  88%|████████▊ | 70/80 [00:57<00:08,  1.24it/s][A

eval:  89%|████████▉ | 71/80 [00:57<00:07,  1.28it/s][A

eval:  90%|█████████ | 72/80 [00:59<00:07,  1.07it/s][A

eval:  91%|█████████▏| 73/80 [00:59<00:06,  1.16it/s][A

eval:  92%|█████████▎| 74/80 [01:00<00:04,  1.23it/s][A

eval:  94%|█████████▍| 75/80 [01:01<00:04,  1.04it/s][A

eval:  95%|█████████▌| 76/80 [01:02<00:03,  1.13it/s][A

eval:  96%|█████████▋| 77/80 [01:03<00:02,  1.22it/s][A

eval:  98%|█████████▊| 78/80 [01:03<00:01,  1.29it/s][A

eval:  99%|█████████▉| 79/80 [01:05<00:00,  1.09it/s][A

eval: 100%|██████████| 80/80 [01:05<00:00,  1.19it/s][A

                                                     [A2026-05-11 18:29:31 | INFO | __main__ | eval.py:43 | [EVAL_SAMPLE] idx=0 pred=false gold=barely-true output=Label: B explain=Hartzler said, "We have less Americans working now than in the ‘70s." The statistics Hartzler’s staff said she cited show the employment-population ratio and labor force participation rate was indeed higher in 1979 than in 2015. However,... prompt=<|im_start|>system
You are a careful fact-checking assistant for LIAR-RAW claims. Classify claims using only the claim and retrieved evidence supplied by the user.<|im_end|>
<|im_start|>user
Classify the claim into exactly one LIAR-RAW l...
2026-05-11 18:29:31 | INFO | __main__ | eval.py:43 | [EVAL_SAMPLE] idx=0 pred=false gold=barely-true output=Label: B explain=Hartzler said, "We have less Americans working now than in the ‘70s." The statistics Hartzler’s staff said she cited show the employment-population ratio and labor force participation rate was indeed higher in 1979 than in 2015. However,... prompt=<|im_start|>system
You are a careful fact-checking assistant for LIAR-RAW claims. Classify claims using only the claim and retrieved evidence supplied by the user.<|im_end|>
<|im_start|>user
Classify the claim into exactly one LIAR-RAW l...
2026-05-11 18:29:31 | INFO | __main__ | eval.py:43 | [EVAL_SAMPLE] idx=1 pred=false gold=pants-fire output=Label: B explain=Ellison used a Koran that once belonged to Thomas Jefferson, borrowing the rare book from the Library of Congress. It goes without saying that Ellison is not Obama. UPDATE: Barack Obama resigned from Trinity United Church of Christ on Ma... prompt=<|im_start|>system
You are a careful fact-checking assistant for LIAR-RAW claims. Classify claims using only the claim and retrieved evidence supplied by the user.<|im_end|>
<|im_start|>user
Classify the claim into exactly one LIAR-RAW l...
2026-05-11 18:29:31 | INFO | __main__ | eval.py:43 | [EVAL_SAMPLE] idx=1 pred=false gold=pants-fire output=Label: B explain=Ellison used a Koran that once belonged to Thomas Jefferson, borrowing the rare book from the Library of Congress. It goes without saying that Ellison is not Obama. UPDATE: Barack Obama resigned from Trinity United Church of Christ on Ma... prompt=<|im_start|>system
You are a careful fact-checking assistant for LIAR-RAW claims. Classify claims using only the claim and retrieved evidence supplied by the user.<|im_end|>
<|im_start|>user
Classify the claim into exactly one LIAR-RAW l...
2026-05-11 18:29:31 | INFO | __main__ | eval.py:43 | [EVAL_SAMPLE] idx=2 pred=mostly-true gold=false output=Label: E explain=However, we have two professors who say the law is silent on political activity -- even if one of them sees an implicit prohibition -- and a plain reading of the law that states no explicit ban. Blumenauer said that "the statute a hundre... prompt=<|im_start|>system
You are a careful fact-checking assistant for LIAR-RAW claims. Classify claims using only the claim and retrieved evidence supplied by the user.<|im_end|>
<|im_start|>user
Classify the claim into exactly one LIAR-RAW l...
2026-05-11 18:29:31 | INFO | __main__ | trainer.py:563 | [eval] step=500 accuracy=0.2711 macro_precision=0.2707 macro_recall=0.2907 macro_f1=0.2643 parse_error_rate=0.0000
2026-05-11 18:29:31 | INFO | __main__ | trainer.py:563 | [eval] per_class:
2026-05-11 18:29:31 | INFO | __main__ | trainer.py:563 |   - barely-true: P=0.2395 R=0.2405 F1=0.2400
2026-05-11 18:29:31 | INFO | __main__ | trainer.py:563 |   - false: P=0.3077 R=0.2146 F1=0.2528
2026-05-11 18:29:31 | INFO | __main__ | trainer.py:563 |   - half-true: P=0.2742 R=0.1382 F1=0.1838
2026-05-11 18:29:31 | INFO | __main__ | trainer.py:563 |   - mostly-true: P=0.3129 R=0.4064 F1=0.3536
2026-05-11 18:29:31 | INFO | __main__ | trainer.py:563 |   - pants-fire: P=0.2259 R=0.5259 F1=0.3161
2026-05-11 18:29:31 | INFO | __main__ | trainer.py:563 |   - true: P=0.2643 R=0.2189 F1=0.2395

 80%|███████▉  | 501/630 [51:51<56:29, 26.28s/it]
 80%|███████▉  | 502/630 [51:56<42:01, 19.70s/it]
 80%|███████▉  | 503/630 [52:02<32:58, 15.58s/it]
 80%|████████  | 504/630 [52:09<27:23, 13.04s/it]
 80%|████████  | 505/630 [52:15<22:41, 10.89s/it]
 80%|████████  | 506/630 [52:20<18:48,  9.10s/it]
 80%|████████  | 507/630 [52:25<16:26,  8.02s/it]
 81%|████████  | 508/630 [52:31<14:43,  7.24s/it]
 81%|████████  | 509/630 [52:36<13:31,  6.70s/it]
 81%|████████  | 510/630 [52:42<13:12,  6.61s/it]
 81%|████████  | 511/630 [52:47<12:12,  6.15s/it]
 81%|████████▏ | 512/630 [52:53<11:36,  5.90s/it]
 81%|████████▏ | 513/630 [52:58<11:06,  5.70s/it]
 82%|████████▏ | 514/630 [53:02<10:17,  5.32s/it]
 82%|████████▏ | 515/630 [53:07<09:46,  5.10s/it]
 82%|████████▏ | 516/630 [53:13<10:19,  5.43s/it]
 82%|████████▏ | 517/630 [53:19<10:35,  5.63s/it]
 82%|████████▏ | 518/630 [53:24<10:07,  5.42s/it]
 82%|████████▏ | 519/630 [53:30<09:58,  5.39s/it]
 83%|████████▎ | 520/630 [53:35<09:44,  5.31s/it]
 83%|████████▎ | 521/630 [53:39<08:55,  4.91s/it]
 83%|████████▎ | 522/630 [53:45<09:41,  5.38s/it]
 83%|████████▎ | 523/630 [53:51<10:01,  5.63s/it]
 83%|████████▎ | 524/630 [53:57<10:03,  5.69s/it]
 83%|████████▎ | 525/630 [54:03<09:49,  5.61s/it]
 83%|████████▎ | 526/630 [54:08<09:40,  5.58s/it]
 84%|████████▎ | 527/630 [54:12<08:57,  5.21s/it]
 84%|████████▍ | 528/630 [54:18<09:05,  5.35s/it]
 84%|████████▍ | 529/630 [54:25<09:32,  5.67s/it]
 84%|████████▍ | 530/630 [54:30<09:34,  5.74s/it]
 84%|████████▍ | 531/630 [54:36<09:26,  5.72s/it]
 84%|████████▍ | 532/630 [54:41<09:05,  5.56s/it]
 85%|████████▍ | 533/630 [54:46<08:23,  5.19s/it]
 85%|████████▍ | 534/630 [54:51<08:31,  5.33s/it]
 85%|████████▍ | 535/630 [54:58<08:54,  5.63s/it]
 85%|████████▌ | 536/630 [55:03<08:53,  5.67s/it]
 85%|████████▌ | 537/630 [55:09<08:56,  5.77s/it]
 85%|████████▌ | 538/630 [55:15<08:36,  5.62s/it]
 86%|████████▌ | 539/630 [55:20<08:29,  5.60s/it]
 86%|████████▌ | 540/630 [55:24<07:42,  5.14s/it]
 86%|████████▌ | 541/630 [55:31<08:11,  5.53s/it]
 86%|████████▌ | 542/630 [55:38<08:40,  5.91s/it]
 86%|████████▌ | 543/630 [55:43<08:10,  5.64s/it]
 86%|████████▋ | 544/630 [55:48<08:04,  5.64s/it]
 87%|████████▋ | 545/630 [55:53<07:48,  5.51s/it]
 87%|████████▋ | 546/630 [55:58<07:10,  5.12s/it]
 87%|████████▋ | 547/630 [56:05<07:55,  5.73s/it]
 87%|████████▋ | 548/630 [56:11<08:04,  5.91s/it]
 87%|████████▋ | 549/630 [56:16<07:40,  5.68s/it]
 87%|████████▋ | 550/630 [56:22<07:31,  5.64s/it]
 87%|████████▋ | 551/630 [56:27<07:06,  5.40s/it]
 88%|████████▊ | 552/630 [56:31<06:33,  5.04s/it]
 88%|████████▊ | 553/630 [56:37<06:49,  5.32s/it]
 88%|████████▊ | 554/630 [56:44<07:19,  5.78s/it]
 88%|████████▊ | 555/630 [56:49<07:10,  5.75s/it]
 88%|████████▊ | 556/630 [56:55<07:13,  5.85s/it]
 88%|████████▊ | 557/630 [57:01<06:59,  5.75s/it]
 89%|████████▊ | 558/630 [57:06<06:36,  5.51s/it]
 89%|████████▊ | 559/630 [57:11<06:29,  5.48s/it]
 89%|████████▉ | 560/630 [57:17<06:39,  5.70s/it]
 89%|████████▉ | 561/630 [57:23<06:23,  5.55s/it]
 89%|████████▉ | 562/630 [57:29<06:28,  5.72s/it]
 89%|████████▉ | 563/630 [57:34<06:21,  5.69s/it]
 90%|████████▉ | 564/630 [57:40<06:04,  5.52s/it]
 90%|████████▉ | 565/630 [57:44<05:31,  5.10s/it]
 90%|████████▉ | 566/630 [57:51<06:04,  5.69s/it]
 90%|█████████ | 567/630 [57:56<05:48,  5.53s/it]
 90%|█████████ | 568/630 [58:02<05:48,  5.63s/it]
 90%|█████████ | 569/630 [58:07<05:44,  5.64s/it]
 90%|█████████ | 570/630 [58:13<05:34,  5.58s/it]
 91%|█████████ | 571/630 [58:18<05:19,  5.41s/it]
 91%|█████████ | 572/630 [58:24<05:23,  5.58s/it]
 91%|█████████ | 573/630 [58:29<05:18,  5.59s/it]
 91%|█████████ | 574/630 [58:35<05:10,  5.55s/it]
 91%|█████████▏| 575/630 [58:40<05:02,  5.49s/it]
 91%|█████████▏| 576/630 [58:46<04:54,  5.46s/it]
 92%|█████████▏| 577/630 [58:50<04:28,  5.06s/it]
 92%|█████████▏| 578/630 [58:55<04:30,  5.21s/it]
 92%|█████████▏| 579/630 [59:02<04:41,  5.53s/it]
 92%|█████████▏| 580/630 [59:08<04:45,  5.71s/it]
 92%|█████████▏| 581/630 [59:13<04:38,  5.68s/it]
 92%|█████████▏| 582/630 [59:18<04:15,  5.33s/it]
 93%|█████████▎| 583/630 [59:23<04:06,  5.24s/it]
 93%|█████████▎| 584/630 [59:28<04:05,  5.34s/it]
 93%|█████████▎| 585/630 [59:35<04:15,  5.68s/it]
 93%|█████████▎| 586/630 [59:41<04:13,  5.75s/it]
 93%|█████████▎| 587/630 [59:46<04:04,  5.69s/it]
 93%|█████████▎| 588/630 [59:52<03:54,  5.57s/it]
 93%|█████████▎| 589/630 [59:56<03:36,  5.28s/it]
 94%|█████████▎| 590/630 [1:00:01<03:22,  5.06s/it]
 94%|█████████▍| 591/630 [1:00:07<03:27,  5.33s/it]
 94%|█████████▍| 592/630 [1:00:12<03:24,  5.37s/it]
 94%|█████████▍| 593/630 [1:00:18<03:22,  5.48s/it]
 94%|█████████▍| 594/630 [1:00:23<03:14,  5.40s/it]
 94%|█████████▍| 595/630 [1:00:28<02:57,  5.08s/it]
 95%|█████████▍| 596/630 [1:00:32<02:48,  4.96s/it]
 95%|█████████▍| 597/630 [1:00:38<02:53,  5.27s/it]
 95%|█████████▍| 598/630 [1:00:44<02:55,  5.50s/it]
 95%|█████████▌| 599/630 [1:00:50<02:52,  5.57s/it]
 95%|█████████▌| 600/630 [1:00:55<02:40,  5.34s/it]

eval:   0%|          | 0/80 [00:00<?, ?it/s][A

eval:   1%|▏         | 1/80 [00:00<01:12,  1.09it/s][A

eval:   2%|▎         | 2/80 [00:01<01:01,  1.27it/s][A

eval:   4%|▍         | 3/80 [00:02<00:57,  1.34it/s][A

eval:   5%|▌         | 4/80 [00:03<00:55,  1.37it/s][A

eval:   6%|▋         | 5/80 [00:03<00:53,  1.41it/s][A

eval:   8%|▊         | 6/80 [00:04<00:55,  1.33it/s][A

eval:   9%|▉         | 7/80 [00:05<00:53,  1.36it/s][A

eval:  10%|█         | 8/80 [00:05<00:51,  1.38it/s][A

eval:  11%|█▏        | 9/80 [00:06<00:50,  1.40it/s][A

eval:  12%|█▎        | 10/80 [00:07<00:53,  1.31it/s][A

eval:  14%|█▍        | 11/80 [00:08<00:50,  1.35it/s][A

eval:  15%|█▌        | 12/80 [00:08<00:49,  1.38it/s][A

eval:  16%|█▋        | 13/80 [00:09<00:48,  1.39it/s][A

eval:  18%|█▊        | 14/80 [00:10<00:53,  1.24it/s][A

eval:  19%|█▉        | 15/80 [00:11<00:50,  1.29it/s][A

eval:  20%|██        | 16/80 [00:11<00:48,  1.33it/s][A

eval:  21%|██▏       | 17/80 [00:12<00:46,  1.36it/s][A

eval:  22%|██▎       | 18/80 [00:13<00:51,  1.21it/s][A

eval:  24%|██▍       | 19/80 [00:14<00:47,  1.28it/s][A

eval:  25%|██▌       | 20/80 [00:15<00:44,  1.34it/s][A

eval:  26%|██▋       | 21/80 [00:15<00:42,  1.38it/s][A

eval:  28%|██▊       | 22/80 [00:16<00:48,  1.19it/s][A

eval:  29%|██▉       | 23/80 [00:17<00:45,  1.25it/s][A

eval:  30%|███       | 24/80 [00:18<00:42,  1.32it/s][A

eval:  31%|███▏      | 25/80 [00:18<00:40,  1.37it/s][A

eval:  32%|███▎      | 26/80 [00:20<00:46,  1.16it/s][A

eval:  34%|███▍      | 27/80 [00:20<00:42,  1.25it/s][A

eval:  35%|███▌      | 28/80 [00:21<00:39,  1.30it/s][A

eval:  36%|███▋      | 29/80 [00:22<00:37,  1.35it/s][A

eval:  38%|███▊      | 30/80 [00:23<00:43,  1.16it/s][A

eval:  39%|███▉      | 31/80 [00:23<00:39,  1.24it/s][A

eval:  40%|████      | 32/80 [00:24<00:37,  1.29it/s][A

eval:  41%|████▏     | 33/80 [00:25<00:42,  1.11it/s][A

eval:  42%|████▎     | 34/80 [00:26<00:38,  1.20it/s][A

eval:  44%|████▍     | 35/80 [00:27<00:35,  1.26it/s][A

eval:  45%|████▌     | 36/80 [00:27<00:33,  1.31it/s][A

eval:  46%|████▋     | 37/80 [00:29<00:38,  1.11it/s][A

eval:  48%|████▊     | 38/80 [00:29<00:35,  1.20it/s][A

eval:  49%|████▉     | 39/80 [00:30<00:31,  1.29it/s][A

eval:  50%|█████     | 40/80 [00:31<00:29,  1.35it/s][A

eval:  51%|█████▏    | 41/80 [00:32<00:33,  1.15it/s][A

eval:  52%|█████▎    | 42/80 [00:32<00:30,  1.23it/s][A

eval:  54%|█████▍    | 43/80 [00:33<00:28,  1.29it/s][A

eval:  55%|█████▌    | 44/80 [00:34<00:32,  1.10it/s][A

eval:  56%|█████▋    | 45/80 [00:35<00:29,  1.21it/s][A

eval:  57%|█████▊    | 46/80 [00:36<00:25,  1.31it/s][A

eval:  59%|█████▉    | 47/80 [00:36<00:24,  1.35it/s][A

eval:  60%|██████    | 48/80 [00:37<00:27,  1.15it/s][A

eval:  61%|██████▏   | 49/80 [00:38<00:25,  1.23it/s][A

eval:  62%|██████▎   | 50/80 [00:39<00:23,  1.29it/s][A

eval:  64%|██████▍   | 51/80 [00:39<00:21,  1.38it/s][A

eval:  65%|██████▌   | 52/80 [00:41<00:24,  1.13it/s][A

eval:  66%|██████▋   | 53/80 [00:41<00:22,  1.22it/s][A

eval:  68%|██████▊   | 54/80 [00:42<00:20,  1.29it/s][A

eval:  69%|██████▉   | 55/80 [00:43<00:23,  1.06it/s][A

eval:  70%|███████   | 56/80 [00:44<00:20,  1.15it/s][A

eval:  71%|███████▏  | 57/80 [00:45<00:18,  1.23it/s][A

eval:  72%|███████▎  | 58/80 [00:45<00:17,  1.29it/s][A

eval:  74%|███████▍  | 59/80 [00:47<00:19,  1.09it/s][A

eval:  75%|███████▌  | 60/80 [00:47<00:17,  1.17it/s][A

eval:  76%|███████▋  | 61/80 [00:48<00:15,  1.24it/s][A

eval:  78%|███████▊  | 62/80 [00:49<00:17,  1.05it/s][A

eval:  79%|███████▉  | 63/80 [00:50<00:14,  1.15it/s][A

eval:  80%|████████  | 64/80 [00:51<00:13,  1.23it/s][A

eval:  81%|████████▏ | 65/80 [00:51<00:11,  1.29it/s][A

eval:  82%|████████▎ | 66/80 [00:53<00:12,  1.09it/s][A

eval:  84%|████████▍ | 67/80 [00:53<00:11,  1.18it/s][A

eval:  85%|████████▌ | 68/80 [00:54<00:09,  1.25it/s][A

eval:  86%|████████▋ | 69/80 [00:55<00:10,  1.04it/s][A

eval:  88%|████████▊ | 70/80 [00:56<00:08,  1.14it/s][A

eval:  89%|████████▉ | 71/80 [00:57<00:07,  1.22it/s][A

eval:  90%|█████████ | 72/80 [00:57<00:06,  1.28it/s][A

eval:  91%|█████████▏| 73/80 [00:59<00:06,  1.09it/s][A

eval:  92%|█████████▎| 74/80 [00:59<00:05,  1.17it/s][A

eval:  94%|█████████▍| 75/80 [01:00<00:04,  1.24it/s][A

eval:  95%|█████████▌| 76/80 [01:01<00:03,  1.06it/s][A

eval:  96%|█████████▋| 77/80 [01:02<00:02,  1.16it/s][A

eval:  98%|█████████▊| 78/80 [01:03<00:01,  1.24it/s][A

eval:  99%|█████████▉| 79/80 [01:03<00:00,  1.34it/s][A

eval: 100%|██████████| 80/80 [01:05<00:00,  1.09it/s][A

                                                     [A2026-05-11 18:39:48 | INFO | __main__ | eval.py:43 | [EVAL_SAMPLE] idx=0 pred=true gold=barely-true output=Label: F explain=Hartzler said, "We have less Americans working now than in the ‘70s." The statistics Hartzler’s staff said she cited show the employment-population ratio and labor force participation rate was indeed higher in 1979 than in 2015. However,... prompt=<|im_start|>system
You are a careful fact-checking assistant for LIAR-RAW claims. Classify claims using only the claim and retrieved evidence supplied by the user.<|im_end|>
<|im_start|>user
Classify the claim into exactly one LIAR-RAW l...
2026-05-11 18:39:48 | INFO | __main__ | eval.py:43 | [EVAL_SAMPLE] idx=0 pred=true gold=barely-true output=Label: F explain=Hartzler said, "We have less Americans working now than in the ‘70s." The statistics Hartzler’s staff said she cited show the employment-population ratio and labor force participation rate was indeed higher in 1979 than in 2015. However,... prompt=<|im_start|>system
You are a careful fact-checking assistant for LIAR-RAW claims. Classify claims using only the claim and retrieved evidence supplied by the user.<|im_end|>
<|im_start|>user
Classify the claim into exactly one LIAR-RAW l...
2026-05-11 18:39:48 | INFO | __main__ | eval.py:43 | [EVAL_SAMPLE] idx=1 pred=false gold=pants-fire output=Label: B explain=Ellison used a Koran that once belonged to Thomas Jefferson, borrowing the rare book from the Library of Congress. It goes without saying that Ellison is not Obama. UPDATE: Barack Obama resigned from Trinity United Church of Christ on Ma... prompt=<|im_start|>system
You are a careful fact-checking assistant for LIAR-RAW claims. Classify claims using only the claim and retrieved evidence supplied by the user.<|im_end|>
<|im_start|>user
Classify the claim into exactly one LIAR-RAW l...
2026-05-11 18:39:48 | INFO | __main__ | eval.py:43 | [EVAL_SAMPLE] idx=1 pred=false gold=pants-fire output=Label: B explain=Ellison used a Koran that once belonged to Thomas Jefferson, borrowing the rare book from the Library of Congress. It goes without saying that Ellison is not Obama. UPDATE: Barack Obama resigned from Trinity United Church of Christ on Ma... prompt=<|im_start|>system
You are a careful fact-checking assistant for LIAR-RAW claims. Classify claims using only the claim and retrieved evidence supplied by the user.<|im_end|>
<|im_start|>user
Classify the claim into exactly one LIAR-RAW l...
2026-05-11 18:39:48 | INFO | __main__ | eval.py:43 | [EVAL_SAMPLE] idx=2 pred=true gold=false output=Label: F explain=However, we have two professors who say the law is silent on political activity -- even if one of them sees an implicit prohibition -- and a plain reading of the law that states no explicit ban. Blumenauer said that "the statute a hundre... prompt=<|im_start|>system
You are a careful fact-checking assistant for LIAR-RAW claims. Classify claims using only the claim and retrieved evidence supplied by the user.<|im_end|>
<|im_start|>user
Classify the claim into exactly one LIAR-RAW l...
2026-05-11 18:39:49 | INFO | __main__ | trainer.py:563 | [eval] step=600 accuracy=0.2461 macro_precision=0.2437 macro_recall=0.2916 macro_f1=0.2190 parse_error_rate=0.0000
2026-05-11 18:39:49 | INFO | __main__ | trainer.py:563 | [eval] per_class:
2026-05-11 18:39:49 | INFO | __main__ | trainer.py:563 |   - barely-true: P=0.1724 R=0.0633 F1=0.0926
2026-05-11 18:39:49 | INFO | __main__ | trainer.py:563 |   - false: P=0.2642 R=0.3563 F1=0.3034
2026-05-11 18:39:49 | INFO | __main__ | trainer.py:563 |   - half-true: P=0.2222 R=0.0325 F1=0.0567
2026-05-11 18:39:49 | INFO | __main__ | trainer.py:563 |   - mostly-true: P=0.3300 R=0.1315 F1=0.1880
2026-05-11 18:39:49 | INFO | __main__ | trainer.py:563 |   - pants-fire: P=0.2429 R=0.5862 F1=0.3434
2026-05-11 18:39:49 | INFO | __main__ | trainer.py:563 |   - true: P=0.2306 R=0.5799 F1=0.3300

 95%|█████████▌| 601/630 [1:02:09<12:32, 25.96s/it]
 96%|█████████▌| 602/630 [1:02:13<09:03, 19.41s/it]
 96%|█████████▌| 603/630 [1:02:18<06:50, 15.20s/it]
 96%|█████████▌| 604/630 [1:02:25<05:24, 12.49s/it]
 96%|█████████▌| 605/630 [1:02:30<04:22, 10.48s/it]
 96%|█████████▌| 606/630 [1:02:36<03:40,  9.17s/it]
 96%|█████████▋| 607/630 [1:02:41<02:59,  7.80s/it]
 97%|█████████▋| 608/630 [1:02:46<02:35,  7.05s/it]
 97%|█████████▋| 609/630 [1:02:52<02:16,  6.50s/it]
 97%|█████████▋| 610/630 [1:02:57<02:05,  6.30s/it]
 97%|█████████▋| 611/630 [1:03:03<01:53,  5.99s/it]
 97%|█████████▋| 612/630 [1:03:08<01:46,  5.93s/it]
 97%|█████████▋| 613/630 [1:03:14<01:38,  5.77s/it]
 97%|█████████▋| 614/630 [1:03:19<01:30,  5.67s/it]
 98%|█████████▊| 615/630 [1:03:23<01:17,  5.18s/it]
 98%|█████████▊| 616/630 [1:03:30<01:17,  5.55s/it]
 98%|█████████▊| 617/630 [1:03:37<01:17,  5.97s/it]
 98%|█████████▊| 618/630 [1:03:42<01:07,  5.66s/it]
 98%|█████████▊| 619/630 [1:03:47<01:01,  5.63s/it]
 98%|█████████▊| 620/630 [1:03:52<00:54,  5.45s/it]
 99%|█████████▊| 621/630 [1:03:56<00:45,  5.04s/it]
 99%|█████████▊| 622/630 [1:04:02<00:43,  5.38s/it]
 99%|█████████▉| 623/630 [1:04:09<00:39,  5.58s/it]
 99%|█████████▉| 624/630 [1:04:14<00:33,  5.55s/it]
 99%|█████████▉| 625/630 [1:04:19<00:26,  5.29s/it]
 99%|█████████▉| 626/630 [1:04:24<00:21,  5.33s/it]
100%|█████████▉| 627/630 [1:04:29<00:15,  5.16s/it]
100%|█████████▉| 628/630 [1:04:34<00:10,  5.05s/it]
100%|█████████▉| 629/630 [1:04:39<00:05,  5.21s/it]
100%|██████████| 630/630 [1:04:42<00:00,  4.54s/it]swanlab: 🏠 View project at https://swanlab.cn/@fenglin/fact-checking-build-train-infer
swanlab: 🚀 View run at https://swanlab.cn/@fenglin/fact-checking-build-train-infer/runs/6fvr0u5ikqtwnesa5rpoy

 95%|█████████▌| 601/630 [1:02:09<12:32, 25.96s/it]
 96%|█████████▌| 602/630 [1:02:13<09:03, 19.41s/it]
 96%|█████████▌| 603/630 [1:02:18<06:50, 15.20s/it]
 96%|█████████▌| 604/630 [1:02:25<05:24, 12.49s/it]
 96%|█████████▌| 605/630 [1:02:30<04:22, 10.48s/it]
 96%|█████████▌| 606/630 [1:02:36<03:40,  9.17s/it]
 96%|█████████▋| 607/630 [1:02:41<02:59,  7.80s/it]
 97%|█████████▋| 608/630 [1:02:46<02:35,  7.05s/it]
 97%|█████████▋| 609/630 [1:02:52<02:16,  6.50s/it]
 97%|█████████▋| 610/630 [1:02:57<02:05,  6.30s/it]
 97%|█████████▋| 611/630 [1:03:03<01:53,  5.99s/it]
 97%|█████████▋| 612/630 [1:03:08<01:46,  5.93s/it]
 97%|█████████▋| 613/630 [1:03:14<01:38,  5.77s/it]
 97%|█████████▋| 614/630 [1:03:19<01:30,  5.67s/it]
 98%|█████████▊| 615/630 [1:03:23<01:17,  5.18s/it]
 98%|█████████▊| 616/630 [1:03:30<01:17,  5.55s/it]
 98%|█████████▊| 617/630 [1:03:37<01:17,  5.97s/it]
 98%|█████████▊| 618/630 [1:03:42<01:07,  5.66s/it]
 98%|█████████▊| 619/630 [1:03:47<01:01,  5.63s/it]
 98%|█████████▊| 620/630 [1:03:52<00:54,  5.45s/it]
 99%|█████████▊| 621/630 [1:03:56<00:45,  5.04s/it]
 99%|█████████▊| 622/630 [1:04:02<00:43,  5.38s/it]
 99%|█████████▉| 623/630 [1:04:09<00:39,  5.58s/it]
 99%|█████████▉| 624/630 [1:04:14<00:33,  5.55s/it]
 99%|█████████▉| 625/630 [1:04:19<00:26,  5.29s/it]
 99%|█████████▉| 626/630 [1:04:24<00:21,  5.33s/it]
100%|█████████▉| 627/630 [1:04:29<00:15,  5.16s/it]
100%|█████████▉| 628/630 [1:04:34<00:10,  5.05s/it]
100%|█████████▉| 629/630 [1:04:39<00:05,  5.21s/it]
100%|██████████| 630/630 [1:04:42<00:00,  4.54s/it]

100%|██████████| 630/630 [1:04:49<00:00,  6.17s/it]
