2026-05-12 01:12:55 | INFO | __main__ | trainer.py:207 | [INFO] saved resolved config to /data/liaozijie/fact-checking/outputs/runs/mmr_lambda_sweep/build.retrieval.mmr_lambda-0.5__d41d393f/train/config.resolved.yaml
2026-05-12 01:12:55 | INFO | __main__ | stats.py:59 | [PROMPT_STATS] split=train pre_mean=838.20 pre_p95=1127 pre_overflow=0 post_mean=838.20 post_p95=1127 post_overflow=0 truncated=1 trunc_rate=0.0001
2026-05-12 01:12:55 | INFO | __main__ | stats.py:59 | [PROMPT_STATS] split=val pre_mean=855.07 pre_p95=1127 pre_overflow=0 post_mean=855.07 post_p95=1127 post_overflow=0 truncated=0 trunc_rate=0.0000
2026-05-12 01:12:55 | INFO | __main__ | trainer.py:269 | [INFO] prompt statistics saved to /data/liaozijie/fact-checking/outputs/runs/mmr_lambda_sweep/build.retrieval.mmr_lambda-0.5__d41d393f/train/prompt_stats/prompt_stats.json
2026-05-12 01:12:56 | INFO | __main__ | adapters.py:97 | [INFO] LoRA enabled: trainable parameters=40370176 / 7655986688 (0.5273%), r=16, alpha=32
2026-05-12 01:13:18 | INFO | __main__ | trainer.py:359 | [INFO] Optimizer will update LoRA/trainable parameters only.
2026-05-12 01:13:34 | INFO | __main__ | trainer.py:390 | [INFO] dataloader length around accelerator.prepare: before=2516, after=629
2026-05-12 01:13:34 | WARNING | __main__ | trainer.py:396 | [WARN] len(train_dl) changed after accelerator.prepare: before=2516, after=629. This may indicate duplicated sharding/re-partitioning across distributed samplers.
2026-05-12 01:13:34 | INFO | __main__ | trainer.py:413 | [INFO] train progress setup (post-prepare): num_epochs=2, len(train_dl)=629, effective_grad_accum_steps=2, update_steps_per_epoch=315, max_train_steps=630
2026-05-12 01:13:34 | INFO | __main__ | trainer.py:122 | [INFO] logit_adjust enabled: tau=1.000 priors=['0.0807', '0.1945', '0.1601', '0.2074', '0.1937', '0.1636'] letters=[362, 425, 356, 422, 468, 434] prefix=[2476, 25]
2026-05-12 01:13:34 | INFO | __main__ | trainer.py:434 | [INFO] logit_adjust config saved to /data/liaozijie/fact-checking/outputs/runs/mmr_lambda_sweep/build.retrieval.mmr_lambda-0.5__d41d393f/train/logit_adjust.json
2026-05-12 01:26:05 | INFO | __main__ | eval.py:43 | [EVAL_SAMPLE] idx=0 pred=false gold=barely-true output=Label: B explain=Hartzler said, "We have less Americans working now than in the ‘70s." The statistics Hartzler’s staff said she cited show the employment-population ratio and labor force participation rate was indeed higher in 1979 than in 2015. However,... prompt=<|im_start|>system
You are a careful fact-checking assistant for LIAR-RAW claims. Classify claims using only the claim and retrieved evidence supplied by the user.<|im_end|>
<|im_start|>user
Classify the claim into exactly one LIAR-RAW l...
2026-05-12 01:26:05 | INFO | __main__ | eval.py:43 | [EVAL_SAMPLE] idx=0 pred=pants-fire gold=barely-true output=Label: A explain=Hartzler said, "We have less Americans working now than in the ‘70s." The statistics Hartzler’s staff said she cited show the employment-population ratio and labor force participation rate was indeed higher in 1979 than in 2015. However,... prompt=<|im_start|>system
You are a careful fact-checking assistant for LIAR-RAW claims. Classify claims using only the claim and retrieved evidence supplied by the user.<|im_end|>
<|im_start|>user
Classify the claim into exactly one LIAR-RAW l...
2026-05-12 01:26:05 | INFO | __main__ | eval.py:43 | [EVAL_SAMPLE] idx=1 pred=false gold=pants-fire output=Label: B explain=Ellison used a Koran that once belonged to Thomas Jefferson, borrowing the rare book from the Library of Congress. It goes without saying that Ellison is not Obama. UPDATE: Barack Obama resigned from Trinity United Church of Christ on Ma... prompt=<|im_start|>system
You are a careful fact-checking assistant for LIAR-RAW claims. Classify claims using only the claim and retrieved evidence supplied by the user.<|im_end|>
<|im_start|>user
Classify the claim into exactly one LIAR-RAW l...
2026-05-12 01:26:05 | INFO | __main__ | eval.py:43 | [EVAL_SAMPLE] idx=1 pred=false gold=pants-fire output=Label: B explain=Ellison used a Koran that once belonged to Thomas Jefferson, borrowing the rare book from the Library of Congress. It goes without saying that Ellison is not Obama. UPDATE: Barack Obama resigned from Trinity United Church of Christ on Ma... prompt=<|im_start|>system
You are a careful fact-checking assistant for LIAR-RAW claims. Classify claims using only the claim and retrieved evidence supplied by the user.<|im_end|>
<|im_start|>user
Classify the claim into exactly one LIAR-RAW l...
2026-05-12 01:26:05 | INFO | __main__ | eval.py:43 | [EVAL_SAMPLE] idx=2 pred=mostly-true gold=false output=Label: E explain=However, we have two professors who say the law is silent on political activity -- even if one of them sees an implicit prohibition -- and a plain reading of the law that states no explicit ban. Blumenauer said that "the statute a hundre... prompt=<|im_start|>system
You are a careful fact-checking assistant for LIAR-RAW claims. Classify claims using only the claim and retrieved evidence supplied by the user.<|im_end|>
<|im_start|>user
Classify the claim into exactly one LIAR-RAW l...
2026-05-12 01:26:05 | INFO | __main__ | trainer.py:566 | [eval] step=50 accuracy=0.2313 macro_precision=0.2680 macro_recall=0.2419 macro_f1=0.2100 parse_error_rate=0.0000
2026-05-12 01:26:05 | INFO | __main__ | trainer.py:566 | [eval] per_class:
2026-05-12 01:26:05 | INFO | __main__ | trainer.py:566 |   - barely-true: P=0.2222 R=0.3544 F1=0.2732
2026-05-12 01:26:05 | INFO | __main__ | trainer.py:566 |   - false: P=0.2576 R=0.2605 F1=0.2590
2026-05-12 01:26:05 | INFO | __main__ | trainer.py:566 |   - half-true: P=0.4091 R=0.0366 F1=0.0672
2026-05-12 01:26:05 | INFO | __main__ | trainer.py:566 |   - mostly-true: P=0.2918 R=0.2709 F1=0.2810
2026-05-12 01:26:05 | INFO | __main__ | trainer.py:566 |   - pants-fire: P=0.1546 R=0.4224 F1=0.2263
2026-05-12 01:26:05 | INFO | __main__ | trainer.py:566 |   - true: P=0.2727 R=0.1065 F1=0.1532
2026-05-12 01:38:18 | INFO | __main__ | eval.py:43 | [EVAL_SAMPLE] idx=0 pred=false gold=barely-true output=Label: B explain=Hartzler said, "We have less Americans working now than in the ‘70s." The statistics Hartzler’s staff said she cited show the employment-population ratio and labor force participation rate was indeed higher in 1979 than in 2015. However,... prompt=<|im_start|>system
You are a careful fact-checking assistant for LIAR-RAW claims. Classify claims using only the claim and retrieved evidence supplied by the user.<|im_end|>
<|im_start|>user
Classify the claim into exactly one LIAR-RAW l...
2026-05-12 01:38:18 | INFO | __main__ | eval.py:43 | [EVAL_SAMPLE] idx=0 pred=false gold=barely-true output=Label: B explain=Hartzler said, "We have less Americans working now than in the ‘70s." The statistics Hartzler’s staff said she cited show the employment-population ratio and labor force participation rate was indeed higher in 1979 than in 2015. However,... prompt=<|im_start|>system
You are a careful fact-checking assistant for LIAR-RAW claims. Classify claims using only the claim and retrieved evidence supplied by the user.<|im_end|>
<|im_start|>user
Classify the claim into exactly one LIAR-RAW l...
2026-05-12 01:38:18 | INFO | __main__ | eval.py:43 | [EVAL_SAMPLE] idx=1 pred=false gold=pants-fire output=Label: B explain=Ellison used a Koran that once belonged to Thomas Jefferson, borrowing the rare book from the Library of Congress. It goes without saying that Ellison is not Obama. UPDATE: Barack Obama resigned from Trinity United Church of Christ on Ma... prompt=<|im_start|>system
You are a careful fact-checking assistant for LIAR-RAW claims. Classify claims using only the claim and retrieved evidence supplied by the user.<|im_end|>
<|im_start|>user
Classify the claim into exactly one LIAR-RAW l...
2026-05-12 01:38:18 | INFO | __main__ | eval.py:43 | [EVAL_SAMPLE] idx=1 pred=false gold=pants-fire output=Label: B explain=Ellison used a Koran that once belonged to Thomas Jefferson, borrowing the rare book from the Library of Congress. It goes without saying that Ellison is not Obama. UPDATE: Barack Obama resigned from Trinity United Church of Christ on Ma... prompt=<|im_start|>system
You are a careful fact-checking assistant for LIAR-RAW claims. Classify claims using only the claim and retrieved evidence supplied by the user.<|im_end|>
<|im_start|>user
Classify the claim into exactly one LIAR-RAW l...
2026-05-12 01:38:18 | INFO | __main__ | eval.py:43 | [EVAL_SAMPLE] idx=2 pred=barely-true gold=false output=Label: C explain=However, we have two professors who say the law is silent on political activity -- even if one of them sees an implicit prohibition -- and a plain reading of the law that states no explicit ban. Blumenauer said that "the statute a hundre... prompt=<|im_start|>system
You are a careful fact-checking assistant for LIAR-RAW claims. Classify claims using only the claim and retrieved evidence supplied by the user.<|im_end|>
<|im_start|>user
Classify the claim into exactly one LIAR-RAW l...
2026-05-12 01:38:18 | INFO | __main__ | trainer.py:566 | [eval] step=100 accuracy=0.2547 macro_precision=0.3265 macro_recall=0.2587 macro_f1=0.2268 parse_error_rate=0.0000
2026-05-12 01:38:18 | INFO | __main__ | trainer.py:566 | [eval] per_class:
2026-05-12 01:38:18 | INFO | __main__ | trainer.py:566 |   - barely-true: P=0.2066 R=0.5570 F1=0.3014
2026-05-12 01:38:18 | INFO | __main__ | trainer.py:566 |   - false: P=0.2848 R=0.3448 F1=0.3120
2026-05-12 01:38:18 | INFO | __main__ | trainer.py:566 |   - half-true: P=0.4074 R=0.0447 F1=0.0806
2026-05-12 01:38:18 | INFO | __main__ | trainer.py:566 |   - mostly-true: P=0.4444 R=0.0478 F1=0.0863
2026-05-12 01:38:18 | INFO | __main__ | trainer.py:566 |   - pants-fire: P=0.3333 R=0.2500 F1=0.2857
2026-05-12 01:38:18 | INFO | __main__ | trainer.py:566 |   - true: P=0.2826 R=0.3077 F1=0.2946
2026-05-12 01:50:43 | INFO | __main__ | eval.py:43 | [EVAL_SAMPLE] idx=0 pred=false gold=barely-true output=Label: B explain=Hartzler said, "We have less Americans working now than in the ‘70s." The statistics Hartzler’s staff said she cited show the employment-population ratio and labor force participation rate was indeed higher in 1979 than in 2015. However,... prompt=<|im_start|>system
You are a careful fact-checking assistant for LIAR-RAW claims. Classify claims using only the claim and retrieved evidence supplied by the user.<|im_end|>
<|im_start|>user
Classify the claim into exactly one LIAR-RAW l...
2026-05-12 01:50:43 | INFO | __main__ | eval.py:43 | [EVAL_SAMPLE] idx=0 pred=false gold=barely-true output=Label: B explain=Hartzler said, "We have less Americans working now than in the ‘70s." The statistics Hartzler’s staff said she cited show the employment-population ratio and labor force participation rate was indeed higher in 1979 than in 2015. However,... prompt=<|im_start|>system
You are a careful fact-checking assistant for LIAR-RAW claims. Classify claims using only the claim and retrieved evidence supplied by the user.<|im_end|>
<|im_start|>user
Classify the claim into exactly one LIAR-RAW l...
2026-05-12 01:50:43 | INFO | __main__ | eval.py:43 | [EVAL_SAMPLE] idx=1 pred=false gold=pants-fire output=Label: B explain=Ellison used a Koran that once belonged to Thomas Jefferson, borrowing the rare book from the Library of Congress. It goes without saying that Ellison is not Obama. UPDATE: Barack Obama resigned from Trinity United Church of Christ on Ma... prompt=<|im_start|>system
You are a careful fact-checking assistant for LIAR-RAW claims. Classify claims using only the claim and retrieved evidence supplied by the user.<|im_end|>
<|im_start|>user
Classify the claim into exactly one LIAR-RAW l...
2026-05-12 01:50:43 | INFO | __main__ | eval.py:43 | [EVAL_SAMPLE] idx=1 pred=false gold=pants-fire output=Label: B explain=Ellison used a Koran that once belonged to Thomas Jefferson, borrowing the rare book from the Library of Congress. It goes without saying that Ellison is not Obama. UPDATE: Barack Obama resigned from Trinity United Church of Christ on Ma... prompt=<|im_start|>system
You are a careful fact-checking assistant for LIAR-RAW claims. Classify claims using only the claim and retrieved evidence supplied by the user.<|im_end|>
<|im_start|>user
Classify the claim into exactly one LIAR-RAW l...
2026-05-12 01:50:43 | INFO | __main__ | eval.py:43 | [EVAL_SAMPLE] idx=2 pred=mostly-true gold=false output=Label: E explain=However, we have two professors who say the law is silent on political activity -- even if one of them sees an implicit prohibition -- and a plain reading of the law that states no explicit ban. Blumenauer said that "the statute a hundre... prompt=<|im_start|>system
You are a careful fact-checking assistant for LIAR-RAW claims. Classify claims using only the claim and retrieved evidence supplied by the user.<|im_end|>
<|im_start|>user
Classify the claim into exactly one LIAR-RAW l...
2026-05-12 01:50:43 | INFO | __main__ | trainer.py:566 | [eval] step=150 accuracy=0.2648 macro_precision=0.2955 macro_recall=0.2852 macro_f1=0.2568 parse_error_rate=0.0000
2026-05-12 01:50:43 | INFO | __main__ | trainer.py:566 | [eval] per_class:
2026-05-12 01:50:43 | INFO | __main__ | trainer.py:566 |   - barely-true: P=0.2308 R=0.3544 F1=0.2795
2026-05-12 01:50:43 | INFO | __main__ | trainer.py:566 |   - false: P=0.2953 R=0.2874 F1=0.2913
2026-05-12 01:50:43 | INFO | __main__ | trainer.py:566 |   - half-true: P=0.2910 R=0.1585 F1=0.2053
2026-05-12 01:50:43 | INFO | __main__ | trainer.py:566 |   - mostly-true: P=0.4318 R=0.0757 F1=0.1288
2026-05-12 01:50:43 | INFO | __main__ | trainer.py:566 |   - pants-fire: P=0.2877 R=0.3621 F1=0.3206
2026-05-12 01:50:43 | INFO | __main__ | trainer.py:566 |   - true: P=0.2367 R=0.4734 F1=0.3156
2026-05-12 02:02:59 | INFO | __main__ | eval.py:43 | [EVAL_SAMPLE] idx=0 pred=false gold=barely-true output=Label: B explain=Hartzler said, "We have less Americans working now than in the ‘70s." The statistics Hartzler’s staff said she cited show the employment-population ratio and labor force participation rate was indeed higher in 1979 than in 2015. However,... prompt=<|im_start|>system
You are a careful fact-checking assistant for LIAR-RAW claims. Classify claims using only the claim and retrieved evidence supplied by the user.<|im_end|>
<|im_start|>user
Classify the claim into exactly one LIAR-RAW l...
2026-05-12 02:02:59 | INFO | __main__ | eval.py:43 | [EVAL_SAMPLE] idx=0 pred=false gold=barely-true output=Label: B explain=Hartzler said, "We have less Americans working now than in the ‘70s." The statistics Hartzler’s staff said she cited show the employment-population ratio and labor force participation rate was indeed higher in 1979 than in 2015. However,... prompt=<|im_start|>system
You are a careful fact-checking assistant for LIAR-RAW claims. Classify claims using only the claim and retrieved evidence supplied by the user.<|im_end|>
<|im_start|>user
Classify the claim into exactly one LIAR-RAW l...
2026-05-12 02:02:59 | INFO | __main__ | eval.py:43 | [EVAL_SAMPLE] idx=1 pred=false gold=pants-fire output=Label: B explain=Ellison used a Koran that once belonged to Thomas Jefferson, borrowing the rare book from the Library of Congress. It goes without saying that Ellison is not Obama. UPDATE: Barack Obama resigned from Trinity United Church of Christ on Ma... prompt=<|im_start|>system
You are a careful fact-checking assistant for LIAR-RAW claims. Classify claims using only the claim and retrieved evidence supplied by the user.<|im_end|>
<|im_start|>user
Classify the claim into exactly one LIAR-RAW l...
2026-05-12 02:02:59 | INFO | __main__ | eval.py:43 | [EVAL_SAMPLE] idx=1 pred=false gold=pants-fire output=Label: B explain=Ellison used a Koran that once belonged to Thomas Jefferson, borrowing the rare book from the Library of Congress. It goes without saying that Ellison is not Obama. UPDATE: Barack Obama resigned from Trinity United Church of Christ on Ma... prompt=<|im_start|>system
You are a careful fact-checking assistant for LIAR-RAW claims. Classify claims using only the claim and retrieved evidence supplied by the user.<|im_end|>
<|im_start|>user
Classify the claim into exactly one LIAR-RAW l...
2026-05-12 02:02:59 | INFO | __main__ | eval.py:43 | [EVAL_SAMPLE] idx=2 pred=mostly-true gold=false output=Label: E explain=However, we have two professors who say the law is silent on political activity -- even if one of them sees an implicit prohibition -- and a plain reading of the law that states no explicit ban. Blumenauer said that "the statute a hundre... prompt=<|im_start|>system
You are a careful fact-checking assistant for LIAR-RAW claims. Classify claims using only the claim and retrieved evidence supplied by the user.<|im_end|>
<|im_start|>user
Classify the claim into exactly one LIAR-RAW l...
2026-05-12 02:02:59 | INFO | __main__ | trainer.py:566 | [eval] step=200 accuracy=0.2805 macro_precision=0.3130 macro_recall=0.2986 macro_f1=0.2729 parse_error_rate=0.0000
2026-05-12 02:02:59 | INFO | __main__ | trainer.py:566 | [eval] per_class:
2026-05-12 02:02:59 | INFO | __main__ | trainer.py:566 |   - barely-true: P=0.2526 R=0.3038 F1=0.2759
2026-05-12 02:02:59 | INFO | __main__ | trainer.py:566 |   - false: P=0.2885 R=0.4023 F1=0.3360
2026-05-12 02:02:59 | INFO | __main__ | trainer.py:566 |   - half-true: P=0.2754 R=0.1545 F1=0.1979
2026-05-12 02:02:59 | INFO | __main__ | trainer.py:566 |   - mostly-true: P=0.5102 R=0.0996 F1=0.1667
2026-05-12 02:02:59 | INFO | __main__ | trainer.py:566 |   - pants-fire: P=0.3013 R=0.4052 F1=0.3456
2026-05-12 02:02:59 | INFO | __main__ | trainer.py:566 |   - true: P=0.2500 R=0.4260 F1=0.3151
2026-05-12 02:12:31 | INFO | __main__ | eval.py:43 | [EVAL_SAMPLE] idx=0 pred=false gold=barely-true output=Label: B explain=Hartzler said, "We have less Americans working now than in the ‘70s." The statistics Hartzler’s staff said she cited show the employment-population ratio and labor force participation rate was indeed higher in 1979 than in 2015. However,... prompt=<|im_start|>system
You are a careful fact-checking assistant for LIAR-RAW claims. Classify claims using only the claim and retrieved evidence supplied by the user.<|im_end|>
<|im_start|>user
Classify the claim into exactly one LIAR-RAW l...
2026-05-12 02:12:31 | INFO | __main__ | eval.py:43 | [EVAL_SAMPLE] idx=0 pred=false gold=barely-true output=Label: B explain=Hartzler said, "We have less Americans working now than in the ‘70s." The statistics Hartzler’s staff said she cited show the employment-population ratio and labor force participation rate was indeed higher in 1979 than in 2015. However,... prompt=<|im_start|>system
You are a careful fact-checking assistant for LIAR-RAW claims. Classify claims using only the claim and retrieved evidence supplied by the user.<|im_end|>
<|im_start|>user
Classify the claim into exactly one LIAR-RAW l...
2026-05-12 02:12:31 | INFO | __main__ | eval.py:43 | [EVAL_SAMPLE] idx=1 pred=false gold=pants-fire output=Label: B explain=Ellison used a Koran that once belonged to Thomas Jefferson, borrowing the rare book from the Library of Congress. It goes without saying that Ellison is not Obama. UPDATE: Barack Obama resigned from Trinity United Church of Christ on Ma... prompt=<|im_start|>system
You are a careful fact-checking assistant for LIAR-RAW claims. Classify claims using only the claim and retrieved evidence supplied by the user.<|im_end|>
<|im_start|>user
Classify the claim into exactly one LIAR-RAW l...
2026-05-12 02:12:31 | INFO | __main__ | eval.py:43 | [EVAL_SAMPLE] idx=1 pred=false gold=pants-fire output=Label: B explain=Ellison used a Koran that once belonged to Thomas Jefferson, borrowing the rare book from the Library of Congress. It goes without saying that Ellison is not Obama. UPDATE: Barack Obama resigned from Trinity United Church of Christ on Ma... prompt=<|im_start|>system
You are a careful fact-checking assistant for LIAR-RAW claims. Classify claims using only the claim and retrieved evidence supplied by the user.<|im_end|>
<|im_start|>user
Classify the claim into exactly one LIAR-RAW l...
2026-05-12 02:12:31 | INFO | __main__ | eval.py:43 | [EVAL_SAMPLE] idx=2 pred=mostly-true gold=false output=Label: E explain=However, we have two professors who say the law is silent on political activity -- even if one of them sees an implicit prohibition -- and a plain reading of the law that states no explicit ban. Blumenauer said that "the statute a hundre... prompt=<|im_start|>system
You are a careful fact-checking assistant for LIAR-RAW claims. Classify claims using only the claim and retrieved evidence supplied by the user.<|im_end|>
<|im_start|>user
Classify the claim into exactly one LIAR-RAW l...
2026-05-12 02:12:31 | INFO | __main__ | trainer.py:566 | [eval] step=250 accuracy=0.2852 macro_precision=0.3031 macro_recall=0.2896 macro_f1=0.2770 parse_error_rate=0.0000
2026-05-12 02:12:31 | INFO | __main__ | trainer.py:566 | [eval] per_class:
2026-05-12 02:12:31 | INFO | __main__ | trainer.py:566 |   - barely-true: P=0.2408 R=0.4684 F1=0.3181
2026-05-12 02:12:31 | INFO | __main__ | trainer.py:566 |   - false: P=0.2776 R=0.2797 F1=0.2786
2026-05-12 02:12:31 | INFO | __main__ | trainer.py:566 |   - half-true: P=0.3276 R=0.0772 F1=0.1250
2026-05-12 02:12:31 | INFO | __main__ | trainer.py:566 |   - mostly-true: P=0.3361 R=0.3187 F1=0.3272
2026-05-12 02:12:31 | INFO | __main__ | trainer.py:566 |   - pants-fire: P=0.3448 R=0.3448 F1=0.3448
2026-05-12 02:12:31 | INFO | __main__ | trainer.py:566 |   - true: P=0.2917 R=0.2485 F1=0.2684
2026-05-12 02:21:15 | INFO | __main__ | eval.py:43 | [EVAL_SAMPLE] idx=0 pred=false gold=barely-true output=Label: B explain=Hartzler said, "We have less Americans working now than in the ‘70s." The statistics Hartzler’s staff said she cited show the employment-population ratio and labor force participation rate was indeed higher in 1979 than in 2015. However,... prompt=<|im_start|>system
You are a careful fact-checking assistant for LIAR-RAW claims. Classify claims using only the claim and retrieved evidence supplied by the user.<|im_end|>
<|im_start|>user
Classify the claim into exactly one LIAR-RAW l...
2026-05-12 02:21:15 | INFO | __main__ | eval.py:43 | [EVAL_SAMPLE] idx=0 pred=false gold=barely-true output=Label: B explain=Hartzler said, "We have less Americans working now than in the ‘70s." The statistics Hartzler’s staff said she cited show the employment-population ratio and labor force participation rate was indeed higher in 1979 than in 2015. However,... prompt=<|im_start|>system
You are a careful fact-checking assistant for LIAR-RAW claims. Classify claims using only the claim and retrieved evidence supplied by the user.<|im_end|>
<|im_start|>user
Classify the claim into exactly one LIAR-RAW l...
2026-05-12 02:21:15 | INFO | __main__ | eval.py:43 | [EVAL_SAMPLE] idx=1 pred=false gold=pants-fire output=Label: B explain=Ellison used a Koran that once belonged to Thomas Jefferson, borrowing the rare book from the Library of Congress. It goes without saying that Ellison is not Obama. UPDATE: Barack Obama resigned from Trinity United Church of Christ on Ma... prompt=<|im_start|>system
You are a careful fact-checking assistant for LIAR-RAW claims. Classify claims using only the claim and retrieved evidence supplied by the user.<|im_end|>
<|im_start|>user
Classify the claim into exactly one LIAR-RAW l...
2026-05-12 02:21:15 | INFO | __main__ | eval.py:43 | [EVAL_SAMPLE] idx=1 pred=false gold=pants-fire output=Label: B explain=Ellison used a Koran that once belonged to Thomas Jefferson, borrowing the rare book from the Library of Congress. It goes without saying that Ellison is not Obama. UPDATE: Barack Obama resigned from Trinity United Church of Christ on Ma... prompt=<|im_start|>system
You are a careful fact-checking assistant for LIAR-RAW claims. Classify claims using only the claim and retrieved evidence supplied by the user.<|im_end|>
<|im_start|>user
Classify the claim into exactly one LIAR-RAW l...
2026-05-12 02:21:15 | INFO | __main__ | eval.py:43 | [EVAL_SAMPLE] idx=2 pred=mostly-true gold=false output=Label: E explain=However, we have two professors who say the law is silent on political activity -- even if one of them sees an implicit prohibition -- and a plain reading of the law that states no explicit ban. Blumenauer said that "the statute a hundre... prompt=<|im_start|>system
You are a careful fact-checking assistant for LIAR-RAW claims. Classify claims using only the claim and retrieved evidence supplied by the user.<|im_end|>
<|im_start|>user
Classify the claim into exactly one LIAR-RAW l...
2026-05-12 02:21:15 | INFO | __main__ | trainer.py:566 | [eval] step=300 accuracy=0.2812 macro_precision=0.2936 macro_recall=0.2901 macro_f1=0.2771 parse_error_rate=0.0000
2026-05-12 02:21:15 | INFO | __main__ | trainer.py:566 | [eval] per_class:
2026-05-12 02:21:15 | INFO | __main__ | trainer.py:566 |   - barely-true: P=0.2265 R=0.3966 F1=0.2883
2026-05-12 02:21:15 | INFO | __main__ | trainer.py:566 |   - false: P=0.2827 R=0.3065 F1=0.2941
2026-05-12 02:21:15 | INFO | __main__ | trainer.py:566 |   - half-true: P=0.2973 R=0.0894 F1=0.1375
2026-05-12 02:21:15 | INFO | __main__ | trainer.py:566 |   - mostly-true: P=0.3486 R=0.3028 F1=0.3241
2026-05-12 02:21:15 | INFO | __main__ | trainer.py:566 |   - pants-fire: P=0.3108 R=0.3966 F1=0.3485
2026-05-12 02:21:15 | INFO | __main__ | trainer.py:566 |   - true: P=0.2958 R=0.2485 F1=0.2701
2026-05-12 02:30:06 | INFO | __main__ | eval.py:43 | [EVAL_SAMPLE] idx=0 pred=false gold=barely-true output=Label: B explain=Hartzler said, "We have less Americans working now than in the ‘70s." The statistics Hartzler’s staff said she cited show the employment-population ratio and labor force participation rate was indeed higher in 1979 than in 2015. However,... prompt=<|im_start|>system
You are a careful fact-checking assistant for LIAR-RAW claims. Classify claims using only the claim and retrieved evidence supplied by the user.<|im_end|>
<|im_start|>user
Classify the claim into exactly one LIAR-RAW l...
2026-05-12 02:30:06 | INFO | __main__ | eval.py:43 | [EVAL_SAMPLE] idx=0 pred=false gold=barely-true output=Label: B explain=Hartzler said, "We have less Americans working now than in the ‘70s." The statistics Hartzler’s staff said she cited show the employment-population ratio and labor force participation rate was indeed higher in 1979 than in 2015. However,... prompt=<|im_start|>system
You are a careful fact-checking assistant for LIAR-RAW claims. Classify claims using only the claim and retrieved evidence supplied by the user.<|im_end|>
<|im_start|>user
Classify the claim into exactly one LIAR-RAW l...
2026-05-12 02:30:06 | INFO | __main__ | eval.py:43 | [EVAL_SAMPLE] idx=1 pred=false gold=pants-fire output=Label: B explain=Ellison used a Koran that once belonged to Thomas Jefferson, borrowing the rare book from the Library of Congress. It goes without saying that Ellison is not Obama. UPDATE: Barack Obama resigned from Trinity United Church of Christ on Ma... prompt=<|im_start|>system
You are a careful fact-checking assistant for LIAR-RAW claims. Classify claims using only the claim and retrieved evidence supplied by the user.<|im_end|>
<|im_start|>user
Classify the claim into exactly one LIAR-RAW l...
2026-05-12 02:30:06 | INFO | __main__ | eval.py:43 | [EVAL_SAMPLE] idx=1 pred=false gold=pants-fire output=Label: B explain=Ellison used a Koran that once belonged to Thomas Jefferson, borrowing the rare book from the Library of Congress. It goes without saying that Ellison is not Obama. UPDATE: Barack Obama resigned from Trinity United Church of Christ on Ma... prompt=<|im_start|>system
You are a careful fact-checking assistant for LIAR-RAW claims. Classify claims using only the claim and retrieved evidence supplied by the user.<|im_end|>
<|im_start|>user
Classify the claim into exactly one LIAR-RAW l...
2026-05-12 02:30:06 | INFO | __main__ | eval.py:43 | [EVAL_SAMPLE] idx=2 pred=mostly-true gold=false output=Label: E explain=However, we have two professors who say the law is silent on political activity -- even if one of them sees an implicit prohibition -- and a plain reading of the law that states no explicit ban. Blumenauer said that "the statute a hundre... prompt=<|im_start|>system
You are a careful fact-checking assistant for LIAR-RAW claims. Classify claims using only the claim and retrieved evidence supplied by the user.<|im_end|>
<|im_start|>user
Classify the claim into exactly one LIAR-RAW l...
2026-05-12 02:30:06 | INFO | __main__ | trainer.py:566 | [eval] step=350 accuracy=0.2953 macro_precision=0.3103 macro_recall=0.3041 macro_f1=0.2912 parse_error_rate=0.0000
2026-05-12 02:30:06 | INFO | __main__ | trainer.py:566 | [eval] per_class:
2026-05-12 02:30:06 | INFO | __main__ | trainer.py:566 |   - barely-true: P=0.2368 R=0.4177 F1=0.3023
2026-05-12 02:30:06 | INFO | __main__ | trainer.py:566 |   - false: P=0.2954 R=0.3180 F1=0.3063
2026-05-12 02:30:06 | INFO | __main__ | trainer.py:566 |   - half-true: P=0.3333 R=0.1057 F1=0.1605
2026-05-12 02:30:06 | INFO | __main__ | trainer.py:566 |   - mostly-true: P=0.3816 R=0.3147 F1=0.3450
2026-05-12 02:30:06 | INFO | __main__ | trainer.py:566 |   - pants-fire: P=0.3179 R=0.4138 F1=0.3596
2026-05-12 02:30:06 | INFO | __main__ | trainer.py:566 |   - true: P=0.2966 R=0.2544 F1=0.2739
2026-05-12 02:38:43 | INFO | __main__ | eval.py:43 | [EVAL_SAMPLE] idx=0 pred=false gold=barely-true output=Label: B explain=Hartzler said, "We have less Americans working now than in the ‘70s." The statistics Hartzler’s staff said she cited show the employment-population ratio and labor force participation rate was indeed higher in 1979 than in 2015. However,... prompt=<|im_start|>system
You are a careful fact-checking assistant for LIAR-RAW claims. Classify claims using only the claim and retrieved evidence supplied by the user.<|im_end|>
<|im_start|>user
Classify the claim into exactly one LIAR-RAW l...
2026-05-12 02:38:43 | INFO | __main__ | eval.py:43 | [EVAL_SAMPLE] idx=0 pred=false gold=barely-true output=Label: B explain=Hartzler said, "We have less Americans working now than in the ‘70s." The statistics Hartzler’s staff said she cited show the employment-population ratio and labor force participation rate was indeed higher in 1979 than in 2015. However,... prompt=<|im_start|>system
You are a careful fact-checking assistant for LIAR-RAW claims. Classify claims using only the claim and retrieved evidence supplied by the user.<|im_end|>
<|im_start|>user
Classify the claim into exactly one LIAR-RAW l...
2026-05-12 02:38:43 | INFO | __main__ | eval.py:43 | [EVAL_SAMPLE] idx=1 pred=false gold=pants-fire output=Label: B explain=Ellison used a Koran that once belonged to Thomas Jefferson, borrowing the rare book from the Library of Congress. It goes without saying that Ellison is not Obama. UPDATE: Barack Obama resigned from Trinity United Church of Christ on Ma... prompt=<|im_start|>system
You are a careful fact-checking assistant for LIAR-RAW claims. Classify claims using only the claim and retrieved evidence supplied by the user.<|im_end|>
<|im_start|>user
Classify the claim into exactly one LIAR-RAW l...
2026-05-12 02:38:43 | INFO | __main__ | eval.py:43 | [EVAL_SAMPLE] idx=1 pred=false gold=pants-fire output=Label: B explain=Ellison used a Koran that once belonged to Thomas Jefferson, borrowing the rare book from the Library of Congress. It goes without saying that Ellison is not Obama. UPDATE: Barack Obama resigned from Trinity United Church of Christ on Ma... prompt=<|im_start|>system
You are a careful fact-checking assistant for LIAR-RAW claims. Classify claims using only the claim and retrieved evidence supplied by the user.<|im_end|>
<|im_start|>user
Classify the claim into exactly one LIAR-RAW l...
2026-05-12 02:38:43 | INFO | __main__ | eval.py:43 | [EVAL_SAMPLE] idx=2 pred=mostly-true gold=false output=Label: E explain=However, we have two professors who say the law is silent on political activity -- even if one of them sees an implicit prohibition -- and a plain reading of the law that states no explicit ban. Blumenauer said that "the statute a hundre... prompt=<|im_start|>system
You are a careful fact-checking assistant for LIAR-RAW claims. Classify claims using only the claim and retrieved evidence supplied by the user.<|im_end|>
<|im_start|>user
Classify the claim into exactly one LIAR-RAW l...
2026-05-12 02:38:43 | INFO | __main__ | trainer.py:566 | [eval] step=400 accuracy=0.2750 macro_precision=0.3116 macro_recall=0.2887 macro_f1=0.2632 parse_error_rate=0.0000
2026-05-12 02:38:43 | INFO | __main__ | trainer.py:566 | [eval] per_class:
2026-05-12 02:38:43 | INFO | __main__ | trainer.py:566 |   - barely-true: P=0.2202 R=0.5148 F1=0.3085
2026-05-12 02:38:43 | INFO | __main__ | trainer.py:566 |   - false: P=0.3113 R=0.3065 F1=0.3089
2026-05-12 02:38:43 | INFO | __main__ | trainer.py:566 |   - half-true: P=0.3725 R=0.0772 F1=0.1279
2026-05-12 02:38:43 | INFO | __main__ | trainer.py:566 |   - mostly-true: P=0.3905 R=0.1633 F1=0.2303
2026-05-12 02:38:43 | INFO | __main__ | trainer.py:566 |   - pants-fire: P=0.2881 R=0.4397 F1=0.3481
2026-05-12 02:38:43 | INFO | __main__ | trainer.py:566 |   - true: P=0.2868 R=0.2308 F1=0.2557
2026-05-12 02:47:18 | INFO | __main__ | eval.py:43 | [EVAL_SAMPLE] idx=0 pred=false gold=barely-true output=Label: B explain=Hartzler said, "We have less Americans working now than in the ‘70s." The statistics Hartzler’s staff said she cited show the employment-population ratio and labor force participation rate was indeed higher in 1979 than in 2015. However,... prompt=<|im_start|>system
You are a careful fact-checking assistant for LIAR-RAW claims. Classify claims using only the claim and retrieved evidence supplied by the user.<|im_end|>
<|im_start|>user
Classify the claim into exactly one LIAR-RAW l...
2026-05-12 02:47:18 | INFO | __main__ | eval.py:43 | [EVAL_SAMPLE] idx=0 pred=false gold=barely-true output=Label: B explain=Hartzler said, "We have less Americans working now than in the ‘70s." The statistics Hartzler’s staff said she cited show the employment-population ratio and labor force participation rate was indeed higher in 1979 than in 2015. However,... prompt=<|im_start|>system
You are a careful fact-checking assistant for LIAR-RAW claims. Classify claims using only the claim and retrieved evidence supplied by the user.<|im_end|>
<|im_start|>user
Classify the claim into exactly one LIAR-RAW l...
2026-05-12 02:47:18 | INFO | __main__ | eval.py:43 | [EVAL_SAMPLE] idx=1 pred=false gold=pants-fire output=Label: B explain=Ellison used a Koran that once belonged to Thomas Jefferson, borrowing the rare book from the Library of Congress. It goes without saying that Ellison is not Obama. UPDATE: Barack Obama resigned from Trinity United Church of Christ on Ma... prompt=<|im_start|>system
You are a careful fact-checking assistant for LIAR-RAW claims. Classify claims using only the claim and retrieved evidence supplied by the user.<|im_end|>
<|im_start|>user
Classify the claim into exactly one LIAR-RAW l...
2026-05-12 02:47:18 | INFO | __main__ | eval.py:43 | [EVAL_SAMPLE] idx=1 pred=false gold=pants-fire output=Label: B explain=Ellison used a Koran that once belonged to Thomas Jefferson, borrowing the rare book from the Library of Congress. It goes without saying that Ellison is not Obama. UPDATE: Barack Obama resigned from Trinity United Church of Christ on Ma... prompt=<|im_start|>system
You are a careful fact-checking assistant for LIAR-RAW claims. Classify claims using only the claim and retrieved evidence supplied by the user.<|im_end|>
<|im_start|>user
Classify the claim into exactly one LIAR-RAW l...
2026-05-12 02:47:18 | INFO | __main__ | eval.py:43 | [EVAL_SAMPLE] idx=2 pred=mostly-true gold=false output=Label: E explain=However, we have two professors who say the law is silent on political activity -- even if one of them sees an implicit prohibition -- and a plain reading of the law that states no explicit ban. Blumenauer said that "the statute a hundre... prompt=<|im_start|>system
You are a careful fact-checking assistant for LIAR-RAW claims. Classify claims using only the claim and retrieved evidence supplied by the user.<|im_end|>
<|im_start|>user
Classify the claim into exactly one LIAR-RAW l...
2026-05-12 02:47:18 | INFO | __main__ | trainer.py:566 | [eval] step=450 accuracy=0.2930 macro_precision=0.3009 macro_recall=0.3033 macro_f1=0.2921 parse_error_rate=0.0000
2026-05-12 02:47:18 | INFO | __main__ | trainer.py:566 | [eval] per_class:
2026-05-12 02:47:18 | INFO | __main__ | trainer.py:566 |   - barely-true: P=0.2420 R=0.3502 F1=0.2862
2026-05-12 02:47:18 | INFO | __main__ | trainer.py:566 |   - false: P=0.2936 R=0.3870 F1=0.3339
2026-05-12 02:47:18 | INFO | __main__ | trainer.py:566 |   - half-true: P=0.2623 R=0.1301 F1=0.1739
2026-05-12 02:47:18 | INFO | __main__ | trainer.py:566 |   - mostly-true: P=0.3721 R=0.2550 F1=0.3026
2026-05-12 02:47:18 | INFO | __main__ | trainer.py:566 |   - pants-fire: P=0.3205 R=0.4310 F1=0.3676
2026-05-12 02:47:18 | INFO | __main__ | trainer.py:566 |   - true: P=0.3147 R=0.2663 F1=0.2885
2026-05-12 02:55:46 | INFO | __main__ | eval.py:43 | [EVAL_SAMPLE] idx=0 pred=false gold=barely-true output=Label: B explain=Hartzler said, "We have less Americans working now than in the ‘70s." The statistics Hartzler’s staff said she cited show the employment-population ratio and labor force participation rate was indeed higher in 1979 than in 2015. However,... prompt=<|im_start|>system
You are a careful fact-checking assistant for LIAR-RAW claims. Classify claims using only the claim and retrieved evidence supplied by the user.<|im_end|>
<|im_start|>user
Classify the claim into exactly one LIAR-RAW l...
2026-05-12 02:55:46 | INFO | __main__ | eval.py:43 | [EVAL_SAMPLE] idx=0 pred=false gold=barely-true output=Label: B explain=Hartzler said, "We have less Americans working now than in the ‘70s." The statistics Hartzler’s staff said she cited show the employment-population ratio and labor force participation rate was indeed higher in 1979 than in 2015. However,... prompt=<|im_start|>system
You are a careful fact-checking assistant for LIAR-RAW claims. Classify claims using only the claim and retrieved evidence supplied by the user.<|im_end|>
<|im_start|>user
Classify the claim into exactly one LIAR-RAW l...
2026-05-12 02:55:46 | INFO | __main__ | eval.py:43 | [EVAL_SAMPLE] idx=1 pred=false gold=pants-fire output=Label: B explain=Ellison used a Koran that once belonged to Thomas Jefferson, borrowing the rare book from the Library of Congress. It goes without saying that Ellison is not Obama. UPDATE: Barack Obama resigned from Trinity United Church of Christ on Ma... prompt=<|im_start|>system
You are a careful fact-checking assistant for LIAR-RAW claims. Classify claims using only the claim and retrieved evidence supplied by the user.<|im_end|>
<|im_start|>user
Classify the claim into exactly one LIAR-RAW l...
2026-05-12 02:55:46 | INFO | __main__ | eval.py:43 | [EVAL_SAMPLE] idx=1 pred=false gold=pants-fire output=Label: B explain=Ellison used a Koran that once belonged to Thomas Jefferson, borrowing the rare book from the Library of Congress. It goes without saying that Ellison is not Obama. UPDATE: Barack Obama resigned from Trinity United Church of Christ on Ma... prompt=<|im_start|>system
You are a careful fact-checking assistant for LIAR-RAW claims. Classify claims using only the claim and retrieved evidence supplied by the user.<|im_end|>
<|im_start|>user
Classify the claim into exactly one LIAR-RAW l...
2026-05-12 02:55:46 | INFO | __main__ | eval.py:43 | [EVAL_SAMPLE] idx=2 pred=mostly-true gold=false output=Label: E explain=However, we have two professors who say the law is silent on political activity -- even if one of them sees an implicit prohibition -- and a plain reading of the law that states no explicit ban. Blumenauer said that "the statute a hundre... prompt=<|im_start|>system
You are a careful fact-checking assistant for LIAR-RAW claims. Classify claims using only the claim and retrieved evidence supplied by the user.<|im_end|>
<|im_start|>user
Classify the claim into exactly one LIAR-RAW l...
2026-05-12 02:55:46 | INFO | __main__ | trainer.py:566 | [eval] step=500 accuracy=0.2938 macro_precision=0.3021 macro_recall=0.3079 macro_f1=0.2988 parse_error_rate=0.0000
2026-05-12 02:55:46 | INFO | __main__ | trainer.py:566 | [eval] per_class:
2026-05-12 02:55:46 | INFO | __main__ | trainer.py:566 |   - barely-true: P=0.2478 R=0.3544 F1=0.2917
2026-05-12 02:55:46 | INFO | __main__ | trainer.py:566 |   - false: P=0.2906 R=0.2950 F1=0.2928
2026-05-12 02:55:46 | INFO | __main__ | trainer.py:566 |   - half-true: P=0.3028 R=0.1748 F1=0.2216
2026-05-12 02:55:46 | INFO | __main__ | trainer.py:566 |   - mostly-true: P=0.3401 R=0.2669 F1=0.2991
2026-05-12 02:55:46 | INFO | __main__ | trainer.py:566 |   - pants-fire: P=0.3448 R=0.4310 F1=0.3831
2026-05-12 02:55:46 | INFO | __main__ | trainer.py:566 |   - true: P=0.2865 R=0.3254 F1=0.3047
2026-05-12 03:04:19 | INFO | __main__ | eval.py:43 | [EVAL_SAMPLE] idx=0 pred=half-true gold=barely-true output=Label: D explain=Hartzler said, "We have less Americans working now than in the ‘70s." The statistics Hartzler’s staff said she cited show the employment-population ratio and labor force participation rate was indeed higher in 1979 than in 2015. However,... prompt=<|im_start|>system
You are a careful fact-checking assistant for LIAR-RAW claims. Classify claims using only the claim and retrieved evidence supplied by the user.<|im_end|>
<|im_start|>user
Classify the claim into exactly one LIAR-RAW l...
2026-05-12 03:04:19 | INFO | __main__ | eval.py:43 | [EVAL_SAMPLE] idx=0 pred=mostly-true gold=barely-true output=Label: E explain=Hartzler said, "We have less Americans working now than in the ‘70s." The statistics Hartzler’s staff said she cited show the employment-population ratio and labor force participation rate was indeed higher in 1979 than in 2015. However,... prompt=<|im_start|>system
You are a careful fact-checking assistant for LIAR-RAW claims. Classify claims using only the claim and retrieved evidence supplied by the user.<|im_end|>
<|im_start|>user
Classify the claim into exactly one LIAR-RAW l...
2026-05-12 03:04:19 | INFO | __main__ | eval.py:43 | [EVAL_SAMPLE] idx=1 pred=false gold=pants-fire output=Label: B explain=Ellison used a Koran that once belonged to Thomas Jefferson, borrowing the rare book from the Library of Congress. It goes without saying that Ellison is not Obama. UPDATE: Barack Obama resigned from Trinity United Church of Christ on Ma... prompt=<|im_start|>system
You are a careful fact-checking assistant for LIAR-RAW claims. Classify claims using only the claim and retrieved evidence supplied by the user.<|im_end|>
<|im_start|>user
Classify the claim into exactly one LIAR-RAW l...
2026-05-12 03:04:19 | INFO | __main__ | eval.py:43 | [EVAL_SAMPLE] idx=1 pred=barely-true gold=pants-fire output=Label: C explain=Ellison used a Koran that once belonged to Thomas Jefferson, borrowing the rare book from the Library of Congress. It goes without saying that Ellison is not Obama. UPDATE: Barack Obama resigned from Trinity United Church of Christ on Ma... prompt=<|im_start|>system
You are a careful fact-checking assistant for LIAR-RAW claims. Classify claims using only the claim and retrieved evidence supplied by the user.<|im_end|>
<|im_start|>user
Classify the claim into exactly one LIAR-RAW l...
2026-05-12 03:04:19 | INFO | __main__ | eval.py:43 | [EVAL_SAMPLE] idx=2 pred=true gold=false output=Label: F explain=However, we have two professors who say the law is silent on political activity -- even if one of them sees an implicit prohibition -- and a plain reading of the law that states no explicit ban. Blumenauer said that "the statute a hundre... prompt=<|im_start|>system
You are a careful fact-checking assistant for LIAR-RAW claims. Classify claims using only the claim and retrieved evidence supplied by the user.<|im_end|>
<|im_start|>user
Classify the claim into exactly one LIAR-RAW l...
2026-05-12 03:04:19 | INFO | __main__ | trainer.py:566 | [eval] step=550 accuracy=0.2828 macro_precision=0.3063 macro_recall=0.3094 macro_f1=0.2749 parse_error_rate=0.0000
2026-05-12 03:04:19 | INFO | __main__ | trainer.py:566 | [eval] per_class:
2026-05-12 03:04:19 | INFO | __main__ | trainer.py:566 |   - barely-true: P=0.2323 R=0.4557 F1=0.3077
2026-05-12 03:04:19 | INFO | __main__ | trainer.py:566 |   - false: P=0.3371 R=0.1149 F1=0.1714
2026-05-12 03:04:19 | INFO | __main__ | trainer.py:566 |   - half-true: P=0.3521 R=0.1016 F1=0.1577
2026-05-12 03:04:19 | INFO | __main__ | trainer.py:566 |   - mostly-true: P=0.3505 R=0.2988 F1=0.3226
2026-05-12 03:04:19 | INFO | __main__ | trainer.py:566 |   - pants-fire: P=0.2947 R=0.4828 F1=0.3660
2026-05-12 03:04:19 | INFO | __main__ | trainer.py:566 |   - true: P=0.2709 R=0.4024 F1=0.3238
2026-05-12 03:12:51 | INFO | __main__ | eval.py:43 | [EVAL_SAMPLE] idx=0 pred=half-true gold=barely-true output=Label: D explain=Hartzler said, "We have less Americans working now than in the ‘70s." The statistics Hartzler’s staff said she cited show the employment-population ratio and labor force participation rate was indeed higher in 1979 than in 2015. However,... prompt=<|im_start|>system
You are a careful fact-checking assistant for LIAR-RAW claims. Classify claims using only the claim and retrieved evidence supplied by the user.<|im_end|>
<|im_start|>user
Classify the claim into exactly one LIAR-RAW l...
2026-05-12 03:12:51 | INFO | __main__ | eval.py:43 | [EVAL_SAMPLE] idx=0 pred=half-true gold=barely-true output=Label: D explain=Hartzler said, "We have less Americans working now than in the ‘70s." The statistics Hartzler’s staff said she cited show the employment-population ratio and labor force participation rate was indeed higher in 1979 than in 2015. However,... prompt=<|im_start|>system
You are a careful fact-checking assistant for LIAR-RAW claims. Classify claims using only the claim and retrieved evidence supplied by the user.<|im_end|>
<|im_start|>user
Classify the claim into exactly one LIAR-RAW l...
2026-05-12 03:12:51 | INFO | __main__ | eval.py:43 | [EVAL_SAMPLE] idx=1 pred=false gold=pants-fire output=Label: B explain=Ellison used a Koran that once belonged to Thomas Jefferson, borrowing the rare book from the Library of Congress. It goes without saying that Ellison is not Obama. UPDATE: Barack Obama resigned from Trinity United Church of Christ on Ma... prompt=<|im_start|>system
You are a careful fact-checking assistant for LIAR-RAW claims. Classify claims using only the claim and retrieved evidence supplied by the user.<|im_end|>
<|im_start|>user
Classify the claim into exactly one LIAR-RAW l...
2026-05-12 03:12:51 | INFO | __main__ | eval.py:43 | [EVAL_SAMPLE] idx=1 pred=false gold=pants-fire output=Label: B explain=Ellison used a Koran that once belonged to Thomas Jefferson, borrowing the rare book from the Library of Congress. It goes without saying that Ellison is not Obama. UPDATE: Barack Obama resigned from Trinity United Church of Christ on Ma... prompt=<|im_start|>system
You are a careful fact-checking assistant for LIAR-RAW claims. Classify claims using only the claim and retrieved evidence supplied by the user.<|im_end|>
<|im_start|>user
Classify the claim into exactly one LIAR-RAW l...
2026-05-12 03:12:51 | INFO | __main__ | eval.py:43 | [EVAL_SAMPLE] idx=2 pred=half-true gold=false output=Label: D explain=However, we have two professors who say the law is silent on political activity -- even if one of them sees an implicit prohibition -- and a plain reading of the law that states no explicit ban. Blumenauer said that "the statute a hundre... prompt=<|im_start|>system
You are a careful fact-checking assistant for LIAR-RAW claims. Classify claims using only the claim and retrieved evidence supplied by the user.<|im_end|>
<|im_start|>user
Classify the claim into exactly one LIAR-RAW l...
2026-05-12 03:12:51 | INFO | __main__ | trainer.py:566 | [eval] step=600 accuracy=0.2953 macro_precision=0.3070 macro_recall=0.3007 macro_f1=0.2863 parse_error_rate=0.0000
2026-05-12 03:12:51 | INFO | __main__ | trainer.py:566 | [eval] per_class:
2026-05-12 03:12:51 | INFO | __main__ | trainer.py:566 |   - barely-true: P=0.2654 R=0.3460 F1=0.3004
2026-05-12 03:12:51 | INFO | __main__ | trainer.py:566 |   - false: P=0.3010 R=0.2261 F1=0.2582
2026-05-12 03:12:51 | INFO | __main__ | trainer.py:566 |   - half-true: P=0.2479 R=0.3537 F1=0.2915
2026-05-12 03:12:51 | INFO | __main__ | trainer.py:566 |   - mostly-true: P=0.3487 R=0.3307 F1=0.3395
2026-05-12 03:12:51 | INFO | __main__ | trainer.py:566 |   - pants-fire: P=0.3733 R=0.4828 F1=0.4211
2026-05-12 03:12:51 | INFO | __main__ | trainer.py:566 |   - true: P=0.3056 R=0.0651 F1=0.1073
