2026-05-11 12:30:27 | INFO | __main__ | trainer.py:206 | [INFO] saved resolved config to /data/liaozijie/fact-checking/outputs/runs/mmr_lambda_sweep/build.retrieval.mmr_lambda=0.0__6a1a1a98/train/config.resolved.yaml
2026-05-11 12:30:27 | INFO | __main__ | stats.py:59 | [PROMPT_STATS] split=train pre_mean=777.08 pre_p95=1021 pre_overflow=0 post_mean=777.08 post_p95=1021 post_overflow=0 truncated=2 trunc_rate=0.0002
2026-05-11 12:30:27 | INFO | __main__ | stats.py:59 | [PROMPT_STATS] split=val pre_mean=787.42 pre_p95=1017 pre_overflow=0 post_mean=787.42 post_p95=1017 post_overflow=0 truncated=0 trunc_rate=0.0000
2026-05-11 12:30:27 | INFO | __main__ | trainer.py:268 | [INFO] prompt statistics saved to /data/liaozijie/fact-checking/outputs/runs/mmr_lambda_sweep/build.retrieval.mmr_lambda=0.0__6a1a1a98/train/prompt_stats/prompt_stats.json
2026-05-11 12:30:34 | INFO | __main__ | adapters.py:97 | [INFO] LoRA enabled: trainable parameters=40370176 / 7655986688 (0.5273%), r=16, alpha=32
2026-05-11 12:30:55 | INFO | __main__ | trainer.py:358 | [INFO] Optimizer will update LoRA/trainable parameters only.
2026-05-11 12:31:30 | INFO | __main__ | trainer.py:389 | [INFO] dataloader length around accelerator.prepare: before=2516, after=629
2026-05-11 12:31:30 | WARNING | __main__ | trainer.py:395 | [WARN] len(train_dl) changed after accelerator.prepare: before=2516, after=629. This may indicate duplicated sharding/re-partitioning across distributed samplers.
2026-05-11 12:31:30 | INFO | __main__ | trainer.py:412 | [INFO] train progress setup (post-prepare): num_epochs=2, len(train_dl)=629, effective_grad_accum_steps=2, update_steps_per_epoch=315, max_train_steps=630
2026-05-11 12:31:30 | INFO | __main__ | trainer.py:121 | [INFO] logit_adjust enabled: tau=1.000 priors=['0.0807', '0.1945', '0.1601', '0.2074', '0.1937', '0.1636'] letters=[362, 425, 356, 422, 468, 434] prefix=[2476, 25]
2026-05-11 12:40:06 | INFO | __main__ | eval.py:43 | [EVAL_SAMPLE] idx=0 pred=false gold=barely-true output=Label: B explain=Hartzler said, "We have less Americans working now than in the ‘70s." The statistics Hartzler’s staff said she cited show the employment-population ratio and labor force participation rate was indeed higher in 1979 than in 2015. However,... prompt=<|im_start|>system
You are a careful fact-checking assistant for LIAR-RAW claims. Classify claims using only the claim and retrieved evidence supplied by the user.<|im_end|>
<|im_start|>user
Classify the claim into exactly one LIAR-RAW l...
2026-05-11 12:40:06 | INFO | __main__ | eval.py:43 | [EVAL_SAMPLE] idx=0 pred=false gold=barely-true output=Label: B explain=Hartzler said, "We have less Americans working now than in the ‘70s." The statistics Hartzler’s staff said she cited show the employment-population ratio and labor force participation rate was indeed higher in 1979 than in 2015. However,... prompt=<|im_start|>system
You are a careful fact-checking assistant for LIAR-RAW claims. Classify claims using only the claim and retrieved evidence supplied by the user.<|im_end|>
<|im_start|>user
Classify the claim into exactly one LIAR-RAW l...
2026-05-11 12:40:06 | INFO | __main__ | eval.py:43 | [EVAL_SAMPLE] idx=1 pred=false gold=pants-fire output=Label: B explain=Ellison used a Koran that once belonged to Thomas Jefferson, borrowing the rare book from the Library of Congress. It goes without saying that Ellison is not Obama. UPDATE: Barack Obama resigned from Trinity United Church of Christ on Ma... prompt=<|im_start|>system
You are a careful fact-checking assistant for LIAR-RAW claims. Classify claims using only the claim and retrieved evidence supplied by the user.<|im_end|>
<|im_start|>user
Classify the claim into exactly one LIAR-RAW l...
2026-05-11 12:40:06 | INFO | __main__ | eval.py:43 | [EVAL_SAMPLE] idx=1 pred=false gold=pants-fire output=Label: B explain=Ellison used a Koran that once belonged to Thomas Jefferson, borrowing the rare book from the Library of Congress. It goes without saying that Ellison is not Obama. UPDATE: Barack Obama resigned from Trinity United Church of Christ on Ma... prompt=<|im_start|>system
You are a careful fact-checking assistant for LIAR-RAW claims. Classify claims using only the claim and retrieved evidence supplied by the user.<|im_end|>
<|im_start|>user
Classify the claim into exactly one LIAR-RAW l...
2026-05-11 12:40:06 | INFO | __main__ | eval.py:43 | [EVAL_SAMPLE] idx=2 pred=mostly-true gold=false output=Label: E explain=However, we have two professors who say the law is silent on political activity -- even if one of them sees an implicit prohibition -- and a plain reading of the law that states no explicit ban. Blumenauer said that "the statute a hundre... prompt=<|im_start|>system
You are a careful fact-checking assistant for LIAR-RAW claims. Classify claims using only the claim and retrieved evidence supplied by the user.<|im_end|>
<|im_start|>user
Classify the claim into exactly one LIAR-RAW l...
2026-05-11 12:40:06 | INFO | __main__ | trainer.py:556 | [eval] step=100 accuracy=0.2391 macro_precision=0.2556 macro_recall=0.2382 macro_f1=0.2181 parse_error_rate=0.0000
2026-05-11 12:40:06 | INFO | __main__ | trainer.py:556 | [eval] per_class:
2026-05-11 12:40:06 | INFO | __main__ | trainer.py:556 |   - barely-true: P=0.1831 R=0.2278 F1=0.2030
2026-05-11 12:40:06 | INFO | __main__ | trainer.py:556 |   - false: P=0.2519 R=0.5134 F1=0.3380
2026-05-11 12:40:06 | INFO | __main__ | trainer.py:556 |   - half-true: P=0.1739 R=0.0488 F1=0.0762
2026-05-11 12:40:06 | INFO | __main__ | trainer.py:556 |   - mostly-true: P=0.3291 R=0.1036 F1=0.1576
2026-05-11 12:40:06 | INFO | __main__ | trainer.py:556 |   - pants-fire: P=0.3594 R=0.1983 F1=0.2556
2026-05-11 12:40:06 | INFO | __main__ | trainer.py:556 |   - true: P=0.2365 R=0.3373 F1=0.2780
2026-05-11 12:48:47 | INFO | __main__ | eval.py:43 | [EVAL_SAMPLE] idx=0 pred=false gold=barely-true output=Label: B explain=Hartzler said, "We have less Americans working now than in the ‘70s." The statistics Hartzler’s staff said she cited show the employment-population ratio and labor force participation rate was indeed higher in 1979 than in 2015. However,... prompt=<|im_start|>system
You are a careful fact-checking assistant for LIAR-RAW claims. Classify claims using only the claim and retrieved evidence supplied by the user.<|im_end|>
<|im_start|>user
Classify the claim into exactly one LIAR-RAW l...
2026-05-11 12:48:47 | INFO | __main__ | eval.py:43 | [EVAL_SAMPLE] idx=0 pred=false gold=barely-true output=Label: B explain=Hartzler said, "We have less Americans working now than in the ‘70s." The statistics Hartzler’s staff said she cited show the employment-population ratio and labor force participation rate was indeed higher in 1979 than in 2015. However,... prompt=<|im_start|>system
You are a careful fact-checking assistant for LIAR-RAW claims. Classify claims using only the claim and retrieved evidence supplied by the user.<|im_end|>
<|im_start|>user
Classify the claim into exactly one LIAR-RAW l...
2026-05-11 12:48:47 | INFO | __main__ | eval.py:43 | [EVAL_SAMPLE] idx=1 pred=false gold=pants-fire output=Label: B explain=Ellison used a Koran that once belonged to Thomas Jefferson, borrowing the rare book from the Library of Congress. It goes without saying that Ellison is not Obama. UPDATE: Barack Obama resigned from Trinity United Church of Christ on Ma... prompt=<|im_start|>system
You are a careful fact-checking assistant for LIAR-RAW claims. Classify claims using only the claim and retrieved evidence supplied by the user.<|im_end|>
<|im_start|>user
Classify the claim into exactly one LIAR-RAW l...
2026-05-11 12:48:47 | INFO | __main__ | eval.py:43 | [EVAL_SAMPLE] idx=1 pred=false gold=pants-fire output=Label: B explain=Ellison used a Koran that once belonged to Thomas Jefferson, borrowing the rare book from the Library of Congress. It goes without saying that Ellison is not Obama. UPDATE: Barack Obama resigned from Trinity United Church of Christ on Ma... prompt=<|im_start|>system
You are a careful fact-checking assistant for LIAR-RAW claims. Classify claims using only the claim and retrieved evidence supplied by the user.<|im_end|>
<|im_start|>user
Classify the claim into exactly one LIAR-RAW l...
2026-05-11 12:48:47 | INFO | __main__ | eval.py:43 | [EVAL_SAMPLE] idx=2 pred=barely-true gold=false output=Label: C explain=However, we have two professors who say the law is silent on political activity -- even if one of them sees an implicit prohibition -- and a plain reading of the law that states no explicit ban. Blumenauer said that "the statute a hundre... prompt=<|im_start|>system
You are a careful fact-checking assistant for LIAR-RAW claims. Classify claims using only the claim and retrieved evidence supplied by the user.<|im_end|>
<|im_start|>user
Classify the claim into exactly one LIAR-RAW l...
2026-05-11 12:48:47 | INFO | __main__ | trainer.py:556 | [eval] step=200 accuracy=0.2734 macro_precision=0.2964 macro_recall=0.2833 macro_f1=0.2606 parse_error_rate=0.0000
2026-05-11 12:48:47 | INFO | __main__ | trainer.py:556 | [eval] per_class:
2026-05-11 12:48:47 | INFO | __main__ | trainer.py:556 |   - barely-true: P=0.2257 R=0.4219 F1=0.2941
2026-05-11 12:48:47 | INFO | __main__ | trainer.py:556 |   - false: P=0.2806 R=0.3333 F1=0.3047
2026-05-11 12:48:47 | INFO | __main__ | trainer.py:556 |   - half-true: P=0.3437 R=0.0447 F1=0.0791
2026-05-11 12:48:47 | INFO | __main__ | trainer.py:556 |   - mostly-true: P=0.3701 R=0.2271 F1=0.2815
2026-05-11 12:48:47 | INFO | __main__ | trainer.py:556 |   - pants-fire: P=0.2370 R=0.3534 F1=0.2837
2026-05-11 12:48:47 | INFO | __main__ | trainer.py:556 |   - true: P=0.3214 R=0.3195 F1=0.3205
2026-05-11 12:57:30 | INFO | __main__ | eval.py:43 | [EVAL_SAMPLE] idx=0 pred=false gold=barely-true output=Label: B explain=Hartzler said, "We have less Americans working now than in the ‘70s." The statistics Hartzler’s staff said she cited show the employment-population ratio and labor force participation rate was indeed higher in 1979 than in 2015. However,... prompt=<|im_start|>system
You are a careful fact-checking assistant for LIAR-RAW claims. Classify claims using only the claim and retrieved evidence supplied by the user.<|im_end|>
<|im_start|>user
Classify the claim into exactly one LIAR-RAW l...
2026-05-11 12:57:30 | INFO | __main__ | eval.py:43 | [EVAL_SAMPLE] idx=0 pred=false gold=barely-true output=Label: B explain=Hartzler said, "We have less Americans working now than in the ‘70s." The statistics Hartzler’s staff said she cited show the employment-population ratio and labor force participation rate was indeed higher in 1979 than in 2015. However,... prompt=<|im_start|>system
You are a careful fact-checking assistant for LIAR-RAW claims. Classify claims using only the claim and retrieved evidence supplied by the user.<|im_end|>
<|im_start|>user
Classify the claim into exactly one LIAR-RAW l...
2026-05-11 12:57:30 | INFO | __main__ | eval.py:43 | [EVAL_SAMPLE] idx=1 pred=false gold=pants-fire output=Label: B explain=Ellison used a Koran that once belonged to Thomas Jefferson, borrowing the rare book from the Library of Congress. It goes without saying that Ellison is not Obama. UPDATE: Barack Obama resigned from Trinity United Church of Christ on Ma... prompt=<|im_start|>system
You are a careful fact-checking assistant for LIAR-RAW claims. Classify claims using only the claim and retrieved evidence supplied by the user.<|im_end|>
<|im_start|>user
Classify the claim into exactly one LIAR-RAW l...
2026-05-11 12:57:30 | INFO | __main__ | eval.py:43 | [EVAL_SAMPLE] idx=1 pred=false gold=pants-fire output=Label: B explain=Ellison used a Koran that once belonged to Thomas Jefferson, borrowing the rare book from the Library of Congress. It goes without saying that Ellison is not Obama. UPDATE: Barack Obama resigned from Trinity United Church of Christ on Ma... prompt=<|im_start|>system
You are a careful fact-checking assistant for LIAR-RAW claims. Classify claims using only the claim and retrieved evidence supplied by the user.<|im_end|>
<|im_start|>user
Classify the claim into exactly one LIAR-RAW l...
2026-05-11 12:57:30 | INFO | __main__ | eval.py:43 | [EVAL_SAMPLE] idx=2 pred=barely-true gold=false output=Label: C explain=However, we have two professors who say the law is silent on political activity -- even if one of them sees an implicit prohibition -- and a plain reading of the law that states no explicit ban. Blumenauer said that "the statute a hundre... prompt=<|im_start|>system
You are a careful fact-checking assistant for LIAR-RAW claims. Classify claims using only the claim and retrieved evidence supplied by the user.<|im_end|>
<|im_start|>user
Classify the claim into exactly one LIAR-RAW l...
2026-05-11 12:57:30 | INFO | __main__ | trainer.py:556 | [eval] step=300 accuracy=0.2516 macro_precision=0.2629 macro_recall=0.2650 macro_f1=0.2440 parse_error_rate=0.0000
2026-05-11 12:57:30 | INFO | __main__ | trainer.py:556 | [eval] per_class:
2026-05-11 12:57:30 | INFO | __main__ | trainer.py:556 |   - barely-true: P=0.2147 R=0.3333 F1=0.2612
2026-05-11 12:57:30 | INFO | __main__ | trainer.py:556 |   - false: P=0.2606 R=0.3525 F1=0.2997
2026-05-11 12:57:30 | INFO | __main__ | trainer.py:556 |   - half-true: P=0.2521 R=0.1220 F1=0.1644
2026-05-11 12:57:30 | INFO | __main__ | trainer.py:556 |   - mostly-true: P=0.3194 R=0.0916 F1=0.1424
2026-05-11 12:57:30 | INFO | __main__ | trainer.py:556 |   - pants-fire: P=0.2303 R=0.3534 F1=0.2789
2026-05-11 12:57:30 | INFO | __main__ | trainer.py:556 |   - true: P=0.3000 R=0.3373 F1=0.3175
2026-05-11 13:06:13 | INFO | __main__ | eval.py:43 | [EVAL_SAMPLE] idx=0 pred=false gold=barely-true output=Label: B explain=Hartzler said, "We have less Americans working now than in the ‘70s." The statistics Hartzler’s staff said she cited show the employment-population ratio and labor force participation rate was indeed higher in 1979 than in 2015. However,... prompt=<|im_start|>system
You are a careful fact-checking assistant for LIAR-RAW claims. Classify claims using only the claim and retrieved evidence supplied by the user.<|im_end|>
<|im_start|>user
Classify the claim into exactly one LIAR-RAW l...
2026-05-11 13:06:13 | INFO | __main__ | eval.py:43 | [EVAL_SAMPLE] idx=0 pred=false gold=barely-true output=Label: B explain=Hartzler said, "We have less Americans working now than in the ‘70s." The statistics Hartzler’s staff said she cited show the employment-population ratio and labor force participation rate was indeed higher in 1979 than in 2015. However,... prompt=<|im_start|>system
You are a careful fact-checking assistant for LIAR-RAW claims. Classify claims using only the claim and retrieved evidence supplied by the user.<|im_end|>
<|im_start|>user
Classify the claim into exactly one LIAR-RAW l...
2026-05-11 13:06:13 | INFO | __main__ | eval.py:43 | [EVAL_SAMPLE] idx=1 pred=false gold=pants-fire output=Label: B explain=Ellison used a Koran that once belonged to Thomas Jefferson, borrowing the rare book from the Library of Congress. It goes without saying that Ellison is not Obama. UPDATE: Barack Obama resigned from Trinity United Church of Christ on Ma... prompt=<|im_start|>system
You are a careful fact-checking assistant for LIAR-RAW claims. Classify claims using only the claim and retrieved evidence supplied by the user.<|im_end|>
<|im_start|>user
Classify the claim into exactly one LIAR-RAW l...
2026-05-11 13:06:13 | INFO | __main__ | eval.py:43 | [EVAL_SAMPLE] idx=1 pred=false gold=pants-fire output=Label: B explain=Ellison used a Koran that once belonged to Thomas Jefferson, borrowing the rare book from the Library of Congress. It goes without saying that Ellison is not Obama. UPDATE: Barack Obama resigned from Trinity United Church of Christ on Ma... prompt=<|im_start|>system
You are a careful fact-checking assistant for LIAR-RAW claims. Classify claims using only the claim and retrieved evidence supplied by the user.<|im_end|>
<|im_start|>user
Classify the claim into exactly one LIAR-RAW l...
2026-05-11 13:06:13 | INFO | __main__ | eval.py:43 | [EVAL_SAMPLE] idx=2 pred=barely-true gold=false output=Label: C explain=However, we have two professors who say the law is silent on political activity -- even if one of them sees an implicit prohibition -- and a plain reading of the law that states no explicit ban. Blumenauer said that "the statute a hundre... prompt=<|im_start|>system
You are a careful fact-checking assistant for LIAR-RAW claims. Classify claims using only the claim and retrieved evidence supplied by the user.<|im_end|>
<|im_start|>user
Classify the claim into exactly one LIAR-RAW l...
2026-05-11 13:06:13 | INFO | __main__ | trainer.py:556 | [eval] step=400 accuracy=0.2461 macro_precision=0.2589 macro_recall=0.2616 macro_f1=0.2301 parse_error_rate=0.0000
2026-05-11 13:06:13 | INFO | __main__ | trainer.py:556 | [eval] per_class:
2026-05-11 13:06:13 | INFO | __main__ | trainer.py:556 |   - barely-true: P=0.2147 R=0.2954 F1=0.2487
2026-05-11 13:06:13 | INFO | __main__ | trainer.py:556 |   - false: P=0.2532 R=0.3831 F1=0.3049
2026-05-11 13:06:13 | INFO | __main__ | trainer.py:556 |   - half-true: P=0.2623 R=0.1301 F1=0.1739
2026-05-11 13:06:13 | INFO | __main__ | trainer.py:556 |   - mostly-true: P=0.3200 R=0.0319 F1=0.0580
2026-05-11 13:06:13 | INFO | __main__ | trainer.py:556 |   - pants-fire: P=0.2299 R=0.3448 F1=0.2759
2026-05-11 13:06:13 | INFO | __main__ | trainer.py:556 |   - true: P=0.2731 R=0.3846 F1=0.3194
2026-05-11 13:14:53 | INFO | __main__ | eval.py:43 | [EVAL_SAMPLE] idx=0 pred=half-true gold=barely-true output=Label: D explain=Hartzler said, "We have less Americans working now than in the ‘70s." The statistics Hartzler’s staff said she cited show the employment-population ratio and labor force participation rate was indeed higher in 1979 than in 2015. However,... prompt=<|im_start|>system
You are a careful fact-checking assistant for LIAR-RAW claims. Classify claims using only the claim and retrieved evidence supplied by the user.<|im_end|>
<|im_start|>user
Classify the claim into exactly one LIAR-RAW l...
2026-05-11 13:14:53 | INFO | __main__ | eval.py:43 | [EVAL_SAMPLE] idx=0 pred=half-true gold=barely-true output=Label: D explain=Hartzler said, "We have less Americans working now than in the ‘70s." The statistics Hartzler’s staff said she cited show the employment-population ratio and labor force participation rate was indeed higher in 1979 than in 2015. However,... prompt=<|im_start|>system
You are a careful fact-checking assistant for LIAR-RAW claims. Classify claims using only the claim and retrieved evidence supplied by the user.<|im_end|>
<|im_start|>user
Classify the claim into exactly one LIAR-RAW l...
2026-05-11 13:14:53 | INFO | __main__ | eval.py:43 | [EVAL_SAMPLE] idx=1 pred=false gold=pants-fire output=Label: B explain=Ellison used a Koran that once belonged to Thomas Jefferson, borrowing the rare book from the Library of Congress. It goes without saying that Ellison is not Obama. UPDATE: Barack Obama resigned from Trinity United Church of Christ on Ma... prompt=<|im_start|>system
You are a careful fact-checking assistant for LIAR-RAW claims. Classify claims using only the claim and retrieved evidence supplied by the user.<|im_end|>
<|im_start|>user
Classify the claim into exactly one LIAR-RAW l...
2026-05-11 13:14:53 | INFO | __main__ | eval.py:43 | [EVAL_SAMPLE] idx=1 pred=false gold=pants-fire output=Label: B explain=Ellison used a Koran that once belonged to Thomas Jefferson, borrowing the rare book from the Library of Congress. It goes without saying that Ellison is not Obama. UPDATE: Barack Obama resigned from Trinity United Church of Christ on Ma... prompt=<|im_start|>system
You are a careful fact-checking assistant for LIAR-RAW claims. Classify claims using only the claim and retrieved evidence supplied by the user.<|im_end|>
<|im_start|>user
Classify the claim into exactly one LIAR-RAW l...
2026-05-11 13:14:53 | INFO | __main__ | eval.py:43 | [EVAL_SAMPLE] idx=2 pred=mostly-true gold=false output=Label: E explain=However, we have two professors who say the law is silent on political activity -- even if one of them sees an implicit prohibition -- and a plain reading of the law that states no explicit ban. Blumenauer said that "the statute a hundre... prompt=<|im_start|>system
You are a careful fact-checking assistant for LIAR-RAW claims. Classify claims using only the claim and retrieved evidence supplied by the user.<|im_end|>
<|im_start|>user
Classify the claim into exactly one LIAR-RAW l...
2026-05-11 13:14:53 | INFO | __main__ | trainer.py:556 | [eval] step=500 accuracy=0.2602 macro_precision=0.2583 macro_recall=0.2927 macro_f1=0.2598 parse_error_rate=0.0000
2026-05-11 13:14:53 | INFO | __main__ | trainer.py:556 | [eval] per_class:
2026-05-11 13:14:53 | INFO | __main__ | trainer.py:556 |   - barely-true: P=0.2500 R=0.1941 F1=0.2185
2026-05-11 13:14:53 | INFO | __main__ | trainer.py:556 |   - false: P=0.2830 R=0.2299 F1=0.2537
2026-05-11 13:14:53 | INFO | __main__ | trainer.py:556 |   - half-true: P=0.2123 R=0.1260 F1=0.1582
2026-05-11 13:14:53 | INFO | __main__ | trainer.py:556 |   - mostly-true: P=0.3102 R=0.2669 F1=0.2869
2026-05-11 13:14:53 | INFO | __main__ | trainer.py:556 |   - pants-fire: P=0.2444 R=0.5603 F1=0.3403
2026-05-11 13:14:53 | INFO | __main__ | trainer.py:556 |   - true: P=0.2500 R=0.3787 F1=0.3012
2026-05-11 13:23:31 | INFO | __main__ | eval.py:43 | [EVAL_SAMPLE] idx=0 pred=true gold=barely-true output=Label: F explain=Hartzler said, "We have less Americans working now than in the ‘70s." The statistics Hartzler’s staff said she cited show the employment-population ratio and labor force participation rate was indeed higher in 1979 than in 2015. However,... prompt=<|im_start|>system
You are a careful fact-checking assistant for LIAR-RAW claims. Classify claims using only the claim and retrieved evidence supplied by the user.<|im_end|>
<|im_start|>user
Classify the claim into exactly one LIAR-RAW l...
2026-05-11 13:23:31 | INFO | __main__ | eval.py:43 | [EVAL_SAMPLE] idx=0 pred=true gold=barely-true output=Label: F explain=Hartzler said, "We have less Americans working now than in the ‘70s." The statistics Hartzler’s staff said she cited show the employment-population ratio and labor force participation rate was indeed higher in 1979 than in 2015. However,... prompt=<|im_start|>system
You are a careful fact-checking assistant for LIAR-RAW claims. Classify claims using only the claim and retrieved evidence supplied by the user.<|im_end|>
<|im_start|>user
Classify the claim into exactly one LIAR-RAW l...
2026-05-11 13:23:31 | INFO | __main__ | eval.py:43 | [EVAL_SAMPLE] idx=1 pred=false gold=pants-fire output=Label: B explain=Ellison used a Koran that once belonged to Thomas Jefferson, borrowing the rare book from the Library of Congress. It goes without saying that Ellison is not Obama. UPDATE: Barack Obama resigned from Trinity United Church of Christ on Ma... prompt=<|im_start|>system
You are a careful fact-checking assistant for LIAR-RAW claims. Classify claims using only the claim and retrieved evidence supplied by the user.<|im_end|>
<|im_start|>user
Classify the claim into exactly one LIAR-RAW l...
2026-05-11 13:23:31 | INFO | __main__ | eval.py:43 | [EVAL_SAMPLE] idx=1 pred=false gold=pants-fire output=Label: B explain=Ellison used a Koran that once belonged to Thomas Jefferson, borrowing the rare book from the Library of Congress. It goes without saying that Ellison is not Obama. UPDATE: Barack Obama resigned from Trinity United Church of Christ on Ma... prompt=<|im_start|>system
You are a careful fact-checking assistant for LIAR-RAW claims. Classify claims using only the claim and retrieved evidence supplied by the user.<|im_end|>
<|im_start|>user
Classify the claim into exactly one LIAR-RAW l...
2026-05-11 13:23:31 | INFO | __main__ | eval.py:43 | [EVAL_SAMPLE] idx=2 pred=barely-true gold=false output=Label: C explain=However, we have two professors who say the law is silent on political activity -- even if one of them sees an implicit prohibition -- and a plain reading of the law that states no explicit ban. Blumenauer said that "the statute a hundre... prompt=<|im_start|>system
You are a careful fact-checking assistant for LIAR-RAW claims. Classify claims using only the claim and retrieved evidence supplied by the user.<|im_end|>
<|im_start|>user
Classify the claim into exactly one LIAR-RAW l...
2026-05-11 13:23:31 | INFO | __main__ | trainer.py:556 | [eval] step=600 accuracy=0.2852 macro_precision=0.3442 macro_recall=0.3033 macro_f1=0.2704 parse_error_rate=0.0000
2026-05-11 13:23:31 | INFO | __main__ | trainer.py:556 | [eval] per_class:
2026-05-11 13:23:31 | INFO | __main__ | trainer.py:556 |   - barely-true: P=0.1878 R=0.1688 F1=0.1778
2026-05-11 13:23:31 | INFO | __main__ | trainer.py:556 |   - false: P=0.2654 R=0.5287 F1=0.3534
2026-05-11 13:23:31 | INFO | __main__ | trainer.py:556 |   - half-true: P=0.5882 R=0.0407 F1=0.0760
2026-05-11 13:23:31 | INFO | __main__ | trainer.py:556 |   - mostly-true: P=0.3793 R=0.2191 F1=0.2778
2026-05-11 13:23:31 | INFO | __main__ | trainer.py:556 |   - pants-fire: P=0.3467 R=0.4483 F1=0.3910
2026-05-11 13:23:31 | INFO | __main__ | trainer.py:556 |   - true: P=0.2979 R=0.4142 F1=0.3465
