$ accelerate launch --num_processes=4 --num_machines=1 --mixed_precision=bf16 --use_deepspeed --deepspeed_config_file /data/liaozijie/fact-checking/configs/deepspeed_zero2.json -m sft.trainer --config /data/liaozijie/fact-checking/outputs/runs/mmr_lambda_sweep/build.retrieval.mmr_lambda-0.6__0da76e50/configs/train.resolved.yaml

The following values were not passed to `accelerate launch` and had defaults used instead:
		More than one GPU was found, enabling multi-GPU training.
		If this was unintended please pass in `--num_processes=1`.
	`--dynamo_backend` was set to a value of `'no'`
To avoid this warning pass in values for each of the problematic parameters or run `accelerate config`.
W0512 00:53:48.610000 1038212 site-packages/torch/distributed/run.py:792] 
W0512 00:53:48.610000 1038212 site-packages/torch/distributed/run.py:792] *****************************************
W0512 00:53:48.610000 1038212 site-packages/torch/distributed/run.py:792] Setting OMP_NUM_THREADS environment variable for each process to be 1 in default, to avoid your system being overloaded, please further tune the variable for optimal performance in your application as needed. 
W0512 00:53:48.610000 1038212 site-packages/torch/distributed/run.py:792] *****************************************
[RANK 0] Detected kernel version 4.18.0, which is below the recommended minimum of 5.5.0; this can cause the process to hang. It is recommended to upgrade the kernel to the minimum version or higher.
swanlab: swanlab version 0.7.17 is available!  Upgrade: `pip install -U swanlab`
swanlab: Tracking run with swanlab version 0.7.16
swanlab: Run data will be saved locally in /data/liaozijie/fact-checking/swanlog/run-20260512_005358-s2ejm2knw1c2tj54z6deu
swanlab: 👋 Hi fenglin,welcome to swanlab!
swanlab: Syncing run mmr_lambda_sweep__build.retrieval.mmr_lambda-0.6 to the cloud
swanlab: 🏠 View project at https://swanlab.cn/@fenglin/fact-checking-build-train-infer
swanlab: 🚀 View run at https://swanlab.cn/@fenglin/fact-checking-build-train-infer/runs/s2ejm2knw1c2tj54z6deu
2026-05-12 00:54:12 | INFO | __main__ | trainer.py:207 | [INFO] saved resolved config to /data/liaozijie/fact-checking/outputs/runs/mmr_lambda_sweep/build.retrieval.mmr_lambda-0.6__0da76e50/train/config.resolved.yaml
2026-05-12 00:54:12 | INFO | __main__ | stats.py:59 | [PROMPT_STATS] split=train pre_mean=843.41 pre_p95=1146 pre_overflow=0 post_mean=843.41 post_p95=1146 post_overflow=0 truncated=1 trunc_rate=0.0001
2026-05-12 00:54:12 | INFO | __main__ | stats.py:59 | [PROMPT_STATS] split=val pre_mean=860.08 pre_p95=1135 pre_overflow=0 post_mean=860.08 post_p95=1135 post_overflow=0 truncated=0 trunc_rate=0.0000
2026-05-12 00:54:12 | INFO | __main__ | trainer.py:269 | [INFO] prompt statistics saved to /data/liaozijie/fact-checking/outputs/runs/mmr_lambda_sweep/build.retrieval.mmr_lambda-0.6__0da76e50/train/prompt_stats/prompt_stats.json

Loading checkpoint shards:   0%|          | 0/4 [00:00<?, ?it/s]
Loading checkpoint shards:   0%|          | 0/4 [00:00<?, ?it/s]
Loading checkpoint shards:   0%|          | 0/4 [00:00<?, ?it/s]
Loading checkpoint shards:   0%|          | 0/4 [00:00<?, ?it/s]
Loading checkpoint shards: 100%|██████████| 4/4 [00:00<00:00, 100.36it/s]

Loading checkpoint shards: 100%|██████████| 4/4 [00:00<00:00, 111.81it/s]

Loading checkpoint shards: 100%|██████████| 4/4 [00:00<00:00, 115.47it/s]

Loading checkpoint shards: 100%|██████████| 4/4 [00:00<00:00, 107.13it/s]
2026-05-12 00:54:13 | INFO | __main__ | adapters.py:97 | [INFO] LoRA enabled: trainable parameters=40370176 / 7655986688 (0.5273%), r=16, alpha=32
2026-05-12 00:54:35 | INFO | __main__ | trainer.py:359 | [INFO] Optimizer will update LoRA/trainable parameters only.
2026-05-12 00:54:50 | INFO | __main__ | trainer.py:390 | [INFO] dataloader length around accelerator.prepare: before=2516, after=629
2026-05-12 00:54:50 | WARNING | __main__ | trainer.py:396 | [WARN] len(train_dl) changed after accelerator.prepare: before=2516, after=629. This may indicate duplicated sharding/re-partitioning across distributed samplers.
2026-05-12 00:54:50 | INFO | __main__ | trainer.py:413 | [INFO] train progress setup (post-prepare): num_epochs=2, len(train_dl)=629, effective_grad_accum_steps=2, update_steps_per_epoch=315, max_train_steps=630
2026-05-12 00:54:50 | INFO | __main__ | trainer.py:122 | [INFO] logit_adjust enabled: tau=1.000 priors=['0.0807', '0.1945', '0.1601', '0.2074', '0.1937', '0.1636'] letters=[362, 425, 356, 422, 468, 434] prefix=[2476, 25]
2026-05-12 00:54:50 | INFO | __main__ | trainer.py:434 | [INFO] logit_adjust config saved to /data/liaozijie/fact-checking/outputs/runs/mmr_lambda_sweep/build.retrieval.mmr_lambda-0.6__0da76e50/train/logit_adjust.json

  0%|          | 0/630 [00:00<?, ?it/s]
  0%|          | 1/630 [00:18<3:09:31, 18.08s/it]
  0%|          | 2/630 [00:33<2:50:21, 16.28s/it]
  0%|          | 3/630 [00:44<2:27:08, 14.08s/it]
  1%|          | 4/630 [00:56<2:16:52, 13.12s/it]
  1%|          | 5/630 [01:07<2:09:07, 12.40s/it]
  1%|          | 6/630 [01:16<1:57:44, 11.32s/it]
  1%|          | 7/630 [01:33<2:15:13, 13.02s/it]
  1%|▏         | 8/630 [01:47<2:19:40, 13.47s/it]
  1%|▏         | 9/630 [02:01<2:20:01, 13.53s/it]
  2%|▏         | 10/630 [02:12<2:12:09, 12.79s/it]
  2%|▏         | 11/630 [02:23<2:06:07, 12.22s/it]
  2%|▏         | 12/630 [02:32<1:56:18, 11.29s/it]
  2%|▏         | 13/630 [02:45<2:01:01, 11.77s/it]
  2%|▏         | 14/630 [02:59<2:08:38, 12.53s/it]
  2%|▏         | 15/630 [03:14<2:15:12, 13.19s/it]
  3%|▎         | 16/630 [03:26<2:12:04, 12.91s/it]
  3%|▎         | 17/630 [03:38<2:08:19, 12.56s/it]
  3%|▎         | 18/630 [03:48<1:59:35, 11.72s/it]
  3%|▎         | 19/630 [03:58<1:56:50, 11.47s/it]
  3%|▎         | 20/630 [04:14<2:07:41, 12.56s/it]
  3%|▎         | 21/630 [04:27<2:08:50, 12.69s/it]
  3%|▎         | 22/630 [04:38<2:04:20, 12.27s/it]
  4%|▎         | 23/630 [04:50<2:03:02, 12.16s/it]
  4%|▍         | 24/630 [05:01<1:59:06, 11.79s/it]
  4%|▍         | 25/630 [05:09<1:47:25, 10.65s/it]
  4%|▍         | 26/630 [05:25<2:03:20, 12.25s/it]
  4%|▍         | 27/630 [05:39<2:08:07, 12.75s/it]
  4%|▍         | 28/630 [05:50<2:03:29, 12.31s/it]
  5%|▍         | 29/630 [06:02<2:02:13, 12.20s/it]
  5%|▍         | 30/630 [06:13<1:58:12, 11.82s/it]
  5%|▍         | 31/630 [06:22<1:51:47, 11.20s/it]
  5%|▌         | 32/630 [06:35<1:55:47, 11.62s/it]
  5%|▌         | 33/630 [06:50<2:05:14, 12.59s/it]
  5%|▌         | 34/630 [07:02<2:03:43, 12.46s/it]
  6%|▌         | 35/630 [07:15<2:04:04, 12.51s/it]
  6%|▌         | 36/630 [07:25<1:56:59, 11.82s/it]
