$ accelerate launch --num_processes=4 --num_machines=1 --mixed_precision=bf16 --use_deepspeed --deepspeed_config_file /data/liaozijie/fact-checking/configs/deepspeed_zero2.json -m sft.trainer --config /data/liaozijie/fact-checking/outputs/runs/mmr_lambda_sweep_1024/build.retrieval.mmr_lambda-0.0__36a69f69/configs/train.resolved.yaml

The following values were not passed to `accelerate launch` and had defaults used instead:
		More than one GPU was found, enabling multi-GPU training.
		If this was unintended please pass in `--num_processes=1`.
	`--dynamo_backend` was set to a value of `'no'`
To avoid this warning pass in values for each of the problematic parameters or run `accelerate config`.
W0511 14:00:32.781000 231504 site-packages/torch/distributed/run.py:792] 
W0511 14:00:32.781000 231504 site-packages/torch/distributed/run.py:792] *****************************************
W0511 14:00:32.781000 231504 site-packages/torch/distributed/run.py:792] Setting OMP_NUM_THREADS environment variable for each process to be 1 in default, to avoid your system being overloaded, please further tune the variable for optimal performance in your application as needed. 
W0511 14:00:32.781000 231504 site-packages/torch/distributed/run.py:792] *****************************************
[RANK 0] Detected kernel version 4.18.0, which is below the recommended minimum of 5.5.0; this can cause the process to hang. It is recommended to upgrade the kernel to the minimum version or higher.
swanlab: Tracking run with swanlab version 0.7.16
swanlab: Run data will be saved locally in /data/liaozijie/fact-checking/swanlog/run-20260511_140047-mbj768u5x6pbum8kx4uny
swanlab: 👋 Hi fenglin,welcome to swanlab!
swanlab: Syncing run mmr_lambda_sweep_1024__build.retrieval.mmr_lambda-0.0 to the cloud
swanlab: 🏠 View project at https://swanlab.cn/@fenglin/fact-checking-build-train-infer
swanlab: 🚀 View run at https://swanlab.cn/@fenglin/fact-checking-build-train-infer/runs/mbj768u5x6pbum8kx4uny
2026-05-11 14:00:50 | INFO | __main__ | trainer.py:207 | [INFO] saved resolved config to /data/liaozijie/fact-checking/outputs/runs/mmr_lambda_sweep_1024/build.retrieval.mmr_lambda-0.0__36a69f69/train/config.resolved.yaml
2026-05-11 14:00:50 | INFO | __main__ | stats.py:59 | [PROMPT_STATS] split=train pre_mean=765.19 pre_p95=983 pre_overflow=0 post_mean=765.19 post_p95=983 post_overflow=0 truncated=504 trunc_rate=0.0501
2026-05-11 14:00:50 | INFO | __main__ | stats.py:59 | [PROMPT_STATS] split=val pre_mean=775.98 pre_p95=973 pre_overflow=0 post_mean=775.98 post_p95=973 post_overflow=0 truncated=64 trunc_rate=0.0502
2026-05-11 14:00:50 | INFO | __main__ | trainer.py:269 | [INFO] prompt statistics saved to /data/liaozijie/fact-checking/outputs/runs/mmr_lambda_sweep_1024/build.retrieval.mmr_lambda-0.0__36a69f69/train/prompt_stats/prompt_stats.json

Loading checkpoint shards:   0%|          | 0/4 [00:00<?, ?it/s]
Loading checkpoint shards:   0%|          | 0/4 [00:00<?, ?it/s]
Loading checkpoint shards:   0%|          | 0/4 [00:00<?, ?it/s]
Loading checkpoint shards:   0%|          | 0/4 [00:00<?, ?it/s]
Loading checkpoint shards: 100%|██████████| 4/4 [00:00<00:00, 104.93it/s]

Loading checkpoint shards: 100%|██████████| 4/4 [00:00<00:00, 103.76it/s]

Loading checkpoint shards: 100%|██████████| 4/4 [00:00<00:00, 104.14it/s]

Loading checkpoint shards: 100%|██████████| 4/4 [00:00<00:00, 106.49it/s]
2026-05-11 14:00:51 | INFO | __main__ | adapters.py:97 | [INFO] LoRA enabled: trainable parameters=40370176 / 7655986688 (0.5273%), r=16, alpha=32
2026-05-11 14:01:12 | INFO | __main__ | trainer.py:359 | [INFO] Optimizer will update LoRA/trainable parameters only.
2026-05-11 14:01:17 | INFO | __main__ | trainer.py:390 | [INFO] dataloader length around accelerator.prepare: before=2516, after=629
2026-05-11 14:01:17 | WARNING | __main__ | trainer.py:396 | [WARN] len(train_dl) changed after accelerator.prepare: before=2516, after=629. This may indicate duplicated sharding/re-partitioning across distributed samplers.
2026-05-11 14:01:17 | INFO | __main__ | trainer.py:413 | [INFO] train progress setup (post-prepare): num_epochs=2, len(train_dl)=629, effective_grad_accum_steps=2, update_steps_per_epoch=315, max_train_steps=630
2026-05-11 14:01:17 | INFO | __main__ | trainer.py:122 | [INFO] logit_adjust enabled: tau=1.000 priors=['0.0807', '0.1945', '0.1601', '0.2074', '0.1937', '0.1636'] letters=[362, 425, 356, 422, 468, 434] prefix=[2476, 25]
2026-05-11 14:01:17 | INFO | __main__ | trainer.py:434 | [INFO] logit_adjust config saved to /data/liaozijie/fact-checking/outputs/runs/mmr_lambda_sweep_1024/build.retrieval.mmr_lambda-0.0__36a69f69/train/logit_adjust.json

  0%|          | 0/630 [00:00<?, ?it/s]
  0%|          | 1/630 [00:05<1:00:57,  5.81s/it]
  0%|          | 2/630 [00:10<53:00,  5.06s/it]  
  0%|          | 3/630 [00:14<48:54,  4.68s/it]
  1%|          | 4/630 [00:18<46:36,  4.47s/it]
  1%|          | 5/630 [00:22<43:58,  4.22s/it]
  1%|          | 6/630 [00:26<41:38,  4.00s/it]
  1%|          | 7/630 [00:31<45:17,  4.36s/it]
  1%|▏         | 8/630 [00:36<46:43,  4.51s/it]
  1%|▏         | 9/630 [00:40<46:15,  4.47s/it]
  2%|▏         | 10/630 [00:44<44:52,  4.34s/it]
  2%|▏         | 11/630 [00:48<43:08,  4.18s/it]
  2%|▏         | 12/630 [00:52<41:40,  4.05s/it]
  2%|▏         | 13/630 [00:56<44:06,  4.29s/it]
  2%|▏         | 14/630 [01:01<45:46,  4.46s/it]
  2%|▏         | 15/630 [01:06<45:40,  4.46s/it]
  3%|▎         | 16/630 [01:10<44:55,  4.39s/it]
  3%|▎         | 17/630 [01:14<44:41,  4.37s/it]
  3%|▎         | 18/630 [01:18<43:43,  4.29s/it]
  3%|▎         | 19/630 [01:23<43:39,  4.29s/it]
  3%|▎         | 20/630 [01:28<45:46,  4.50s/it]
  3%|▎         | 21/630 [01:32<46:17,  4.56s/it]
  3%|▎         | 22/630 [01:37<45:21,  4.48s/it]
  4%|▎         | 23/630 [01:41<44:13,  4.37s/it]
  4%|▍         | 24/630 [01:45<42:28,  4.21s/it]
  4%|▍         | 25/630 [01:48<40:18,  4.00s/it]
  4%|▍         | 26/630 [01:53<43:23,  4.31s/it]
  4%|▍         | 27/630 [01:58<44:07,  4.39s/it]
  4%|▍         | 28/630 [02:02<43:37,  4.35s/it]
  5%|▍         | 29/630 [02:06<42:30,  4.24s/it]
  5%|▍         | 30/630 [02:10<41:27,  4.15s/it]
  5%|▍         | 31/630 [02:14<40:40,  4.07s/it]
  5%|▌         | 32/630 [02:19<44:02,  4.42s/it]
  5%|▌         | 33/630 [02:24<44:59,  4.52s/it]
  5%|▌         | 34/630 [02:28<44:35,  4.49s/it]
  6%|▌         | 35/630 [02:33<44:39,  4.50s/it]
  6%|▌         | 36/630 [02:37<44:17,  4.47s/it]
  6%|▌         | 37/630 [02:41<41:46,  4.23s/it]
  6%|▌         | 38/630 [02:45<41:06,  4.17s/it]
  6%|▌         | 39/630 [02:50<43:36,  4.43s/it]
  6%|▋         | 40/630 [02:54<43:55,  4.47s/it]
  7%|▋         | 41/630 [02:59<43:12,  4.40s/it]
  7%|▋         | 42/630 [03:03<42:27,  4.33s/it]
  7%|▋         | 43/630 [03:06<40:36,  4.15s/it]
  7%|▋         | 44/630 [03:11<40:55,  4.19s/it]
  7%|▋         | 45/630 [03:16<43:21,  4.45s/it]
  7%|▋         | 46/630 [03:20<43:16,  4.45s/it]
  7%|▋         | 47/630 [03:24<42:27,  4.37s/it]
  8%|▊         | 48/630 [03:29<42:30,  4.38s/it]
  8%|▊         | 49/630 [03:33<40:47,  4.21s/it]
  8%|▊         | 50/630 [03:36<38:47,  4.01s/it]
  8%|▊         | 51/630 [03:41<41:39,  4.32s/it]
  8%|▊         | 52/630 [03:46<43:47,  4.55s/it]
  8%|▊         | 53/630 [03:51<43:56,  4.57s/it]
  9%|▊         | 54/630 [03:55<42:44,  4.45s/it]
  9%|▊         | 55/630 [03:59<41:02,  4.28s/it]
  9%|▉         | 56/630 [04:03<38:58,  4.07s/it]
  9%|▉         | 57/630 [04:08<41:47,  4.38s/it]
  9%|▉         | 58/630 [04:12<42:55,  4.50s/it]
  9%|▉         | 59/630 [04:17<42:50,  4.50s/it]
 10%|▉         | 60/630 [04:21<41:42,  4.39s/it]
 10%|▉         | 61/630 [04:25<40:05,  4.23s/it]
 10%|▉         | 62/630 [04:29<38:16,  4.04s/it]
 10%|█         | 63/630 [04:33<38:34,  4.08s/it]
 10%|█         | 64/630 [04:38<40:35,  4.30s/it]
 10%|█         | 65/630 [04:42<40:43,  4.33s/it]
 10%|█         | 66/630 [04:46<41:09,  4.38s/it]
 11%|█         | 67/630 [04:50<39:42,  4.23s/it]
 11%|█         | 68/630 [04:54<37:59,  4.06s/it]
 11%|█         | 69/630 [04:58<38:29,  4.12s/it]
 11%|█         | 70/630 [05:04<42:02,  4.51s/it]
 11%|█▏        | 71/630 [05:08<41:48,  4.49s/it]
 11%|█▏        | 72/630 [05:12<40:37,  4.37s/it]
 12%|█▏        | 73/630 [05:16<39:07,  4.21s/it]
 12%|█▏        | 74/630 [05:20<37:50,  4.08s/it]
 12%|█▏        | 75/630 [05:23<36:14,  3.92s/it]
 12%|█▏        | 76/630 [05:28<39:24,  4.27s/it]
 12%|█▏        | 77/630 [05:33<41:31,  4.51s/it]
 12%|█▏        | 78/630 [05:38<41:17,  4.49s/it]
 13%|█▎        | 79/630 [05:42<40:22,  4.40s/it]
 13%|█▎        | 80/630 [05:46<38:51,  4.24s/it]
 13%|█▎        | 81/630 [05:50<37:14,  4.07s/it]
 13%|█▎        | 82/630 [05:55<40:09,  4.40s/it]
 13%|█▎        | 83/630 [06:00<41:08,  4.51s/it]
 13%|█▎        | 84/630 [06:04<41:31,  4.56s/it]
 13%|█▎        | 85/630 [06:08<40:10,  4.42s/it]
 14%|█▎        | 86/630 [06:12<38:24,  4.24s/it]
 14%|█▍        | 87/630 [06:16<38:09,  4.22s/it]
 14%|█▍        | 88/630 [06:20<37:46,  4.18s/it]
 14%|█▍        | 89/630 [06:25<39:51,  4.42s/it]
 14%|█▍        | 90/630 [06:30<39:54,  4.43s/it]
 14%|█▍        | 91/630 [06:34<39:01,  4.34s/it]
 15%|█▍        | 92/630 [06:38<37:36,  4.19s/it]
 15%|█▍        | 93/630 [06:42<36:17,  4.05s/it]
 15%|█▍        | 94/630 [06:46<36:47,  4.12s/it]
 15%|█▌        | 95/630 [06:51<39:16,  4.41s/it]
 15%|█▌        | 96/630 [06:55<39:22,  4.42s/it]
 15%|█▌        | 97/630 [07:00<38:50,  4.37s/it]
 16%|█▌        | 98/630 [07:04<37:44,  4.26s/it]
 16%|█▌        | 99/630 [07:07<36:33,  4.13s/it]
 16%|█▌        | 100/630 [07:11<34:33,  3.91s/it]

eval:   0%|          | 0/80 [00:00<?, ?it/s][A/data/liaozijie/conda/accelerate-fc/lib/python3.11/site-packages/transformers/tokenization_utils_base.py:2751: UserWarning: `max_length` is ignored when `padding`=`True` and there is no truncation strategy. To pad to max length, use `padding='max_length'`.
  warnings.warn(
/data/liaozijie/conda/accelerate-fc/lib/python3.11/site-packages/transformers/tokenization_utils_base.py:2751: UserWarning: `max_length` is ignored when `padding`=`True` and there is no truncation strategy. To pad to max length, use `padding='max_length'`.
  warnings.warn(
/data/liaozijie/conda/accelerate-fc/lib/python3.11/site-packages/transformers/tokenization_utils_base.py:2751: UserWarning: `max_length` is ignored when `padding`=`True` and there is no truncation strategy. To pad to max length, use `padding='max_length'`.
  warnings.warn(
/data/liaozijie/conda/accelerate-fc/lib/python3.11/site-packages/transformers/tokenization_utils_base.py:2751: UserWarning: `max_length` is ignored when `padding`=`True` and there is no truncation strategy. To pad to max length, use `padding='max_length'`.
  warnings.warn(
/data/liaozijie/conda/accelerate-fc/lib/python3.11/site-packages/transformers/tokenization_utils_base.py:2751: UserWarning: `max_length` is ignored when `padding`=`True` and there is no truncation strategy. To pad to max length, use `padding='max_length'`.
  warnings.warn(
/data/liaozijie/conda/accelerate-fc/lib/python3.11/site-packages/transformers/tokenization_utils_base.py:2751: UserWarning: `max_length` is ignored when `padding`=`True` and there is no truncation strategy. To pad to max length, use `padding='max_length'`.
  warnings.warn(
/data/liaozijie/conda/accelerate-fc/lib/python3.11/site-packages/transformers/tokenization_utils_base.py:2751: UserWarning: `max_length` is ignored when `padding`=`True` and there is no truncation strategy. To pad to max length, use `padding='max_length'`.
  warnings.warn(
/data/liaozijie/conda/accelerate-fc/lib/python3.11/site-packages/transformers/tokenization_utils_base.py:2751: UserWarning: `max_length` is ignored when `padding`=`True` and there is no truncation strategy. To pad to max length, use `padding='max_length'`.
  warnings.warn(
/data/liaozijie/conda/accelerate-fc/lib/python3.11/site-packages/transformers/tokenization_utils_base.py:2751: UserWarning: `max_length` is ignored when `padding`=`True` and there is no truncation strategy. To pad to max length, use `padding='max_length'`.
  warnings.warn(
/data/liaozijie/conda/accelerate-fc/lib/python3.11/site-packages/transformers/tokenization_utils_base.py:2751: UserWarning: `max_length` is ignored when `padding`=`True` and there is no truncation strategy. To pad to max length, use `padding='max_length'`.
  warnings.warn(
/data/liaozijie/conda/accelerate-fc/lib/python3.11/site-packages/transformers/tokenization_utils_base.py:2751: UserWarning: `max_length` is ignored when `padding`=`True` and there is no truncation strategy. To pad to max length, use `padding='max_length'`.
  warnings.warn(
/data/liaozijie/conda/accelerate-fc/lib/python3.11/site-packages/transformers/tokenization_utils_base.py:2751: UserWarning: `max_length` is ignored when `padding`=`True` and there is no truncation strategy. To pad to max length, use `padding='max_length'`.
  warnings.warn(
/data/liaozijie/conda/accelerate-fc/lib/python3.11/site-packages/transformers/tokenization_utils_base.py:2751: UserWarning: `max_length` is ignored when `padding`=`True` and there is no truncation strategy. To pad to max length, use `padding='max_length'`.
  warnings.warn(
/data/liaozijie/conda/accelerate-fc/lib/python3.11/site-packages/transformers/tokenization_utils_base.py:2751: UserWarning: `max_length` is ignored when `padding`=`True` and there is no truncation strategy. To pad to max length, use `padding='max_length'`.
  warnings.warn(
/data/liaozijie/conda/accelerate-fc/lib/python3.11/site-packages/transformers/tokenization_utils_base.py:2751: UserWarning: `max_length` is ignored when `padding`=`True` and there is no truncation strategy. To pad to max length, use `padding='max_length'`.
  warnings.warn(
/data/liaozijie/conda/accelerate-fc/lib/python3.11/site-packages/transformers/tokenization_utils_base.py:2751: UserWarning: `max_length` is ignored when `padding`=`True` and there is no truncation strategy. To pad to max length, use `padding='max_length'`.
  warnings.warn(


eval:   1%|▏         | 1/80 [00:00<01:05,  1.21it/s][A

eval:   2%|▎         | 2/80 [00:01<00:58,  1.33it/s][A

eval:   4%|▍         | 3/80 [00:02<00:55,  1.39it/s][A

eval:   5%|▌         | 4/80 [00:02<00:53,  1.42it/s][A

eval:   6%|▋         | 5/80 [00:03<00:51,  1.44it/s][A

eval:   8%|▊         | 6/80 [00:04<00:50,  1.46it/s][A

eval:   9%|▉         | 7/80 [00:04<00:50,  1.45it/s][A

eval:  10%|█         | 8/80 [00:05<00:49,  1.45it/s][A

eval:  11%|█▏        | 9/80 [00:06<00:48,  1.46it/s][A

eval:  12%|█▎        | 10/80 [00:06<00:48,  1.45it/s][A

eval:  14%|█▍        | 11/80 [00:07<00:47,  1.46it/s][A

eval:  15%|█▌        | 12/80 [00:08<00:46,  1.45it/s][A

eval:  16%|█▋        | 13/80 [00:09<00:46,  1.45it/s][A

eval:  18%|█▊        | 14/80 [00:09<00:45,  1.44it/s][A

eval:  19%|█▉        | 15/80 [00:10<00:45,  1.44it/s][A

eval:  20%|██        | 16/80 [00:11<00:44,  1.44it/s][A

eval:  21%|██▏       | 17/80 [00:11<00:43,  1.44it/s][A

eval:  22%|██▎       | 18/80 [00:12<00:42,  1.45it/s][A

eval:  24%|██▍       | 19/80 [00:13<00:41,  1.48it/s][A

eval:  25%|██▌       | 20/80 [00:13<00:40,  1.48it/s][A

eval:  26%|██▋       | 21/80 [00:14<00:39,  1.48it/s][A

eval:  28%|██▊       | 22/80 [00:15<00:39,  1.48it/s][A

eval:  29%|██▉       | 23/80 [00:15<00:37,  1.53it/s][A

eval:  30%|███       | 24/80 [00:16<00:35,  1.56it/s][A

eval:  31%|███▏      | 25/80 [00:17<00:36,  1.52it/s][A

eval:  32%|███▎      | 26/80 [00:17<00:35,  1.50it/s][A

eval:  34%|███▍      | 27/80 [00:18<00:35,  1.49it/s][A

eval:  35%|███▌      | 28/80 [00:19<00:35,  1.47it/s][A

eval:  36%|███▋      | 29/80 [00:19<00:34,  1.47it/s][A

eval:  38%|███▊      | 30/80 [00:20<00:32,  1.52it/s][A

eval:  39%|███▉      | 31/80 [00:21<00:32,  1.49it/s][A

eval:  40%|████      | 32/80 [00:21<00:31,  1.51it/s][A

eval:  41%|████▏     | 33/80 [00:22<00:30,  1.55it/s][A

eval:  42%|████▎     | 34/80 [00:23<00:30,  1.51it/s][A

eval:  44%|████▍     | 35/80 [00:23<00:30,  1.49it/s][A

eval:  45%|████▌     | 36/80 [00:24<00:29,  1.47it/s][A

eval:  46%|████▋     | 37/80 [00:25<00:29,  1.48it/s][A

eval:  48%|████▊     | 38/80 [00:25<00:28,  1.48it/s][A

eval:  49%|████▉     | 39/80 [00:26<00:27,  1.47it/s][A

eval:  50%|█████     | 40/80 [00:27<00:27,  1.46it/s][A

eval:  51%|█████▏    | 41/80 [00:27<00:25,  1.51it/s][A

eval:  52%|█████▎    | 42/80 [00:28<00:25,  1.48it/s][A

eval:  54%|█████▍    | 43/80 [00:29<00:25,  1.48it/s][A

eval:  55%|█████▌    | 44/80 [00:29<00:24,  1.46it/s][A

eval:  56%|█████▋    | 45/80 [00:30<00:22,  1.52it/s][A

eval:  57%|█████▊    | 46/80 [00:31<00:22,  1.50it/s][A

eval:  59%|█████▉    | 47/80 [00:31<00:22,  1.48it/s][A

eval:  60%|██████    | 48/80 [00:32<00:21,  1.46it/s][A

eval:  61%|██████▏   | 49/80 [00:33<00:20,  1.51it/s][A

eval:  62%|██████▎   | 50/80 [00:33<00:20,  1.49it/s][A

eval:  64%|██████▍   | 51/80 [00:34<00:19,  1.49it/s][A

eval:  65%|██████▌   | 52/80 [00:35<00:18,  1.53it/s][A

eval:  66%|██████▋   | 53/80 [00:35<00:17,  1.56it/s][A

eval:  68%|██████▊   | 54/80 [00:36<00:17,  1.52it/s][A

eval:  69%|██████▉   | 55/80 [00:37<00:16,  1.50it/s][A

eval:  70%|███████   | 56/80 [00:37<00:16,  1.48it/s][A

eval:  71%|███████▏  | 57/80 [00:38<00:15,  1.46it/s][A

eval:  72%|███████▎  | 58/80 [00:39<00:15,  1.45it/s][A

eval:  74%|███████▍  | 59/80 [00:39<00:13,  1.51it/s][A

eval:  75%|███████▌  | 60/80 [00:40<00:13,  1.48it/s][A

eval:  76%|███████▋  | 61/80 [00:41<00:12,  1.48it/s][A

eval:  78%|███████▊  | 62/80 [00:41<00:12,  1.46it/s][A

eval:  79%|███████▉  | 63/80 [00:42<00:11,  1.45it/s][A

eval:  80%|████████  | 64/80 [00:43<00:11,  1.44it/s][A

eval:  81%|████████▏ | 65/80 [00:44<00:10,  1.45it/s][A

eval:  82%|████████▎ | 66/80 [00:44<00:09,  1.50it/s][A

eval:  84%|████████▍ | 67/80 [00:45<00:08,  1.49it/s][A

eval:  85%|████████▌ | 68/80 [00:46<00:08,  1.48it/s][A

eval:  86%|████████▋ | 69/80 [00:46<00:07,  1.47it/s][A

eval:  88%|████████▊ | 70/80 [00:47<00:06,  1.46it/s][A

eval:  89%|████████▉ | 71/80 [00:48<00:06,  1.44it/s][A

eval:  90%|█████████ | 72/80 [00:48<00:05,  1.44it/s][A

eval:  91%|█████████▏| 73/80 [00:49<00:04,  1.44it/s][A

eval:  92%|█████████▎| 74/80 [00:50<00:04,  1.45it/s][A

eval:  94%|█████████▍| 75/80 [00:50<00:03,  1.44it/s][A

eval:  95%|█████████▌| 76/80 [00:51<00:02,  1.45it/s][A

eval:  96%|█████████▋| 77/80 [00:52<00:02,  1.46it/s][A

eval:  98%|█████████▊| 78/80 [00:52<00:01,  1.52it/s][A

eval:  99%|█████████▉| 79/80 [00:53<00:00,  1.56it/s][A

eval: 100%|██████████| 80/80 [00:54<00:00,  1.54it/s][A

                                                     [A2026-05-11 14:09:23 | INFO | __main__ | eval.py:43 | [EVAL_SAMPLE] idx=0 pred=pants-fire gold=barely-true output=Label: A explain=Hartzler said, "We have less Americans working now than in the ‘70s." The statistics Hartzler’s staff said she cited show the employment-population ratio and labor force participation rate was indeed higher in 1979 than in 2015. However,... prompt=<|im_start|>system
You are a careful fact-checking assistant for LIAR-RAW claims. Classify claims using only the claim and retrieved evidence supplied by the user.<|im_end|>
<|im_start|>user
Classify the claim into exactly one LIAR-RAW l...
2026-05-11 14:09:23 | INFO | __main__ | eval.py:43 | [EVAL_SAMPLE] idx=0 pred=pants-fire gold=barely-true output=Label: A explain=Hartzler said, "We have less Americans working now than in the ‘70s." The statistics Hartzler’s staff said she cited show the employment-population ratio and labor force participation rate was indeed higher in 1979 than in 2015. However,... prompt=<|im_start|>system
You are a careful fact-checking assistant for LIAR-RAW claims. Classify claims using only the claim and retrieved evidence supplied by the user.<|im_end|>
<|im_start|>user
Classify the claim into exactly one LIAR-RAW l...
2026-05-11 14:09:23 | INFO | __main__ | eval.py:43 | [EVAL_SAMPLE] idx=1 pred=pants-fire gold=pants-fire output=Label: A explain=Ellison used a Koran that once belonged to Thomas Jefferson, borrowing the rare book from the Library of Congress. It goes without saying that Ellison is not Obama. UPDATE: Barack Obama resigned from Trinity United Church of Christ on Ma... prompt=<|im_start|>system
You are a careful fact-checking assistant for LIAR-RAW claims. Classify claims using only the claim and retrieved evidence supplied by the user.<|im_end|>
<|im_start|>user
Classify the claim into exactly one LIAR-RAW l...
2026-05-11 14:09:23 | INFO | __main__ | eval.py:43 | [EVAL_SAMPLE] idx=1 pred=pants-fire gold=pants-fire output=Label: A explain=Ellison used a Koran that once belonged to Thomas Jefferson, borrowing the rare book from the Library of Congress. It goes without saying that Ellison is not Obama. UPDATE: Barack Obama resigned from Trinity United Church of Christ on Ma... prompt=<|im_start|>system
You are a careful fact-checking assistant for LIAR-RAW claims. Classify claims using only the claim and retrieved evidence supplied by the user.<|im_end|>
<|im_start|>user
Classify the claim into exactly one LIAR-RAW l...
2026-05-11 14:09:23 | INFO | __main__ | eval.py:43 | [EVAL_SAMPLE] idx=2 pred=mostly-true gold=false output=Label: E explain=However, we have two professors who say the law is silent on political activity -- even if one of them sees an implicit prohibition -- and a plain reading of the law that states no explicit ban. Blumenauer said that "the statute a hundre... prompt=<|im_start|>system
You are a careful fact-checking assistant for LIAR-RAW claims. Classify claims using only the claim and retrieved evidence supplied by the user.<|im_end|>
<|im_start|>user
Classify the claim into exactly one LIAR-RAW l...
2026-05-11 14:09:23 | INFO | __main__ | trainer.py:563 | [eval] step=100 accuracy=0.2117 macro_precision=0.2896 macro_recall=0.2415 macro_f1=0.1980 parse_error_rate=0.0000
2026-05-11 14:09:23 | INFO | __main__ | trainer.py:563 | [eval] per_class:
2026-05-11 14:09:23 | INFO | __main__ | trainer.py:563 |   - barely-true: P=0.1794 R=0.1688 F1=0.1739
2026-05-11 14:09:23 | INFO | __main__ | trainer.py:563 |   - false: P=0.2029 R=0.3180 F1=0.2478
2026-05-11 14:09:23 | INFO | __main__ | trainer.py:563 |   - half-true: P=0.5000 R=0.0163 F1=0.0315
2026-05-11 14:09:23 | INFO | __main__ | trainer.py:563 |   - mostly-true: P=0.3061 R=0.1793 F1=0.2261
2026-05-11 14:09:23 | INFO | __main__ | trainer.py:563 |   - pants-fire: P=0.1634 R=0.5776 F1=0.2548
2026-05-11 14:09:23 | INFO | __main__ | trainer.py:563 |   - true: P=0.3855 R=0.1893 F1=0.2540

 16%|█▌        | 101/630 [08:18<3:21:13, 22.82s/it]
 16%|█▌        | 102/630 [08:22<2:32:40, 17.35s/it]
 16%|█▋        | 103/630 [08:27<1:59:04, 13.56s/it]
 17%|█▋        | 104/630 [08:31<1:34:39, 10.80s/it]
 17%|█▋        | 105/630 [08:35<1:16:04,  8.70s/it]
 17%|█▋        | 106/630 [08:39<1:02:33,  7.16s/it]
 17%|█▋        | 107/630 [08:44<57:05,  6.55s/it]  
 17%|█▋        | 108/630 [08:49<52:31,  6.04s/it]swanlab: [2026.05.11 14:10:09] network error, swanlab will resume uploads when the network improves

 17%|█▋        | 109/630 [08:53<48:11,  5.55s/it]
 17%|█▋        | 110/630 [08:57<44:36,  5.15s/it]
 18%|█▊        | 111/630 [09:01<41:37,  4.81s/it]
 18%|█▊        | 112/630 [09:05<38:39,  4.48s/it]
 18%|█▊        | 113/630 [09:09<37:51,  4.39s/it]
 18%|█▊        | 114/630 [09:14<39:12,  4.56s/it]
 18%|█▊        | 115/630 [09:19<38:48,  4.52s/it]
 18%|█▊        | 116/630 [09:23<37:56,  4.43s/it]
 19%|█▊        | 117/630 [09:27<36:38,  4.29s/it]
 19%|█▊        | 118/630 [09:31<35:22,  4.15s/it]
 19%|█▉        | 119/630 [09:35<36:33,  4.29s/it]
 19%|█▉        | 120/630 [09:40<38:29,  4.53s/it]
 19%|█▉        | 121/630 [09:45<39:29,  4.66s/it]
 19%|█▉        | 122/630 [09:50<38:50,  4.59s/it]
 20%|█▉        | 123/630 [09:54<37:21,  4.42s/it]
 20%|█▉        | 124/630 [09:58<36:03,  4.27s/it]
 20%|█▉        | 125/630 [10:01<34:15,  4.07s/it]
 20%|██        | 126/630 [10:06<36:32,  4.35s/it]
 20%|██        | 127/630 [10:11<37:20,  4.46s/it]
 20%|██        | 128/630 [10:15<36:43,  4.39s/it]
 20%|██        | 129/630 [10:20<36:07,  4.33s/it]
 21%|██        | 130/630 [10:23<34:51,  4.18s/it]
 21%|██        | 131/630 [10:27<33:08,  3.99s/it]
 21%|██        | 132/630 [10:32<35:53,  4.32s/it]
 21%|██        | 133/630 [10:37<36:56,  4.46s/it]
 21%|██▏       | 134/630 [10:41<36:47,  4.45s/it]
 21%|██▏       | 135/630 [10:45<35:44,  4.33s/it]
 22%|██▏       | 136/630 [10:49<34:40,  4.21s/it]
 22%|██▏       | 137/630 [10:53<34:12,  4.16s/it]
 22%|██▏       | 138/630 [10:57<34:21,  4.19s/it]
 22%|██▏       | 139/630 [11:03<37:41,  4.61s/it]
 22%|██▏       | 140/630 [11:08<37:49,  4.63s/it]
 22%|██▏       | 141/630 [11:12<36:46,  4.51s/it]
 23%|██▎       | 142/630 [11:16<35:31,  4.37s/it]
 23%|██▎       | 143/630 [11:20<34:04,  4.20s/it]
 23%|██▎       | 144/630 [11:24<34:23,  4.25s/it]
 23%|██▎       | 145/630 [11:29<36:35,  4.53s/it]
 23%|██▎       | 146/630 [11:34<36:38,  4.54s/it]
 23%|██▎       | 147/630 [11:38<35:52,  4.46s/it]
 23%|██▎       | 148/630 [11:42<34:54,  4.35s/it]
 24%|██▎       | 149/630 [11:46<33:33,  4.19s/it]
 24%|██▍       | 150/630 [11:50<31:57,  3.99s/it]
 24%|██▍       | 151/630 [11:55<34:32,  4.33s/it]
 24%|██▍       | 152/630 [11:59<34:53,  4.38s/it]
 24%|██▍       | 153/630 [12:04<34:30,  4.34s/it]
 24%|██▍       | 154/630 [12:08<34:47,  4.39s/it]
 25%|██▍       | 155/630 [12:12<33:32,  4.24s/it]
 25%|██▍       | 156/630 [12:16<33:12,  4.20s/it]
 25%|██▍       | 157/630 [12:21<35:21,  4.49s/it]
 25%|██▌       | 158/630 [12:26<36:08,  4.59s/it]
 25%|██▌       | 159/630 [12:30<35:30,  4.52s/it]
 25%|██▌       | 160/630 [12:35<34:34,  4.41s/it]
 26%|██▌       | 161/630 [12:38<33:22,  4.27s/it]
 26%|██▌       | 162/630 [12:42<32:07,  4.12s/it]
 26%|██▌       | 163/630 [12:46<32:11,  4.14s/it]
 26%|██▌       | 164/630 [12:51<33:49,  4.35s/it]
 26%|██▌       | 165/630 [12:56<33:55,  4.38s/it]
 26%|██▋       | 166/630 [13:00<33:09,  4.29s/it]
 27%|██▋       | 167/630 [13:04<32:09,  4.17s/it]
 27%|██▋       | 168/630 [13:07<31:06,  4.04s/it]
 27%|██▋       | 169/630 [13:12<31:32,  4.10s/it]
 27%|██▋       | 170/630 [13:17<34:02,  4.44s/it]
 27%|██▋       | 171/630 [13:22<34:32,  4.52s/it]
 27%|██▋       | 172/630 [13:26<34:54,  4.57s/it]
 27%|██▋       | 173/630 [13:31<35:37,  4.68s/it]
 28%|██▊       | 174/630 [13:35<33:36,  4.42s/it]
 28%|██▊       | 175/630 [13:39<31:25,  4.14s/it]
 28%|██▊       | 176/630 [13:44<33:29,  4.43s/it]
 28%|██▊       | 177/630 [13:48<33:56,  4.50s/it]
 28%|██▊       | 178/630 [13:53<33:22,  4.43s/it]
 28%|██▊       | 179/630 [13:57<32:39,  4.35s/it]
 29%|██▊       | 180/630 [14:01<31:33,  4.21s/it]
 29%|██▊       | 181/630 [14:04<29:38,  3.96s/it]
 29%|██▉       | 182/630 [14:09<32:16,  4.32s/it]
 29%|██▉       | 183/630 [14:14<33:03,  4.44s/it]
 29%|██▉       | 184/630 [14:18<32:36,  4.39s/it]
 29%|██▉       | 185/630 [14:22<31:49,  4.29s/it]
 30%|██▉       | 186/630 [14:26<30:51,  4.17s/it]
 30%|██▉       | 187/630 [14:30<29:48,  4.04s/it]
 30%|██▉       | 188/630 [14:34<30:09,  4.09s/it]
 30%|███       | 189/630 [14:39<32:41,  4.45s/it]
 30%|███       | 190/630 [14:44<33:07,  4.52s/it]
 30%|███       | 191/630 [14:48<32:29,  4.44s/it]
 30%|███       | 192/630 [14:52<31:06,  4.26s/it]
 31%|███       | 193/630 [14:56<29:41,  4.08s/it]
 31%|███       | 194/630 [15:00<29:43,  4.09s/it]
 31%|███       | 195/630 [15:05<31:47,  4.39s/it]
 31%|███       | 196/630 [15:09<31:56,  4.42s/it]
 31%|███▏      | 197/630 [15:14<31:25,  4.36s/it]
 31%|███▏      | 198/630 [15:18<30:35,  4.25s/it]
 32%|███▏      | 199/630 [15:21<29:31,  4.11s/it]
 32%|███▏      | 200/630 [15:25<28:09,  3.93s/it]

eval:   0%|          | 0/80 [00:00<?, ?it/s][A

eval:   1%|▏         | 1/80 [00:00<00:49,  1.59it/s][A

eval:   2%|▎         | 2/80 [00:01<00:52,  1.50it/s][A

eval:   4%|▍         | 3/80 [00:01<00:51,  1.49it/s][A

eval:   5%|▌         | 4/80 [00:02<00:51,  1.48it/s][A

eval:   6%|▋         | 5/80 [00:03<00:50,  1.47it/s][A

eval:   8%|▊         | 6/80 [00:04<00:50,  1.48it/s][A

eval:   9%|▉         | 7/80 [00:04<00:49,  1.46it/s][A

eval:  10%|█         | 8/80 [00:05<00:49,  1.45it/s][A

eval:  11%|█▏        | 9/80 [00:06<00:48,  1.46it/s][A

eval:  12%|█▎        | 10/80 [00:06<00:48,  1.45it/s][A

eval:  14%|█▍        | 11/80 [00:07<00:47,  1.46it/s][A

eval:  15%|█▌        | 12/80 [00:08<00:47,  1.45it/s][A

eval:  16%|█▋        | 13/80 [00:08<00:46,  1.44it/s][A

eval:  18%|█▊        | 14/80 [00:09<00:45,  1.44it/s][A

eval:  19%|█▉        | 15/80 [00:10<00:44,  1.45it/s][A

eval:  20%|██        | 16/80 [00:10<00:44,  1.44it/s][A

eval:  21%|██▏       | 17/80 [00:11<00:43,  1.44it/s][A

eval:  22%|██▎       | 18/80 [00:12<00:42,  1.45it/s][A

eval:  24%|██▍       | 19/80 [00:12<00:41,  1.48it/s][A

eval:  25%|██▌       | 20/80 [00:13<00:40,  1.48it/s][A

eval:  26%|██▋       | 21/80 [00:14<00:39,  1.48it/s][A

eval:  28%|██▊       | 22/80 [00:14<00:39,  1.49it/s][A

eval:  29%|██▉       | 23/80 [00:15<00:37,  1.53it/s][A

eval:  30%|███       | 24/80 [00:16<00:35,  1.56it/s][A

eval:  31%|███▏      | 25/80 [00:16<00:36,  1.52it/s][A

eval:  32%|███▎      | 26/80 [00:17<00:35,  1.51it/s][A

eval:  34%|███▍      | 27/80 [00:18<00:35,  1.49it/s][A

eval:  35%|███▌      | 28/80 [00:18<00:35,  1.48it/s][A

eval:  36%|███▋      | 29/80 [00:19<00:34,  1.48it/s][A

eval:  38%|███▊      | 30/80 [00:20<00:32,  1.52it/s][A

eval:  39%|███▉      | 31/80 [00:20<00:32,  1.49it/s][A

eval:  40%|████      | 32/80 [00:21<00:31,  1.51it/s][A

eval:  41%|████▏     | 33/80 [00:22<00:30,  1.54it/s][A

eval:  42%|████▎     | 34/80 [00:22<00:30,  1.51it/s][A

eval:  44%|████▍     | 35/80 [00:23<00:30,  1.48it/s][A

eval:  45%|████▌     | 36/80 [00:24<00:29,  1.47it/s][A

eval:  46%|████▋     | 37/80 [00:24<00:29,  1.48it/s][A

eval:  48%|████▊     | 38/80 [00:25<00:28,  1.48it/s][A

eval:  49%|████▉     | 39/80 [00:26<00:27,  1.47it/s][A

eval:  50%|█████     | 40/80 [00:27<00:27,  1.46it/s][A

eval:  51%|█████▏    | 41/80 [00:27<00:26,  1.50it/s][A

eval:  52%|█████▎    | 42/80 [00:28<00:25,  1.48it/s][A

eval:  54%|█████▍    | 43/80 [00:29<00:25,  1.48it/s][A

eval:  55%|█████▌    | 44/80 [00:29<00:24,  1.46it/s][A

eval:  56%|█████▋    | 45/80 [00:30<00:23,  1.52it/s][A

eval:  57%|█████▊    | 46/80 [00:31<00:22,  1.49it/s][A

eval:  59%|█████▉    | 47/80 [00:31<00:22,  1.47it/s][A

eval:  60%|██████    | 48/80 [00:32<00:21,  1.46it/s][A

eval:  61%|██████▏   | 49/80 [00:33<00:20,  1.51it/s][A

eval:  62%|██████▎   | 50/80 [00:33<00:20,  1.49it/s][A

eval:  64%|██████▍   | 51/80 [00:34<00:19,  1.49it/s][A

eval:  65%|██████▌   | 52/80 [00:35<00:18,  1.53it/s][A

eval:  66%|██████▋   | 53/80 [00:35<00:17,  1.56it/s][A

eval:  68%|██████▊   | 54/80 [00:36<00:17,  1.52it/s][A

eval:  69%|██████▉   | 55/80 [00:37<00:16,  1.50it/s][A

eval:  70%|███████   | 56/80 [00:37<00:16,  1.48it/s][A

eval:  71%|███████▏  | 57/80 [00:38<00:15,  1.46it/s][A

eval:  72%|███████▎  | 58/80 [00:39<00:15,  1.45it/s][A

eval:  74%|███████▍  | 59/80 [00:39<00:13,  1.51it/s][A

eval:  75%|███████▌  | 60/80 [00:40<00:13,  1.49it/s][A

eval:  76%|███████▋  | 61/80 [00:41<00:12,  1.48it/s][A

eval:  78%|███████▊  | 62/80 [00:41<00:12,  1.47it/s][A

eval:  79%|███████▉  | 63/80 [00:42<00:11,  1.45it/s][A

eval:  80%|████████  | 64/80 [00:43<00:11,  1.45it/s][A

eval:  81%|████████▏ | 65/80 [00:43<00:10,  1.45it/s][A

eval:  82%|████████▎ | 66/80 [00:44<00:09,  1.50it/s][A

eval:  84%|████████▍ | 67/80 [00:45<00:08,  1.50it/s][A

eval:  85%|████████▌ | 68/80 [00:45<00:08,  1.48it/s][A

eval:  86%|████████▋ | 69/80 [00:46<00:07,  1.47it/s][A

eval:  88%|████████▊ | 70/80 [00:47<00:06,  1.46it/s][A

eval:  89%|████████▉ | 71/80 [00:47<00:06,  1.45it/s][A

eval:  90%|█████████ | 72/80 [00:48<00:05,  1.45it/s][A

eval:  91%|█████████▏| 73/80 [00:49<00:04,  1.44it/s][A

eval:  92%|█████████▎| 74/80 [00:50<00:04,  1.45it/s][A

eval:  94%|█████████▍| 75/80 [00:50<00:03,  1.44it/s][A

eval:  95%|█████████▌| 76/80 [00:51<00:02,  1.45it/s][A

eval:  96%|█████████▋| 77/80 [00:52<00:02,  1.46it/s][A

eval:  98%|█████████▊| 78/80 [00:52<00:01,  1.52it/s][A

eval:  99%|█████████▉| 79/80 [00:53<00:00,  1.56it/s][A

eval: 100%|██████████| 80/80 [00:53<00:00,  1.54it/s][A

                                                     [A2026-05-11 14:17:36 | INFO | __main__ | eval.py:43 | [EVAL_SAMPLE] idx=0 pred=false gold=barely-true output=Label: B explain=Hartzler said, "We have less Americans working now than in the ‘70s." The statistics Hartzler’s staff said she cited show the employment-population ratio and labor force participation rate was indeed higher in 1979 than in 2015. However,... prompt=<|im_start|>system
You are a careful fact-checking assistant for LIAR-RAW claims. Classify claims using only the claim and retrieved evidence supplied by the user.<|im_end|>
<|im_start|>user
Classify the claim into exactly one LIAR-RAW l...
2026-05-11 14:17:36 | INFO | __main__ | eval.py:43 | [EVAL_SAMPLE] idx=0 pred=false gold=barely-true output=Label: B explain=Hartzler said, "We have less Americans working now than in the ‘70s." The statistics Hartzler’s staff said she cited show the employment-population ratio and labor force participation rate was indeed higher in 1979 than in 2015. However,... prompt=<|im_start|>system
You are a careful fact-checking assistant for LIAR-RAW claims. Classify claims using only the claim and retrieved evidence supplied by the user.<|im_end|>
<|im_start|>user
Classify the claim into exactly one LIAR-RAW l...
2026-05-11 14:17:36 | INFO | __main__ | eval.py:43 | [EVAL_SAMPLE] idx=1 pred=false gold=pants-fire output=Label: B explain=Ellison used a Koran that once belonged to Thomas Jefferson, borrowing the rare book from the Library of Congress. It goes without saying that Ellison is not Obama. UPDATE: Barack Obama resigned from Trinity United Church of Christ on Ma... prompt=<|im_start|>system
You are a careful fact-checking assistant for LIAR-RAW claims. Classify claims using only the claim and retrieved evidence supplied by the user.<|im_end|>
<|im_start|>user
Classify the claim into exactly one LIAR-RAW l...
2026-05-11 14:17:36 | INFO | __main__ | eval.py:43 | [EVAL_SAMPLE] idx=1 pred=false gold=pants-fire output=Label: B explain=Ellison used a Koran that once belonged to Thomas Jefferson, borrowing the rare book from the Library of Congress. It goes without saying that Ellison is not Obama. UPDATE: Barack Obama resigned from Trinity United Church of Christ on Ma... prompt=<|im_start|>system
You are a careful fact-checking assistant for LIAR-RAW claims. Classify claims using only the claim and retrieved evidence supplied by the user.<|im_end|>
<|im_start|>user
Classify the claim into exactly one LIAR-RAW l...
2026-05-11 14:17:36 | INFO | __main__ | eval.py:43 | [EVAL_SAMPLE] idx=2 pred=barely-true gold=false output=Label: C explain=However, we have two professors who say the law is silent on political activity -- even if one of them sees an implicit prohibition -- and a plain reading of the law that states no explicit ban. Blumenauer said that "the statute a hundre... prompt=<|im_start|>system
You are a careful fact-checking assistant for LIAR-RAW claims. Classify claims using only the claim and retrieved evidence supplied by the user.<|im_end|>
<|im_start|>user
Classify the claim into exactly one LIAR-RAW l...
2026-05-11 14:17:36 | INFO | __main__ | trainer.py:563 | [eval] step=200 accuracy=0.2539 macro_precision=0.2754 macro_recall=0.2562 macro_f1=0.2497 parse_error_rate=0.0000
2026-05-11 14:17:36 | INFO | __main__ | trainer.py:563 | [eval] per_class:
2026-05-11 14:17:36 | INFO | __main__ | trainer.py:563 |   - barely-true: P=0.2021 R=0.2489 F1=0.2231
2026-05-11 14:17:36 | INFO | __main__ | trainer.py:563 |   - false: P=0.2301 R=0.4100 F1=0.2948
2026-05-11 14:17:36 | INFO | __main__ | trainer.py:563 |   - half-true: P=0.3113 R=0.1341 F1=0.1875
2026-05-11 14:17:36 | INFO | __main__ | trainer.py:563 |   - mostly-true: P=0.3484 R=0.2151 F1=0.2660
2026-05-11 14:17:36 | INFO | __main__ | trainer.py:563 |   - pants-fire: P=0.2484 R=0.3276 F1=0.2825
2026-05-11 14:17:36 | INFO | __main__ | trainer.py:563 |   - true: P=0.3119 R=0.2012 F1=0.2446

 32%|███▏      | 201/630 [16:31<2:41:41, 22.61s/it]
 32%|███▏      | 202/630 [16:36<2:02:55, 17.23s/it]
 32%|███▏      | 203/630 [16:40<1:34:49, 13.33s/it]
 32%|███▏      | 204/630 [16:44<1:14:48, 10.54s/it]
 33%|███▎      | 205/630 [16:48<1:00:22,  8.52s/it]
 33%|███▎      | 206/630 [16:51<49:40,  7.03s/it]  
 33%|███▎      | 207/630 [16:57<46:15,  6.56s/it]
 33%|███▎      | 208/630 [17:02<43:23,  6.17s/it]
 33%|███▎      | 209/630 [17:06<39:27,  5.62s/it]
 33%|███▎      | 210/630 [17:11<36:15,  5.18s/it]
 33%|███▎      | 211/630 [17:14<33:16,  4.77s/it]
 34%|███▎      | 212/630 [17:18<30:34,  4.39s/it]
 34%|███▍      | 213/630 [17:22<29:42,  4.27s/it]
 34%|███▍      | 214/630 [17:27<30:34,  4.41s/it]
 34%|███▍      | 215/630 [17:31<30:14,  4.37s/it]
 34%|███▍      | 216/630 [17:35<29:32,  4.28s/it]
 34%|███▍      | 217/630 [17:39<28:33,  4.15s/it]
 35%|███▍      | 218/630 [17:42<27:19,  3.98s/it]
 35%|███▍      | 219/630 [17:47<27:43,  4.05s/it]
 35%|███▍      | 220/630 [17:52<29:50,  4.37s/it]
 35%|███▌      | 221/630 [17:56<30:19,  4.45s/it]
 35%|███▌      | 222/630 [18:01<29:49,  4.39s/it]
 35%|███▌      | 223/630 [18:05<29:11,  4.30s/it]
 36%|███▌      | 224/630 [18:09<28:13,  4.17s/it]
 36%|███▌      | 225/630 [18:12<27:19,  4.05s/it]
 36%|███▌      | 226/630 [18:18<29:35,  4.40s/it]
 36%|███▌      | 227/630 [18:22<29:39,  4.42s/it]
 36%|███▌      | 228/630 [18:26<29:13,  4.36s/it]
 36%|███▋      | 229/630 [18:30<28:33,  4.27s/it]
 37%|███▋      | 230/630 [18:34<27:35,  4.14s/it]
 37%|███▋      | 231/630 [18:38<26:35,  4.00s/it]
 37%|███▋      | 232/630 [18:43<28:49,  4.34s/it]
 37%|███▋      | 233/630 [18:48<29:44,  4.50s/it]
 37%|███▋      | 234/630 [18:52<29:14,  4.43s/it]
 37%|███▋      | 235/630 [18:56<28:45,  4.37s/it]
 37%|███▋      | 236/630 [19:00<27:56,  4.26s/it]
 38%|███▊      | 237/630 [19:04<26:53,  4.10s/it]
 38%|███▊      | 238/630 [19:08<26:57,  4.13s/it]
 38%|███▊      | 239/630 [19:13<28:28,  4.37s/it]
 38%|███▊      | 240/630 [19:17<28:17,  4.35s/it]
 38%|███▊      | 241/630 [19:22<28:28,  4.39s/it]
 38%|███▊      | 242/630 [19:26<28:25,  4.40s/it]
 39%|███▊      | 243/630 [19:30<27:13,  4.22s/it]
 39%|███▊      | 244/630 [19:35<28:07,  4.37s/it]
 39%|███▉      | 245/630 [19:40<29:19,  4.57s/it]
 39%|███▉      | 246/630 [19:44<29:01,  4.54s/it]
 39%|███▉      | 247/630 [19:49<28:19,  4.44s/it]
 39%|███▉      | 248/630 [19:53<27:28,  4.32s/it]
 40%|███▉      | 249/630 [19:56<26:30,  4.17s/it]
 40%|███▉      | 250/630 [20:00<25:13,  3.98s/it]
 40%|███▉      | 251/630 [20:05<27:08,  4.30s/it]
 40%|████      | 252/630 [20:10<27:45,  4.41s/it]
 40%|████      | 253/630 [20:14<27:30,  4.38s/it]
 40%|████      | 254/630 [20:18<26:51,  4.28s/it]
 40%|████      | 255/630 [20:22<26:01,  4.16s/it]
 41%|████      | 256/630 [20:26<24:51,  3.99s/it]
 41%|████      | 257/630 [20:31<26:45,  4.31s/it]
 41%|████      | 258/630 [20:35<27:36,  4.45s/it]
 41%|████      | 259/630 [20:40<27:59,  4.53s/it]
 41%|████▏     | 260/630 [20:44<27:02,  4.38s/it]
 41%|████▏     | 261/630 [20:48<26:41,  4.34s/it]
 42%|████▏     | 262/630 [20:52<25:16,  4.12s/it]
 42%|████▏     | 263/630 [20:56<25:10,  4.12s/it]
 42%|████▏     | 264/630 [21:01<26:31,  4.35s/it]
 42%|████▏     | 265/630 [21:06<26:45,  4.40s/it]
 42%|████▏     | 266/630 [21:10<26:17,  4.34s/it]
 42%|████▏     | 267/630 [21:14<25:34,  4.23s/it]
 43%|████▎     | 268/630 [21:17<24:38,  4.08s/it]
 43%|████▎     | 269/630 [21:22<24:56,  4.14s/it]
 43%|████▎     | 270/630 [21:27<26:07,  4.35s/it]
 43%|████▎     | 271/630 [21:31<26:19,  4.40s/it]
 43%|████▎     | 272/630 [21:35<25:56,  4.35s/it]
 43%|████▎     | 273/630 [21:39<25:15,  4.24s/it]
 43%|████▎     | 274/630 [21:43<24:30,  4.13s/it]
 44%|████▎     | 275/630 [21:47<23:25,  3.96s/it]
 44%|████▍     | 276/630 [21:52<26:04,  4.42s/it]
 44%|████▍     | 277/630 [21:57<27:04,  4.60s/it]
 44%|████▍     | 278/630 [22:02<27:10,  4.63s/it]
 44%|████▍     | 279/630 [22:06<26:19,  4.50s/it]
 44%|████▍     | 280/630 [22:10<25:01,  4.29s/it]
 45%|████▍     | 281/630 [22:14<23:43,  4.08s/it]
 45%|████▍     | 282/630 [22:19<25:25,  4.38s/it]
 45%|████▍     | 283/630 [22:23<26:07,  4.52s/it]
 45%|████▌     | 284/630 [22:28<25:50,  4.48s/it]
 45%|████▌     | 285/630 [22:32<25:18,  4.40s/it]
 45%|████▌     | 286/630 [22:36<24:18,  4.24s/it]
 46%|████▌     | 287/630 [22:40<23:08,  4.05s/it]
 46%|████▌     | 288/630 [22:44<23:14,  4.08s/it]
 46%|████▌     | 289/630 [22:49<24:37,  4.33s/it]
 46%|████▌     | 290/630 [22:53<24:46,  4.37s/it]
 46%|████▌     | 291/630 [22:57<24:18,  4.30s/it]
 46%|████▋     | 292/630 [23:01<23:41,  4.21s/it]
 47%|████▋     | 293/630 [23:05<23:42,  4.22s/it]
 47%|████▋     | 294/630 [23:10<23:52,  4.26s/it]
 47%|████▋     | 295/630 [23:15<25:39,  4.59s/it]
 47%|████▋     | 296/630 [23:20<25:31,  4.58s/it]
 47%|████▋     | 297/630 [23:24<25:16,  4.55s/it]
 47%|████▋     | 298/630 [23:28<24:23,  4.41s/it]
 47%|████▋     | 299/630 [23:32<23:31,  4.26s/it]
 48%|████▊     | 300/630 [23:36<22:22,  4.07s/it]

eval:   0%|          | 0/80 [00:00<?, ?it/s][A

eval:   1%|▏         | 1/80 [00:00<00:50,  1.58it/s][A

eval:   2%|▎         | 2/80 [00:01<00:52,  1.48it/s][A

eval:   4%|▍         | 3/80 [00:02<00:51,  1.49it/s][A

eval:   5%|▌         | 4/80 [00:02<00:51,  1.48it/s][A

eval:   6%|▋         | 5/80 [00:03<00:50,  1.48it/s][A

eval:   8%|▊         | 6/80 [00:04<00:49,  1.48it/s][A

eval:   9%|▉         | 7/80 [00:04<00:49,  1.46it/s][A

eval:  10%|█         | 8/80 [00:05<00:49,  1.45it/s][A

eval:  11%|█▏        | 9/80 [00:06<00:48,  1.46it/s][A

eval:  12%|█▎        | 10/80 [00:06<00:48,  1.45it/s][A

eval:  14%|█▍        | 11/80 [00:07<00:47,  1.46it/s][A

eval:  15%|█▌        | 12/80 [00:08<00:46,  1.45it/s][A

eval:  16%|█▋        | 13/80 [00:08<00:46,  1.45it/s][A

eval:  18%|█▊        | 14/80 [00:09<00:45,  1.44it/s][A

eval:  19%|█▉        | 15/80 [00:10<00:45,  1.44it/s][A

eval:  20%|██        | 16/80 [00:10<00:44,  1.44it/s][A

eval:  21%|██▏       | 17/80 [00:11<00:43,  1.44it/s][A

eval:  22%|██▎       | 18/80 [00:12<00:42,  1.45it/s][A

eval:  24%|██▍       | 19/80 [00:12<00:41,  1.48it/s][A

eval:  25%|██▌       | 20/80 [00:13<00:40,  1.48it/s][A

eval:  26%|██▋       | 21/80 [00:14<00:39,  1.49it/s][A

eval:  28%|██▊       | 22/80 [00:14<00:38,  1.49it/s][A

eval:  29%|██▉       | 23/80 [00:15<00:37,  1.53it/s][A

eval:  30%|███       | 24/80 [00:16<00:35,  1.56it/s][A

eval:  31%|███▏      | 25/80 [00:16<00:36,  1.52it/s][A

eval:  32%|███▎      | 26/80 [00:17<00:35,  1.50it/s][A

eval:  34%|███▍      | 27/80 [00:18<00:35,  1.49it/s][A

eval:  35%|███▌      | 28/80 [00:18<00:35,  1.47it/s][A

eval:  36%|███▋      | 29/80 [00:19<00:34,  1.47it/s][A

eval:  38%|███▊      | 30/80 [00:20<00:32,  1.52it/s][A

eval:  39%|███▉      | 31/80 [00:20<00:32,  1.49it/s][A

eval:  40%|████      | 32/80 [00:21<00:31,  1.50it/s][A

eval:  41%|████▏     | 33/80 [00:22<00:30,  1.54it/s][A

eval:  42%|████▎     | 34/80 [00:22<00:30,  1.51it/s][A

eval:  44%|████▍     | 35/80 [00:23<00:30,  1.48it/s][A

eval:  45%|████▌     | 36/80 [00:24<00:29,  1.47it/s][A

eval:  46%|████▋     | 37/80 [00:24<00:29,  1.48it/s][A

eval:  48%|████▊     | 38/80 [00:25<00:28,  1.48it/s][A

eval:  49%|████▉     | 39/80 [00:26<00:27,  1.46it/s][A

eval:  50%|█████     | 40/80 [00:27<00:27,  1.46it/s][A

eval:  51%|█████▏    | 41/80 [00:27<00:25,  1.50it/s][A

eval:  52%|█████▎    | 42/80 [00:28<00:25,  1.48it/s][A

eval:  54%|█████▍    | 43/80 [00:29<00:25,  1.48it/s][A

eval:  55%|█████▌    | 44/80 [00:29<00:24,  1.46it/s][A

eval:  56%|█████▋    | 45/80 [00:30<00:22,  1.52it/s][A

eval:  57%|█████▊    | 46/80 [00:31<00:22,  1.50it/s][A

eval:  59%|█████▉    | 47/80 [00:31<00:22,  1.48it/s][A

eval:  60%|██████    | 48/80 [00:32<00:21,  1.46it/s][A

eval:  61%|██████▏   | 49/80 [00:33<00:20,  1.51it/s][A

eval:  62%|██████▎   | 50/80 [00:33<00:20,  1.49it/s][A

eval:  64%|██████▍   | 51/80 [00:34<00:19,  1.49it/s][A

eval:  65%|██████▌   | 52/80 [00:35<00:18,  1.53it/s][A

eval:  66%|██████▋   | 53/80 [00:35<00:17,  1.56it/s][A

eval:  68%|██████▊   | 54/80 [00:36<00:17,  1.52it/s][A

eval:  69%|██████▉   | 55/80 [00:37<00:16,  1.50it/s][A

eval:  70%|███████   | 56/80 [00:37<00:16,  1.47it/s][A

eval:  71%|███████▏  | 57/80 [00:38<00:15,  1.46it/s][A

eval:  72%|███████▎  | 58/80 [00:39<00:15,  1.45it/s][A

eval:  74%|███████▍  | 59/80 [00:39<00:13,  1.51it/s][A

eval:  75%|███████▌  | 60/80 [00:40<00:13,  1.48it/s][A

eval:  76%|███████▋  | 61/80 [00:41<00:12,  1.48it/s][A

eval:  78%|███████▊  | 62/80 [00:41<00:12,  1.47it/s][A

eval:  79%|███████▉  | 63/80 [00:42<00:11,  1.46it/s][A

eval:  80%|████████  | 64/80 [00:43<00:11,  1.45it/s][A

eval:  81%|████████▏ | 65/80 [00:43<00:10,  1.46it/s][A

eval:  82%|████████▎ | 66/80 [00:44<00:09,  1.50it/s][A

eval:  84%|████████▍ | 67/80 [00:45<00:08,  1.50it/s][A

eval:  85%|████████▌ | 68/80 [00:45<00:08,  1.48it/s][A

eval:  86%|████████▋ | 69/80 [00:46<00:07,  1.48it/s][A

eval:  88%|████████▊ | 70/80 [00:47<00:06,  1.46it/s][A

eval:  89%|████████▉ | 71/80 [00:47<00:06,  1.45it/s][A

eval:  90%|█████████ | 72/80 [00:48<00:05,  1.45it/s][A

eval:  91%|█████████▏| 73/80 [00:49<00:04,  1.44it/s][A

eval:  92%|█████████▎| 74/80 [00:50<00:04,  1.45it/s][A

eval:  94%|█████████▍| 75/80 [00:50<00:03,  1.45it/s][A

eval:  95%|█████████▌| 76/80 [00:51<00:02,  1.45it/s][A

eval:  96%|█████████▋| 77/80 [00:52<00:02,  1.46it/s][A

eval:  98%|█████████▊| 78/80 [00:52<00:01,  1.52it/s][A

eval:  99%|█████████▉| 79/80 [00:53<00:00,  1.57it/s][A

eval: 100%|██████████| 80/80 [00:53<00:00,  1.54it/s][A

                                                     [A2026-05-11 14:25:47 | INFO | __main__ | eval.py:43 | [EVAL_SAMPLE] idx=0 pred=false gold=barely-true output=Label: B explain=Hartzler said, "We have less Americans working now than in the ‘70s." The statistics Hartzler’s staff said she cited show the employment-population ratio and labor force participation rate was indeed higher in 1979 than in 2015. However,... prompt=<|im_start|>system
You are a careful fact-checking assistant for LIAR-RAW claims. Classify claims using only the claim and retrieved evidence supplied by the user.<|im_end|>
<|im_start|>user
Classify the claim into exactly one LIAR-RAW l...
2026-05-11 14:25:47 | INFO | __main__ | eval.py:43 | [EVAL_SAMPLE] idx=0 pred=false gold=barely-true output=Label: B explain=Hartzler said, "We have less Americans working now than in the ‘70s." The statistics Hartzler’s staff said she cited show the employment-population ratio and labor force participation rate was indeed higher in 1979 than in 2015. However,... prompt=<|im_start|>system
You are a careful fact-checking assistant for LIAR-RAW claims. Classify claims using only the claim and retrieved evidence supplied by the user.<|im_end|>
<|im_start|>user
Classify the claim into exactly one LIAR-RAW l...
2026-05-11 14:25:47 | INFO | __main__ | eval.py:43 | [EVAL_SAMPLE] idx=1 pred=false gold=pants-fire output=Label: B explain=Ellison used a Koran that once belonged to Thomas Jefferson, borrowing the rare book from the Library of Congress. It goes without saying that Ellison is not Obama. UPDATE: Barack Obama resigned from Trinity United Church of Christ on Ma... prompt=<|im_start|>system
You are a careful fact-checking assistant for LIAR-RAW claims. Classify claims using only the claim and retrieved evidence supplied by the user.<|im_end|>
<|im_start|>user
Classify the claim into exactly one LIAR-RAW l...
2026-05-11 14:25:47 | INFO | __main__ | eval.py:43 | [EVAL_SAMPLE] idx=1 pred=false gold=pants-fire output=Label: B explain=Ellison used a Koran that once belonged to Thomas Jefferson, borrowing the rare book from the Library of Congress. It goes without saying that Ellison is not Obama. UPDATE: Barack Obama resigned from Trinity United Church of Christ on Ma... prompt=<|im_start|>system
You are a careful fact-checking assistant for LIAR-RAW claims. Classify claims using only the claim and retrieved evidence supplied by the user.<|im_end|>
<|im_start|>user
Classify the claim into exactly one LIAR-RAW l...
2026-05-11 14:25:47 | INFO | __main__ | eval.py:43 | [EVAL_SAMPLE] idx=2 pred=barely-true gold=false output=Label: C explain=However, we have two professors who say the law is silent on political activity -- even if one of them sees an implicit prohibition -- and a plain reading of the law that states no explicit ban. Blumenauer said that "the statute a hundre... prompt=<|im_start|>system
You are a careful fact-checking assistant for LIAR-RAW claims. Classify claims using only the claim and retrieved evidence supplied by the user.<|im_end|>
<|im_start|>user
Classify the claim into exactly one LIAR-RAW l...
2026-05-11 14:25:47 | INFO | __main__ | trainer.py:563 | [eval] step=300 accuracy=0.2539 macro_precision=0.2659 macro_recall=0.2712 macro_f1=0.2534 parse_error_rate=0.0000
2026-05-11 14:25:47 | INFO | __main__ | trainer.py:563 | [eval] per_class:
2026-05-11 14:25:47 | INFO | __main__ | trainer.py:563 |   - barely-true: P=0.2183 R=0.3418 F1=0.2664
2026-05-11 14:25:47 | INFO | __main__ | trainer.py:563 |   - false: P=0.2500 R=0.2682 F1=0.2588
2026-05-11 14:25:47 | INFO | __main__ | trainer.py:563 |   - half-true: P=0.2250 R=0.1098 F1=0.1475
2026-05-11 14:25:47 | INFO | __main__ | trainer.py:563 |   - mostly-true: P=0.3798 R=0.1952 F1=0.2579
2026-05-11 14:25:47 | INFO | __main__ | trainer.py:563 |   - pants-fire: P=0.2322 R=0.4224 F1=0.2997
2026-05-11 14:25:47 | INFO | __main__ | trainer.py:563 |   - true: P=0.2899 R=0.2899 F1=0.2899

 48%|████▊     | 301/630 [24:42<2:04:39, 22.74s/it]
 48%|████▊     | 302/630 [24:47<1:34:42, 17.32s/it]
 48%|████▊     | 303/630 [24:51<1:13:10, 13.43s/it]
 48%|████▊     | 304/630 [24:55<57:37, 10.61s/it]  
 48%|████▊     | 305/630 [24:59<46:29,  8.58s/it]
 49%|████▊     | 306/630 [25:03<38:21,  7.10s/it]
 49%|████▊     | 307/630 [25:08<35:03,  6.51s/it]
 49%|████▉     | 308/630 [25:13<32:13,  6.01s/it]
 49%|████▉     | 309/630 [25:17<29:27,  5.51s/it]
 49%|████▉     | 310/630 [25:22<27:53,  5.23s/it]
 49%|████▉     | 311/630 [25:26<26:16,  4.94s/it]
 50%|████▉     | 312/630 [25:30<24:12,  4.57s/it]
 50%|████▉     | 313/630 [25:34<23:22,  4.42s/it]
 50%|████▉     | 314/630 [25:38<23:34,  4.48s/it]
 50%|█████     | 315/630 [25:40<19:51,  3.78s/it]
 50%|█████     | 316/630 [25:45<21:51,  4.18s/it]
 50%|█████     | 317/630 [25:50<22:34,  4.33s/it]
 50%|█████     | 318/630 [25:55<22:34,  4.34s/it]
 51%|█████     | 319/630 [25:59<22:05,  4.26s/it]
 51%|█████     | 320/630 [26:02<21:24,  4.14s/it]
 51%|█████     | 321/630 [26:06<20:27,  3.97s/it]
 51%|█████     | 322/630 [26:11<22:11,  4.32s/it]
 51%|█████▏    | 323/630 [26:16<22:50,  4.46s/it]
 51%|█████▏    | 324/630 [26:20<22:40,  4.45s/it]
 52%|█████▏    | 325/630 [26:25<22:12,  4.37s/it]
 52%|█████▏    | 326/630 [26:29<21:27,  4.24s/it]
 52%|█████▏    | 327/630 [26:32<20:40,  4.09s/it]
 52%|█████▏    | 328/630 [26:37<21:12,  4.21s/it]
 52%|█████▏    | 329/630 [26:42<22:47,  4.54s/it]
 52%|█████▏    | 330/630 [26:47<22:38,  4.53s/it]
 53%|█████▎    | 331/630 [26:51<22:03,  4.43s/it]
 53%|█████▎    | 332/630 [26:55<21:42,  4.37s/it]
 53%|█████▎    | 333/630 [26:59<20:47,  4.20s/it]
 53%|█████▎    | 334/630 [27:03<20:52,  4.23s/it]
 53%|█████▎    | 335/630 [27:08<21:56,  4.46s/it]
 53%|█████▎    | 336/630 [27:13<22:07,  4.52s/it]
 53%|█████▎    | 337/630 [27:17<21:45,  4.46s/it]
 54%|█████▎    | 338/630 [27:21<21:13,  4.36s/it]
 54%|█████▍    | 339/630 [27:25<20:29,  4.22s/it]
 54%|█████▍    | 340/630 [27:29<19:30,  4.04s/it]
 54%|█████▍    | 341/630 [27:34<20:53,  4.34s/it]
 54%|█████▍    | 342/630 [27:38<21:21,  4.45s/it]
 54%|█████▍    | 343/630 [27:43<21:05,  4.41s/it]
 55%|█████▍    | 344/630 [27:47<20:37,  4.33s/it]
 55%|█████▍    | 345/630 [27:51<19:57,  4.20s/it]
 55%|█████▍    | 346/630 [27:55<19:35,  4.14s/it]
 55%|█████▌    | 347/630 [28:00<21:34,  4.58s/it]
 55%|█████▌    | 348/630 [28:05<21:53,  4.66s/it]
 55%|█████▌    | 349/630 [28:10<21:30,  4.59s/it]
 56%|█████▌    | 350/630 [28:14<21:15,  4.55s/it]
 56%|█████▌    | 351/630 [28:18<20:18,  4.37s/it]
 56%|█████▌    | 352/630 [28:22<19:12,  4.15s/it]
 56%|█████▌    | 353/630 [28:26<19:19,  4.19s/it]
 56%|█████▌    | 354/630 [28:31<20:14,  4.40s/it]
 56%|█████▋    | 355/630 [28:35<20:16,  4.42s/it]
 57%|█████▋    | 356/630 [28:40<19:50,  4.34s/it]
 57%|█████▋    | 357/630 [28:44<19:17,  4.24s/it]
 57%|█████▋    | 358/630 [28:47<18:35,  4.10s/it]
 57%|█████▋    | 359/630 [28:52<18:56,  4.20s/it]
 57%|█████▋    | 360/630 [28:57<19:59,  4.44s/it]
 57%|█████▋    | 361/630 [29:01<20:12,  4.51s/it]
 57%|█████▋    | 362/630 [29:06<19:44,  4.42s/it]
 58%|█████▊    | 363/630 [29:10<19:17,  4.33s/it]
 58%|█████▊    | 364/630 [29:14<19:33,  4.41s/it]
 58%|█████▊    | 365/630 [29:18<18:30,  4.19s/it]
 58%|█████▊    | 366/630 [29:23<19:39,  4.47s/it]
 58%|█████▊    | 367/630 [29:28<20:07,  4.59s/it]
 58%|█████▊    | 368/630 [29:33<20:10,  4.62s/it]
 59%|█████▊    | 369/630 [29:37<19:31,  4.49s/it]
 59%|█████▊    | 370/630 [29:41<18:42,  4.32s/it]
 59%|█████▉    | 371/630 [29:44<17:47,  4.12s/it]
 59%|█████▉    | 372/630 [29:50<19:05,  4.44s/it]
 59%|█████▉    | 373/630 [29:55<19:35,  4.57s/it]
 59%|█████▉    | 374/630 [29:59<19:19,  4.53s/it]
 60%|█████▉    | 375/630 [30:03<18:52,  4.44s/it]
 60%|█████▉    | 376/630 [30:07<18:10,  4.29s/it]
 60%|█████▉    | 377/630 [30:11<17:27,  4.14s/it]
 60%|██████    | 378/630 [30:15<17:32,  4.18s/it]
 60%|██████    | 379/630 [30:20<18:28,  4.42s/it]
 60%|██████    | 380/630 [30:25<18:25,  4.42s/it]
 60%|██████    | 381/630 [30:29<18:32,  4.47s/it]
 61%|██████    | 382/630 [30:33<17:50,  4.32s/it]
 61%|██████    | 383/630 [30:37<17:01,  4.14s/it]
 61%|██████    | 384/630 [30:41<17:19,  4.23s/it]
 61%|██████    | 385/630 [30:47<18:53,  4.63s/it]
 61%|██████▏   | 386/630 [30:51<18:39,  4.59s/it]
 61%|██████▏   | 387/630 [30:56<18:08,  4.48s/it]
 62%|██████▏   | 388/630 [31:00<17:31,  4.35s/it]
 62%|██████▏   | 389/630 [31:03<16:49,  4.19s/it]
 62%|██████▏   | 390/630 [31:07<15:57,  3.99s/it]
 62%|██████▏   | 391/630 [31:12<17:08,  4.30s/it]
 62%|██████▏   | 392/630 [31:17<17:19,  4.37s/it]
 62%|██████▏   | 393/630 [31:21<17:06,  4.33s/it]
 63%|██████▎   | 394/630 [31:25<16:38,  4.23s/it]
 63%|██████▎   | 395/630 [31:28<15:58,  4.08s/it]
 63%|██████▎   | 396/630 [31:32<15:18,  3.92s/it]
 63%|██████▎   | 397/630 [31:37<16:43,  4.31s/it]
 63%|██████▎   | 398/630 [31:43<17:50,  4.61s/it]
 63%|██████▎   | 399/630 [31:47<17:41,  4.59s/it]
 63%|██████▎   | 400/630 [31:51<17:11,  4.48s/it]

eval:   0%|          | 0/80 [00:00<?, ?it/s][A

eval:   1%|▏         | 1/80 [00:00<00:49,  1.60it/s][A

eval:   2%|▎         | 2/80 [00:01<00:51,  1.50it/s][A

eval:   4%|▍         | 3/80 [00:01<00:51,  1.49it/s][A

eval:   5%|▌         | 4/80 [00:02<00:51,  1.49it/s][A

eval:   6%|▋         | 5/80 [00:03<00:50,  1.48it/s][A

eval:   8%|▊         | 6/80 [00:04<00:49,  1.48it/s][A

eval:   9%|▉         | 7/80 [00:04<00:49,  1.47it/s][A

eval:  10%|█         | 8/80 [00:05<00:49,  1.46it/s][A

eval:  11%|█▏        | 9/80 [00:06<00:48,  1.47it/s][A

eval:  12%|█▎        | 10/80 [00:06<00:48,  1.46it/s][A

eval:  14%|█▍        | 11/80 [00:07<00:47,  1.47it/s][A

eval:  15%|█▌        | 12/80 [00:08<00:46,  1.45it/s][A

eval:  16%|█▋        | 13/80 [00:08<00:46,  1.45it/s][A

eval:  18%|█▊        | 14/80 [00:09<00:45,  1.45it/s][A

eval:  19%|█▉        | 15/80 [00:10<00:44,  1.45it/s][A

eval:  20%|██        | 16/80 [00:10<00:44,  1.44it/s][A

eval:  21%|██▏       | 17/80 [00:11<00:43,  1.44it/s][A

eval:  22%|██▎       | 18/80 [00:12<00:42,  1.45it/s][A

eval:  24%|██▍       | 19/80 [00:12<00:41,  1.48it/s][A

eval:  25%|██▌       | 20/80 [00:13<00:40,  1.48it/s][A

eval:  26%|██▋       | 21/80 [00:14<00:39,  1.49it/s][A

eval:  28%|██▊       | 22/80 [00:14<00:38,  1.49it/s][A

eval:  29%|██▉       | 23/80 [00:15<00:37,  1.54it/s][A

eval:  30%|███       | 24/80 [00:16<00:35,  1.56it/s][A

eval:  31%|███▏      | 25/80 [00:16<00:36,  1.52it/s][A

eval:  32%|███▎      | 26/80 [00:17<00:35,  1.51it/s][A

eval:  34%|███▍      | 27/80 [00:18<00:35,  1.49it/s][A

eval:  35%|███▌      | 28/80 [00:18<00:35,  1.48it/s][A

eval:  36%|███▋      | 29/80 [00:19<00:34,  1.48it/s][A

eval:  38%|███▊      | 30/80 [00:20<00:32,  1.52it/s][A

eval:  39%|███▉      | 31/80 [00:20<00:32,  1.49it/s][A

eval:  40%|████      | 32/80 [00:21<00:31,  1.51it/s][A

eval:  41%|████▏     | 33/80 [00:22<00:30,  1.54it/s][A

eval:  42%|████▎     | 34/80 [00:22<00:30,  1.51it/s][A

eval:  44%|████▍     | 35/80 [00:23<00:30,  1.49it/s][A

eval:  45%|████▌     | 36/80 [00:24<00:29,  1.47it/s][A

eval:  46%|████▋     | 37/80 [00:24<00:29,  1.48it/s][A

eval:  48%|████▊     | 38/80 [00:25<00:28,  1.48it/s][A

eval:  49%|████▉     | 39/80 [00:26<00:27,  1.46it/s][A

eval:  50%|█████     | 40/80 [00:27<00:27,  1.45it/s][A

eval:  51%|█████▏    | 41/80 [00:27<00:25,  1.50it/s][A

eval:  52%|█████▎    | 42/80 [00:28<00:25,  1.48it/s][A

eval:  54%|█████▍    | 43/80 [00:29<00:25,  1.47it/s][A

eval:  55%|█████▌    | 44/80 [00:29<00:24,  1.46it/s][A

eval:  56%|█████▋    | 45/80 [00:30<00:22,  1.52it/s][A

eval:  57%|█████▊    | 46/80 [00:30<00:22,  1.50it/s][A

eval:  59%|█████▉    | 47/80 [00:31<00:22,  1.47it/s][A

eval:  60%|██████    | 48/80 [00:32<00:21,  1.46it/s][A

eval:  61%|██████▏   | 49/80 [00:33<00:20,  1.51it/s][A

eval:  62%|██████▎   | 50/80 [00:33<00:20,  1.49it/s][A

eval:  64%|██████▍   | 51/80 [00:34<00:19,  1.49it/s][A

eval:  65%|██████▌   | 52/80 [00:34<00:18,  1.53it/s][A

eval:  66%|██████▋   | 53/80 [00:35<00:17,  1.56it/s][A

eval:  68%|██████▊   | 54/80 [00:36<00:17,  1.52it/s][A

eval:  69%|██████▉   | 55/80 [00:36<00:16,  1.49it/s][A

eval:  70%|███████   | 56/80 [00:37<00:16,  1.47it/s][A

eval:  71%|███████▏  | 57/80 [00:38<00:15,  1.46it/s][A

eval:  72%|███████▎  | 58/80 [00:39<00:15,  1.45it/s][A

eval:  74%|███████▍  | 59/80 [00:39<00:13,  1.51it/s][A

eval:  75%|███████▌  | 60/80 [00:40<00:13,  1.49it/s][A

eval:  76%|███████▋  | 61/80 [00:41<00:12,  1.48it/s][A

eval:  78%|███████▊  | 62/80 [00:41<00:12,  1.46it/s][A

eval:  79%|███████▉  | 63/80 [00:42<00:11,  1.45it/s][A

eval:  80%|████████  | 64/80 [00:43<00:11,  1.45it/s][A

eval:  81%|████████▏ | 65/80 [00:43<00:10,  1.46it/s][A

eval:  82%|████████▎ | 66/80 [00:44<00:09,  1.51it/s][A

eval:  84%|████████▍ | 67/80 [00:45<00:08,  1.50it/s][A

eval:  85%|████████▌ | 68/80 [00:45<00:08,  1.47it/s][A

eval:  86%|████████▋ | 69/80 [00:46<00:07,  1.47it/s][A

eval:  88%|████████▊ | 70/80 [00:47<00:06,  1.46it/s][A

eval:  89%|████████▉ | 71/80 [00:47<00:06,  1.45it/s][A

eval:  90%|█████████ | 72/80 [00:48<00:05,  1.45it/s][A

eval:  91%|█████████▏| 73/80 [00:49<00:04,  1.44it/s][A

eval:  92%|█████████▎| 74/80 [00:49<00:04,  1.45it/s][A

eval:  94%|█████████▍| 75/80 [00:50<00:03,  1.44it/s][A

eval:  95%|█████████▌| 76/80 [00:51<00:02,  1.45it/s][A

eval:  96%|█████████▋| 77/80 [00:52<00:02,  1.46it/s][A

eval:  98%|█████████▊| 78/80 [00:52<00:01,  1.52it/s][A

eval:  99%|█████████▉| 79/80 [00:53<00:00,  1.57it/s][A

eval: 100%|██████████| 80/80 [00:53<00:00,  1.54it/s][A

                                                     [A2026-05-11 14:34:03 | INFO | __main__ | eval.py:43 | [EVAL_SAMPLE] idx=0 pred=false gold=barely-true output=Label: B explain=Hartzler said, "We have less Americans working now than in the ‘70s." The statistics Hartzler’s staff said she cited show the employment-population ratio and labor force participation rate was indeed higher in 1979 than in 2015. However,... prompt=<|im_start|>system
You are a careful fact-checking assistant for LIAR-RAW claims. Classify claims using only the claim and retrieved evidence supplied by the user.<|im_end|>
<|im_start|>user
Classify the claim into exactly one LIAR-RAW l...
2026-05-11 14:34:03 | INFO | __main__ | eval.py:43 | [EVAL_SAMPLE] idx=0 pred=false gold=barely-true output=Label: B explain=Hartzler said, "We have less Americans working now than in the ‘70s." The statistics Hartzler’s staff said she cited show the employment-population ratio and labor force participation rate was indeed higher in 1979 than in 2015. However,... prompt=<|im_start|>system
You are a careful fact-checking assistant for LIAR-RAW claims. Classify claims using only the claim and retrieved evidence supplied by the user.<|im_end|>
<|im_start|>user
Classify the claim into exactly one LIAR-RAW l...
2026-05-11 14:34:03 | INFO | __main__ | eval.py:43 | [EVAL_SAMPLE] idx=1 pred=false gold=pants-fire output=Label: B explain=Ellison used a Koran that once belonged to Thomas Jefferson, borrowing the rare book from the Library of Congress. It goes without saying that Ellison is not Obama. UPDATE: Barack Obama resigned from Trinity United Church of Christ on Ma... prompt=<|im_start|>system
You are a careful fact-checking assistant for LIAR-RAW claims. Classify claims using only the claim and retrieved evidence supplied by the user.<|im_end|>
<|im_start|>user
Classify the claim into exactly one LIAR-RAW l...
2026-05-11 14:34:03 | INFO | __main__ | eval.py:43 | [EVAL_SAMPLE] idx=1 pred=false gold=pants-fire output=Label: B explain=Ellison used a Koran that once belonged to Thomas Jefferson, borrowing the rare book from the Library of Congress. It goes without saying that Ellison is not Obama. UPDATE: Barack Obama resigned from Trinity United Church of Christ on Ma... prompt=<|im_start|>system
You are a careful fact-checking assistant for LIAR-RAW claims. Classify claims using only the claim and retrieved evidence supplied by the user.<|im_end|>
<|im_start|>user
Classify the claim into exactly one LIAR-RAW l...
2026-05-11 14:34:03 | INFO | __main__ | eval.py:43 | [EVAL_SAMPLE] idx=2 pred=barely-true gold=false output=Label: C explain=However, we have two professors who say the law is silent on political activity -- even if one of them sees an implicit prohibition -- and a plain reading of the law that states no explicit ban. Blumenauer said that "the statute a hundre... prompt=<|im_start|>system
You are a careful fact-checking assistant for LIAR-RAW claims. Classify claims using only the claim and retrieved evidence supplied by the user.<|im_end|>
<|im_start|>user
Classify the claim into exactly one LIAR-RAW l...
2026-05-11 14:34:03 | INFO | __main__ | trainer.py:563 | [eval] step=400 accuracy=0.2484 macro_precision=0.2670 macro_recall=0.2666 macro_f1=0.2447 parse_error_rate=0.0000
2026-05-11 14:34:03 | INFO | __main__ | trainer.py:563 | [eval] per_class:
2026-05-11 14:34:03 | INFO | __main__ | trainer.py:563 |   - barely-true: P=0.1981 R=0.2616 F1=0.2255
2026-05-11 14:34:03 | INFO | __main__ | trainer.py:563 |   - false: P=0.2427 R=0.3487 F1=0.2862
2026-05-11 14:34:03 | INFO | __main__ | trainer.py:563 |   - half-true: P=0.3059 R=0.1057 F1=0.1571
2026-05-11 14:34:03 | INFO | __main__ | trainer.py:563 |   - mostly-true: P=0.3400 R=0.1355 F1=0.1937
2026-05-11 14:34:03 | INFO | __main__ | trainer.py:563 |   - pants-fire: P=0.2327 R=0.4052 F1=0.2956
2026-05-11 14:34:03 | INFO | __main__ | trainer.py:563 |   - true: P=0.2829 R=0.3432 F1=0.3102

 64%|██████▎   | 401/630 [32:53<1:22:31, 21.62s/it]
 64%|██████▍   | 402/630 [32:57<1:02:08, 16.35s/it]
 64%|██████▍   | 403/630 [33:01<48:13, 12.75s/it]  
 64%|██████▍   | 404/630 [33:06<39:10, 10.40s/it]
 64%|██████▍   | 405/630 [33:11<32:20,  8.62s/it]
 64%|██████▍   | 406/630 [33:15<27:10,  7.28s/it]
 65%|██████▍   | 407/630 [33:19<23:20,  6.28s/it]
 65%|██████▍   | 408/630 [33:23<20:24,  5.52s/it]
 65%|██████▍   | 409/630 [33:27<18:44,  5.09s/it]
 65%|██████▌   | 410/630 [33:32<18:31,  5.05s/it]
 65%|██████▌   | 411/630 [33:36<17:44,  4.86s/it]
 65%|██████▌   | 412/630 [33:40<16:58,  4.67s/it]
 66%|██████▌   | 413/630 [33:44<16:08,  4.46s/it]
 66%|██████▌   | 414/630 [33:48<15:23,  4.28s/it]
 66%|██████▌   | 415/630 [33:52<14:43,  4.11s/it]
 66%|██████▌   | 416/630 [33:57<15:55,  4.46s/it]
 66%|██████▌   | 417/630 [34:02<16:09,  4.55s/it]
 66%|██████▋   | 418/630 [34:06<15:47,  4.47s/it]
 67%|██████▋   | 419/630 [34:10<15:19,  4.36s/it]
 67%|██████▋   | 420/630 [34:14<14:58,  4.28s/it]
 67%|██████▋   | 421/630 [34:18<14:05,  4.04s/it]
 67%|██████▋   | 422/630 [34:23<15:07,  4.36s/it]
 67%|██████▋   | 423/630 [34:28<15:30,  4.49s/it]
 67%|██████▋   | 424/630 [34:32<15:23,  4.48s/it]
 67%|██████▋   | 425/630 [34:36<15:00,  4.40s/it]
 68%|██████▊   | 426/630 [34:40<14:24,  4.24s/it]
 68%|██████▊   | 427/630 [34:44<13:48,  4.08s/it]
 68%|██████▊   | 428/630 [34:48<14:02,  4.17s/it]
 68%|██████▊   | 429/630 [34:53<14:50,  4.43s/it]
 68%|██████▊   | 430/630 [34:58<14:44,  4.42s/it]
 68%|██████▊   | 431/630 [35:02<14:31,  4.38s/it]
 69%|██████▊   | 432/630 [35:06<14:04,  4.27s/it]
 69%|██████▊   | 433/630 [35:10<14:06,  4.30s/it]
 69%|██████▉   | 434/630 [35:15<14:03,  4.30s/it]
 69%|██████▉   | 435/630 [35:20<14:41,  4.52s/it]
 69%|██████▉   | 436/630 [35:24<14:45,  4.57s/it]
 69%|██████▉   | 437/630 [35:29<14:25,  4.48s/it]
 70%|██████▉   | 438/630 [35:33<14:20,  4.48s/it]
 70%|██████▉   | 439/630 [35:37<13:51,  4.35s/it]
 70%|██████▉   | 440/630 [35:41<13:00,  4.11s/it]
 70%|███████   | 441/630 [35:46<13:43,  4.36s/it]
 70%|███████   | 442/630 [35:50<13:54,  4.44s/it]
 70%|███████   | 443/630 [35:55<13:40,  4.39s/it]
 70%|███████   | 444/630 [35:59<13:25,  4.33s/it]
 71%|███████   | 445/630 [36:03<12:55,  4.19s/it]
 71%|███████   | 446/630 [36:06<12:19,  4.02s/it]
 71%|███████   | 447/630 [36:11<13:13,  4.34s/it]
 71%|███████   | 448/630 [36:16<13:35,  4.48s/it]
 71%|███████▏  | 449/630 [36:20<13:18,  4.41s/it]
 71%|███████▏  | 450/630 [36:25<13:20,  4.45s/it]
 72%|███████▏  | 451/630 [36:29<12:43,  4.26s/it]
 72%|███████▏  | 452/630 [36:32<12:02,  4.06s/it]
 72%|███████▏  | 453/630 [36:36<11:54,  4.04s/it]
 72%|███████▏  | 454/630 [36:41<12:44,  4.34s/it]
 72%|███████▏  | 455/630 [36:46<12:45,  4.38s/it]
 72%|███████▏  | 456/630 [36:50<12:47,  4.41s/it]
 73%|███████▎  | 457/630 [36:54<12:20,  4.28s/it]
 73%|███████▎  | 458/630 [36:58<11:47,  4.11s/it]
 73%|███████▎  | 459/630 [37:02<11:56,  4.19s/it]
 73%|███████▎  | 460/630 [37:08<12:37,  4.46s/it]
 73%|███████▎  | 461/630 [37:12<12:42,  4.51s/it]
 73%|███████▎  | 462/630 [37:16<12:24,  4.43s/it]
 73%|███████▎  | 463/630 [37:21<12:04,  4.34s/it]
 74%|███████▎  | 464/630 [37:24<11:34,  4.18s/it]
 74%|███████▍  | 465/630 [37:28<10:57,  3.98s/it]
 74%|███████▍  | 466/630 [37:33<11:46,  4.31s/it]
 74%|███████▍  | 467/630 [37:38<12:11,  4.49s/it]
 74%|███████▍  | 468/630 [37:43<12:24,  4.60s/it]
 74%|███████▍  | 469/630 [37:47<11:54,  4.44s/it]
 75%|███████▍  | 470/630 [37:51<11:23,  4.27s/it]
 75%|███████▍  | 471/630 [37:54<10:51,  4.10s/it]
 75%|███████▍  | 472/630 [38:00<11:38,  4.42s/it]
 75%|███████▌  | 473/630 [38:04<11:52,  4.54s/it]
 75%|███████▌  | 474/630 [38:09<12:01,  4.62s/it]
 75%|███████▌  | 475/630 [38:13<11:37,  4.50s/it]
 76%|███████▌  | 476/630 [38:17<11:04,  4.31s/it]
 76%|███████▌  | 477/630 [38:21<10:32,  4.13s/it]
 76%|███████▌  | 478/630 [38:25<10:22,  4.10s/it]
 76%|███████▌  | 479/630 [38:30<11:02,  4.39s/it]
 76%|███████▌  | 480/630 [38:35<11:11,  4.48s/it]
 76%|███████▋  | 481/630 [38:39<10:56,  4.41s/it]
 77%|███████▋  | 482/630 [38:43<10:33,  4.28s/it]
 77%|███████▋  | 483/630 [38:47<10:06,  4.13s/it]
 77%|███████▋  | 484/630 [38:51<10:09,  4.18s/it]
 77%|███████▋  | 485/630 [38:57<11:07,  4.61s/it]
 77%|███████▋  | 486/630 [39:01<10:59,  4.58s/it]
 77%|███████▋  | 487/630 [39:05<10:39,  4.47s/it]
 77%|███████▋  | 488/630 [39:09<10:16,  4.34s/it]
 78%|███████▊  | 489/630 [39:13<09:46,  4.16s/it]
 78%|███████▊  | 490/630 [39:17<09:09,  3.93s/it]
 78%|███████▊  | 491/630 [39:22<09:57,  4.30s/it]
 78%|███████▊  | 492/630 [39:27<10:31,  4.57s/it]
 78%|███████▊  | 493/630 [39:31<10:20,  4.53s/it]
 78%|███████▊  | 494/630 [39:35<10:01,  4.42s/it]
 79%|███████▊  | 495/630 [39:39<09:37,  4.27s/it]
 79%|███████▊  | 496/630 [39:43<09:09,  4.10s/it]
 79%|███████▉  | 497/630 [39:48<09:48,  4.42s/it]
 79%|███████▉  | 498/630 [39:53<09:54,  4.50s/it]
 79%|███████▉  | 499/630 [39:57<09:42,  4.45s/it]
 79%|███████▉  | 500/630 [40:01<09:24,  4.34s/it]

eval:   0%|          | 0/80 [00:00<?, ?it/s][A

eval:   1%|▏         | 1/80 [00:00<00:49,  1.59it/s][A

eval:   2%|▎         | 2/80 [00:01<00:52,  1.49it/s][A

eval:   4%|▍         | 3/80 [00:01<00:51,  1.49it/s][A

eval:   5%|▌         | 4/80 [00:02<00:51,  1.48it/s][A

eval:   6%|▋         | 5/80 [00:03<00:50,  1.48it/s][A

eval:   8%|▊         | 6/80 [00:04<00:50,  1.48it/s][A

eval:   9%|▉         | 7/80 [00:04<00:49,  1.47it/s][A

eval:  10%|█         | 8/80 [00:05<00:49,  1.46it/s][A

eval:  11%|█▏        | 9/80 [00:06<00:48,  1.46it/s][A

eval:  12%|█▎        | 10/80 [00:06<00:48,  1.45it/s][A

eval:  14%|█▍        | 11/80 [00:07<00:47,  1.46it/s][A

eval:  15%|█▌        | 12/80 [00:08<00:46,  1.45it/s][A

eval:  16%|█▋        | 13/80 [00:08<00:46,  1.44it/s][A

eval:  18%|█▊        | 14/80 [00:09<00:45,  1.44it/s][A

eval:  19%|█▉        | 15/80 [00:10<00:45,  1.44it/s][A

eval:  20%|██        | 16/80 [00:10<00:44,  1.44it/s][A

eval:  21%|██▏       | 17/80 [00:11<00:43,  1.44it/s][A

eval:  22%|██▎       | 18/80 [00:12<00:42,  1.45it/s][A

eval:  24%|██▍       | 19/80 [00:12<00:41,  1.47it/s][A

eval:  25%|██▌       | 20/80 [00:13<00:40,  1.48it/s][A

eval:  26%|██▋       | 21/80 [00:14<00:39,  1.48it/s][A

eval:  28%|██▊       | 22/80 [00:15<00:39,  1.48it/s][A

eval:  29%|██▉       | 23/80 [00:15<00:37,  1.53it/s][A

eval:  30%|███       | 24/80 [00:16<00:35,  1.56it/s][A

eval:  31%|███▏      | 25/80 [00:16<00:36,  1.52it/s][A

eval:  32%|███▎      | 26/80 [00:17<00:35,  1.51it/s][A

eval:  34%|███▍      | 27/80 [00:18<00:35,  1.49it/s][A

eval:  35%|███▌      | 28/80 [00:18<00:35,  1.47it/s][A

eval:  36%|███▋      | 29/80 [00:19<00:34,  1.47it/s][A

eval:  38%|███▊      | 30/80 [00:20<00:32,  1.52it/s][A

eval:  39%|███▉      | 31/80 [00:20<00:32,  1.49it/s][A

eval:  40%|████      | 32/80 [00:21<00:31,  1.50it/s][A

eval:  41%|████▏     | 33/80 [00:22<00:30,  1.54it/s][A

eval:  42%|████▎     | 34/80 [00:22<00:30,  1.51it/s][A

eval:  44%|████▍     | 35/80 [00:23<00:30,  1.48it/s][A

eval:  45%|████▌     | 36/80 [00:24<00:29,  1.47it/s][A

eval:  46%|████▋     | 37/80 [00:24<00:29,  1.48it/s][A

eval:  48%|████▊     | 38/80 [00:25<00:28,  1.48it/s][A

eval:  49%|████▉     | 39/80 [00:26<00:27,  1.47it/s][A

eval:  50%|█████     | 40/80 [00:27<00:27,  1.45it/s][A

eval:  51%|█████▏    | 41/80 [00:27<00:26,  1.50it/s][A

eval:  52%|█████▎    | 42/80 [00:28<00:25,  1.48it/s][A

eval:  54%|█████▍    | 43/80 [00:29<00:25,  1.48it/s][A

eval:  55%|█████▌    | 44/80 [00:29<00:24,  1.46it/s][A

eval:  56%|█████▋    | 45/80 [00:30<00:23,  1.52it/s][A

eval:  57%|█████▊    | 46/80 [00:31<00:22,  1.49it/s][A

eval:  59%|█████▉    | 47/80 [00:31<00:22,  1.47it/s][A

eval:  60%|██████    | 48/80 [00:32<00:21,  1.46it/s][A

eval:  61%|██████▏   | 49/80 [00:33<00:20,  1.51it/s][A

eval:  62%|██████▎   | 50/80 [00:33<00:20,  1.48it/s][A

eval:  64%|██████▍   | 51/80 [00:34<00:19,  1.49it/s][A

eval:  65%|██████▌   | 52/80 [00:35<00:18,  1.53it/s][A

eval:  66%|██████▋   | 53/80 [00:35<00:17,  1.56it/s][A

eval:  68%|██████▊   | 54/80 [00:36<00:17,  1.52it/s][A

eval:  69%|██████▉   | 55/80 [00:37<00:16,  1.49it/s][A

eval:  70%|███████   | 56/80 [00:37<00:16,  1.48it/s][A

eval:  71%|███████▏  | 57/80 [00:38<00:15,  1.46it/s][A

eval:  72%|███████▎  | 58/80 [00:39<00:15,  1.45it/s][A

eval:  74%|███████▍  | 59/80 [00:39<00:13,  1.51it/s][A

eval:  75%|███████▌  | 60/80 [00:40<00:13,  1.49it/s][A

eval:  76%|███████▋  | 61/80 [00:41<00:12,  1.48it/s][A

eval:  78%|███████▊  | 62/80 [00:41<00:12,  1.46it/s][A

eval:  79%|███████▉  | 63/80 [00:42<00:11,  1.45it/s][A

eval:  80%|████████  | 64/80 [00:43<00:11,  1.45it/s][A

eval:  81%|████████▏ | 65/80 [00:43<00:10,  1.45it/s][A

eval:  82%|████████▎ | 66/80 [00:44<00:09,  1.50it/s][A

eval:  84%|████████▍ | 67/80 [00:45<00:08,  1.50it/s][A

eval:  85%|████████▌ | 68/80 [00:45<00:08,  1.47it/s][A

eval:  86%|████████▋ | 69/80 [00:46<00:07,  1.48it/s][A

eval:  88%|████████▊ | 70/80 [00:47<00:06,  1.46it/s][A

eval:  89%|████████▉ | 71/80 [00:47<00:06,  1.45it/s][A

eval:  90%|█████████ | 72/80 [00:48<00:05,  1.45it/s][A

eval:  91%|█████████▏| 73/80 [00:49<00:04,  1.45it/s][A

eval:  92%|█████████▎| 74/80 [00:50<00:04,  1.46it/s][A

eval:  94%|█████████▍| 75/80 [00:50<00:03,  1.45it/s][A

eval:  95%|█████████▌| 76/80 [00:51<00:02,  1.46it/s][A

eval:  96%|█████████▋| 77/80 [00:52<00:02,  1.47it/s][A

eval:  98%|█████████▊| 78/80 [00:52<00:01,  1.52it/s][A

eval:  99%|█████████▉| 79/80 [00:53<00:00,  1.57it/s][A

eval: 100%|██████████| 80/80 [00:53<00:00,  1.54it/s][A

                                                     [A2026-05-11 14:42:13 | INFO | __main__ | eval.py:43 | [EVAL_SAMPLE] idx=0 pred=half-true gold=barely-true output=Label: D explain=Hartzler said, "We have less Americans working now than in the ‘70s." The statistics Hartzler’s staff said she cited show the employment-population ratio and labor force participation rate was indeed higher in 1979 than in 2015. However,... prompt=<|im_start|>system
You are a careful fact-checking assistant for LIAR-RAW claims. Classify claims using only the claim and retrieved evidence supplied by the user.<|im_end|>
<|im_start|>user
Classify the claim into exactly one LIAR-RAW l...
2026-05-11 14:42:13 | INFO | __main__ | eval.py:43 | [EVAL_SAMPLE] idx=0 pred=half-true gold=barely-true output=Label: D explain=Hartzler said, "We have less Americans working now than in the ‘70s." The statistics Hartzler’s staff said she cited show the employment-population ratio and labor force participation rate was indeed higher in 1979 than in 2015. However,... prompt=<|im_start|>system
You are a careful fact-checking assistant for LIAR-RAW claims. Classify claims using only the claim and retrieved evidence supplied by the user.<|im_end|>
<|im_start|>user
Classify the claim into exactly one LIAR-RAW l...
2026-05-11 14:42:13 | INFO | __main__ | eval.py:43 | [EVAL_SAMPLE] idx=1 pred=false gold=pants-fire output=Label: B explain=Ellison used a Koran that once belonged to Thomas Jefferson, borrowing the rare book from the Library of Congress. It goes without saying that Ellison is not Obama. UPDATE: Barack Obama resigned from Trinity United Church of Christ on Ma... prompt=<|im_start|>system
You are a careful fact-checking assistant for LIAR-RAW claims. Classify claims using only the claim and retrieved evidence supplied by the user.<|im_end|>
<|im_start|>user
Classify the claim into exactly one LIAR-RAW l...
2026-05-11 14:42:13 | INFO | __main__ | eval.py:43 | [EVAL_SAMPLE] idx=1 pred=false gold=pants-fire output=Label: B explain=Ellison used a Koran that once belonged to Thomas Jefferson, borrowing the rare book from the Library of Congress. It goes without saying that Ellison is not Obama. UPDATE: Barack Obama resigned from Trinity United Church of Christ on Ma... prompt=<|im_start|>system
You are a careful fact-checking assistant for LIAR-RAW claims. Classify claims using only the claim and retrieved evidence supplied by the user.<|im_end|>
<|im_start|>user
Classify the claim into exactly one LIAR-RAW l...
2026-05-11 14:42:13 | INFO | __main__ | eval.py:43 | [EVAL_SAMPLE] idx=2 pred=half-true gold=false output=Label: D explain=However, we have two professors who say the law is silent on political activity -- even if one of them sees an implicit prohibition -- and a plain reading of the law that states no explicit ban. Blumenauer said that "the statute a hundre... prompt=<|im_start|>system
You are a careful fact-checking assistant for LIAR-RAW claims. Classify claims using only the claim and retrieved evidence supplied by the user.<|im_end|>
<|im_start|>user
Classify the claim into exactly one LIAR-RAW l...
2026-05-11 14:42:13 | INFO | __main__ | trainer.py:563 | [eval] step=500 accuracy=0.2633 macro_precision=0.2765 macro_recall=0.2749 macro_f1=0.2529 parse_error_rate=0.0000
2026-05-11 14:42:13 | INFO | __main__ | trainer.py:563 | [eval] per_class:
2026-05-11 14:42:13 | INFO | __main__ | trainer.py:563 |   - barely-true: P=0.2695 R=0.1899 F1=0.2228
2026-05-11 14:42:13 | INFO | __main__ | trainer.py:563 |   - false: P=0.2597 R=0.2567 F1=0.2582
2026-05-11 14:42:13 | INFO | __main__ | trainer.py:563 |   - half-true: P=0.2433 R=0.3333 F1=0.2813
2026-05-11 14:42:13 | INFO | __main__ | trainer.py:563 |   - mostly-true: P=0.3317 R=0.2749 F1=0.3007
2026-05-11 14:42:13 | INFO | __main__ | trainer.py:563 |   - pants-fire: P=0.2214 R=0.5000 F1=0.3069
2026-05-11 14:42:13 | INFO | __main__ | trainer.py:563 |   - true: P=0.3333 R=0.0947 F1=0.1475

 80%|███████▉  | 501/630 [41:03<46:15, 21.52s/it]
 80%|███████▉  | 502/630 [41:07<34:55, 16.37s/it]
 80%|███████▉  | 503/630 [41:12<26:57, 12.74s/it]
 80%|████████  | 504/630 [41:16<21:41, 10.33s/it]
 80%|████████  | 505/630 [41:21<17:42,  8.50s/it]
 80%|████████  | 506/630 [41:25<14:49,  7.17s/it]
 80%|████████  | 507/630 [41:29<12:42,  6.20s/it]
 81%|████████  | 508/630 [41:32<11:07,  5.47s/it]
 81%|████████  | 509/630 [41:37<10:30,  5.21s/it]
 81%|████████  | 510/630 [41:42<10:23,  5.19s/it]
 81%|████████  | 511/630 [41:47<09:53,  4.99s/it]
 81%|████████▏ | 512/630 [41:51<09:23,  4.77s/it]
 81%|████████▏ | 513/630 [41:55<08:49,  4.52s/it]
 82%|████████▏ | 514/630 [41:59<08:19,  4.31s/it]
 82%|████████▏ | 515/630 [42:02<07:46,  4.05s/it]
 82%|████████▏ | 516/630 [42:07<08:19,  4.38s/it]
 82%|████████▏ | 517/630 [42:12<08:24,  4.46s/it]
 82%|████████▏ | 518/630 [42:16<08:11,  4.38s/it]
 82%|████████▏ | 519/630 [42:21<08:08,  4.40s/it]
 83%|████████▎ | 520/630 [42:25<07:59,  4.36s/it]
 83%|████████▎ | 521/630 [42:28<07:32,  4.15s/it]
 83%|████████▎ | 522/630 [42:34<08:00,  4.45s/it]
 83%|████████▎ | 523/630 [42:39<08:11,  4.59s/it]
 83%|████████▎ | 524/630 [42:43<07:58,  4.52s/it]
 83%|████████▎ | 525/630 [42:47<07:40,  4.39s/it]
 83%|████████▎ | 526/630 [42:51<07:22,  4.25s/it]
 84%|████████▎ | 527/630 [42:55<07:10,  4.18s/it]
 84%|████████▍ | 528/630 [42:59<07:07,  4.19s/it]
 84%|████████▍ | 529/630 [43:04<07:20,  4.36s/it]
 84%|████████▍ | 530/630 [43:08<07:15,  4.36s/it]
 84%|████████▍ | 531/630 [43:12<07:02,  4.27s/it]
 84%|████████▍ | 532/630 [43:16<06:46,  4.14s/it]
 85%|████████▍ | 533/630 [43:20<06:31,  4.04s/it]
 85%|████████▍ | 534/630 [43:24<06:31,  4.08s/it]
 85%|████████▍ | 535/630 [43:29<06:54,  4.37s/it]
 85%|████████▌ | 536/630 [43:34<06:53,  4.40s/it]
 85%|████████▌ | 537/630 [43:39<07:02,  4.55s/it]
 85%|████████▌ | 538/630 [43:43<06:49,  4.45s/it]
 86%|████████▌ | 539/630 [43:47<06:26,  4.25s/it]
 86%|████████▌ | 540/630 [43:50<05:57,  3.97s/it]
 86%|████████▌ | 541/630 [43:55<06:22,  4.30s/it]
 86%|████████▌ | 542/630 [44:00<06:27,  4.40s/it]
 86%|████████▌ | 543/630 [44:04<06:20,  4.37s/it]
 86%|████████▋ | 544/630 [44:08<06:08,  4.29s/it]
 87%|████████▋ | 545/630 [44:12<05:59,  4.23s/it]
 87%|████████▋ | 546/630 [44:16<05:40,  4.05s/it]
 87%|████████▋ | 547/630 [44:21<06:03,  4.38s/it]
 87%|████████▋ | 548/630 [44:25<06:05,  4.46s/it]
 87%|████████▋ | 549/630 [44:30<05:57,  4.41s/it]
 87%|████████▋ | 550/630 [44:34<05:45,  4.31s/it]
 87%|████████▋ | 551/630 [44:38<05:31,  4.20s/it]
 88%|████████▊ | 552/630 [44:41<05:13,  4.02s/it]
 88%|████████▊ | 553/630 [44:45<05:09,  4.01s/it]
 88%|████████▊ | 554/630 [44:51<05:34,  4.40s/it]
 88%|████████▊ | 555/630 [44:55<05:37,  4.50s/it]
 88%|████████▊ | 556/630 [45:00<05:24,  4.38s/it]
 88%|████████▊ | 557/630 [45:03<05:08,  4.23s/it]
 89%|████████▊ | 558/630 [45:07<04:51,  4.05s/it]
 89%|████████▊ | 559/630 [45:11<04:51,  4.10s/it]
 89%|████████▉ | 560/630 [45:16<05:04,  4.35s/it]
 89%|████████▉ | 561/630 [45:21<05:03,  4.39s/it]
 89%|████████▉ | 562/630 [45:25<05:03,  4.46s/it]
 89%|████████▉ | 563/630 [45:29<04:50,  4.34s/it]
 90%|████████▉ | 564/630 [45:33<04:34,  4.16s/it]
 90%|████████▉ | 565/630 [45:36<04:14,  3.91s/it]
 90%|████████▉ | 566/630 [45:42<04:33,  4.28s/it]
 90%|█████████ | 567/630 [45:46<04:36,  4.40s/it]
 90%|█████████ | 568/630 [45:50<04:30,  4.36s/it]
 90%|█████████ | 569/630 [45:55<04:20,  4.26s/it]
 90%|█████████ | 570/630 [45:58<04:07,  4.13s/it]
 91%|█████████ | 571/630 [46:02<03:53,  3.96s/it]
 91%|█████████ | 572/630 [46:07<04:16,  4.42s/it]
 91%|█████████ | 573/630 [46:13<04:26,  4.68s/it]
 91%|█████████ | 574/630 [46:17<04:18,  4.62s/it]
 91%|█████████▏| 575/630 [46:21<04:07,  4.50s/it]
 91%|█████████▏| 576/630 [46:25<03:54,  4.34s/it]
 92%|█████████▏| 577/630 [46:29<03:38,  4.13s/it]
 92%|█████████▏| 578/630 [46:33<03:37,  4.18s/it]
 92%|█████████▏| 579/630 [46:38<03:47,  4.45s/it]
 92%|█████████▏| 580/630 [46:43<03:49,  4.58s/it]
 92%|█████████▏| 581/630 [46:47<03:38,  4.46s/it]
 92%|█████████▏| 582/630 [46:51<03:27,  4.32s/it]
 93%|█████████▎| 583/630 [46:55<03:14,  4.14s/it]
 93%|█████████▎| 584/630 [46:59<03:12,  4.19s/it]
 93%|█████████▎| 585/630 [47:05<03:20,  4.45s/it]
 93%|█████████▎| 586/630 [47:09<03:16,  4.47s/it]
 93%|█████████▎| 587/630 [47:13<03:09,  4.40s/it]
 93%|█████████▎| 588/630 [47:17<02:58,  4.26s/it]
 93%|█████████▎| 589/630 [47:21<02:53,  4.24s/it]
 94%|█████████▎| 590/630 [47:25<02:40,  4.01s/it]
 94%|█████████▍| 591/630 [47:30<02:50,  4.36s/it]
 94%|█████████▍| 592/630 [47:35<02:48,  4.44s/it]
 94%|█████████▍| 593/630 [47:39<02:41,  4.37s/it]
 94%|█████████▍| 594/630 [47:43<02:33,  4.27s/it]
 94%|█████████▍| 595/630 [47:47<02:25,  4.14s/it]
 95%|█████████▍| 596/630 [47:50<02:14,  3.97s/it]
 95%|█████████▍| 597/630 [47:55<02:22,  4.33s/it]
 95%|█████████▍| 598/630 [48:01<02:25,  4.54s/it]
 95%|█████████▌| 599/630 [48:05<02:18,  4.48s/it]
 95%|█████████▌| 600/630 [48:09<02:11,  4.37s/it]

eval:   0%|          | 0/80 [00:00<?, ?it/s][A

eval:   1%|▏         | 1/80 [00:00<00:49,  1.59it/s][A

eval:   2%|▎         | 2/80 [00:01<00:52,  1.50it/s][A

eval:   4%|▍         | 3/80 [00:01<00:51,  1.50it/s][A

eval:   5%|▌         | 4/80 [00:02<00:51,  1.48it/s][A

eval:   6%|▋         | 5/80 [00:03<00:50,  1.48it/s][A

eval:   8%|▊         | 6/80 [00:04<00:50,  1.48it/s][A

eval:   9%|▉         | 7/80 [00:04<00:49,  1.47it/s][A

eval:  10%|█         | 8/80 [00:05<00:49,  1.46it/s][A

eval:  11%|█▏        | 9/80 [00:06<00:48,  1.47it/s][A

eval:  12%|█▎        | 10/80 [00:06<00:48,  1.46it/s][A

eval:  14%|█▍        | 11/80 [00:07<00:47,  1.46it/s][A

eval:  15%|█▌        | 12/80 [00:08<00:46,  1.45it/s][A

eval:  16%|█▋        | 13/80 [00:08<00:46,  1.45it/s][A

eval:  18%|█▊        | 14/80 [00:09<00:45,  1.44it/s][A

eval:  19%|█▉        | 15/80 [00:10<00:44,  1.45it/s][A

eval:  20%|██        | 16/80 [00:10<00:44,  1.44it/s][A

eval:  21%|██▏       | 17/80 [00:11<00:43,  1.44it/s][A

eval:  22%|██▎       | 18/80 [00:12<00:42,  1.45it/s][A

eval:  24%|██▍       | 19/80 [00:12<00:41,  1.48it/s][A

eval:  25%|██▌       | 20/80 [00:13<00:40,  1.48it/s][A

eval:  26%|██▋       | 21/80 [00:14<00:39,  1.49it/s][A

eval:  28%|██▊       | 22/80 [00:14<00:38,  1.49it/s][A

eval:  29%|██▉       | 23/80 [00:15<00:37,  1.53it/s][A

eval:  30%|███       | 24/80 [00:16<00:35,  1.56it/s][A

eval:  31%|███▏      | 25/80 [00:16<00:36,  1.52it/s][A

eval:  32%|███▎      | 26/80 [00:17<00:35,  1.51it/s][A

eval:  34%|███▍      | 27/80 [00:18<00:35,  1.49it/s][A

eval:  35%|███▌      | 28/80 [00:18<00:35,  1.48it/s][A

eval:  36%|███▋      | 29/80 [00:19<00:34,  1.48it/s][A

eval:  38%|███▊      | 30/80 [00:20<00:32,  1.52it/s][A

eval:  39%|███▉      | 31/80 [00:20<00:32,  1.49it/s][A

eval:  40%|████      | 32/80 [00:21<00:31,  1.50it/s][A

eval:  41%|████▏     | 33/80 [00:22<00:30,  1.54it/s][A

eval:  42%|████▎     | 34/80 [00:22<00:30,  1.51it/s][A

eval:  44%|████▍     | 35/80 [00:23<00:30,  1.49it/s][A

eval:  45%|████▌     | 36/80 [00:24<00:29,  1.47it/s][A

eval:  46%|████▋     | 37/80 [00:24<00:29,  1.48it/s][A

eval:  48%|████▊     | 38/80 [00:25<00:28,  1.48it/s][A

eval:  49%|████▉     | 39/80 [00:26<00:28,  1.46it/s][A

eval:  50%|█████     | 40/80 [00:27<00:27,  1.45it/s][A

eval:  51%|█████▏    | 41/80 [00:27<00:25,  1.50it/s][A

eval:  52%|█████▎    | 42/80 [00:28<00:25,  1.48it/s][A

eval:  54%|█████▍    | 43/80 [00:29<00:25,  1.48it/s][A

eval:  55%|█████▌    | 44/80 [00:29<00:24,  1.46it/s][A

eval:  56%|█████▋    | 45/80 [00:30<00:23,  1.52it/s][A

eval:  57%|█████▊    | 46/80 [00:31<00:22,  1.50it/s][A

eval:  59%|█████▉    | 47/80 [00:31<00:22,  1.48it/s][A

eval:  60%|██████    | 48/80 [00:32<00:21,  1.46it/s][A

eval:  61%|██████▏   | 49/80 [00:33<00:20,  1.51it/s][A

eval:  62%|██████▎   | 50/80 [00:33<00:20,  1.49it/s][A

eval:  64%|██████▍   | 51/80 [00:34<00:19,  1.49it/s][A

eval:  65%|██████▌   | 52/80 [00:35<00:18,  1.53it/s][A

eval:  66%|██████▋   | 53/80 [00:35<00:17,  1.56it/s][A

eval:  68%|██████▊   | 54/80 [00:36<00:17,  1.51it/s][A

eval:  69%|██████▉   | 55/80 [00:37<00:16,  1.49it/s][A

eval:  70%|███████   | 56/80 [00:37<00:16,  1.48it/s][A

eval:  71%|███████▏  | 57/80 [00:38<00:15,  1.46it/s][A

eval:  72%|███████▎  | 58/80 [00:39<00:15,  1.46it/s][A

eval:  74%|███████▍  | 59/80 [00:39<00:13,  1.52it/s][A

eval:  75%|███████▌  | 60/80 [00:40<00:13,  1.49it/s][A

eval:  76%|███████▋  | 61/80 [00:41<00:12,  1.48it/s][A

eval:  78%|███████▊  | 62/80 [00:41<00:12,  1.47it/s][A

eval:  79%|███████▉  | 63/80 [00:42<00:11,  1.45it/s][A

eval:  80%|████████  | 64/80 [00:43<00:11,  1.45it/s][A

eval:  81%|████████▏ | 65/80 [00:43<00:10,  1.46it/s][A

eval:  82%|████████▎ | 66/80 [00:44<00:09,  1.51it/s][A

eval:  84%|████████▍ | 67/80 [00:45<00:08,  1.50it/s][A

eval:  85%|████████▌ | 68/80 [00:45<00:08,  1.48it/s][A

eval:  86%|████████▋ | 69/80 [00:46<00:07,  1.48it/s][A

eval:  88%|████████▊ | 70/80 [00:47<00:06,  1.46it/s][A

eval:  89%|████████▉ | 71/80 [00:47<00:06,  1.45it/s][A

eval:  90%|█████████ | 72/80 [00:48<00:05,  1.44it/s][A

eval:  91%|█████████▏| 73/80 [00:49<00:04,  1.44it/s][A

eval:  92%|█████████▎| 74/80 [00:50<00:04,  1.45it/s][A

eval:  94%|█████████▍| 75/80 [00:50<00:03,  1.44it/s][A

eval:  95%|█████████▌| 76/80 [00:51<00:02,  1.45it/s][A

eval:  96%|█████████▋| 77/80 [00:52<00:02,  1.46it/s][A

eval:  98%|█████████▊| 78/80 [00:52<00:01,  1.52it/s][A

eval:  99%|█████████▉| 79/80 [00:53<00:00,  1.56it/s][A

eval: 100%|██████████| 80/80 [00:53<00:00,  1.54it/s][A

                                                     [A2026-05-11 14:50:20 | INFO | __main__ | eval.py:43 | [EVAL_SAMPLE] idx=0 pred=mostly-true gold=barely-true output=Label: E explain=Hartzler said, "We have less Americans working now than in the ‘70s." The statistics Hartzler’s staff said she cited show the employment-population ratio and labor force participation rate was indeed higher in 1979 than in 2015. However,... prompt=<|im_start|>system
You are a careful fact-checking assistant for LIAR-RAW claims. Classify claims using only the claim and retrieved evidence supplied by the user.<|im_end|>
<|im_start|>user
Classify the claim into exactly one LIAR-RAW l...
2026-05-11 14:50:20 | INFO | __main__ | eval.py:43 | [EVAL_SAMPLE] idx=0 pred=mostly-true gold=barely-true output=Label: E explain=Hartzler said, "We have less Americans working now than in the ‘70s." The statistics Hartzler’s staff said she cited show the employment-population ratio and labor force participation rate was indeed higher in 1979 than in 2015. However,... prompt=<|im_start|>system
You are a careful fact-checking assistant for LIAR-RAW claims. Classify claims using only the claim and retrieved evidence supplied by the user.<|im_end|>
<|im_start|>user
Classify the claim into exactly one LIAR-RAW l...
2026-05-11 14:50:20 | INFO | __main__ | eval.py:43 | [EVAL_SAMPLE] idx=1 pred=pants-fire gold=pants-fire output=Label: A explain=Ellison used a Koran that once belonged to Thomas Jefferson, borrowing the rare book from the Library of Congress. It goes without saying that Ellison is not Obama. UPDATE: Barack Obama resigned from Trinity United Church of Christ on Ma... prompt=<|im_start|>system
You are a careful fact-checking assistant for LIAR-RAW claims. Classify claims using only the claim and retrieved evidence supplied by the user.<|im_end|>
<|im_start|>user
Classify the claim into exactly one LIAR-RAW l...
2026-05-11 14:50:20 | INFO | __main__ | eval.py:43 | [EVAL_SAMPLE] idx=1 pred=pants-fire gold=pants-fire output=Label: A explain=Ellison used a Koran that once belonged to Thomas Jefferson, borrowing the rare book from the Library of Congress. It goes without saying that Ellison is not Obama. UPDATE: Barack Obama resigned from Trinity United Church of Christ on Ma... prompt=<|im_start|>system
You are a careful fact-checking assistant for LIAR-RAW claims. Classify claims using only the claim and retrieved evidence supplied by the user.<|im_end|>
<|im_start|>user
Classify the claim into exactly one LIAR-RAW l...
2026-05-11 14:50:20 | INFO | __main__ | eval.py:43 | [EVAL_SAMPLE] idx=2 pred=mostly-true gold=false output=Label: E explain=However, we have two professors who say the law is silent on political activity -- even if one of them sees an implicit prohibition -- and a plain reading of the law that states no explicit ban. Blumenauer said that "the statute a hundre... prompt=<|im_start|>system
You are a careful fact-checking assistant for LIAR-RAW claims. Classify claims using only the claim and retrieved evidence supplied by the user.<|im_end|>
<|im_start|>user
Classify the claim into exactly one LIAR-RAW l...
2026-05-11 14:50:20 | INFO | __main__ | trainer.py:563 | [eval] step=600 accuracy=0.2430 macro_precision=0.2575 macro_recall=0.2904 macro_f1=0.2207 parse_error_rate=0.0000
2026-05-11 14:50:20 | INFO | __main__ | trainer.py:563 | [eval] per_class:
2026-05-11 14:50:20 | INFO | __main__ | trainer.py:563 |   - barely-true: P=0.2576 R=0.0717 F1=0.1122
2026-05-11 14:50:20 | INFO | __main__ | trainer.py:563 |   - false: P=0.3421 R=0.0498 F1=0.0870
2026-05-11 14:50:20 | INFO | __main__ | trainer.py:563 |   - half-true: P=0.2023 R=0.1423 F1=0.1671
2026-05-11 14:50:20 | INFO | __main__ | trainer.py:563 |   - mostly-true: P=0.2681 R=0.3984 F1=0.3205
2026-05-11 14:50:20 | INFO | __main__ | trainer.py:563 |   - pants-fire: P=0.2100 R=0.6897 F1=0.3219
2026-05-11 14:50:20 | INFO | __main__ | trainer.py:563 |   - true: P=0.2651 R=0.3905 F1=0.3158

 95%|█████████▌| 601/630 [49:10<10:23, 21.50s/it]
 96%|█████████▌| 602/630 [49:14<07:32, 16.15s/it]
 96%|█████████▌| 603/630 [49:18<05:37, 12.52s/it]
 96%|█████████▌| 604/630 [49:23<04:26, 10.24s/it]
 96%|█████████▌| 605/630 [49:27<03:31,  8.48s/it]
 96%|█████████▌| 606/630 [49:32<02:51,  7.16s/it]
 96%|█████████▋| 607/630 [49:36<02:25,  6.31s/it]
 97%|█████████▋| 608/630 [49:40<02:02,  5.55s/it]
 97%|█████████▋| 609/630 [49:44<01:48,  5.17s/it]
 97%|█████████▋| 610/630 [49:49<01:43,  5.16s/it]
 97%|█████████▋| 611/630 [49:54<01:35,  5.01s/it]
 97%|█████████▋| 612/630 [49:58<01:26,  4.79s/it]
 97%|█████████▋| 613/630 [50:02<01:18,  4.60s/it]
 97%|█████████▋| 614/630 [50:06<01:10,  4.38s/it]
 98%|█████████▊| 615/630 [50:10<01:02,  4.15s/it]
 98%|█████████▊| 616/630 [50:15<01:02,  4.49s/it]
 98%|█████████▊| 617/630 [50:20<00:58,  4.53s/it]
 98%|█████████▊| 618/630 [50:24<00:53,  4.45s/it]
 98%|█████████▊| 619/630 [50:28<00:47,  4.32s/it]
 98%|█████████▊| 620/630 [50:32<00:42,  4.22s/it]
 99%|█████████▊| 621/630 [50:35<00:36,  4.02s/it]
 99%|█████████▊| 622/630 [50:40<00:34,  4.32s/it]
 99%|█████████▉| 623/630 [50:45<00:31,  4.44s/it]
 99%|█████████▉| 624/630 [50:50<00:26,  4.48s/it]
 99%|█████████▉| 625/630 [50:54<00:22,  4.46s/it]
 99%|█████████▉| 626/630 [50:58<00:17,  4.30s/it]
100%|█████████▉| 627/630 [51:02<00:12,  4.12s/it]
100%|█████████▉| 628/630 [51:06<00:08,  4.08s/it]
100%|█████████▉| 629/630 [51:10<00:04,  4.17s/it]
100%|██████████| 630/630 [51:12<00:00,  3.58s/it]swanlab: 🏠 View project at https://swanlab.cn/@fenglin/fact-checking-build-train-infer
swanlab: 🚀 View run at https://swanlab.cn/@fenglin/fact-checking-build-train-infer/runs/mbj768u5x6pbum8kx4uny

 95%|█████████▌| 601/630 [49:10<10:23, 21.50s/it]
 96%|█████████▌| 602/630 [49:14<07:32, 16.15s/it]
 96%|█████████▌| 603/630 [49:18<05:37, 12.52s/it]
 96%|█████████▌| 604/630 [49:23<04:26, 10.24s/it]
 96%|█████████▌| 605/630 [49:27<03:31,  8.48s/it]
 96%|█████████▌| 606/630 [49:32<02:51,  7.16s/it]
 96%|█████████▋| 607/630 [49:36<02:25,  6.31s/it]
 97%|█████████▋| 608/630 [49:40<02:02,  5.55s/it]
 97%|█████████▋| 609/630 [49:44<01:48,  5.17s/it]
 97%|█████████▋| 610/630 [49:49<01:43,  5.16s/it]
 97%|█████████▋| 611/630 [49:54<01:35,  5.01s/it]
 97%|█████████▋| 612/630 [49:58<01:26,  4.79s/it]
 97%|█████████▋| 613/630 [50:02<01:18,  4.60s/it]
 97%|█████████▋| 614/630 [50:06<01:10,  4.38s/it]
 98%|█████████▊| 615/630 [50:10<01:02,  4.15s/it]
 98%|█████████▊| 616/630 [50:15<01:02,  4.49s/it]
 98%|█████████▊| 617/630 [50:20<00:58,  4.53s/it]
 98%|█████████▊| 618/630 [50:24<00:53,  4.45s/it]
 98%|█████████▊| 619/630 [50:28<00:47,  4.32s/it]
 98%|█████████▊| 620/630 [50:32<00:42,  4.22s/it]
 99%|█████████▊| 621/630 [50:35<00:36,  4.02s/it]
 99%|█████████▊| 622/630 [50:40<00:34,  4.32s/it]
 99%|█████████▉| 623/630 [50:45<00:31,  4.44s/it]
 99%|█████████▉| 624/630 [50:50<00:26,  4.48s/it]
 99%|█████████▉| 625/630 [50:54<00:22,  4.46s/it]
 99%|█████████▉| 626/630 [50:58<00:17,  4.30s/it]
100%|█████████▉| 627/630 [51:02<00:12,  4.12s/it]
100%|█████████▉| 628/630 [51:06<00:08,  4.08s/it]
100%|█████████▉| 629/630 [51:10<00:04,  4.17s/it]
100%|██████████| 630/630 [51:12<00:00,  3.58s/it]

100%|██████████| 630/630 [51:18<00:00,  4.89s/it]
