2026-05-11 13:29:25 | INFO | __main__ | trainer.py:206 | [INFO] saved resolved config to /data/liaozijie/fact-checking/outputs/runs/mmr_lambda_sweep/build.retrieval.mmr_lambda=0.1__f3e70456/train/config.resolved.yaml
2026-05-11 13:29:26 | INFO | __main__ | stats.py:59 | [PROMPT_STATS] split=train pre_mean=776.47 pre_p95=1018 pre_overflow=0 post_mean=776.47 post_p95=1018 post_overflow=0 truncated=2 trunc_rate=0.0002
2026-05-11 13:29:26 | INFO | __main__ | stats.py:59 | [PROMPT_STATS] split=val pre_mean=786.30 pre_p95=1004 pre_overflow=0 post_mean=786.30 post_p95=1004 post_overflow=0 truncated=0 trunc_rate=0.0000
2026-05-11 13:29:26 | INFO | __main__ | trainer.py:268 | [INFO] prompt statistics saved to /data/liaozijie/fact-checking/outputs/runs/mmr_lambda_sweep/build.retrieval.mmr_lambda=0.1__f3e70456/train/prompt_stats/prompt_stats.json
2026-05-11 13:29:26 | INFO | __main__ | adapters.py:97 | [INFO] LoRA enabled: trainable parameters=40370176 / 7655986688 (0.5273%), r=16, alpha=32
2026-05-11 13:29:47 | INFO | __main__ | trainer.py:358 | [INFO] Optimizer will update LoRA/trainable parameters only.
2026-05-11 13:29:53 | INFO | __main__ | trainer.py:389 | [INFO] dataloader length around accelerator.prepare: before=2516, after=629
2026-05-11 13:29:53 | WARNING | __main__ | trainer.py:395 | [WARN] len(train_dl) changed after accelerator.prepare: before=2516, after=629. This may indicate duplicated sharding/re-partitioning across distributed samplers.
2026-05-11 13:29:53 | INFO | __main__ | trainer.py:412 | [INFO] train progress setup (post-prepare): num_epochs=2, len(train_dl)=629, effective_grad_accum_steps=2, update_steps_per_epoch=315, max_train_steps=630
2026-05-11 13:29:53 | INFO | __main__ | trainer.py:121 | [INFO] logit_adjust enabled: tau=1.000 priors=['0.0807', '0.1945', '0.1601', '0.2074', '0.1937', '0.1636'] letters=[362, 425, 356, 422, 468, 434] prefix=[2476, 25]
2026-05-11 13:38:31 | INFO | __main__ | eval.py:43 | [EVAL_SAMPLE] idx=0 pred=false gold=barely-true output=Label: B explain=Hartzler said, "We have less Americans working now than in the ‘70s." The statistics Hartzler’s staff said she cited show the employment-population ratio and labor force participation rate was indeed higher in 1979 than in 2015. However,... prompt=<|im_start|>system
You are a careful fact-checking assistant for LIAR-RAW claims. Classify claims using only the claim and retrieved evidence supplied by the user.<|im_end|>
<|im_start|>user
Classify the claim into exactly one LIAR-RAW l...
2026-05-11 13:38:31 | INFO | __main__ | eval.py:43 | [EVAL_SAMPLE] idx=0 pred=false gold=barely-true output=Label: B explain=Hartzler said, "We have less Americans working now than in the ‘70s." The statistics Hartzler’s staff said she cited show the employment-population ratio and labor force participation rate was indeed higher in 1979 than in 2015. However,... prompt=<|im_start|>system
You are a careful fact-checking assistant for LIAR-RAW claims. Classify claims using only the claim and retrieved evidence supplied by the user.<|im_end|>
<|im_start|>user
Classify the claim into exactly one LIAR-RAW l...
2026-05-11 13:38:31 | INFO | __main__ | eval.py:43 | [EVAL_SAMPLE] idx=1 pred=false gold=pants-fire output=Label: B explain=Ellison used a Koran that once belonged to Thomas Jefferson, borrowing the rare book from the Library of Congress. It goes without saying that Ellison is not Obama. UPDATE: Barack Obama resigned from Trinity United Church of Christ on Ma... prompt=<|im_start|>system
You are a careful fact-checking assistant for LIAR-RAW claims. Classify claims using only the claim and retrieved evidence supplied by the user.<|im_end|>
<|im_start|>user
Classify the claim into exactly one LIAR-RAW l...
2026-05-11 13:38:31 | INFO | __main__ | eval.py:43 | [EVAL_SAMPLE] idx=1 pred=false gold=pants-fire output=Label: B explain=Ellison used a Koran that once belonged to Thomas Jefferson, borrowing the rare book from the Library of Congress. It goes without saying that Ellison is not Obama. UPDATE: Barack Obama resigned from Trinity United Church of Christ on Ma... prompt=<|im_start|>system
You are a careful fact-checking assistant for LIAR-RAW claims. Classify claims using only the claim and retrieved evidence supplied by the user.<|im_end|>
<|im_start|>user
Classify the claim into exactly one LIAR-RAW l...
2026-05-11 13:38:31 | INFO | __main__ | eval.py:43 | [EVAL_SAMPLE] idx=2 pred=mostly-true gold=false output=Label: E explain=However, we have two professors who say the law is silent on political activity -- even if one of them sees an implicit prohibition -- and a plain reading of the law that states no explicit ban. Blumenauer said that "the statute a hundre... prompt=<|im_start|>system
You are a careful fact-checking assistant for LIAR-RAW claims. Classify claims using only the claim and retrieved evidence supplied by the user.<|im_end|>
<|im_start|>user
Classify the claim into exactly one LIAR-RAW l...
2026-05-11 13:38:31 | INFO | __main__ | trainer.py:556 | [eval] step=100 accuracy=0.2172 macro_precision=0.2226 macro_recall=0.2409 macro_f1=0.2142 parse_error_rate=0.0000
2026-05-11 13:38:31 | INFO | __main__ | trainer.py:556 | [eval] per_class:
2026-05-11 13:38:31 | INFO | __main__ | trainer.py:556 |   - barely-true: P=0.2000 R=0.1350 F1=0.1612
2026-05-11 13:38:31 | INFO | __main__ | trainer.py:556 |   - false: P=0.2386 R=0.2605 F1=0.2491
2026-05-11 13:38:31 | INFO | __main__ | trainer.py:556 |   - half-true: P=0.2120 R=0.2154 F1=0.2137
2026-05-11 13:38:31 | INFO | __main__ | trainer.py:556 |   - mostly-true: P=0.2667 R=0.1275 F1=0.1725
2026-05-11 13:38:31 | INFO | __main__ | trainer.py:556 |   - pants-fire: P=0.1835 R=0.5000 F1=0.2685
2026-05-11 13:38:31 | INFO | __main__ | trainer.py:556 |   - true: P=0.2349 R=0.2071 F1=0.2201
2026-05-11 13:47:17 | INFO | __main__ | eval.py:43 | [EVAL_SAMPLE] idx=0 pred=false gold=barely-true output=Label: B explain=Hartzler said, "We have less Americans working now than in the ‘70s." The statistics Hartzler’s staff said she cited show the employment-population ratio and labor force participation rate was indeed higher in 1979 than in 2015. However,... prompt=<|im_start|>system
You are a careful fact-checking assistant for LIAR-RAW claims. Classify claims using only the claim and retrieved evidence supplied by the user.<|im_end|>
<|im_start|>user
Classify the claim into exactly one LIAR-RAW l...
2026-05-11 13:47:17 | INFO | __main__ | eval.py:43 | [EVAL_SAMPLE] idx=0 pred=false gold=barely-true output=Label: B explain=Hartzler said, "We have less Americans working now than in the ‘70s." The statistics Hartzler’s staff said she cited show the employment-population ratio and labor force participation rate was indeed higher in 1979 than in 2015. However,... prompt=<|im_start|>system
You are a careful fact-checking assistant for LIAR-RAW claims. Classify claims using only the claim and retrieved evidence supplied by the user.<|im_end|>
<|im_start|>user
Classify the claim into exactly one LIAR-RAW l...
2026-05-11 13:47:17 | INFO | __main__ | eval.py:43 | [EVAL_SAMPLE] idx=1 pred=false gold=pants-fire output=Label: B explain=Ellison used a Koran that once belonged to Thomas Jefferson, borrowing the rare book from the Library of Congress. It goes without saying that Ellison is not Obama. UPDATE: Barack Obama resigned from Trinity United Church of Christ on Ma... prompt=<|im_start|>system
You are a careful fact-checking assistant for LIAR-RAW claims. Classify claims using only the claim and retrieved evidence supplied by the user.<|im_end|>
<|im_start|>user
Classify the claim into exactly one LIAR-RAW l...
2026-05-11 13:47:17 | INFO | __main__ | eval.py:43 | [EVAL_SAMPLE] idx=1 pred=false gold=pants-fire output=Label: B explain=Ellison used a Koran that once belonged to Thomas Jefferson, borrowing the rare book from the Library of Congress. It goes without saying that Ellison is not Obama. UPDATE: Barack Obama resigned from Trinity United Church of Christ on Ma... prompt=<|im_start|>system
You are a careful fact-checking assistant for LIAR-RAW claims. Classify claims using only the claim and retrieved evidence supplied by the user.<|im_end|>
<|im_start|>user
Classify the claim into exactly one LIAR-RAW l...
2026-05-11 13:47:17 | INFO | __main__ | eval.py:43 | [EVAL_SAMPLE] idx=2 pred=mostly-true gold=false output=Label: E explain=However, we have two professors who say the law is silent on political activity -- even if one of them sees an implicit prohibition -- and a plain reading of the law that states no explicit ban. Blumenauer said that "the statute a hundre... prompt=<|im_start|>system
You are a careful fact-checking assistant for LIAR-RAW claims. Classify claims using only the claim and retrieved evidence supplied by the user.<|im_end|>
<|im_start|>user
Classify the claim into exactly one LIAR-RAW l...
2026-05-11 13:47:17 | INFO | __main__ | trainer.py:556 | [eval] step=200 accuracy=0.2398 macro_precision=0.2403 macro_recall=0.2599 macro_f1=0.2208 parse_error_rate=0.0000
2026-05-11 13:47:17 | INFO | __main__ | trainer.py:556 | [eval] per_class:
2026-05-11 13:47:17 | INFO | __main__ | trainer.py:556 |   - barely-true: P=0.1953 R=0.1055 F1=0.1370
2026-05-11 13:47:17 | INFO | __main__ | trainer.py:556 |   - false: P=0.2284 R=0.3448 F1=0.2748
2026-05-11 13:47:17 | INFO | __main__ | trainer.py:556 |   - half-true: P=0.2667 R=0.0325 F1=0.0580
2026-05-11 13:47:17 | INFO | __main__ | trainer.py:556 |   - mostly-true: P=0.3082 R=0.3426 F1=0.3245
2026-05-11 13:47:17 | INFO | __main__ | trainer.py:556 |   - pants-fire: P=0.2073 R=0.4914 F1=0.2916
2026-05-11 13:47:17 | INFO | __main__ | trainer.py:556 |   - true: P=0.2356 R=0.2426 F1=0.2391
2026-05-11 13:55:50 | INFO | __main__ | eval.py:43 | [EVAL_SAMPLE] idx=0 pred=false gold=barely-true output=Label: B explain=Hartzler said, "We have less Americans working now than in the ‘70s." The statistics Hartzler’s staff said she cited show the employment-population ratio and labor force participation rate was indeed higher in 1979 than in 2015. However,... prompt=<|im_start|>system
You are a careful fact-checking assistant for LIAR-RAW claims. Classify claims using only the claim and retrieved evidence supplied by the user.<|im_end|>
<|im_start|>user
Classify the claim into exactly one LIAR-RAW l...
2026-05-11 13:55:50 | INFO | __main__ | eval.py:43 | [EVAL_SAMPLE] idx=0 pred=false gold=barely-true output=Label: B explain=Hartzler said, "We have less Americans working now than in the ‘70s." The statistics Hartzler’s staff said she cited show the employment-population ratio and labor force participation rate was indeed higher in 1979 than in 2015. However,... prompt=<|im_start|>system
You are a careful fact-checking assistant for LIAR-RAW claims. Classify claims using only the claim and retrieved evidence supplied by the user.<|im_end|>
<|im_start|>user
Classify the claim into exactly one LIAR-RAW l...
2026-05-11 13:55:50 | INFO | __main__ | eval.py:43 | [EVAL_SAMPLE] idx=1 pred=false gold=pants-fire output=Label: B explain=Ellison used a Koran that once belonged to Thomas Jefferson, borrowing the rare book from the Library of Congress. It goes without saying that Ellison is not Obama. UPDATE: Barack Obama resigned from Trinity United Church of Christ on Ma... prompt=<|im_start|>system
You are a careful fact-checking assistant for LIAR-RAW claims. Classify claims using only the claim and retrieved evidence supplied by the user.<|im_end|>
<|im_start|>user
Classify the claim into exactly one LIAR-RAW l...
2026-05-11 13:55:50 | INFO | __main__ | eval.py:43 | [EVAL_SAMPLE] idx=1 pred=false gold=pants-fire output=Label: B explain=Ellison used a Koran that once belonged to Thomas Jefferson, borrowing the rare book from the Library of Congress. It goes without saying that Ellison is not Obama. UPDATE: Barack Obama resigned from Trinity United Church of Christ on Ma... prompt=<|im_start|>system
You are a careful fact-checking assistant for LIAR-RAW claims. Classify claims using only the claim and retrieved evidence supplied by the user.<|im_end|>
<|im_start|>user
Classify the claim into exactly one LIAR-RAW l...
2026-05-11 13:55:50 | INFO | __main__ | eval.py:43 | [EVAL_SAMPLE] idx=2 pred=mostly-true gold=false output=Label: E explain=However, we have two professors who say the law is silent on political activity -- even if one of them sees an implicit prohibition -- and a plain reading of the law that states no explicit ban. Blumenauer said that "the statute a hundre... prompt=<|im_start|>system
You are a careful fact-checking assistant for LIAR-RAW claims. Classify claims using only the claim and retrieved evidence supplied by the user.<|im_end|>
<|im_start|>user
Classify the claim into exactly one LIAR-RAW l...
2026-05-11 13:55:50 | INFO | __main__ | trainer.py:556 | [eval] step=300 accuracy=0.2656 macro_precision=0.2722 macro_recall=0.2682 macro_f1=0.2593 parse_error_rate=0.0000
2026-05-11 13:55:50 | INFO | __main__ | trainer.py:556 | [eval] per_class:
2026-05-11 13:55:50 | INFO | __main__ | trainer.py:556 |   - barely-true: P=0.2280 R=0.2405 F1=0.2341
2026-05-11 13:55:50 | INFO | __main__ | trainer.py:556 |   - false: P=0.2529 R=0.4176 F1=0.3150
2026-05-11 13:55:50 | INFO | __main__ | trainer.py:556 |   - half-true: P=0.2868 R=0.1585 F1=0.2042
2026-05-11 13:55:50 | INFO | __main__ | trainer.py:556 |   - mostly-true: P=0.3370 R=0.2470 F1=0.2851
2026-05-11 13:55:50 | INFO | __main__ | trainer.py:556 |   - pants-fire: P=0.2515 R=0.3621 F1=0.2968
2026-05-11 13:55:50 | INFO | __main__ | trainer.py:556 |   - true: P=0.2768 R=0.1834 F1=0.2206
