$ accelerate launch --num_processes=4 --num_machines=1 --mixed_precision=bf16 --use_deepspeed --deepspeed_config_file /data/liaozijie/fact-checking/configs/deepspeed_zero2.json -m sft.trainer --config /data/liaozijie/fact-checking/outputs/runs/mmr_lambda_sweep/build.retrieval.mmr_lambda=0.1__f3e70456/configs/train.resolved.yaml

The following values were not passed to `accelerate launch` and had defaults used instead:
		More than one GPU was found, enabling multi-GPU training.
		If this was unintended please pass in `--num_processes=1`.
	`--dynamo_backend` was set to a value of `'no'`
To avoid this warning pass in values for each of the problematic parameters or run `accelerate config`.
W0511 13:29:04.906000 191535 site-packages/torch/distributed/run.py:792] 
W0511 13:29:04.906000 191535 site-packages/torch/distributed/run.py:792] *****************************************
W0511 13:29:04.906000 191535 site-packages/torch/distributed/run.py:792] Setting OMP_NUM_THREADS environment variable for each process to be 1 in default, to avoid your system being overloaded, please further tune the variable for optimal performance in your application as needed. 
W0511 13:29:04.906000 191535 site-packages/torch/distributed/run.py:792] *****************************************
[RANK 0] Detected kernel version 4.18.0, which is below the recommended minimum of 5.5.0; this can cause the process to hang. It is recommended to upgrade the kernel to the minimum version or higher.
swanlab: swanlab version 0.7.17 is available!  Upgrade: `pip install -U swanlab`
swanlab: Tracking run with swanlab version 0.7.16
swanlab: Run data will be saved locally in /data/liaozijie/fact-checking/swanlog/run-20260511_132911-c0ffxcv7x0fq4mxrz0z4c
swanlab: 👋 Hi fenglin,welcome to swanlab!
swanlab: Syncing run mmr_lambda_sweep__build.retrieval.mmr_lambda=0.1 to the cloud
swanlab: 🏠 View project at https://swanlab.cn/@fenglin/fact-checking-build-train-infer
swanlab: 🚀 View run at https://swanlab.cn/@fenglin/fact-checking-build-train-infer/runs/c0ffxcv7x0fq4mxrz0z4c
2026-05-11 13:29:25 | INFO | __main__ | trainer.py:206 | [INFO] saved resolved config to /data/liaozijie/fact-checking/outputs/runs/mmr_lambda_sweep/build.retrieval.mmr_lambda=0.1__f3e70456/train/config.resolved.yaml
2026-05-11 13:29:26 | INFO | __main__ | stats.py:59 | [PROMPT_STATS] split=train pre_mean=776.47 pre_p95=1018 pre_overflow=0 post_mean=776.47 post_p95=1018 post_overflow=0 truncated=2 trunc_rate=0.0002
2026-05-11 13:29:26 | INFO | __main__ | stats.py:59 | [PROMPT_STATS] split=val pre_mean=786.30 pre_p95=1004 pre_overflow=0 post_mean=786.30 post_p95=1004 post_overflow=0 truncated=0 trunc_rate=0.0000
2026-05-11 13:29:26 | INFO | __main__ | trainer.py:268 | [INFO] prompt statistics saved to /data/liaozijie/fact-checking/outputs/runs/mmr_lambda_sweep/build.retrieval.mmr_lambda=0.1__f3e70456/train/prompt_stats/prompt_stats.json

Loading checkpoint shards:   0%|          | 0/4 [00:00<?, ?it/s]
Loading checkpoint shards:   0%|          | 0/4 [00:00<?, ?it/s]
Loading checkpoint shards:   0%|          | 0/4 [00:00<?, ?it/s]
Loading checkpoint shards:   0%|          | 0/4 [00:00<?, ?it/s]
Loading checkpoint shards: 100%|██████████| 4/4 [00:00<00:00, 103.21it/s]

Loading checkpoint shards: 100%|██████████| 4/4 [00:00<00:00, 103.03it/s]

Loading checkpoint shards: 100%|██████████| 4/4 [00:00<00:00, 105.03it/s]

Loading checkpoint shards: 100%|██████████| 4/4 [00:00<00:00, 103.67it/s]
2026-05-11 13:29:26 | INFO | __main__ | adapters.py:97 | [INFO] LoRA enabled: trainable parameters=40370176 / 7655986688 (0.5273%), r=16, alpha=32
2026-05-11 13:29:47 | INFO | __main__ | trainer.py:358 | [INFO] Optimizer will update LoRA/trainable parameters only.
2026-05-11 13:29:53 | INFO | __main__ | trainer.py:389 | [INFO] dataloader length around accelerator.prepare: before=2516, after=629
2026-05-11 13:29:53 | WARNING | __main__ | trainer.py:395 | [WARN] len(train_dl) changed after accelerator.prepare: before=2516, after=629. This may indicate duplicated sharding/re-partitioning across distributed samplers.
2026-05-11 13:29:53 | INFO | __main__ | trainer.py:412 | [INFO] train progress setup (post-prepare): num_epochs=2, len(train_dl)=629, effective_grad_accum_steps=2, update_steps_per_epoch=315, max_train_steps=630
2026-05-11 13:29:53 | INFO | __main__ | trainer.py:121 | [INFO] logit_adjust enabled: tau=1.000 priors=['0.0807', '0.1945', '0.1601', '0.2074', '0.1937', '0.1636'] letters=[362, 425, 356, 422, 468, 434] prefix=[2476, 25]

  0%|          | 0/630 [00:00<?, ?it/s]
  0%|          | 1/630 [00:07<1:22:28,  7.87s/it]
  0%|          | 2/630 [00:12<1:04:34,  6.17s/it]
  0%|          | 3/630 [00:17<55:25,  5.30s/it]  
  1%|          | 4/630 [00:21<50:00,  4.79s/it]
  1%|          | 5/630 [00:24<46:12,  4.44s/it]
  1%|          | 6/630 [00:28<43:03,  4.14s/it]
  1%|          | 7/630 [00:36<54:26,  5.24s/it]
  1%|▏         | 8/630 [00:41<54:20,  5.24s/it]
  1%|▏         | 9/630 [00:45<51:24,  4.97s/it]
  2%|▏         | 10/630 [00:49<48:24,  4.68s/it]
  2%|▏         | 11/630 [00:53<45:56,  4.45s/it]
  2%|▏         | 12/630 [00:57<43:43,  4.25s/it]
  2%|▏         | 13/630 [01:02<45:04,  4.38s/it]
  2%|▏         | 14/630 [01:06<46:21,  4.52s/it]
  2%|▏         | 15/630 [01:11<45:33,  4.44s/it]
  3%|▎         | 16/630 [01:15<44:14,  4.32s/it]
  3%|▎         | 17/630 [01:19<44:14,  4.33s/it]
  3%|▎         | 18/630 [01:23<43:08,  4.23s/it]
  3%|▎         | 19/630 [01:28<44:57,  4.41s/it]
  3%|▎         | 20/630 [01:33<47:05,  4.63s/it]
  3%|▎         | 21/630 [01:38<46:52,  4.62s/it]
  3%|▎         | 22/630 [01:42<45:29,  4.49s/it]
  4%|▎         | 23/630 [01:46<44:05,  4.36s/it]
  4%|▍         | 24/630 [01:50<42:38,  4.22s/it]
  4%|▍         | 25/630 [01:53<39:35,  3.93s/it]
  4%|▍         | 26/630 [02:00<48:35,  4.83s/it]
  4%|▍         | 27/630 [02:05<49:06,  4.89s/it]
  4%|▍         | 28/630 [02:09<47:04,  4.69s/it]
  5%|▍         | 29/630 [02:13<45:07,  4.50s/it]
  5%|▍         | 30/630 [02:17<43:08,  4.31s/it]
  5%|▍         | 31/630 [02:21<41:54,  4.20s/it]
  5%|▌         | 32/630 [02:28<50:28,  5.06s/it]
  5%|▌         | 33/630 [02:33<51:06,  5.14s/it]
  5%|▌         | 34/630 [02:38<48:56,  4.93s/it]
  6%|▌         | 35/630 [02:43<48:37,  4.90s/it]
  6%|▌         | 36/630 [02:47<46:31,  4.70s/it]
  6%|▌         | 37/630 [02:51<43:33,  4.41s/it]
  6%|▌         | 38/630 [02:56<47:23,  4.80s/it]
  6%|▌         | 39/630 [03:02<48:15,  4.90s/it]
  6%|▋         | 40/630 [03:06<46:39,  4.75s/it]
  7%|▋         | 41/630 [03:10<44:37,  4.55s/it]
  7%|▋         | 42/630 [03:14<42:24,  4.33s/it]
  7%|▋         | 43/630 [03:18<40:31,  4.14s/it]
  7%|▋         | 44/630 [03:23<44:12,  4.53s/it]
  7%|▋         | 45/630 [03:28<46:49,  4.80s/it]
  7%|▋         | 46/630 [03:33<45:48,  4.71s/it]
  7%|▋         | 47/630 [03:37<44:22,  4.57s/it]
  8%|▊         | 48/630 [03:41<42:49,  4.42s/it]
  8%|▊         | 49/630 [03:45<42:15,  4.36s/it]
  8%|▊         | 50/630 [03:49<39:55,  4.13s/it]
  8%|▊         | 51/630 [03:55<45:30,  4.72s/it]
  8%|▊         | 52/630 [04:00<46:50,  4.86s/it]
  8%|▊         | 53/630 [04:05<46:10,  4.80s/it]
  9%|▊         | 54/630 [04:09<44:06,  4.59s/it]
  9%|▊         | 55/630 [04:13<42:00,  4.38s/it]
  9%|▉         | 56/630 [04:17<40:00,  4.18s/it]
  9%|▉         | 57/630 [04:23<47:01,  4.92s/it]
  9%|▉         | 58/630 [04:28<47:12,  4.95s/it]
  9%|▉         | 59/630 [04:33<45:15,  4.76s/it]
 10%|▉         | 60/630 [04:37<43:32,  4.58s/it]
 10%|▉         | 61/630 [04:41<41:21,  4.36s/it]
 10%|▉         | 62/630 [04:44<39:19,  4.15s/it]
 10%|█         | 63/630 [04:49<42:04,  4.45s/it]
 10%|█         | 64/630 [04:55<43:56,  4.66s/it]
 10%|█         | 65/630 [04:59<43:32,  4.62s/it]
 10%|█         | 66/630 [05:03<42:09,  4.49s/it]
 11%|█         | 67/630 [05:08<41:27,  4.42s/it]
 11%|█         | 68/630 [05:11<39:50,  4.25s/it]
 11%|█         | 69/630 [05:17<42:56,  4.59s/it]
 11%|█         | 70/630 [05:23<46:29,  4.98s/it]
 11%|█▏        | 71/630 [05:27<45:26,  4.88s/it]
 11%|█▏        | 72/630 [05:32<43:50,  4.71s/it]
 12%|█▏        | 73/630 [05:36<42:00,  4.52s/it]
 12%|█▏        | 74/630 [05:40<39:58,  4.31s/it]
 12%|█▏        | 75/630 [05:43<37:41,  4.08s/it]
 12%|█▏        | 76/630 [05:49<41:33,  4.50s/it]
 12%|█▏        | 77/630 [05:53<42:16,  4.59s/it]
 12%|█▏        | 78/630 [05:58<41:23,  4.50s/it]
 13%|█▎        | 79/630 [06:02<39:56,  4.35s/it]
 13%|█▎        | 80/630 [06:06<38:27,  4.20s/it]
 13%|█▎        | 81/630 [06:09<36:59,  4.04s/it]
 13%|█▎        | 82/630 [06:16<43:53,  4.81s/it]
 13%|█▎        | 83/630 [06:21<44:21,  4.87s/it]
 13%|█▎        | 84/630 [06:25<42:42,  4.69s/it]
 13%|█▎        | 85/630 [06:29<41:43,  4.59s/it]
 14%|█▎        | 86/630 [06:34<40:29,  4.47s/it]
 14%|█▍        | 87/630 [06:38<39:12,  4.33s/it]
 14%|█▍        | 88/630 [06:44<43:53,  4.86s/it]
 14%|█▍        | 89/630 [06:49<44:31,  4.94s/it]
 14%|█▍        | 90/630 [06:53<43:07,  4.79s/it]
 14%|█▍        | 91/630 [06:58<41:28,  4.62s/it]
 15%|█▍        | 92/630 [07:02<40:09,  4.48s/it]
 15%|█▍        | 93/630 [07:05<38:06,  4.26s/it]
 15%|█▍        | 94/630 [07:11<40:45,  4.56s/it]
 15%|█▌        | 95/630 [07:16<43:17,  4.85s/it]
 15%|█▌        | 96/630 [07:21<42:50,  4.81s/it]
 15%|█▌        | 97/630 [07:25<41:29,  4.67s/it]
 16%|█▌        | 98/630 [07:29<39:56,  4.50s/it]
 16%|█▌        | 99/630 [07:33<38:06,  4.31s/it]
 16%|█▌        | 100/630 [07:37<36:01,  4.08s/it]

eval:   0%|          | 0/80 [00:00<?, ?it/s][A/data/liaozijie/conda/accelerate-fc/lib/python3.11/site-packages/transformers/tokenization_utils_base.py:2751: UserWarning: `max_length` is ignored when `padding`=`True` and there is no truncation strategy. To pad to max length, use `padding='max_length'`.
  warnings.warn(
/data/liaozijie/conda/accelerate-fc/lib/python3.11/site-packages/transformers/tokenization_utils_base.py:2751: UserWarning: `max_length` is ignored when `padding`=`True` and there is no truncation strategy. To pad to max length, use `padding='max_length'`.
  warnings.warn(
/data/liaozijie/conda/accelerate-fc/lib/python3.11/site-packages/transformers/tokenization_utils_base.py:2751: UserWarning: `max_length` is ignored when `padding`=`True` and there is no truncation strategy. To pad to max length, use `padding='max_length'`.
  warnings.warn(
/data/liaozijie/conda/accelerate-fc/lib/python3.11/site-packages/transformers/tokenization_utils_base.py:2751: UserWarning: `max_length` is ignored when `padding`=`True` and there is no truncation strategy. To pad to max length, use `padding='max_length'`.
  warnings.warn(
/data/liaozijie/conda/accelerate-fc/lib/python3.11/site-packages/transformers/tokenization_utils_base.py:2751: UserWarning: `max_length` is ignored when `padding`=`True` and there is no truncation strategy. To pad to max length, use `padding='max_length'`.
  warnings.warn(
/data/liaozijie/conda/accelerate-fc/lib/python3.11/site-packages/transformers/tokenization_utils_base.py:2751: UserWarning: `max_length` is ignored when `padding`=`True` and there is no truncation strategy. To pad to max length, use `padding='max_length'`.
  warnings.warn(
/data/liaozijie/conda/accelerate-fc/lib/python3.11/site-packages/transformers/tokenization_utils_base.py:2751: UserWarning: `max_length` is ignored when `padding`=`True` and there is no truncation strategy. To pad to max length, use `padding='max_length'`.
  warnings.warn(
/data/liaozijie/conda/accelerate-fc/lib/python3.11/site-packages/transformers/tokenization_utils_base.py:2751: UserWarning: `max_length` is ignored when `padding`=`True` and there is no truncation strategy. To pad to max length, use `padding='max_length'`.
  warnings.warn(
/data/liaozijie/conda/accelerate-fc/lib/python3.11/site-packages/transformers/tokenization_utils_base.py:2751: UserWarning: `max_length` is ignored when `padding`=`True` and there is no truncation strategy. To pad to max length, use `padding='max_length'`.
  warnings.warn(
/data/liaozijie/conda/accelerate-fc/lib/python3.11/site-packages/transformers/tokenization_utils_base.py:2751: UserWarning: `max_length` is ignored when `padding`=`True` and there is no truncation strategy. To pad to max length, use `padding='max_length'`.
  warnings.warn(
/data/liaozijie/conda/accelerate-fc/lib/python3.11/site-packages/transformers/tokenization_utils_base.py:2751: UserWarning: `max_length` is ignored when `padding`=`True` and there is no truncation strategy. To pad to max length, use `padding='max_length'`.
  warnings.warn(
/data/liaozijie/conda/accelerate-fc/lib/python3.11/site-packages/transformers/tokenization_utils_base.py:2751: UserWarning: `max_length` is ignored when `padding`=`True` and there is no truncation strategy. To pad to max length, use `padding='max_length'`.
  warnings.warn(
/data/liaozijie/conda/accelerate-fc/lib/python3.11/site-packages/transformers/tokenization_utils_base.py:2751: UserWarning: `max_length` is ignored when `padding`=`True` and there is no truncation strategy. To pad to max length, use `padding='max_length'`.
  warnings.warn(
/data/liaozijie/conda/accelerate-fc/lib/python3.11/site-packages/transformers/tokenization_utils_base.py:2751: UserWarning: `max_length` is ignored when `padding`=`True` and there is no truncation strategy. To pad to max length, use `padding='max_length'`.
  warnings.warn(
/data/liaozijie/conda/accelerate-fc/lib/python3.11/site-packages/transformers/tokenization_utils_base.py:2751: UserWarning: `max_length` is ignored when `padding`=`True` and there is no truncation strategy. To pad to max length, use `padding='max_length'`.
  warnings.warn(
/data/liaozijie/conda/accelerate-fc/lib/python3.11/site-packages/transformers/tokenization_utils_base.py:2751: UserWarning: `max_length` is ignored when `padding`=`True` and there is no truncation strategy. To pad to max length, use `padding='max_length'`.
  warnings.warn(


eval:   1%|▏         | 1/80 [00:00<01:06,  1.20it/s][A

eval:   2%|▎         | 2/80 [00:01<00:59,  1.31it/s][A

eval:   4%|▍         | 3/80 [00:02<00:59,  1.29it/s][A

eval:   5%|▌         | 4/80 [00:03<01:00,  1.25it/s][A

eval:   6%|▋         | 5/80 [00:03<00:58,  1.28it/s][A

eval:   8%|▊         | 6/80 [00:04<00:55,  1.34it/s][A

eval:   9%|▉         | 7/80 [00:05<00:53,  1.37it/s][A

eval:  10%|█         | 8/80 [00:06<00:58,  1.23it/s][A

eval:  11%|█▏        | 9/80 [00:06<00:54,  1.29it/s][A

eval:  12%|█▎        | 10/80 [00:07<00:55,  1.25it/s][A

eval:  14%|█▍        | 11/80 [00:09<01:05,  1.05it/s][A

eval:  15%|█▌        | 12/80 [00:09<01:02,  1.09it/s][A

eval:  16%|█▋        | 13/80 [00:10<00:58,  1.15it/s][A

eval:  18%|█▊        | 14/80 [00:11<00:56,  1.17it/s][A

eval:  19%|█▉        | 15/80 [00:12<00:53,  1.22it/s][A

eval:  20%|██        | 16/80 [00:12<00:50,  1.28it/s][A

eval:  21%|██▏       | 17/80 [00:13<00:50,  1.26it/s][A

eval:  22%|██▎       | 18/80 [00:14<00:46,  1.32it/s][A

eval:  24%|██▍       | 19/80 [00:15<00:43,  1.40it/s][A

eval:  25%|██▌       | 20/80 [00:15<00:41,  1.44it/s][A

eval:  26%|██▋       | 21/80 [00:16<00:39,  1.49it/s][A

eval:  28%|██▊       | 22/80 [00:17<00:39,  1.48it/s][A

eval:  29%|██▉       | 23/80 [00:17<00:37,  1.50it/s][A

eval:  30%|███       | 24/80 [00:18<00:36,  1.55it/s][A

eval:  31%|███▏      | 25/80 [00:18<00:36,  1.52it/s][A

eval:  32%|███▎      | 26/80 [00:19<00:40,  1.33it/s][A

eval:  34%|███▍      | 27/80 [00:20<00:41,  1.29it/s][A

eval:  35%|███▌      | 28/80 [00:21<00:39,  1.33it/s][A

eval:  36%|███▋      | 29/80 [00:22<00:38,  1.32it/s][A

eval:  38%|███▊      | 30/80 [00:22<00:35,  1.40it/s][A

eval:  39%|███▉      | 31/80 [00:23<00:34,  1.42it/s][A

eval:  40%|████      | 32/80 [00:24<00:37,  1.27it/s][A

eval:  41%|████▏     | 33/80 [00:25<00:35,  1.34it/s][A

eval:  42%|████▎     | 34/80 [00:26<00:39,  1.18it/s][A

eval:  44%|████▍     | 35/80 [00:27<00:37,  1.20it/s][A

eval:  45%|████▌     | 36/80 [00:27<00:34,  1.26it/s][A

eval:  46%|████▋     | 37/80 [00:28<00:32,  1.33it/s][A

eval:  48%|████▊     | 38/80 [00:29<00:30,  1.37it/s][A

eval:  49%|████▉     | 39/80 [00:29<00:29,  1.41it/s][A

eval:  50%|█████     | 40/80 [00:30<00:29,  1.37it/s][A

eval:  51%|█████▏    | 41/80 [00:31<00:32,  1.18it/s][A

eval:  52%|█████▎    | 42/80 [00:32<00:30,  1.26it/s][A

eval:  54%|█████▍    | 43/80 [00:32<00:28,  1.31it/s][A

eval:  55%|█████▌    | 44/80 [00:33<00:27,  1.29it/s][A

eval:  56%|█████▋    | 45/80 [00:34<00:25,  1.38it/s][A

eval:  57%|█████▊    | 46/80 [00:35<00:24,  1.41it/s][A

eval:  59%|█████▉    | 47/80 [00:35<00:25,  1.30it/s][A

eval:  60%|██████    | 48/80 [00:36<00:24,  1.30it/s][A

eval:  61%|██████▏   | 49/80 [00:37<00:22,  1.38it/s][A

eval:  62%|██████▎   | 50/80 [00:38<00:21,  1.41it/s][A

eval:  64%|██████▍   | 51/80 [00:38<00:19,  1.45it/s][A

eval:  65%|██████▌   | 52/80 [00:39<00:21,  1.29it/s][A

eval:  66%|██████▋   | 53/80 [00:40<00:19,  1.38it/s][A

eval:  68%|██████▊   | 54/80 [00:40<00:18,  1.41it/s][A

eval:  69%|██████▉   | 55/80 [00:41<00:17,  1.41it/s][A

eval:  70%|███████   | 56/80 [00:42<00:17,  1.37it/s][A

eval:  71%|███████▏  | 57/80 [00:43<00:18,  1.28it/s][A

eval:  72%|███████▎  | 58/80 [00:44<00:16,  1.30it/s][A

eval:  74%|███████▍  | 59/80 [00:44<00:15,  1.33it/s][A

eval:  75%|███████▌  | 60/80 [00:45<00:14,  1.37it/s][A

eval:  76%|███████▋  | 61/80 [00:46<00:14,  1.35it/s][A

eval:  78%|███████▊  | 62/80 [00:46<00:13,  1.37it/s][A

eval:  79%|███████▉  | 63/80 [00:47<00:12,  1.35it/s][A

eval:  80%|████████  | 64/80 [00:48<00:12,  1.32it/s][A

eval:  81%|████████▏ | 65/80 [00:49<00:11,  1.31it/s][A

eval:  82%|████████▎ | 66/80 [00:49<00:10,  1.37it/s][A

eval:  84%|████████▍ | 67/80 [00:50<00:09,  1.40it/s][A

eval:  85%|████████▌ | 68/80 [00:51<00:08,  1.43it/s][A

eval:  86%|████████▋ | 69/80 [00:52<00:08,  1.36it/s][A

eval:  88%|████████▊ | 70/80 [00:52<00:07,  1.35it/s][A

eval:  89%|████████▉ | 71/80 [00:53<00:06,  1.32it/s][A

eval:  90%|█████████ | 72/80 [00:54<00:06,  1.30it/s][A

eval:  91%|█████████▏| 73/80 [00:55<00:05,  1.35it/s][A

eval:  92%|█████████▎| 74/80 [00:55<00:04,  1.39it/s][A

eval:  94%|█████████▍| 75/80 [00:56<00:03,  1.35it/s][A

eval:  95%|█████████▌| 76/80 [00:57<00:02,  1.38it/s][A

eval:  96%|█████████▋| 77/80 [00:57<00:02,  1.41it/s][A

eval:  98%|█████████▊| 78/80 [00:59<00:01,  1.15it/s][A

eval:  99%|█████████▉| 79/80 [00:59<00:00,  1.18it/s][A

eval: 100%|██████████| 80/80 [01:00<00:00,  1.25it/s][A

                                                     [A2026-05-11 13:38:31 | INFO | __main__ | eval.py:43 | [EVAL_SAMPLE] idx=0 pred=false gold=barely-true output=Label: B explain=Hartzler said, "We have less Americans working now than in the ‘70s." The statistics Hartzler’s staff said she cited show the employment-population ratio and labor force participation rate was indeed higher in 1979 than in 2015. However,... prompt=<|im_start|>system
You are a careful fact-checking assistant for LIAR-RAW claims. Classify claims using only the claim and retrieved evidence supplied by the user.<|im_end|>
<|im_start|>user
Classify the claim into exactly one LIAR-RAW l...
2026-05-11 13:38:31 | INFO | __main__ | eval.py:43 | [EVAL_SAMPLE] idx=0 pred=false gold=barely-true output=Label: B explain=Hartzler said, "We have less Americans working now than in the ‘70s." The statistics Hartzler’s staff said she cited show the employment-population ratio and labor force participation rate was indeed higher in 1979 than in 2015. However,... prompt=<|im_start|>system
You are a careful fact-checking assistant for LIAR-RAW claims. Classify claims using only the claim and retrieved evidence supplied by the user.<|im_end|>
<|im_start|>user
Classify the claim into exactly one LIAR-RAW l...
2026-05-11 13:38:31 | INFO | __main__ | eval.py:43 | [EVAL_SAMPLE] idx=1 pred=false gold=pants-fire output=Label: B explain=Ellison used a Koran that once belonged to Thomas Jefferson, borrowing the rare book from the Library of Congress. It goes without saying that Ellison is not Obama. UPDATE: Barack Obama resigned from Trinity United Church of Christ on Ma... prompt=<|im_start|>system
You are a careful fact-checking assistant for LIAR-RAW claims. Classify claims using only the claim and retrieved evidence supplied by the user.<|im_end|>
<|im_start|>user
Classify the claim into exactly one LIAR-RAW l...
2026-05-11 13:38:31 | INFO | __main__ | eval.py:43 | [EVAL_SAMPLE] idx=1 pred=false gold=pants-fire output=Label: B explain=Ellison used a Koran that once belonged to Thomas Jefferson, borrowing the rare book from the Library of Congress. It goes without saying that Ellison is not Obama. UPDATE: Barack Obama resigned from Trinity United Church of Christ on Ma... prompt=<|im_start|>system
You are a careful fact-checking assistant for LIAR-RAW claims. Classify claims using only the claim and retrieved evidence supplied by the user.<|im_end|>
<|im_start|>user
Classify the claim into exactly one LIAR-RAW l...
2026-05-11 13:38:31 | INFO | __main__ | eval.py:43 | [EVAL_SAMPLE] idx=2 pred=mostly-true gold=false output=Label: E explain=However, we have two professors who say the law is silent on political activity -- even if one of them sees an implicit prohibition -- and a plain reading of the law that states no explicit ban. Blumenauer said that "the statute a hundre... prompt=<|im_start|>system
You are a careful fact-checking assistant for LIAR-RAW claims. Classify claims using only the claim and retrieved evidence supplied by the user.<|im_end|>
<|im_start|>user
Classify the claim into exactly one LIAR-RAW l...
2026-05-11 13:38:31 | INFO | __main__ | trainer.py:556 | [eval] step=100 accuracy=0.2172 macro_precision=0.2226 macro_recall=0.2409 macro_f1=0.2142 parse_error_rate=0.0000
2026-05-11 13:38:31 | INFO | __main__ | trainer.py:556 | [eval] per_class:
2026-05-11 13:38:31 | INFO | __main__ | trainer.py:556 |   - barely-true: P=0.2000 R=0.1350 F1=0.1612
2026-05-11 13:38:31 | INFO | __main__ | trainer.py:556 |   - false: P=0.2386 R=0.2605 F1=0.2491
2026-05-11 13:38:31 | INFO | __main__ | trainer.py:556 |   - half-true: P=0.2120 R=0.2154 F1=0.2137
2026-05-11 13:38:31 | INFO | __main__ | trainer.py:556 |   - mostly-true: P=0.2667 R=0.1275 F1=0.1725
2026-05-11 13:38:31 | INFO | __main__ | trainer.py:556 |   - pants-fire: P=0.1835 R=0.5000 F1=0.2685
2026-05-11 13:38:31 | INFO | __main__ | trainer.py:556 |   - true: P=0.2349 R=0.2071 F1=0.2201

 16%|█▌        | 101/630 [08:50<3:39:32, 24.90s/it]
 16%|█▌        | 102/630 [08:55<2:47:07, 18.99s/it]
 16%|█▋        | 103/630 [09:00<2:07:57, 14.57s/it]
 17%|█▋        | 104/630 [09:04<1:41:06, 11.53s/it]
 17%|█▋        | 105/630 [09:08<1:21:31,  9.32s/it]
 17%|█▋        | 106/630 [09:12<1:06:20,  7.60s/it]
 17%|█▋        | 107/630 [09:18<1:02:27,  7.16s/it]
 17%|█▋        | 108/630 [09:23<56:33,  6.50s/it]  
 17%|█▋        | 109/630 [09:27<50:59,  5.87s/it]
 17%|█▋        | 110/630 [09:32<46:28,  5.36s/it]
 18%|█▊        | 111/630 [09:35<42:30,  4.91s/it]
 18%|█▊        | 112/630 [09:39<39:07,  4.53s/it]
 18%|█▊        | 113/630 [09:44<41:06,  4.77s/it]
 18%|█▊        | 114/630 [09:49<41:39,  4.84s/it]
 18%|█▊        | 115/630 [09:54<40:26,  4.71s/it]
 18%|█▊        | 116/630 [09:58<38:56,  4.55s/it]
 19%|█▊        | 117/630 [10:02<37:29,  4.38s/it]
 19%|█▊        | 118/630 [10:06<35:52,  4.20s/it]
 19%|█▉        | 119/630 [10:12<41:55,  4.92s/it]
 19%|█▉        | 120/630 [10:18<43:57,  5.17s/it]
 19%|█▉        | 121/630 [10:23<43:02,  5.07s/it]
 19%|█▉        | 122/630 [10:28<41:41,  4.93s/it]
 20%|█▉        | 123/630 [10:32<40:11,  4.76s/it]
 20%|█▉        | 124/630 [10:36<37:41,  4.47s/it]
 20%|█▉        | 125/630 [10:39<34:50,  4.14s/it]
 20%|██        | 126/630 [10:47<43:15,  5.15s/it]
 20%|██        | 127/630 [10:52<43:17,  5.16s/it]
 20%|██        | 128/630 [10:56<41:41,  4.98s/it]
 20%|██        | 129/630 [11:01<39:26,  4.72s/it]
 21%|██        | 130/630 [11:04<37:03,  4.45s/it]
 21%|██        | 131/630 [11:08<34:26,  4.14s/it]
 21%|██        | 132/630 [11:15<42:44,  5.15s/it]
 21%|██        | 133/630 [11:20<42:50,  5.17s/it]
 21%|██▏       | 134/630 [11:25<40:46,  4.93s/it]
 21%|██▏       | 135/630 [11:29<38:55,  4.72s/it]
 22%|██▏       | 136/630 [11:33<36:45,  4.47s/it]
 22%|██▏       | 137/630 [11:37<35:40,  4.34s/it]
 22%|██▏       | 138/630 [11:42<37:19,  4.55s/it]
 22%|██▏       | 139/630 [11:48<39:42,  4.85s/it]
 22%|██▏       | 140/630 [11:52<39:43,  4.87s/it]
 22%|██▏       | 141/630 [11:57<38:07,  4.68s/it]
 23%|██▎       | 142/630 [12:01<36:35,  4.50s/it]
 23%|██▎       | 143/630 [12:05<34:44,  4.28s/it]
 23%|██▎       | 144/630 [12:10<36:28,  4.50s/it]
 23%|██▎       | 145/630 [12:15<38:21,  4.75s/it]
 23%|██▎       | 146/630 [12:19<37:51,  4.69s/it]
 23%|██▎       | 147/630 [12:24<36:48,  4.57s/it]
 23%|██▎       | 148/630 [12:28<35:17,  4.39s/it]
 24%|██▎       | 149/630 [12:31<33:41,  4.20s/it]
 24%|██▍       | 150/630 [12:35<31:37,  3.95s/it]
 24%|██▍       | 151/630 [12:41<36:29,  4.57s/it]
 24%|██▍       | 152/630 [12:46<36:57,  4.64s/it]
 24%|██▍       | 153/630 [12:50<36:11,  4.55s/it]
 24%|██▍       | 154/630 [12:54<34:56,  4.40s/it]
 25%|██▍       | 155/630 [12:58<34:35,  4.37s/it]
 25%|██▍       | 156/630 [13:02<33:26,  4.23s/it]
 25%|██▍       | 157/630 [13:08<38:00,  4.82s/it]
 25%|██▌       | 158/630 [13:13<38:03,  4.84s/it]
 25%|██▌       | 159/630 [13:18<37:12,  4.74s/it]
 25%|██▌       | 160/630 [13:22<35:41,  4.56s/it]
 26%|██▌       | 161/630 [13:26<34:09,  4.37s/it]
 26%|██▌       | 162/630 [13:30<32:24,  4.16s/it]
 26%|██▌       | 163/630 [13:35<34:28,  4.43s/it]
 26%|██▌       | 164/630 [13:40<36:17,  4.67s/it]
 26%|██▌       | 165/630 [13:44<35:41,  4.61s/it]
 26%|██▋       | 166/630 [13:49<34:37,  4.48s/it]
 27%|██▋       | 167/630 [13:53<33:40,  4.36s/it]
 27%|██▋       | 168/630 [13:56<32:15,  4.19s/it]
 27%|██▋       | 169/630 [14:02<34:47,  4.53s/it]
 27%|██▋       | 170/630 [14:07<36:24,  4.75s/it]
 27%|██▋       | 171/630 [14:12<36:05,  4.72s/it]
 27%|██▋       | 172/630 [14:16<35:59,  4.71s/it]
 27%|██▋       | 173/630 [14:21<34:54,  4.58s/it]
 28%|██▊       | 174/630 [14:25<33:55,  4.46s/it]
 28%|██▊       | 175/630 [14:28<31:37,  4.17s/it]
 28%|██▊       | 176/630 [14:35<37:33,  4.96s/it]
 28%|██▊       | 177/630 [14:40<37:33,  4.97s/it]
 28%|██▊       | 178/630 [14:44<35:57,  4.77s/it]
 28%|██▊       | 179/630 [14:49<34:27,  4.58s/it]
 29%|██▊       | 180/630 [14:52<32:52,  4.38s/it]
 29%|██▊       | 181/630 [14:56<31:10,  4.17s/it]
 29%|██▉       | 182/630 [15:03<37:11,  4.98s/it]
 29%|██▉       | 183/630 [15:08<37:16,  5.00s/it]
 29%|██▉       | 184/630 [15:12<35:45,  4.81s/it]
 29%|██▉       | 185/630 [15:17<34:07,  4.60s/it]
 30%|██▉       | 186/630 [15:21<32:39,  4.41s/it]
 30%|██▉       | 187/630 [15:24<30:50,  4.18s/it]
 30%|██▉       | 188/630 [15:29<32:26,  4.40s/it]
 30%|███       | 189/630 [15:34<34:04,  4.64s/it]
 30%|███       | 190/630 [15:39<35:10,  4.80s/it]
 30%|███       | 191/630 [15:44<34:37,  4.73s/it]
 30%|███       | 192/630 [15:48<33:40,  4.61s/it]
 31%|███       | 193/630 [15:52<31:41,  4.35s/it]
 31%|███       | 194/630 [15:57<33:38,  4.63s/it]
 31%|███       | 195/630 [16:03<35:08,  4.85s/it]
 31%|███       | 196/630 [16:07<34:29,  4.77s/it]
 31%|███▏      | 197/630 [16:12<33:12,  4.60s/it]
 31%|███▏      | 198/630 [16:16<31:50,  4.42s/it]
 32%|███▏      | 199/630 [16:19<30:17,  4.22s/it]
 32%|███▏      | 200/630 [16:23<28:43,  4.01s/it]

eval:   0%|          | 0/80 [00:00<?, ?it/s][A

eval:   1%|▏         | 1/80 [00:00<00:54,  1.46it/s][A

eval:   2%|▎         | 2/80 [00:01<00:54,  1.44it/s][A

eval:   4%|▍         | 3/80 [00:02<00:56,  1.36it/s][A

eval:   5%|▌         | 4/80 [00:03<00:58,  1.29it/s][A

eval:   6%|▋         | 5/80 [00:03<00:57,  1.30it/s][A

eval:   8%|▊         | 6/80 [00:04<00:54,  1.36it/s][A

eval:   9%|▉         | 7/80 [00:05<00:52,  1.39it/s][A

eval:  10%|█         | 8/80 [00:06<00:58,  1.23it/s][A

eval:  11%|█▏        | 9/80 [00:06<00:54,  1.30it/s][A

eval:  12%|█▎        | 10/80 [00:07<00:55,  1.26it/s][A

eval:  14%|█▍        | 11/80 [00:08<01:05,  1.05it/s][A

eval:  15%|█▌        | 12/80 [00:09<01:02,  1.09it/s][A

eval:  16%|█▋        | 13/80 [00:10<00:58,  1.15it/s][A

eval:  18%|█▊        | 14/80 [00:11<00:56,  1.18it/s][A

eval:  19%|█▉        | 15/80 [00:12<00:53,  1.22it/s][A

eval:  20%|██        | 16/80 [00:12<00:50,  1.27it/s][A

eval:  21%|██▏       | 17/80 [00:13<00:50,  1.25it/s][A

eval:  22%|██▎       | 18/80 [00:14<00:47,  1.32it/s][A

eval:  24%|██▍       | 19/80 [00:14<00:43,  1.40it/s][A

eval:  25%|██▌       | 20/80 [00:15<00:41,  1.44it/s][A

eval:  26%|██▋       | 21/80 [00:16<00:39,  1.49it/s][A

eval:  28%|██▊       | 22/80 [00:16<00:39,  1.49it/s][A

eval:  29%|██▉       | 23/80 [00:17<00:37,  1.51it/s][A

eval:  30%|███       | 24/80 [00:18<00:36,  1.56it/s][A

eval:  31%|███▏      | 25/80 [00:18<00:36,  1.51it/s][A

eval:  32%|███▎      | 26/80 [00:19<00:40,  1.32it/s][A

eval:  34%|███▍      | 27/80 [00:20<00:41,  1.29it/s][A

eval:  35%|███▌      | 28/80 [00:21<00:39,  1.33it/s][A

eval:  36%|███▋      | 29/80 [00:22<00:38,  1.32it/s][A

eval:  38%|███▊      | 30/80 [00:22<00:35,  1.40it/s][A

eval:  39%|███▉      | 31/80 [00:23<00:34,  1.42it/s][A

eval:  40%|████      | 32/80 [00:24<00:37,  1.27it/s][A

eval:  41%|████▏     | 33/80 [00:25<00:35,  1.34it/s][A

eval:  42%|████▎     | 34/80 [00:26<00:39,  1.18it/s][A

eval:  44%|████▍     | 35/80 [00:26<00:37,  1.20it/s][A

eval:  45%|████▌     | 36/80 [00:27<00:34,  1.26it/s][A

eval:  46%|████▋     | 37/80 [00:28<00:32,  1.32it/s][A

eval:  48%|████▊     | 38/80 [00:28<00:30,  1.37it/s][A

eval:  49%|████▉     | 39/80 [00:29<00:29,  1.40it/s][A

eval:  50%|█████     | 40/80 [00:30<00:29,  1.37it/s][A

eval:  51%|█████▏    | 41/80 [00:31<00:32,  1.18it/s][A

eval:  52%|█████▎    | 42/80 [00:32<00:30,  1.26it/s][A

eval:  54%|█████▍    | 43/80 [00:32<00:28,  1.31it/s][A

eval:  55%|█████▌    | 44/80 [00:33<00:27,  1.30it/s][A

eval:  56%|█████▋    | 45/80 [00:34<00:25,  1.38it/s][A

eval:  57%|█████▊    | 46/80 [00:34<00:24,  1.41it/s][A

eval:  59%|█████▉    | 47/80 [00:35<00:25,  1.30it/s][A

eval:  60%|██████    | 48/80 [00:36<00:24,  1.30it/s][A

eval:  61%|██████▏   | 49/80 [00:37<00:22,  1.38it/s][A

eval:  62%|██████▎   | 50/80 [00:37<00:21,  1.41it/s][A

eval:  64%|██████▍   | 51/80 [00:38<00:19,  1.45it/s][A

eval:  65%|██████▌   | 52/80 [00:39<00:21,  1.29it/s][A

eval:  66%|██████▋   | 53/80 [00:40<00:19,  1.38it/s][A

eval:  68%|██████▊   | 54/80 [00:40<00:18,  1.41it/s][A

eval:  69%|██████▉   | 55/80 [00:41<00:17,  1.41it/s][A

eval:  70%|███████   | 56/80 [00:42<00:17,  1.37it/s][A

eval:  71%|███████▏  | 57/80 [00:43<00:18,  1.27it/s][A

eval:  72%|███████▎  | 58/80 [00:43<00:17,  1.29it/s][A

eval:  74%|███████▍  | 59/80 [00:44<00:15,  1.33it/s][A

eval:  75%|███████▌  | 60/80 [00:45<00:14,  1.37it/s][A

eval:  76%|███████▋  | 61/80 [00:46<00:14,  1.35it/s][A

eval:  78%|███████▊  | 62/80 [00:46<00:13,  1.37it/s][A

eval:  79%|███████▉  | 63/80 [00:47<00:12,  1.35it/s][A

eval:  80%|████████  | 64/80 [00:48<00:12,  1.33it/s][A

eval:  81%|████████▏ | 65/80 [00:49<00:11,  1.31it/s][A

eval:  82%|████████▎ | 66/80 [00:49<00:10,  1.37it/s][A

eval:  84%|████████▍ | 67/80 [00:50<00:09,  1.40it/s][A

eval:  85%|████████▌ | 68/80 [00:51<00:08,  1.43it/s][A

eval:  86%|████████▋ | 69/80 [00:51<00:08,  1.36it/s][A

eval:  88%|████████▊ | 70/80 [00:52<00:07,  1.35it/s][A

eval:  89%|████████▉ | 71/80 [00:53<00:06,  1.32it/s][A

eval:  90%|█████████ | 72/80 [00:54<00:06,  1.30it/s][A

eval:  91%|█████████▏| 73/80 [00:54<00:05,  1.35it/s][A

eval:  92%|█████████▎| 74/80 [00:55<00:04,  1.39it/s][A

eval:  94%|█████████▍| 75/80 [00:56<00:03,  1.35it/s][A

eval:  95%|█████████▌| 76/80 [00:57<00:02,  1.38it/s][A

eval:  96%|█████████▋| 77/80 [00:57<00:02,  1.41it/s][A

eval:  98%|█████████▊| 78/80 [00:59<00:01,  1.15it/s][A

eval:  99%|█████████▉| 79/80 [00:59<00:00,  1.18it/s][A

eval: 100%|██████████| 80/80 [01:00<00:00,  1.25it/s][A

                                                     [A2026-05-11 13:47:17 | INFO | __main__ | eval.py:43 | [EVAL_SAMPLE] idx=0 pred=false gold=barely-true output=Label: B explain=Hartzler said, "We have less Americans working now than in the ‘70s." The statistics Hartzler’s staff said she cited show the employment-population ratio and labor force participation rate was indeed higher in 1979 than in 2015. However,... prompt=<|im_start|>system
You are a careful fact-checking assistant for LIAR-RAW claims. Classify claims using only the claim and retrieved evidence supplied by the user.<|im_end|>
<|im_start|>user
Classify the claim into exactly one LIAR-RAW l...
2026-05-11 13:47:17 | INFO | __main__ | eval.py:43 | [EVAL_SAMPLE] idx=0 pred=false gold=barely-true output=Label: B explain=Hartzler said, "We have less Americans working now than in the ‘70s." The statistics Hartzler’s staff said she cited show the employment-population ratio and labor force participation rate was indeed higher in 1979 than in 2015. However,... prompt=<|im_start|>system
You are a careful fact-checking assistant for LIAR-RAW claims. Classify claims using only the claim and retrieved evidence supplied by the user.<|im_end|>
<|im_start|>user
Classify the claim into exactly one LIAR-RAW l...
2026-05-11 13:47:17 | INFO | __main__ | eval.py:43 | [EVAL_SAMPLE] idx=1 pred=false gold=pants-fire output=Label: B explain=Ellison used a Koran that once belonged to Thomas Jefferson, borrowing the rare book from the Library of Congress. It goes without saying that Ellison is not Obama. UPDATE: Barack Obama resigned from Trinity United Church of Christ on Ma... prompt=<|im_start|>system
You are a careful fact-checking assistant for LIAR-RAW claims. Classify claims using only the claim and retrieved evidence supplied by the user.<|im_end|>
<|im_start|>user
Classify the claim into exactly one LIAR-RAW l...
2026-05-11 13:47:17 | INFO | __main__ | eval.py:43 | [EVAL_SAMPLE] idx=1 pred=false gold=pants-fire output=Label: B explain=Ellison used a Koran that once belonged to Thomas Jefferson, borrowing the rare book from the Library of Congress. It goes without saying that Ellison is not Obama. UPDATE: Barack Obama resigned from Trinity United Church of Christ on Ma... prompt=<|im_start|>system
You are a careful fact-checking assistant for LIAR-RAW claims. Classify claims using only the claim and retrieved evidence supplied by the user.<|im_end|>
<|im_start|>user
Classify the claim into exactly one LIAR-RAW l...
2026-05-11 13:47:17 | INFO | __main__ | eval.py:43 | [EVAL_SAMPLE] idx=2 pred=mostly-true gold=false output=Label: E explain=However, we have two professors who say the law is silent on political activity -- even if one of them sees an implicit prohibition -- and a plain reading of the law that states no explicit ban. Blumenauer said that "the statute a hundre... prompt=<|im_start|>system
You are a careful fact-checking assistant for LIAR-RAW claims. Classify claims using only the claim and retrieved evidence supplied by the user.<|im_end|>
<|im_start|>user
Classify the claim into exactly one LIAR-RAW l...
2026-05-11 13:47:17 | INFO | __main__ | trainer.py:556 | [eval] step=200 accuracy=0.2398 macro_precision=0.2403 macro_recall=0.2599 macro_f1=0.2208 parse_error_rate=0.0000
2026-05-11 13:47:17 | INFO | __main__ | trainer.py:556 | [eval] per_class:
2026-05-11 13:47:17 | INFO | __main__ | trainer.py:556 |   - barely-true: P=0.1953 R=0.1055 F1=0.1370
2026-05-11 13:47:17 | INFO | __main__ | trainer.py:556 |   - false: P=0.2284 R=0.3448 F1=0.2748
2026-05-11 13:47:17 | INFO | __main__ | trainer.py:556 |   - half-true: P=0.2667 R=0.0325 F1=0.0580
2026-05-11 13:47:17 | INFO | __main__ | trainer.py:556 |   - mostly-true: P=0.3082 R=0.3426 F1=0.3245
2026-05-11 13:47:17 | INFO | __main__ | trainer.py:556 |   - pants-fire: P=0.2073 R=0.4914 F1=0.2916
2026-05-11 13:47:17 | INFO | __main__ | trainer.py:556 |   - true: P=0.2356 R=0.2426 F1=0.2391

 32%|███▏      | 201/630 [17:36<2:57:57, 24.89s/it]
 32%|███▏      | 202/630 [17:41<2:14:40, 18.88s/it]
 32%|███▏      | 203/630 [17:45<1:43:08, 14.49s/it]
 32%|███▏      | 204/630 [17:50<1:20:37, 11.35s/it]
 33%|███▎      | 205/630 [17:53<1:04:25,  9.09s/it]
 33%|███▎      | 206/630 [17:57<52:38,  7.45s/it]  
 33%|███▎      | 207/630 [18:03<48:51,  6.93s/it]
 33%|███▎      | 208/630 [18:08<44:59,  6.40s/it]
 33%|███▎      | 209/630 [18:12<41:09,  5.87s/it]
 33%|███▎      | 210/630 [18:16<37:08,  5.30s/it]
 33%|███▎      | 211/630 [18:20<33:53,  4.85s/it]
 34%|███▎      | 212/630 [18:24<31:13,  4.48s/it]
 34%|███▍      | 213/630 [18:29<31:57,  4.60s/it]
 34%|███▍      | 214/630 [18:34<33:03,  4.77s/it]
 34%|███▍      | 215/630 [18:38<32:30,  4.70s/it]
 34%|███▍      | 216/630 [18:43<31:26,  4.56s/it]
 34%|███▍      | 217/630 [18:47<30:12,  4.39s/it]
 35%|███▍      | 218/630 [18:50<28:54,  4.21s/it]
 35%|███▍      | 219/630 [18:56<30:37,  4.47s/it]
 35%|███▍      | 220/630 [19:01<31:55,  4.67s/it]
 35%|███▌      | 221/630 [19:05<31:48,  4.67s/it]
 35%|███▌      | 222/630 [19:10<30:55,  4.55s/it]
 35%|███▌      | 223/630 [19:14<29:45,  4.39s/it]
 36%|███▌      | 224/630 [19:17<28:31,  4.22s/it]
 36%|███▌      | 225/630 [19:21<27:33,  4.08s/it]
 36%|███▌      | 226/630 [19:28<32:23,  4.81s/it]
 36%|███▌      | 227/630 [19:33<33:04,  4.92s/it]
 36%|███▌      | 228/630 [19:37<31:54,  4.76s/it]
 36%|███▋      | 229/630 [19:42<30:46,  4.61s/it]
 37%|███▋      | 230/630 [19:45<29:22,  4.41s/it]
 37%|███▋      | 231/630 [19:49<27:45,  4.17s/it]
 37%|███▋      | 232/630 [19:55<30:20,  4.57s/it]
 37%|███▋      | 233/630 [19:59<30:35,  4.62s/it]
 37%|███▋      | 234/630 [20:04<29:42,  4.50s/it]
 37%|███▋      | 235/630 [20:08<28:44,  4.37s/it]
 37%|███▋      | 236/630 [20:11<27:36,  4.21s/it]
 38%|███▊      | 237/630 [20:15<26:26,  4.04s/it]
 38%|███▊      | 238/630 [20:20<28:53,  4.42s/it]
 38%|███▊      | 239/630 [20:25<30:04,  4.62s/it]
 38%|███▊      | 240/630 [20:30<29:34,  4.55s/it]
 38%|███▊      | 241/630 [20:34<28:34,  4.41s/it]
 38%|███▊      | 242/630 [20:38<27:35,  4.27s/it]
 39%|███▊      | 243/630 [20:42<27:47,  4.31s/it]
 39%|███▊      | 244/630 [20:47<28:18,  4.40s/it]
 39%|███▉      | 245/630 [20:52<29:28,  4.59s/it]
 39%|███▉      | 246/630 [20:56<29:17,  4.58s/it]
 39%|███▉      | 247/630 [21:01<28:32,  4.47s/it]
 39%|███▉      | 248/630 [21:05<27:30,  4.32s/it]
 40%|███▉      | 249/630 [21:08<26:22,  4.15s/it]
 40%|███▉      | 250/630 [21:12<24:36,  3.88s/it]
 40%|███▉      | 251/630 [21:18<29:02,  4.60s/it]
 40%|████      | 252/630 [21:23<29:24,  4.67s/it]
 40%|████      | 253/630 [21:27<28:30,  4.54s/it]
 40%|████      | 254/630 [21:31<27:30,  4.39s/it]
 40%|████      | 255/630 [21:35<26:17,  4.21s/it]
 41%|████      | 256/630 [21:38<25:00,  4.01s/it]
 41%|████      | 257/630 [21:44<28:43,  4.62s/it]
 41%|████      | 258/630 [21:49<29:12,  4.71s/it]
 41%|████      | 259/630 [21:54<28:30,  4.61s/it]
 41%|████▏     | 260/630 [21:58<28:05,  4.55s/it]
 41%|████▏     | 261/630 [22:02<27:28,  4.47s/it]
 42%|████▏     | 262/630 [22:06<25:58,  4.24s/it]
 42%|████▏     | 263/630 [22:11<27:46,  4.54s/it]
 42%|████▏     | 264/630 [22:16<28:40,  4.70s/it]
 42%|████▏     | 265/630 [22:21<28:20,  4.66s/it]
 42%|████▏     | 266/630 [22:25<27:25,  4.52s/it]
 42%|████▏     | 267/630 [22:29<26:26,  4.37s/it]
 43%|████▎     | 268/630 [22:33<25:24,  4.21s/it]
 43%|████▎     | 269/630 [22:38<26:54,  4.47s/it]
 43%|████▎     | 270/630 [22:43<28:13,  4.70s/it]
 43%|████▎     | 271/630 [22:48<27:39,  4.62s/it]
 43%|████▎     | 272/630 [22:52<26:48,  4.49s/it]
 43%|████▎     | 273/630 [22:56<25:54,  4.35s/it]
 43%|████▎     | 274/630 [23:00<24:43,  4.17s/it]
 44%|████▎     | 275/630 [23:03<23:15,  3.93s/it]
 44%|████▍     | 276/630 [23:10<27:54,  4.73s/it]
 44%|████▍     | 277/630 [23:15<28:10,  4.79s/it]
 44%|████▍     | 278/630 [23:20<28:24,  4.84s/it]
 44%|████▍     | 279/630 [23:24<27:34,  4.71s/it]
 44%|████▍     | 280/630 [23:28<25:56,  4.45s/it]
 45%|████▍     | 281/630 [23:32<24:30,  4.21s/it]
 45%|████▍     | 282/630 [23:37<27:23,  4.72s/it]
 45%|████▍     | 283/630 [23:42<27:34,  4.77s/it]
 45%|████▌     | 284/630 [23:47<26:44,  4.64s/it]
 45%|████▌     | 285/630 [23:51<25:49,  4.49s/it]
 45%|████▌     | 286/630 [23:55<24:46,  4.32s/it]
 46%|████▌     | 287/630 [23:58<23:38,  4.14s/it]
 46%|████▌     | 288/630 [24:03<24:20,  4.27s/it]
 46%|████▌     | 289/630 [24:08<25:41,  4.52s/it]
 46%|████▌     | 290/630 [24:13<25:29,  4.50s/it]
 46%|████▌     | 291/630 [24:17<24:51,  4.40s/it]
 46%|████▋     | 292/630 [24:21<24:03,  4.27s/it]
 47%|████▋     | 293/630 [24:24<23:08,  4.12s/it]
 47%|████▋     | 294/630 [24:30<24:40,  4.41s/it]
 47%|████▋     | 295/630 [24:35<26:21,  4.72s/it]
 47%|████▋     | 296/630 [24:40<26:28,  4.76s/it]
 47%|████▋     | 297/630 [24:44<26:10,  4.72s/it]
 47%|████▋     | 298/630 [24:49<25:08,  4.54s/it]
 47%|████▋     | 299/630 [24:52<23:52,  4.33s/it]
 48%|████▊     | 300/630 [24:56<22:32,  4.10s/it]

eval:   0%|          | 0/80 [00:00<?, ?it/s][A

eval:   1%|▏         | 1/80 [00:00<00:53,  1.47it/s][A

eval:   2%|▎         | 2/80 [00:01<00:53,  1.45it/s][A

eval:   4%|▍         | 3/80 [00:02<00:56,  1.36it/s][A

eval:   5%|▌         | 4/80 [00:03<00:58,  1.29it/s][A

eval:   6%|▋         | 5/80 [00:03<00:57,  1.31it/s][A

eval:   8%|▊         | 6/80 [00:04<00:54,  1.36it/s][A

eval:   9%|▉         | 7/80 [00:05<00:52,  1.39it/s][A

eval:  10%|█         | 8/80 [00:06<00:58,  1.23it/s][A

eval:  11%|█▏        | 9/80 [00:06<00:54,  1.30it/s][A

eval:  12%|█▎        | 10/80 [00:07<00:55,  1.25it/s][A

eval:  14%|█▍        | 11/80 [00:08<01:05,  1.05it/s][A

eval:  15%|█▌        | 12/80 [00:09<01:02,  1.09it/s][A

eval:  16%|█▋        | 13/80 [00:10<00:58,  1.15it/s][A

eval:  18%|█▊        | 14/80 [00:11<00:56,  1.18it/s][A

eval:  19%|█▉        | 15/80 [00:12<00:53,  1.22it/s][A

eval:  20%|██        | 16/80 [00:12<00:49,  1.28it/s][A

eval:  21%|██▏       | 17/80 [00:13<00:49,  1.26it/s][A

eval:  22%|██▎       | 18/80 [00:14<00:46,  1.32it/s][A

eval:  24%|██▍       | 19/80 [00:14<00:43,  1.40it/s][A

eval:  25%|██▌       | 20/80 [00:15<00:41,  1.44it/s][A

eval:  26%|██▋       | 21/80 [00:16<00:39,  1.49it/s][A

eval:  28%|██▊       | 22/80 [00:16<00:39,  1.48it/s][A

eval:  29%|██▉       | 23/80 [00:17<00:37,  1.50it/s][A

eval:  30%|███       | 24/80 [00:18<00:36,  1.55it/s][A

eval:  31%|███▏      | 25/80 [00:18<00:36,  1.51it/s][A

eval:  32%|███▎      | 26/80 [00:19<00:40,  1.32it/s][A

eval:  34%|███▍      | 27/80 [00:20<00:41,  1.29it/s][A

eval:  35%|███▌      | 28/80 [00:21<00:39,  1.32it/s][A

eval:  36%|███▋      | 29/80 [00:22<00:38,  1.32it/s][A

eval:  38%|███▊      | 30/80 [00:22<00:35,  1.40it/s][A

eval:  39%|███▉      | 31/80 [00:23<00:34,  1.42it/s][A

eval:  40%|████      | 32/80 [00:24<00:37,  1.27it/s][A

eval:  41%|████▏     | 33/80 [00:24<00:35,  1.34it/s][A

eval:  42%|████▎     | 34/80 [00:26<00:39,  1.18it/s][A

eval:  44%|████▍     | 35/80 [00:26<00:37,  1.20it/s][A

eval:  45%|████▌     | 36/80 [00:27<00:34,  1.26it/s][A

eval:  46%|████▋     | 37/80 [00:28<00:32,  1.32it/s][A

eval:  48%|████▊     | 38/80 [00:28<00:30,  1.37it/s][A

eval:  49%|████▉     | 39/80 [00:29<00:29,  1.40it/s][A

eval:  50%|█████     | 40/80 [00:30<00:29,  1.37it/s][A

eval:  51%|█████▏    | 41/80 [00:31<00:32,  1.18it/s][A

eval:  52%|█████▎    | 42/80 [00:32<00:30,  1.26it/s][A

eval:  54%|█████▍    | 43/80 [00:32<00:28,  1.32it/s][A

eval:  55%|█████▌    | 44/80 [00:33<00:27,  1.30it/s][A

eval:  56%|█████▋    | 45/80 [00:34<00:25,  1.38it/s][A

eval:  57%|█████▊    | 46/80 [00:34<00:24,  1.41it/s][A

eval:  59%|█████▉    | 47/80 [00:35<00:25,  1.30it/s][A

eval:  60%|██████    | 48/80 [00:36<00:24,  1.30it/s][A

eval:  61%|██████▏   | 49/80 [00:37<00:22,  1.38it/s][A

eval:  62%|██████▎   | 50/80 [00:37<00:21,  1.41it/s][A

eval:  64%|██████▍   | 51/80 [00:38<00:20,  1.45it/s][A

eval:  65%|██████▌   | 52/80 [00:39<00:21,  1.29it/s][A

eval:  66%|██████▋   | 53/80 [00:40<00:19,  1.38it/s][A

eval:  68%|██████▊   | 54/80 [00:40<00:18,  1.41it/s][A

eval:  69%|██████▉   | 55/80 [00:41<00:17,  1.41it/s][A

eval:  70%|███████   | 56/80 [00:42<00:17,  1.36it/s][A

eval:  71%|███████▏  | 57/80 [00:43<00:18,  1.27it/s][A

eval:  72%|███████▎  | 58/80 [00:43<00:16,  1.29it/s][A

eval:  74%|███████▍  | 59/80 [00:44<00:15,  1.33it/s][A

eval:  75%|███████▌  | 60/80 [00:45<00:14,  1.37it/s][A

eval:  76%|███████▋  | 61/80 [00:46<00:14,  1.35it/s][A

eval:  78%|███████▊  | 62/80 [00:46<00:13,  1.37it/s][A

eval:  79%|███████▉  | 63/80 [00:47<00:12,  1.35it/s][A

eval:  80%|████████  | 64/80 [00:48<00:12,  1.32it/s][A

eval:  81%|████████▏ | 65/80 [00:49<00:11,  1.31it/s][A

eval:  82%|████████▎ | 66/80 [00:49<00:10,  1.37it/s][A

eval:  84%|████████▍ | 67/80 [00:50<00:09,  1.40it/s][A

eval:  85%|████████▌ | 68/80 [00:51<00:08,  1.43it/s][A

eval:  86%|████████▋ | 69/80 [00:51<00:08,  1.36it/s][A

eval:  88%|████████▊ | 70/80 [00:52<00:07,  1.35it/s][A

eval:  89%|████████▉ | 71/80 [00:53<00:06,  1.32it/s][A

eval:  90%|█████████ | 72/80 [00:54<00:06,  1.30it/s][A

eval:  91%|█████████▏| 73/80 [00:54<00:05,  1.35it/s][A

eval:  92%|█████████▎| 74/80 [00:55<00:04,  1.39it/s][A

eval:  94%|█████████▍| 75/80 [00:56<00:03,  1.35it/s][A

eval:  95%|█████████▌| 76/80 [00:57<00:02,  1.37it/s][A

eval:  96%|█████████▋| 77/80 [00:57<00:02,  1.41it/s][A

eval:  98%|█████████▊| 78/80 [00:59<00:01,  1.15it/s][A

eval:  99%|█████████▉| 79/80 [00:59<00:00,  1.17it/s][A

eval: 100%|██████████| 80/80 [01:00<00:00,  1.25it/s][A

                                                     [A2026-05-11 13:55:50 | INFO | __main__ | eval.py:43 | [EVAL_SAMPLE] idx=0 pred=false gold=barely-true output=Label: B explain=Hartzler said, "We have less Americans working now than in the ‘70s." The statistics Hartzler’s staff said she cited show the employment-population ratio and labor force participation rate was indeed higher in 1979 than in 2015. However,... prompt=<|im_start|>system
You are a careful fact-checking assistant for LIAR-RAW claims. Classify claims using only the claim and retrieved evidence supplied by the user.<|im_end|>
<|im_start|>user
Classify the claim into exactly one LIAR-RAW l...
2026-05-11 13:55:50 | INFO | __main__ | eval.py:43 | [EVAL_SAMPLE] idx=0 pred=false gold=barely-true output=Label: B explain=Hartzler said, "We have less Americans working now than in the ‘70s." The statistics Hartzler’s staff said she cited show the employment-population ratio and labor force participation rate was indeed higher in 1979 than in 2015. However,... prompt=<|im_start|>system
You are a careful fact-checking assistant for LIAR-RAW claims. Classify claims using only the claim and retrieved evidence supplied by the user.<|im_end|>
<|im_start|>user
Classify the claim into exactly one LIAR-RAW l...
2026-05-11 13:55:50 | INFO | __main__ | eval.py:43 | [EVAL_SAMPLE] idx=1 pred=false gold=pants-fire output=Label: B explain=Ellison used a Koran that once belonged to Thomas Jefferson, borrowing the rare book from the Library of Congress. It goes without saying that Ellison is not Obama. UPDATE: Barack Obama resigned from Trinity United Church of Christ on Ma... prompt=<|im_start|>system
You are a careful fact-checking assistant for LIAR-RAW claims. Classify claims using only the claim and retrieved evidence supplied by the user.<|im_end|>
<|im_start|>user
Classify the claim into exactly one LIAR-RAW l...
2026-05-11 13:55:50 | INFO | __main__ | eval.py:43 | [EVAL_SAMPLE] idx=1 pred=false gold=pants-fire output=Label: B explain=Ellison used a Koran that once belonged to Thomas Jefferson, borrowing the rare book from the Library of Congress. It goes without saying that Ellison is not Obama. UPDATE: Barack Obama resigned from Trinity United Church of Christ on Ma... prompt=<|im_start|>system
You are a careful fact-checking assistant for LIAR-RAW claims. Classify claims using only the claim and retrieved evidence supplied by the user.<|im_end|>
<|im_start|>user
Classify the claim into exactly one LIAR-RAW l...
2026-05-11 13:55:50 | INFO | __main__ | eval.py:43 | [EVAL_SAMPLE] idx=2 pred=mostly-true gold=false output=Label: E explain=However, we have two professors who say the law is silent on political activity -- even if one of them sees an implicit prohibition -- and a plain reading of the law that states no explicit ban. Blumenauer said that "the statute a hundre... prompt=<|im_start|>system
You are a careful fact-checking assistant for LIAR-RAW claims. Classify claims using only the claim and retrieved evidence supplied by the user.<|im_end|>
<|im_start|>user
Classify the claim into exactly one LIAR-RAW l...
2026-05-11 13:55:50 | INFO | __main__ | trainer.py:556 | [eval] step=300 accuracy=0.2656 macro_precision=0.2722 macro_recall=0.2682 macro_f1=0.2593 parse_error_rate=0.0000
2026-05-11 13:55:50 | INFO | __main__ | trainer.py:556 | [eval] per_class:
2026-05-11 13:55:50 | INFO | __main__ | trainer.py:556 |   - barely-true: P=0.2280 R=0.2405 F1=0.2341
2026-05-11 13:55:50 | INFO | __main__ | trainer.py:556 |   - false: P=0.2529 R=0.4176 F1=0.3150
2026-05-11 13:55:50 | INFO | __main__ | trainer.py:556 |   - half-true: P=0.2868 R=0.1585 F1=0.2042
2026-05-11 13:55:50 | INFO | __main__ | trainer.py:556 |   - mostly-true: P=0.3370 R=0.2470 F1=0.2851
2026-05-11 13:55:50 | INFO | __main__ | trainer.py:556 |   - pants-fire: P=0.2515 R=0.3621 F1=0.2968
2026-05-11 13:55:50 | INFO | __main__ | trainer.py:556 |   - true: P=0.2768 R=0.1834 F1=0.2206

 48%|████▊     | 301/630 [26:10<2:18:13, 25.21s/it]
 48%|████▊     | 302/630 [26:15<1:44:38, 19.14s/it]
 48%|████▊     | 303/630 [26:20<1:20:00, 14.68s/it]
 48%|████▊     | 304/630 [26:24<1:02:29, 11.50s/it]
 48%|████▊     | 305/630 [26:28<49:50,  9.20s/it]  
 49%|████▊     | 306/630 [26:31<40:33,  7.51s/it]
 49%|████▊     | 307/630 [26:37<38:26,  7.14s/it]
 49%|████▉     | 308/630 [26:42<34:39,  6.46s/it]
