2026-05-12 05:18:34 | INFO | __main__ | trainer.py:207 | [INFO] saved resolved config to /data/liaozijie/fact-checking/outputs/runs/mmr_lambda_sweep/build.retrieval.mmr_lambda-0.7__5385ea65/train/config.resolved.yaml
2026-05-12 05:18:34 | INFO | __main__ | stats.py:59 | [PROMPT_STATS] split=train pre_mean=846.14 pre_p95=1156 pre_overflow=0 post_mean=846.14 post_p95=1156 post_overflow=0 truncated=1 trunc_rate=0.0001
2026-05-12 05:18:34 | INFO | __main__ | stats.py:59 | [PROMPT_STATS] split=val pre_mean=864.33 pre_p95=1146 pre_overflow=0 post_mean=864.33 post_p95=1146 post_overflow=0 truncated=0 trunc_rate=0.0000
2026-05-12 05:18:34 | INFO | __main__ | trainer.py:269 | [INFO] prompt statistics saved to /data/liaozijie/fact-checking/outputs/runs/mmr_lambda_sweep/build.retrieval.mmr_lambda-0.7__5385ea65/train/prompt_stats/prompt_stats.json
2026-05-12 05:18:35 | INFO | __main__ | adapters.py:97 | [INFO] LoRA enabled: trainable parameters=40370176 / 7655986688 (0.5273%), r=16, alpha=32
2026-05-12 05:18:58 | INFO | __main__ | trainer.py:359 | [INFO] Optimizer will update LoRA/trainable parameters only.
2026-05-12 05:19:08 | INFO | __main__ | trainer.py:390 | [INFO] dataloader length around accelerator.prepare: before=2516, after=629
2026-05-12 05:19:08 | WARNING | __main__ | trainer.py:396 | [WARN] len(train_dl) changed after accelerator.prepare: before=2516, after=629. This may indicate duplicated sharding/re-partitioning across distributed samplers.
2026-05-12 05:19:08 | INFO | __main__ | trainer.py:413 | [INFO] train progress setup (post-prepare): num_epochs=2, len(train_dl)=629, effective_grad_accum_steps=2, update_steps_per_epoch=315, max_train_steps=630
2026-05-12 05:19:08 | INFO | __main__ | trainer.py:122 | [INFO] logit_adjust enabled: tau=1.000 priors=['0.0807', '0.1945', '0.1601', '0.2074', '0.1937', '0.1636'] letters=[362, 425, 356, 422, 468, 434] prefix=[2476, 25]
2026-05-12 05:19:08 | INFO | __main__ | trainer.py:434 | [INFO] logit_adjust config saved to /data/liaozijie/fact-checking/outputs/runs/mmr_lambda_sweep/build.retrieval.mmr_lambda-0.7__5385ea65/train/logit_adjust.json
2026-05-12 05:28:08 | INFO | __main__ | eval.py:43 | [EVAL_SAMPLE] idx=0 pred=false gold=barely-true output=Label: B explain=Hartzler said, "We have less Americans working now than in the ‘70s." The statistics Hartzler’s staff said she cited show the employment-population ratio and labor force participation rate was indeed higher in 1979 than in 2015. However,... prompt=<|im_start|>system
You are a careful fact-checking assistant for LIAR-RAW claims. Classify claims using only the claim and retrieved evidence supplied by the user.<|im_end|>
<|im_start|>user
Classify the claim into exactly one LIAR-RAW l...
2026-05-12 05:28:08 | INFO | __main__ | eval.py:43 | [EVAL_SAMPLE] idx=0 pred=false gold=barely-true output=Label: B explain=Hartzler said, "We have less Americans working now than in the ‘70s." The statistics Hartzler’s staff said she cited show the employment-population ratio and labor force participation rate was indeed higher in 1979 than in 2015. However,... prompt=<|im_start|>system
You are a careful fact-checking assistant for LIAR-RAW claims. Classify claims using only the claim and retrieved evidence supplied by the user.<|im_end|>
<|im_start|>user
Classify the claim into exactly one LIAR-RAW l...
2026-05-12 05:28:08 | INFO | __main__ | eval.py:43 | [EVAL_SAMPLE] idx=1 pred=false gold=pants-fire output=Label: B explain=Ellison used a Koran that once belonged to Thomas Jefferson, borrowing the rare book from the Library of Congress. It goes without saying that Ellison is not Obama. UPDATE: Barack Obama resigned from Trinity United Church of Christ on Ma... prompt=<|im_start|>system
You are a careful fact-checking assistant for LIAR-RAW claims. Classify claims using only the claim and retrieved evidence supplied by the user.<|im_end|>
<|im_start|>user
Classify the claim into exactly one LIAR-RAW l...
2026-05-12 05:28:08 | INFO | __main__ | eval.py:43 | [EVAL_SAMPLE] idx=1 pred=false gold=pants-fire output=Label: B explain=Ellison used a Koran that once belonged to Thomas Jefferson, borrowing the rare book from the Library of Congress. It goes without saying that Ellison is not Obama. UPDATE: Barack Obama resigned from Trinity United Church of Christ on Ma... prompt=<|im_start|>system
You are a careful fact-checking assistant for LIAR-RAW claims. Classify claims using only the claim and retrieved evidence supplied by the user.<|im_end|>
<|im_start|>user
Classify the claim into exactly one LIAR-RAW l...
2026-05-12 05:28:08 | INFO | __main__ | eval.py:43 | [EVAL_SAMPLE] idx=2 pred=mostly-true gold=false output=Label: E explain=However, we have two professors who say the law is silent on political activity -- even if one of them sees an implicit prohibition -- and a plain reading of the law that states no explicit ban. Blumenauer said that "the statute a hundre... prompt=<|im_start|>system
You are a careful fact-checking assistant for LIAR-RAW claims. Classify claims using only the claim and retrieved evidence supplied by the user.<|im_end|>
<|im_start|>user
Classify the claim into exactly one LIAR-RAW l...
2026-05-12 05:28:08 | INFO | __main__ | trainer.py:566 | [eval] step=50 accuracy=0.2383 macro_precision=0.2974 macro_recall=0.2527 macro_f1=0.2178 parse_error_rate=0.0000
2026-05-12 05:28:08 | INFO | __main__ | trainer.py:566 | [eval] per_class:
2026-05-12 05:28:08 | INFO | __main__ | trainer.py:566 |   - barely-true: P=0.2269 R=0.4346 F1=0.2981
2026-05-12 05:28:08 | INFO | __main__ | trainer.py:566 |   - false: P=0.2476 R=0.2989 F1=0.2708
2026-05-12 05:28:08 | INFO | __main__ | trainer.py:566 |   - half-true: P=0.5625 R=0.0366 F1=0.0687
2026-05-12 05:28:08 | INFO | __main__ | trainer.py:566 |   - mostly-true: P=0.3152 R=0.1155 F1=0.1691
2026-05-12 05:28:08 | INFO | __main__ | trainer.py:566 |   - pants-fire: P=0.1965 R=0.3879 F1=0.2609
2026-05-12 05:28:08 | INFO | __main__ | trainer.py:566 |   - true: P=0.2356 R=0.2426 F1=0.2391
2026-05-12 05:37:05 | INFO | __main__ | eval.py:43 | [EVAL_SAMPLE] idx=0 pred=false gold=barely-true output=Label: B explain=Hartzler said, "We have less Americans working now than in the ‘70s." The statistics Hartzler’s staff said she cited show the employment-population ratio and labor force participation rate was indeed higher in 1979 than in 2015. However,... prompt=<|im_start|>system
You are a careful fact-checking assistant for LIAR-RAW claims. Classify claims using only the claim and retrieved evidence supplied by the user.<|im_end|>
<|im_start|>user
Classify the claim into exactly one LIAR-RAW l...
2026-05-12 05:37:05 | INFO | __main__ | eval.py:43 | [EVAL_SAMPLE] idx=0 pred=false gold=barely-true output=Label: B explain=Hartzler said, "We have less Americans working now than in the ‘70s." The statistics Hartzler’s staff said she cited show the employment-population ratio and labor force participation rate was indeed higher in 1979 than in 2015. However,... prompt=<|im_start|>system
You are a careful fact-checking assistant for LIAR-RAW claims. Classify claims using only the claim and retrieved evidence supplied by the user.<|im_end|>
<|im_start|>user
Classify the claim into exactly one LIAR-RAW l...
2026-05-12 05:37:05 | INFO | __main__ | eval.py:43 | [EVAL_SAMPLE] idx=1 pred=false gold=pants-fire output=Label: B explain=Ellison used a Koran that once belonged to Thomas Jefferson, borrowing the rare book from the Library of Congress. It goes without saying that Ellison is not Obama. UPDATE: Barack Obama resigned from Trinity United Church of Christ on Ma... prompt=<|im_start|>system
You are a careful fact-checking assistant for LIAR-RAW claims. Classify claims using only the claim and retrieved evidence supplied by the user.<|im_end|>
<|im_start|>user
Classify the claim into exactly one LIAR-RAW l...
2026-05-12 05:37:05 | INFO | __main__ | eval.py:43 | [EVAL_SAMPLE] idx=1 pred=false gold=pants-fire output=Label: B explain=Ellison used a Koran that once belonged to Thomas Jefferson, borrowing the rare book from the Library of Congress. It goes without saying that Ellison is not Obama. UPDATE: Barack Obama resigned from Trinity United Church of Christ on Ma... prompt=<|im_start|>system
You are a careful fact-checking assistant for LIAR-RAW claims. Classify claims using only the claim and retrieved evidence supplied by the user.<|im_end|>
<|im_start|>user
Classify the claim into exactly one LIAR-RAW l...
2026-05-12 05:37:05 | INFO | __main__ | eval.py:43 | [EVAL_SAMPLE] idx=2 pred=true gold=false output=Label: F explain=However, we have two professors who say the law is silent on political activity -- even if one of them sees an implicit prohibition -- and a plain reading of the law that states no explicit ban. Blumenauer said that "the statute a hundre... prompt=<|im_start|>system
You are a careful fact-checking assistant for LIAR-RAW claims. Classify claims using only the claim and retrieved evidence supplied by the user.<|im_end|>
<|im_start|>user
Classify the claim into exactly one LIAR-RAW l...
2026-05-12 05:37:05 | INFO | __main__ | trainer.py:566 | [eval] step=100 accuracy=0.2484 macro_precision=0.3046 macro_recall=0.2576 macro_f1=0.2277 parse_error_rate=0.0000
2026-05-12 05:37:05 | INFO | __main__ | trainer.py:566 | [eval] per_class:
2026-05-12 05:37:05 | INFO | __main__ | trainer.py:566 |   - barely-true: P=0.2113 R=0.4262 F1=0.2825
2026-05-12 05:37:05 | INFO | __main__ | trainer.py:566 |   - false: P=0.2620 R=0.3563 F1=0.3019
2026-05-12 05:37:05 | INFO | __main__ | trainer.py:566 |   - half-true: P=0.3396 R=0.0732 F1=0.1204
2026-05-12 05:37:05 | INFO | __main__ | trainer.py:566 |   - mostly-true: P=0.4583 R=0.0438 F1=0.0800
2026-05-12 05:37:05 | INFO | __main__ | trainer.py:566 |   - pants-fire: P=0.3229 R=0.2672 F1=0.2925
2026-05-12 05:37:05 | INFO | __main__ | trainer.py:566 |   - true: P=0.2336 R=0.3787 F1=0.2889
2026-05-12 05:45:49 | INFO | __main__ | eval.py:43 | [EVAL_SAMPLE] idx=0 pred=false gold=barely-true output=Label: B explain=Hartzler said, "We have less Americans working now than in the ‘70s." The statistics Hartzler’s staff said she cited show the employment-population ratio and labor force participation rate was indeed higher in 1979 than in 2015. However,... prompt=<|im_start|>system
You are a careful fact-checking assistant for LIAR-RAW claims. Classify claims using only the claim and retrieved evidence supplied by the user.<|im_end|>
<|im_start|>user
Classify the claim into exactly one LIAR-RAW l...
2026-05-12 05:45:49 | INFO | __main__ | eval.py:43 | [EVAL_SAMPLE] idx=0 pred=false gold=barely-true output=Label: B explain=Hartzler said, "We have less Americans working now than in the ‘70s." The statistics Hartzler’s staff said she cited show the employment-population ratio and labor force participation rate was indeed higher in 1979 than in 2015. However,... prompt=<|im_start|>system
You are a careful fact-checking assistant for LIAR-RAW claims. Classify claims using only the claim and retrieved evidence supplied by the user.<|im_end|>
<|im_start|>user
Classify the claim into exactly one LIAR-RAW l...
2026-05-12 05:45:49 | INFO | __main__ | eval.py:43 | [EVAL_SAMPLE] idx=1 pred=false gold=pants-fire output=Label: B explain=Ellison used a Koran that once belonged to Thomas Jefferson, borrowing the rare book from the Library of Congress. It goes without saying that Ellison is not Obama. UPDATE: Barack Obama resigned from Trinity United Church of Christ on Ma... prompt=<|im_start|>system
You are a careful fact-checking assistant for LIAR-RAW claims. Classify claims using only the claim and retrieved evidence supplied by the user.<|im_end|>
<|im_start|>user
Classify the claim into exactly one LIAR-RAW l...
2026-05-12 05:45:49 | INFO | __main__ | eval.py:43 | [EVAL_SAMPLE] idx=1 pred=false gold=pants-fire output=Label: B explain=Ellison used a Koran that once belonged to Thomas Jefferson, borrowing the rare book from the Library of Congress. It goes without saying that Ellison is not Obama. UPDATE: Barack Obama resigned from Trinity United Church of Christ on Ma... prompt=<|im_start|>system
You are a careful fact-checking assistant for LIAR-RAW claims. Classify claims using only the claim and retrieved evidence supplied by the user.<|im_end|>
<|im_start|>user
Classify the claim into exactly one LIAR-RAW l...
2026-05-12 05:45:49 | INFO | __main__ | eval.py:43 | [EVAL_SAMPLE] idx=2 pred=barely-true gold=false output=Label: C explain=However, we have two professors who say the law is silent on political activity -- even if one of them sees an implicit prohibition -- and a plain reading of the law that states no explicit ban. Blumenauer said that "the statute a hundre... prompt=<|im_start|>system
You are a careful fact-checking assistant for LIAR-RAW claims. Classify claims using only the claim and retrieved evidence supplied by the user.<|im_end|>
<|im_start|>user
Classify the claim into exactly one LIAR-RAW l...
2026-05-12 05:45:49 | INFO | __main__ | trainer.py:566 | [eval] step=150 accuracy=0.2648 macro_precision=0.3338 macro_recall=0.2689 macro_f1=0.2477 parse_error_rate=0.0000
2026-05-12 05:45:49 | INFO | __main__ | trainer.py:566 | [eval] per_class:
2026-05-12 05:45:49 | INFO | __main__ | trainer.py:566 |   - barely-true: P=0.2157 R=0.5105 F1=0.3033
2026-05-12 05:45:49 | INFO | __main__ | trainer.py:566 |   - false: P=0.2614 R=0.3525 F1=0.3002
2026-05-12 05:45:49 | INFO | __main__ | trainer.py:566 |   - half-true: P=0.5238 R=0.0447 F1=0.0824
2026-05-12 05:45:49 | INFO | __main__ | trainer.py:566 |   - mostly-true: P=0.3704 R=0.1594 F1=0.2228
2026-05-12 05:45:49 | INFO | __main__ | trainer.py:566 |   - pants-fire: P=0.3040 R=0.3276 F1=0.3154
2026-05-12 05:45:49 | INFO | __main__ | trainer.py:566 |   - true: P=0.3274 R=0.2189 F1=0.2624
2026-05-12 05:54:54 | INFO | __main__ | eval.py:43 | [EVAL_SAMPLE] idx=0 pred=pants-fire gold=barely-true output=Label: A explain=Hartzler said, "We have less Americans working now than in the ‘70s." The statistics Hartzler’s staff said she cited show the employment-population ratio and labor force participation rate was indeed higher in 1979 than in 2015. However,... prompt=<|im_start|>system
You are a careful fact-checking assistant for LIAR-RAW claims. Classify claims using only the claim and retrieved evidence supplied by the user.<|im_end|>
<|im_start|>user
Classify the claim into exactly one LIAR-RAW l...
2026-05-12 05:54:54 | INFO | __main__ | eval.py:43 | [EVAL_SAMPLE] idx=0 pred=pants-fire gold=barely-true output=Label: A explain=Hartzler said, "We have less Americans working now than in the ‘70s." The statistics Hartzler’s staff said she cited show the employment-population ratio and labor force participation rate was indeed higher in 1979 than in 2015. However,... prompt=<|im_start|>system
You are a careful fact-checking assistant for LIAR-RAW claims. Classify claims using only the claim and retrieved evidence supplied by the user.<|im_end|>
<|im_start|>user
Classify the claim into exactly one LIAR-RAW l...
2026-05-12 05:54:54 | INFO | __main__ | eval.py:43 | [EVAL_SAMPLE] idx=1 pred=false gold=pants-fire output=Label: B explain=Ellison used a Koran that once belonged to Thomas Jefferson, borrowing the rare book from the Library of Congress. It goes without saying that Ellison is not Obama. UPDATE: Barack Obama resigned from Trinity United Church of Christ on Ma... prompt=<|im_start|>system
You are a careful fact-checking assistant for LIAR-RAW claims. Classify claims using only the claim and retrieved evidence supplied by the user.<|im_end|>
<|im_start|>user
Classify the claim into exactly one LIAR-RAW l...
2026-05-12 05:54:54 | INFO | __main__ | eval.py:43 | [EVAL_SAMPLE] idx=1 pred=false gold=pants-fire output=Label: B explain=Ellison used a Koran that once belonged to Thomas Jefferson, borrowing the rare book from the Library of Congress. It goes without saying that Ellison is not Obama. UPDATE: Barack Obama resigned from Trinity United Church of Christ on Ma... prompt=<|im_start|>system
You are a careful fact-checking assistant for LIAR-RAW claims. Classify claims using only the claim and retrieved evidence supplied by the user.<|im_end|>
<|im_start|>user
Classify the claim into exactly one LIAR-RAW l...
2026-05-12 05:54:54 | INFO | __main__ | eval.py:43 | [EVAL_SAMPLE] idx=2 pred=barely-true gold=false output=Label: C explain=However, we have two professors who say the law is silent on political activity -- even if one of them sees an implicit prohibition -- and a plain reading of the law that states no explicit ban. Blumenauer said that "the statute a hundre... prompt=<|im_start|>system
You are a careful fact-checking assistant for LIAR-RAW claims. Classify claims using only the claim and retrieved evidence supplied by the user.<|im_end|>
<|im_start|>user
Classify the claim into exactly one LIAR-RAW l...
2026-05-12 05:54:54 | INFO | __main__ | trainer.py:566 | [eval] step=200 accuracy=0.2539 macro_precision=0.2661 macro_recall=0.2777 macro_f1=0.2481 parse_error_rate=0.0000
2026-05-12 05:54:54 | INFO | __main__ | trainer.py:566 | [eval] per_class:
2026-05-12 05:54:54 | INFO | __main__ | trainer.py:566 |   - barely-true: P=0.2287 R=0.4304 F1=0.2987
2026-05-12 05:54:54 | INFO | __main__ | trainer.py:566 |   - false: P=0.2775 R=0.2031 F1=0.2345
2026-05-12 05:54:54 | INFO | __main__ | trainer.py:566 |   - half-true: P=0.2788 R=0.1179 F1=0.1657
2026-05-12 05:54:54 | INFO | __main__ | trainer.py:566 |   - mostly-true: P=0.3148 R=0.1355 F1=0.1894
2026-05-12 05:54:54 | INFO | __main__ | trainer.py:566 |   - pants-fire: P=0.2443 R=0.4655 F1=0.3205
2026-05-12 05:54:54 | INFO | __main__ | trainer.py:566 |   - true: P=0.2524 R=0.3136 F1=0.2797
2026-05-12 06:03:51 | INFO | __main__ | eval.py:43 | [EVAL_SAMPLE] idx=0 pred=false gold=barely-true output=Label: B explain=Hartzler said, "We have less Americans working now than in the ‘70s." The statistics Hartzler’s staff said she cited show the employment-population ratio and labor force participation rate was indeed higher in 1979 than in 2015. However,... prompt=<|im_start|>system
You are a careful fact-checking assistant for LIAR-RAW claims. Classify claims using only the claim and retrieved evidence supplied by the user.<|im_end|>
<|im_start|>user
Classify the claim into exactly one LIAR-RAW l...
2026-05-12 06:03:51 | INFO | __main__ | eval.py:43 | [EVAL_SAMPLE] idx=0 pred=false gold=barely-true output=Label: B explain=Hartzler said, "We have less Americans working now than in the ‘70s." The statistics Hartzler’s staff said she cited show the employment-population ratio and labor force participation rate was indeed higher in 1979 than in 2015. However,... prompt=<|im_start|>system
You are a careful fact-checking assistant for LIAR-RAW claims. Classify claims using only the claim and retrieved evidence supplied by the user.<|im_end|>
<|im_start|>user
Classify the claim into exactly one LIAR-RAW l...
2026-05-12 06:03:51 | INFO | __main__ | eval.py:43 | [EVAL_SAMPLE] idx=1 pred=false gold=pants-fire output=Label: B explain=Ellison used a Koran that once belonged to Thomas Jefferson, borrowing the rare book from the Library of Congress. It goes without saying that Ellison is not Obama. UPDATE: Barack Obama resigned from Trinity United Church of Christ on Ma... prompt=<|im_start|>system
You are a careful fact-checking assistant for LIAR-RAW claims. Classify claims using only the claim and retrieved evidence supplied by the user.<|im_end|>
<|im_start|>user
Classify the claim into exactly one LIAR-RAW l...
2026-05-12 06:03:51 | INFO | __main__ | eval.py:43 | [EVAL_SAMPLE] idx=1 pred=false gold=pants-fire output=Label: B explain=Ellison used a Koran that once belonged to Thomas Jefferson, borrowing the rare book from the Library of Congress. It goes without saying that Ellison is not Obama. UPDATE: Barack Obama resigned from Trinity United Church of Christ on Ma... prompt=<|im_start|>system
You are a careful fact-checking assistant for LIAR-RAW claims. Classify claims using only the claim and retrieved evidence supplied by the user.<|im_end|>
<|im_start|>user
Classify the claim into exactly one LIAR-RAW l...
2026-05-12 06:03:51 | INFO | __main__ | eval.py:43 | [EVAL_SAMPLE] idx=2 pred=mostly-true gold=false output=Label: E explain=However, we have two professors who say the law is silent on political activity -- even if one of them sees an implicit prohibition -- and a plain reading of the law that states no explicit ban. Blumenauer said that "the statute a hundre... prompt=<|im_start|>system
You are a careful fact-checking assistant for LIAR-RAW claims. Classify claims using only the claim and retrieved evidence supplied by the user.<|im_end|>
<|im_start|>user
Classify the claim into exactly one LIAR-RAW l...
2026-05-12 06:03:51 | INFO | __main__ | trainer.py:566 | [eval] step=250 accuracy=0.2687 macro_precision=0.2730 macro_recall=0.2843 macro_f1=0.2697 parse_error_rate=0.0000
2026-05-12 06:03:51 | INFO | __main__ | trainer.py:566 | [eval] per_class:
2026-05-12 06:03:51 | INFO | __main__ | trainer.py:566 |   - barely-true: P=0.2395 R=0.3122 F1=0.2711
2026-05-12 06:03:51 | INFO | __main__ | trainer.py:566 |   - false: P=0.2730 R=0.3295 F1=0.2986
2026-05-12 06:03:51 | INFO | __main__ | trainer.py:566 |   - half-true: P=0.2420 R=0.1545 F1=0.1886
2026-05-12 06:03:51 | INFO | __main__ | trainer.py:566 |   - mostly-true: P=0.3169 R=0.1793 F1=0.2290
2026-05-12 06:03:51 | INFO | __main__ | trainer.py:566 |   - pants-fire: P=0.2692 R=0.4224 F1=0.3289
2026-05-12 06:03:51 | INFO | __main__ | trainer.py:566 |   - true: P=0.2971 R=0.3077 F1=0.3023
2026-05-12 06:12:43 | INFO | __main__ | eval.py:43 | [EVAL_SAMPLE] idx=0 pred=false gold=barely-true output=Label: B explain=Hartzler said, "We have less Americans working now than in the ‘70s." The statistics Hartzler’s staff said she cited show the employment-population ratio and labor force participation rate was indeed higher in 1979 than in 2015. However,... prompt=<|im_start|>system
You are a careful fact-checking assistant for LIAR-RAW claims. Classify claims using only the claim and retrieved evidence supplied by the user.<|im_end|>
<|im_start|>user
Classify the claim into exactly one LIAR-RAW l...
2026-05-12 06:12:43 | INFO | __main__ | eval.py:43 | [EVAL_SAMPLE] idx=0 pred=false gold=barely-true output=Label: B explain=Hartzler said, "We have less Americans working now than in the ‘70s." The statistics Hartzler’s staff said she cited show the employment-population ratio and labor force participation rate was indeed higher in 1979 than in 2015. However,... prompt=<|im_start|>system
You are a careful fact-checking assistant for LIAR-RAW claims. Classify claims using only the claim and retrieved evidence supplied by the user.<|im_end|>
<|im_start|>user
Classify the claim into exactly one LIAR-RAW l...
2026-05-12 06:12:43 | INFO | __main__ | eval.py:43 | [EVAL_SAMPLE] idx=1 pred=false gold=pants-fire output=Label: B explain=Ellison used a Koran that once belonged to Thomas Jefferson, borrowing the rare book from the Library of Congress. It goes without saying that Ellison is not Obama. UPDATE: Barack Obama resigned from Trinity United Church of Christ on Ma... prompt=<|im_start|>system
You are a careful fact-checking assistant for LIAR-RAW claims. Classify claims using only the claim and retrieved evidence supplied by the user.<|im_end|>
<|im_start|>user
Classify the claim into exactly one LIAR-RAW l...
2026-05-12 06:12:43 | INFO | __main__ | eval.py:43 | [EVAL_SAMPLE] idx=1 pred=false gold=pants-fire output=Label: B explain=Ellison used a Koran that once belonged to Thomas Jefferson, borrowing the rare book from the Library of Congress. It goes without saying that Ellison is not Obama. UPDATE: Barack Obama resigned from Trinity United Church of Christ on Ma... prompt=<|im_start|>system
You are a careful fact-checking assistant for LIAR-RAW claims. Classify claims using only the claim and retrieved evidence supplied by the user.<|im_end|>
<|im_start|>user
Classify the claim into exactly one LIAR-RAW l...
2026-05-12 06:12:43 | INFO | __main__ | eval.py:43 | [EVAL_SAMPLE] idx=2 pred=barely-true gold=false output=Label: C explain=However, we have two professors who say the law is silent on political activity -- even if one of them sees an implicit prohibition -- and a plain reading of the law that states no explicit ban. Blumenauer said that "the statute a hundre... prompt=<|im_start|>system
You are a careful fact-checking assistant for LIAR-RAW claims. Classify claims using only the claim and retrieved evidence supplied by the user.<|im_end|>
<|im_start|>user
Classify the claim into exactly one LIAR-RAW l...
2026-05-12 06:12:43 | INFO | __main__ | trainer.py:566 | [eval] step=300 accuracy=0.2750 macro_precision=0.2823 macro_recall=0.2884 macro_f1=0.2748 parse_error_rate=0.0000
2026-05-12 06:12:43 | INFO | __main__ | trainer.py:566 | [eval] per_class:
2026-05-12 06:12:43 | INFO | __main__ | trainer.py:566 |   - barely-true: P=0.2281 R=0.3080 F1=0.2621
2026-05-12 06:12:43 | INFO | __main__ | trainer.py:566 |   - false: P=0.2816 R=0.3755 F1=0.3218
2026-05-12 06:12:43 | INFO | __main__ | trainer.py:566 |   - half-true: P=0.2571 R=0.1463 F1=0.1865
2026-05-12 06:12:43 | INFO | __main__ | trainer.py:566 |   - mostly-true: P=0.3333 R=0.1793 F1=0.2332
2026-05-12 06:12:43 | INFO | __main__ | trainer.py:566 |   - pants-fire: P=0.2840 R=0.4138 F1=0.3368
2026-05-12 06:12:43 | INFO | __main__ | trainer.py:566 |   - true: P=0.3095 R=0.3077 F1=0.3086
2026-05-12 06:21:47 | INFO | __main__ | eval.py:43 | [EVAL_SAMPLE] idx=0 pred=false gold=barely-true output=Label: B explain=Hartzler said, "We have less Americans working now than in the ‘70s." The statistics Hartzler’s staff said she cited show the employment-population ratio and labor force participation rate was indeed higher in 1979 than in 2015. However,... prompt=<|im_start|>system
You are a careful fact-checking assistant for LIAR-RAW claims. Classify claims using only the claim and retrieved evidence supplied by the user.<|im_end|>
<|im_start|>user
Classify the claim into exactly one LIAR-RAW l...
2026-05-12 06:21:47 | INFO | __main__ | eval.py:43 | [EVAL_SAMPLE] idx=0 pred=false gold=barely-true output=Label: B explain=Hartzler said, "We have less Americans working now than in the ‘70s." The statistics Hartzler’s staff said she cited show the employment-population ratio and labor force participation rate was indeed higher in 1979 than in 2015. However,... prompt=<|im_start|>system
You are a careful fact-checking assistant for LIAR-RAW claims. Classify claims using only the claim and retrieved evidence supplied by the user.<|im_end|>
<|im_start|>user
Classify the claim into exactly one LIAR-RAW l...
2026-05-12 06:21:47 | INFO | __main__ | eval.py:43 | [EVAL_SAMPLE] idx=1 pred=false gold=pants-fire output=Label: B explain=Ellison used a Koran that once belonged to Thomas Jefferson, borrowing the rare book from the Library of Congress. It goes without saying that Ellison is not Obama. UPDATE: Barack Obama resigned from Trinity United Church of Christ on Ma... prompt=<|im_start|>system
You are a careful fact-checking assistant for LIAR-RAW claims. Classify claims using only the claim and retrieved evidence supplied by the user.<|im_end|>
<|im_start|>user
Classify the claim into exactly one LIAR-RAW l...
2026-05-12 06:21:47 | INFO | __main__ | eval.py:43 | [EVAL_SAMPLE] idx=1 pred=false gold=pants-fire output=Label: B explain=Ellison used a Koran that once belonged to Thomas Jefferson, borrowing the rare book from the Library of Congress. It goes without saying that Ellison is not Obama. UPDATE: Barack Obama resigned from Trinity United Church of Christ on Ma... prompt=<|im_start|>system
You are a careful fact-checking assistant for LIAR-RAW claims. Classify claims using only the claim and retrieved evidence supplied by the user.<|im_end|>
<|im_start|>user
Classify the claim into exactly one LIAR-RAW l...
2026-05-12 06:21:47 | INFO | __main__ | eval.py:43 | [EVAL_SAMPLE] idx=2 pred=mostly-true gold=false output=Label: E explain=However, we have two professors who say the law is silent on political activity -- even if one of them sees an implicit prohibition -- and a plain reading of the law that states no explicit ban. Blumenauer said that "the statute a hundre... prompt=<|im_start|>system
You are a careful fact-checking assistant for LIAR-RAW claims. Classify claims using only the claim and retrieved evidence supplied by the user.<|im_end|>
<|im_start|>user
Classify the claim into exactly one LIAR-RAW l...
2026-05-12 06:21:47 | INFO | __main__ | trainer.py:566 | [eval] step=350 accuracy=0.2867 macro_precision=0.2958 macro_recall=0.2988 macro_f1=0.2856 parse_error_rate=0.0000
2026-05-12 06:21:47 | INFO | __main__ | trainer.py:566 | [eval] per_class:
2026-05-12 06:21:47 | INFO | __main__ | trainer.py:566 |   - barely-true: P=0.2574 R=0.3291 F1=0.2889
2026-05-12 06:21:47 | INFO | __main__ | trainer.py:566 |   - false: P=0.2730 R=0.3755 F1=0.3161
2026-05-12 06:21:47 | INFO | __main__ | trainer.py:566 |   - half-true: P=0.2815 R=0.1545 F1=0.1995
2026-05-12 06:21:47 | INFO | __main__ | trainer.py:566 |   - mostly-true: P=0.3750 R=0.2032 F1=0.2636
2026-05-12 06:21:47 | INFO | __main__ | trainer.py:566 |   - pants-fire: P=0.2701 R=0.4052 F1=0.3241
2026-05-12 06:21:47 | INFO | __main__ | trainer.py:566 |   - true: P=0.3179 R=0.3254 F1=0.3216
2026-05-12 06:30:49 | INFO | __main__ | eval.py:43 | [EVAL_SAMPLE] idx=0 pred=pants-fire gold=barely-true output=Label: A explain=Hartzler said, "We have less Americans working now than in the ‘70s." The statistics Hartzler’s staff said she cited show the employment-population ratio and labor force participation rate was indeed higher in 1979 than in 2015. However,... prompt=<|im_start|>system
You are a careful fact-checking assistant for LIAR-RAW claims. Classify claims using only the claim and retrieved evidence supplied by the user.<|im_end|>
<|im_start|>user
Classify the claim into exactly one LIAR-RAW l...
2026-05-12 06:30:49 | INFO | __main__ | eval.py:43 | [EVAL_SAMPLE] idx=0 pred=false gold=barely-true output=Label: B explain=Hartzler said, "We have less Americans working now than in the ‘70s." The statistics Hartzler’s staff said she cited show the employment-population ratio and labor force participation rate was indeed higher in 1979 than in 2015. However,... prompt=<|im_start|>system
You are a careful fact-checking assistant for LIAR-RAW claims. Classify claims using only the claim and retrieved evidence supplied by the user.<|im_end|>
<|im_start|>user
Classify the claim into exactly one LIAR-RAW l...
2026-05-12 06:30:49 | INFO | __main__ | eval.py:43 | [EVAL_SAMPLE] idx=1 pred=false gold=pants-fire output=Label: B explain=Ellison used a Koran that once belonged to Thomas Jefferson, borrowing the rare book from the Library of Congress. It goes without saying that Ellison is not Obama. UPDATE: Barack Obama resigned from Trinity United Church of Christ on Ma... prompt=<|im_start|>system
You are a careful fact-checking assistant for LIAR-RAW claims. Classify claims using only the claim and retrieved evidence supplied by the user.<|im_end|>
<|im_start|>user
Classify the claim into exactly one LIAR-RAW l...
2026-05-12 06:30:49 | INFO | __main__ | eval.py:43 | [EVAL_SAMPLE] idx=1 pred=false gold=pants-fire output=Label: B explain=Ellison used a Koran that once belonged to Thomas Jefferson, borrowing the rare book from the Library of Congress. It goes without saying that Ellison is not Obama. UPDATE: Barack Obama resigned from Trinity United Church of Christ on Ma... prompt=<|im_start|>system
You are a careful fact-checking assistant for LIAR-RAW claims. Classify claims using only the claim and retrieved evidence supplied by the user.<|im_end|>
<|im_start|>user
Classify the claim into exactly one LIAR-RAW l...
2026-05-12 06:30:49 | INFO | __main__ | eval.py:43 | [EVAL_SAMPLE] idx=2 pred=barely-true gold=false output=Label: C explain=However, we have two professors who say the law is silent on political activity -- even if one of them sees an implicit prohibition -- and a plain reading of the law that states no explicit ban. Blumenauer said that "the statute a hundre... prompt=<|im_start|>system
You are a careful fact-checking assistant for LIAR-RAW claims. Classify claims using only the claim and retrieved evidence supplied by the user.<|im_end|>
<|im_start|>user
Classify the claim into exactly one LIAR-RAW l...
2026-05-12 06:30:49 | INFO | __main__ | trainer.py:566 | [eval] step=400 accuracy=0.2734 macro_precision=0.2777 macro_recall=0.2937 macro_f1=0.2722 parse_error_rate=0.0000
2026-05-12 06:30:49 | INFO | __main__ | trainer.py:566 | [eval] per_class:
2026-05-12 06:30:49 | INFO | __main__ | trainer.py:566 |   - barely-true: P=0.2355 R=0.2574 F1=0.2460
2026-05-12 06:30:49 | INFO | __main__ | trainer.py:566 |   - false: P=0.2759 R=0.3678 F1=0.3153
2026-05-12 06:30:49 | INFO | __main__ | trainer.py:566 |   - half-true: P=0.2578 R=0.1341 F1=0.1765
2026-05-12 06:30:49 | INFO | __main__ | trainer.py:566 |   - mostly-true: P=0.3514 R=0.2072 F1=0.2607
2026-05-12 06:30:49 | INFO | __main__ | trainer.py:566 |   - pants-fire: P=0.2661 R=0.5000 F1=0.3473
2026-05-12 06:30:49 | INFO | __main__ | trainer.py:566 |   - true: P=0.2793 R=0.2959 F1=0.2874
2026-05-12 06:39:54 | INFO | __main__ | eval.py:43 | [EVAL_SAMPLE] idx=0 pred=false gold=barely-true output=Label: B explain=Hartzler said, "We have less Americans working now than in the ‘70s." The statistics Hartzler’s staff said she cited show the employment-population ratio and labor force participation rate was indeed higher in 1979 than in 2015. However,... prompt=<|im_start|>system
You are a careful fact-checking assistant for LIAR-RAW claims. Classify claims using only the claim and retrieved evidence supplied by the user.<|im_end|>
<|im_start|>user
Classify the claim into exactly one LIAR-RAW l...
2026-05-12 06:39:54 | INFO | __main__ | eval.py:43 | [EVAL_SAMPLE] idx=0 pred=false gold=barely-true output=Label: B explain=Hartzler said, "We have less Americans working now than in the ‘70s." The statistics Hartzler’s staff said she cited show the employment-population ratio and labor force participation rate was indeed higher in 1979 than in 2015. However,... prompt=<|im_start|>system
You are a careful fact-checking assistant for LIAR-RAW claims. Classify claims using only the claim and retrieved evidence supplied by the user.<|im_end|>
<|im_start|>user
Classify the claim into exactly one LIAR-RAW l...
2026-05-12 06:39:54 | INFO | __main__ | eval.py:43 | [EVAL_SAMPLE] idx=1 pred=false gold=pants-fire output=Label: B explain=Ellison used a Koran that once belonged to Thomas Jefferson, borrowing the rare book from the Library of Congress. It goes without saying that Ellison is not Obama. UPDATE: Barack Obama resigned from Trinity United Church of Christ on Ma... prompt=<|im_start|>system
You are a careful fact-checking assistant for LIAR-RAW claims. Classify claims using only the claim and retrieved evidence supplied by the user.<|im_end|>
<|im_start|>user
Classify the claim into exactly one LIAR-RAW l...
2026-05-12 06:39:54 | INFO | __main__ | eval.py:43 | [EVAL_SAMPLE] idx=1 pred=false gold=pants-fire output=Label: B explain=Ellison used a Koran that once belonged to Thomas Jefferson, borrowing the rare book from the Library of Congress. It goes without saying that Ellison is not Obama. UPDATE: Barack Obama resigned from Trinity United Church of Christ on Ma... prompt=<|im_start|>system
You are a careful fact-checking assistant for LIAR-RAW claims. Classify claims using only the claim and retrieved evidence supplied by the user.<|im_end|>
<|im_start|>user
Classify the claim into exactly one LIAR-RAW l...
2026-05-12 06:39:54 | INFO | __main__ | eval.py:43 | [EVAL_SAMPLE] idx=2 pred=barely-true gold=false output=Label: C explain=However, we have two professors who say the law is silent on political activity -- even if one of them sees an implicit prohibition -- and a plain reading of the law that states no explicit ban. Blumenauer said that "the statute a hundre... prompt=<|im_start|>system
You are a careful fact-checking assistant for LIAR-RAW claims. Classify claims using only the claim and retrieved evidence supplied by the user.<|im_end|>
<|im_start|>user
Classify the claim into exactly one LIAR-RAW l...
2026-05-12 06:39:54 | INFO | __main__ | trainer.py:566 | [eval] step=450 accuracy=0.2617 macro_precision=0.2892 macro_recall=0.2973 macro_f1=0.2473 parse_error_rate=0.0000
2026-05-12 06:39:54 | INFO | __main__ | trainer.py:566 | [eval] per_class:
2026-05-12 06:39:54 | INFO | __main__ | trainer.py:566 |   - barely-true: P=0.2428 R=0.4641 F1=0.3188
2026-05-12 06:39:54 | INFO | __main__ | trainer.py:566 |   - false: P=0.2909 R=0.1226 F1=0.1725
2026-05-12 06:39:54 | INFO | __main__ | trainer.py:566 |   - half-true: P=0.3636 R=0.0813 F1=0.1329
2026-05-12 06:39:54 | INFO | __main__ | trainer.py:566 |   - mostly-true: P=0.3514 R=0.1554 F1=0.2155
2026-05-12 06:39:54 | INFO | __main__ | trainer.py:566 |   - pants-fire: P=0.2431 R=0.5345 F1=0.3342
2026-05-12 06:39:54 | INFO | __main__ | trainer.py:566 |   - true: P=0.2432 R=0.4260 F1=0.3097
2026-05-12 06:48:51 | INFO | __main__ | eval.py:43 | [EVAL_SAMPLE] idx=0 pred=false gold=barely-true output=Label: B explain=Hartzler said, "We have less Americans working now than in the ‘70s." The statistics Hartzler’s staff said she cited show the employment-population ratio and labor force participation rate was indeed higher in 1979 than in 2015. However,... prompt=<|im_start|>system
You are a careful fact-checking assistant for LIAR-RAW claims. Classify claims using only the claim and retrieved evidence supplied by the user.<|im_end|>
<|im_start|>user
Classify the claim into exactly one LIAR-RAW l...
2026-05-12 06:48:51 | INFO | __main__ | eval.py:43 | [EVAL_SAMPLE] idx=0 pred=false gold=barely-true output=Label: B explain=Hartzler said, "We have less Americans working now than in the ‘70s." The statistics Hartzler’s staff said she cited show the employment-population ratio and labor force participation rate was indeed higher in 1979 than in 2015. However,... prompt=<|im_start|>system
You are a careful fact-checking assistant for LIAR-RAW claims. Classify claims using only the claim and retrieved evidence supplied by the user.<|im_end|>
<|im_start|>user
Classify the claim into exactly one LIAR-RAW l...
2026-05-12 06:48:51 | INFO | __main__ | eval.py:43 | [EVAL_SAMPLE] idx=1 pred=pants-fire gold=pants-fire output=Label: A explain=Ellison used a Koran that once belonged to Thomas Jefferson, borrowing the rare book from the Library of Congress. It goes without saying that Ellison is not Obama. UPDATE: Barack Obama resigned from Trinity United Church of Christ on Ma... prompt=<|im_start|>system
You are a careful fact-checking assistant for LIAR-RAW claims. Classify claims using only the claim and retrieved evidence supplied by the user.<|im_end|>
<|im_start|>user
Classify the claim into exactly one LIAR-RAW l...
2026-05-12 06:48:51 | INFO | __main__ | eval.py:43 | [EVAL_SAMPLE] idx=1 pred=pants-fire gold=pants-fire output=Label: A explain=Ellison used a Koran that once belonged to Thomas Jefferson, borrowing the rare book from the Library of Congress. It goes without saying that Ellison is not Obama. UPDATE: Barack Obama resigned from Trinity United Church of Christ on Ma... prompt=<|im_start|>system
You are a careful fact-checking assistant for LIAR-RAW claims. Classify claims using only the claim and retrieved evidence supplied by the user.<|im_end|>
<|im_start|>user
Classify the claim into exactly one LIAR-RAW l...
2026-05-12 06:48:51 | INFO | __main__ | eval.py:43 | [EVAL_SAMPLE] idx=2 pred=barely-true gold=false output=Label: C explain=However, we have two professors who say the law is silent on political activity -- even if one of them sees an implicit prohibition -- and a plain reading of the law that states no explicit ban. Blumenauer said that "the statute a hundre... prompt=<|im_start|>system
You are a careful fact-checking assistant for LIAR-RAW claims. Classify claims using only the claim and retrieved evidence supplied by the user.<|im_end|>
<|im_start|>user
Classify the claim into exactly one LIAR-RAW l...
2026-05-12 06:48:51 | INFO | __main__ | trainer.py:566 | [eval] step=500 accuracy=0.2734 macro_precision=0.3046 macro_recall=0.3187 macro_f1=0.2689 parse_error_rate=0.0000
2026-05-12 06:48:51 | INFO | __main__ | trainer.py:566 | [eval] per_class:
2026-05-12 06:48:51 | INFO | __main__ | trainer.py:566 |   - barely-true: P=0.2365 R=0.3502 F1=0.2823
2026-05-12 06:48:51 | INFO | __main__ | trainer.py:566 |   - false: P=0.2704 R=0.1648 F1=0.2048
2026-05-12 06:48:51 | INFO | __main__ | trainer.py:566 |   - half-true: P=0.3333 R=0.1341 F1=0.1913
2026-05-12 06:48:51 | INFO | __main__ | trainer.py:566 |   - mostly-true: P=0.4725 R=0.1713 F1=0.2515
2026-05-12 06:48:51 | INFO | __main__ | trainer.py:566 |   - pants-fire: P=0.2417 R=0.6897 F1=0.3579
2026-05-12 06:48:51 | INFO | __main__ | trainer.py:566 |   - true: P=0.2731 R=0.4024 F1=0.3254
2026-05-12 06:57:47 | INFO | __main__ | eval.py:43 | [EVAL_SAMPLE] idx=0 pred=mostly-true gold=barely-true output=Label: E explain=Hartzler said, "We have less Americans working now than in the ‘70s." The statistics Hartzler’s staff said she cited show the employment-population ratio and labor force participation rate was indeed higher in 1979 than in 2015. However,... prompt=<|im_start|>system
You are a careful fact-checking assistant for LIAR-RAW claims. Classify claims using only the claim and retrieved evidence supplied by the user.<|im_end|>
<|im_start|>user
Classify the claim into exactly one LIAR-RAW l...
2026-05-12 06:57:47 | INFO | __main__ | eval.py:43 | [EVAL_SAMPLE] idx=0 pred=mostly-true gold=barely-true output=Label: E explain=Hartzler said, "We have less Americans working now than in the ‘70s." The statistics Hartzler’s staff said she cited show the employment-population ratio and labor force participation rate was indeed higher in 1979 than in 2015. However,... prompt=<|im_start|>system
You are a careful fact-checking assistant for LIAR-RAW claims. Classify claims using only the claim and retrieved evidence supplied by the user.<|im_end|>
<|im_start|>user
Classify the claim into exactly one LIAR-RAW l...
2026-05-12 06:57:47 | INFO | __main__ | eval.py:43 | [EVAL_SAMPLE] idx=1 pred=false gold=pants-fire output=Label: B explain=Ellison used a Koran that once belonged to Thomas Jefferson, borrowing the rare book from the Library of Congress. It goes without saying that Ellison is not Obama. UPDATE: Barack Obama resigned from Trinity United Church of Christ on Ma... prompt=<|im_start|>system
You are a careful fact-checking assistant for LIAR-RAW claims. Classify claims using only the claim and retrieved evidence supplied by the user.<|im_end|>
<|im_start|>user
Classify the claim into exactly one LIAR-RAW l...
2026-05-12 06:57:47 | INFO | __main__ | eval.py:43 | [EVAL_SAMPLE] idx=1 pred=false gold=pants-fire output=Label: B explain=Ellison used a Koran that once belonged to Thomas Jefferson, borrowing the rare book from the Library of Congress. It goes without saying that Ellison is not Obama. UPDATE: Barack Obama resigned from Trinity United Church of Christ on Ma... prompt=<|im_start|>system
You are a careful fact-checking assistant for LIAR-RAW claims. Classify claims using only the claim and retrieved evidence supplied by the user.<|im_end|>
<|im_start|>user
Classify the claim into exactly one LIAR-RAW l...
2026-05-12 06:57:47 | INFO | __main__ | eval.py:43 | [EVAL_SAMPLE] idx=2 pred=mostly-true gold=false output=Label: E explain=However, we have two professors who say the law is silent on political activity -- even if one of them sees an implicit prohibition -- and a plain reading of the law that states no explicit ban. Blumenauer said that "the statute a hundre... prompt=<|im_start|>system
You are a careful fact-checking assistant for LIAR-RAW claims. Classify claims using only the claim and retrieved evidence supplied by the user.<|im_end|>
<|im_start|>user
Classify the claim into exactly one LIAR-RAW l...
2026-05-12 06:57:47 | INFO | __main__ | trainer.py:566 | [eval] step=550 accuracy=0.2898 macro_precision=0.3076 macro_recall=0.3122 macro_f1=0.2731 parse_error_rate=0.0000
2026-05-12 06:57:47 | INFO | __main__ | trainer.py:566 | [eval] per_class:
2026-05-12 06:57:47 | INFO | __main__ | trainer.py:566 |   - barely-true: P=0.2588 R=0.4051 F1=0.3158
2026-05-12 06:57:47 | INFO | __main__ | trainer.py:566 |   - false: P=0.3178 R=0.1303 F1=0.1848
2026-05-12 06:57:47 | INFO | __main__ | trainer.py:566 |   - half-true: P=0.3824 R=0.0528 F1=0.0929
2026-05-12 06:57:47 | INFO | __main__ | trainer.py:566 |   - mostly-true: P=0.3023 R=0.4661 F1=0.3668
2026-05-12 06:57:47 | INFO | __main__ | trainer.py:566 |   - pants-fire: P=0.3243 R=0.5172 F1=0.3987
2026-05-12 06:57:47 | INFO | __main__ | trainer.py:566 |   - true: P=0.2602 R=0.3018 F1=0.2795
2026-05-12 07:06:45 | INFO | __main__ | eval.py:43 | [EVAL_SAMPLE] idx=0 pred=false gold=barely-true output=Label: B explain=Hartzler said, "We have less Americans working now than in the ‘70s." The statistics Hartzler’s staff said she cited show the employment-population ratio and labor force participation rate was indeed higher in 1979 than in 2015. However,... prompt=<|im_start|>system
You are a careful fact-checking assistant for LIAR-RAW claims. Classify claims using only the claim and retrieved evidence supplied by the user.<|im_end|>
<|im_start|>user
Classify the claim into exactly one LIAR-RAW l...
2026-05-12 07:06:45 | INFO | __main__ | eval.py:43 | [EVAL_SAMPLE] idx=0 pred=false gold=barely-true output=Label: B explain=Hartzler said, "We have less Americans working now than in the ‘70s." The statistics Hartzler’s staff said she cited show the employment-population ratio and labor force participation rate was indeed higher in 1979 than in 2015. However,... prompt=<|im_start|>system
You are a careful fact-checking assistant for LIAR-RAW claims. Classify claims using only the claim and retrieved evidence supplied by the user.<|im_end|>
<|im_start|>user
Classify the claim into exactly one LIAR-RAW l...
2026-05-12 07:06:45 | INFO | __main__ | eval.py:43 | [EVAL_SAMPLE] idx=1 pred=false gold=pants-fire output=Label: B explain=Ellison used a Koran that once belonged to Thomas Jefferson, borrowing the rare book from the Library of Congress. It goes without saying that Ellison is not Obama. UPDATE: Barack Obama resigned from Trinity United Church of Christ on Ma... prompt=<|im_start|>system
You are a careful fact-checking assistant for LIAR-RAW claims. Classify claims using only the claim and retrieved evidence supplied by the user.<|im_end|>
<|im_start|>user
Classify the claim into exactly one LIAR-RAW l...
2026-05-12 07:06:45 | INFO | __main__ | eval.py:43 | [EVAL_SAMPLE] idx=1 pred=false gold=pants-fire output=Label: B explain=Ellison used a Koran that once belonged to Thomas Jefferson, borrowing the rare book from the Library of Congress. It goes without saying that Ellison is not Obama. UPDATE: Barack Obama resigned from Trinity United Church of Christ on Ma... prompt=<|im_start|>system
You are a careful fact-checking assistant for LIAR-RAW claims. Classify claims using only the claim and retrieved evidence supplied by the user.<|im_end|>
<|im_start|>user
Classify the claim into exactly one LIAR-RAW l...
2026-05-12 07:06:45 | INFO | __main__ | eval.py:43 | [EVAL_SAMPLE] idx=2 pred=barely-true gold=false output=Label: C explain=However, we have two professors who say the law is silent on political activity -- even if one of them sees an implicit prohibition -- and a plain reading of the law that states no explicit ban. Blumenauer said that "the statute a hundre... prompt=<|im_start|>system
You are a careful fact-checking assistant for LIAR-RAW claims. Classify claims using only the claim and retrieved evidence supplied by the user.<|im_end|>
<|im_start|>user
Classify the claim into exactly one LIAR-RAW l...
2026-05-12 07:06:45 | INFO | __main__ | trainer.py:566 | [eval] step=600 accuracy=0.2969 macro_precision=0.3222 macro_recall=0.2920 macro_f1=0.2895 parse_error_rate=0.0000
2026-05-12 07:06:45 | INFO | __main__ | trainer.py:566 | [eval] per_class:
2026-05-12 07:06:45 | INFO | __main__ | trainer.py:566 |   - barely-true: P=0.2410 R=0.5063 F1=0.3265
2026-05-12 07:06:45 | INFO | __main__ | trainer.py:566 |   - false: P=0.3255 R=0.2644 F1=0.2918
2026-05-12 07:06:45 | INFO | __main__ | trainer.py:566 |   - half-true: P=0.2814 R=0.2642 F1=0.2725
2026-05-12 07:06:45 | INFO | __main__ | trainer.py:566 |   - mostly-true: P=0.3820 R=0.2709 F1=0.3170
2026-05-12 07:06:45 | INFO | __main__ | trainer.py:566 |   - pants-fire: P=0.3958 R=0.3276 F1=0.3585
2026-05-12 07:06:45 | INFO | __main__ | trainer.py:566 |   - true: P=0.3077 R=0.1183 F1=0.1709
