$ accelerate launch --num_processes=4 --num_machines=1 --mixed_precision=bf16 --use_deepspeed --deepspeed_config_file /data/liaozijie/fact-checking/configs/deepspeed_zero2.json -m sft.trainer --config /data/liaozijie/fact-checking/outputs/runs/mmr_lambda_sweep_1024/build.retrieval.mmr_lambda-0.1__3cbad3b1/configs/train.resolved.yaml

The following values were not passed to `accelerate launch` and had defaults used instead:
		More than one GPU was found, enabling multi-GPU training.
		If this was unintended please pass in `--num_processes=1`.
	`--dynamo_backend` was set to a value of `'no'`
To avoid this warning pass in values for each of the problematic parameters or run `accelerate config`.
W0511 16:28:05.596000 398951 site-packages/torch/distributed/run.py:792] 
W0511 16:28:05.596000 398951 site-packages/torch/distributed/run.py:792] *****************************************
W0511 16:28:05.596000 398951 site-packages/torch/distributed/run.py:792] Setting OMP_NUM_THREADS environment variable for each process to be 1 in default, to avoid your system being overloaded, please further tune the variable for optimal performance in your application as needed. 
W0511 16:28:05.596000 398951 site-packages/torch/distributed/run.py:792] *****************************************
[RANK 0] Detected kernel version 4.18.0, which is below the recommended minimum of 5.5.0; this can cause the process to hang. It is recommended to upgrade the kernel to the minimum version or higher.
swanlab: swanlab version 0.7.17 is available!  Upgrade: `pip install -U swanlab`
swanlab: Tracking run with swanlab version 0.7.16
swanlab: Run data will be saved locally in /data/liaozijie/fact-checking/swanlog/run-20260511_162821-z6nsnkps68276ofhnh8el
swanlab: 👋 Hi fenglin,welcome to swanlab!
swanlab: Syncing run mmr_lambda_sweep_1024__build.retrieval.mmr_lambda-0.1 to the cloud
swanlab: 🏠 View project at https://swanlab.cn/@fenglin/fact-checking-build-train-infer
swanlab: 🚀 View run at https://swanlab.cn/@fenglin/fact-checking-build-train-infer/runs/z6nsnkps68276ofhnh8el
2026-05-11 16:28:26 | INFO | __main__ | trainer.py:207 | [INFO] saved resolved config to /data/liaozijie/fact-checking/outputs/runs/mmr_lambda_sweep_1024/build.retrieval.mmr_lambda-0.1__3cbad3b1/train/config.resolved.yaml
2026-05-11 16:28:27 | INFO | __main__ | stats.py:59 | [PROMPT_STATS] split=train pre_mean=765.29 pre_p95=984 pre_overflow=0 post_mean=765.29 post_p95=984 post_overflow=0 truncated=494 trunc_rate=0.0491
2026-05-11 16:28:27 | INFO | __main__ | stats.py:59 | [PROMPT_STATS] split=val pre_mean=775.68 pre_p95=972 pre_overflow=0 post_mean=775.68 post_p95=972 post_overflow=0 truncated=53 trunc_rate=0.0416
2026-05-11 16:28:27 | INFO | __main__ | trainer.py:269 | [INFO] prompt statistics saved to /data/liaozijie/fact-checking/outputs/runs/mmr_lambda_sweep_1024/build.retrieval.mmr_lambda-0.1__3cbad3b1/train/prompt_stats/prompt_stats.json

Loading checkpoint shards:   0%|          | 0/4 [00:00<?, ?it/s]
Loading checkpoint shards:   0%|          | 0/4 [00:00<?, ?it/s]
Loading checkpoint shards:   0%|          | 0/4 [00:00<?, ?it/s]
Loading checkpoint shards:   0%|          | 0/4 [00:00<?, ?it/s]
Loading checkpoint shards: 100%|██████████| 4/4 [00:00<00:00, 102.30it/s]

Loading checkpoint shards: 100%|██████████| 4/4 [00:00<00:00, 105.34it/s]

Loading checkpoint shards: 100%|██████████| 4/4 [00:00<00:00, 107.21it/s]

Loading checkpoint shards: 100%|██████████| 4/4 [00:00<00:00, 103.52it/s]
2026-05-11 16:28:27 | INFO | __main__ | adapters.py:97 | [INFO] LoRA enabled: trainable parameters=40370176 / 7655986688 (0.5273%), r=16, alpha=32
2026-05-11 16:28:29 | INFO | __main__ | trainer.py:359 | [INFO] Optimizer will update LoRA/trainable parameters only.
2026-05-11 16:28:36 | INFO | __main__ | trainer.py:390 | [INFO] dataloader length around accelerator.prepare: before=2516, after=629
2026-05-11 16:28:36 | WARNING | __main__ | trainer.py:396 | [WARN] len(train_dl) changed after accelerator.prepare: before=2516, after=629. This may indicate duplicated sharding/re-partitioning across distributed samplers.
2026-05-11 16:28:36 | INFO | __main__ | trainer.py:413 | [INFO] train progress setup (post-prepare): num_epochs=2, len(train_dl)=629, effective_grad_accum_steps=2, update_steps_per_epoch=315, max_train_steps=630
2026-05-11 16:28:36 | INFO | __main__ | trainer.py:122 | [INFO] logit_adjust enabled: tau=1.000 priors=['0.0807', '0.1945', '0.1601', '0.2074', '0.1937', '0.1636'] letters=[362, 425, 356, 422, 468, 434] prefix=[2476, 25]
2026-05-11 16:28:36 | INFO | __main__ | trainer.py:434 | [INFO] logit_adjust config saved to /data/liaozijie/fact-checking/outputs/runs/mmr_lambda_sweep_1024/build.retrieval.mmr_lambda-0.1__3cbad3b1/train/logit_adjust.json

  0%|          | 0/630 [00:00<?, ?it/s]
  0%|          | 1/630 [00:07<1:22:51,  7.90s/it]
  0%|          | 2/630 [00:13<1:11:00,  6.78s/it]
  0%|          | 3/630 [00:19<1:05:24,  6.26s/it]
  1%|          | 4/630 [00:24<58:29,  5.61s/it]  
  1%|          | 5/630 [00:29<55:51,  5.36s/it]
  1%|          | 6/630 [00:33<50:47,  4.88s/it]
  1%|          | 7/630 [00:39<55:55,  5.39s/it]
  1%|▏         | 8/630 [00:45<58:34,  5.65s/it]
  1%|▏         | 9/630 [00:51<58:57,  5.70s/it]
  2%|▏         | 10/630 [00:56<57:04,  5.52s/it]
  2%|▏         | 11/630 [01:01<53:38,  5.20s/it]
  2%|▏         | 12/630 [01:05<52:05,  5.06s/it]
  2%|▏         | 13/630 [01:10<50:39,  4.93s/it]
  2%|▏         | 14/630 [01:16<54:03,  5.27s/it]
  2%|▏         | 15/630 [01:22<55:29,  5.41s/it]
  3%|▎         | 16/630 [01:28<57:38,  5.63s/it]
  3%|▎         | 17/630 [01:34<57:57,  5.67s/it]
  3%|▎         | 18/630 [01:38<55:20,  5.42s/it]
  3%|▎         | 19/630 [01:44<54:47,  5.38s/it]
  3%|▎         | 20/630 [01:50<56:36,  5.57s/it]
  3%|▎         | 21/630 [01:55<55:21,  5.45s/it]
  3%|▎         | 22/630 [02:01<55:43,  5.50s/it]
  4%|▎         | 23/630 [02:06<55:13,  5.46s/it]
  4%|▍         | 24/630 [02:11<54:19,  5.38s/it]
  4%|▍         | 25/630 [02:15<50:03,  4.96s/it]
  4%|▍         | 26/630 [02:21<53:57,  5.36s/it]
  4%|▍         | 27/630 [02:27<55:44,  5.55s/it]
  4%|▍         | 28/630 [02:33<55:43,  5.55s/it]
  5%|▍         | 29/630 [02:38<54:50,  5.48s/it]
  5%|▍         | 30/630 [02:43<51:57,  5.20s/it]
  5%|▍         | 31/630 [02:48<51:08,  5.12s/it]
  5%|▌         | 32/630 [02:54<55:19,  5.55s/it]
  5%|▌         | 33/630 [03:01<57:26,  5.77s/it]
  5%|▌         | 34/630 [03:06<57:37,  5.80s/it]
  6%|▌         | 35/630 [03:12<57:42,  5.82s/it]
  6%|▌         | 36/630 [03:17<55:30,  5.61s/it]
  6%|▌         | 37/630 [03:22<51:23,  5.20s/it]
  6%|▌         | 38/630 [03:27<52:28,  5.32s/it]
  6%|▌         | 39/630 [03:34<55:10,  5.60s/it]
  6%|▋         | 40/630 [03:39<55:43,  5.67s/it]
  7%|▋         | 41/630 [03:45<54:21,  5.54s/it]
  7%|▋         | 42/630 [03:49<50:55,  5.20s/it]
  7%|▋         | 43/630 [03:54<50:12,  5.13s/it]
  7%|▋         | 44/630 [04:00<51:22,  5.26s/it]
  7%|▋         | 45/630 [04:06<54:55,  5.63s/it]
  7%|▋         | 46/630 [04:12<55:44,  5.73s/it]
  7%|▋         | 47/630 [04:17<54:34,  5.62s/it]
  8%|▊         | 48/630 [04:22<51:21,  5.29s/it]
  8%|▊         | 49/630 [04:27<50:52,  5.25s/it]
  8%|▊         | 50/630 [04:32<48:53,  5.06s/it]
  8%|▊         | 51/630 [04:38<52:08,  5.40s/it]
  8%|▊         | 52/630 [04:44<54:11,  5.63s/it]
  8%|▊         | 53/630 [04:49<53:01,  5.51s/it]
  9%|▊         | 54/630 [04:55<52:24,  5.46s/it]
  9%|▊         | 55/630 [05:00<50:49,  5.30s/it]
  9%|▉         | 56/630 [05:04<47:11,  4.93s/it]
  9%|▉         | 57/630 [05:10<50:44,  5.31s/it]
  9%|▉         | 58/630 [05:16<51:51,  5.44s/it]
  9%|▉         | 59/630 [05:21<51:45,  5.44s/it]
 10%|▉         | 60/630 [05:26<49:59,  5.26s/it]
 10%|▉         | 61/630 [05:31<49:44,  5.24s/it]
 10%|▉         | 62/630 [05:36<48:40,  5.14s/it]
 10%|█         | 63/630 [05:41<47:46,  5.06s/it]
 10%|█         | 64/630 [05:47<50:30,  5.35s/it]
 10%|█         | 65/630 [05:53<51:37,  5.48s/it]
 10%|█         | 66/630 [05:58<51:57,  5.53s/it]
 11%|█         | 67/630 [06:03<51:06,  5.45s/it]
 11%|█         | 68/630 [06:08<48:04,  5.13s/it]
 11%|█         | 69/630 [06:14<49:23,  5.28s/it]
 11%|█         | 70/630 [06:21<55:25,  5.94s/it]
 11%|█▏        | 71/630 [06:26<52:49,  5.67s/it]
 11%|█▏        | 72/630 [06:32<52:32,  5.65s/it]
 12%|█▏        | 73/630 [06:37<51:34,  5.56s/it]
 12%|█▏        | 74/630 [06:42<50:25,  5.44s/it]
 12%|█▏        | 75/630 [06:46<46:16,  5.00s/it]
 12%|█▏        | 76/630 [06:52<49:30,  5.36s/it]
 12%|█▏        | 77/630 [06:58<50:56,  5.53s/it]
 12%|█▏        | 78/630 [07:04<50:26,  5.48s/it]
 13%|█▎        | 79/630 [07:09<49:49,  5.42s/it]
 13%|█▎        | 80/630 [07:13<47:20,  5.16s/it]
 13%|█▎        | 81/630 [07:18<46:43,  5.11s/it]
 13%|█▎        | 82/630 [07:25<49:56,  5.47s/it]
 13%|█▎        | 83/630 [07:31<51:53,  5.69s/it]
 13%|█▎        | 84/630 [07:37<52:03,  5.72s/it]
 13%|█▎        | 85/630 [07:42<49:43,  5.47s/it]
 14%|█▎        | 86/630 [07:46<46:31,  5.13s/it]
 14%|█▍        | 87/630 [07:51<45:44,  5.05s/it]
 14%|█▍        | 88/630 [07:56<46:20,  5.13s/it]
 14%|█▍        | 89/630 [08:02<49:24,  5.48s/it]
 14%|█▍        | 90/630 [08:08<50:16,  5.59s/it]
 14%|█▍        | 91/630 [08:14<49:41,  5.53s/it]
 15%|█▍        | 92/630 [08:19<49:19,  5.50s/it]
 15%|█▍        | 93/630 [08:23<46:06,  5.15s/it]
 15%|█▍        | 94/630 [08:29<47:42,  5.34s/it]
 15%|█▌        | 95/630 [08:36<50:29,  5.66s/it]
 15%|█▌        | 96/630 [08:41<50:39,  5.69s/it]
 15%|█▌        | 97/630 [08:47<49:58,  5.63s/it]
 16%|█▌        | 98/630 [08:52<49:08,  5.54s/it]
 16%|█▌        | 99/630 [08:57<46:17,  5.23s/it]
 16%|█▌        | 100/630 [09:02<45:24,  5.14s/it]

eval:   0%|          | 0/80 [00:00<?, ?it/s][A/data/liaozijie/conda/accelerate-fc/lib/python3.11/site-packages/transformers/tokenization_utils_base.py:2751: UserWarning: `max_length` is ignored when `padding`=`True` and there is no truncation strategy. To pad to max length, use `padding='max_length'`.
  warnings.warn(
/data/liaozijie/conda/accelerate-fc/lib/python3.11/site-packages/transformers/tokenization_utils_base.py:2751: UserWarning: `max_length` is ignored when `padding`=`True` and there is no truncation strategy. To pad to max length, use `padding='max_length'`.
  warnings.warn(
/data/liaozijie/conda/accelerate-fc/lib/python3.11/site-packages/transformers/tokenization_utils_base.py:2751: UserWarning: `max_length` is ignored when `padding`=`True` and there is no truncation strategy. To pad to max length, use `padding='max_length'`.
  warnings.warn(
/data/liaozijie/conda/accelerate-fc/lib/python3.11/site-packages/transformers/tokenization_utils_base.py:2751: UserWarning: `max_length` is ignored when `padding`=`True` and there is no truncation strategy. To pad to max length, use `padding='max_length'`.
  warnings.warn(
/data/liaozijie/conda/accelerate-fc/lib/python3.11/site-packages/transformers/tokenization_utils_base.py:2751: UserWarning: `max_length` is ignored when `padding`=`True` and there is no truncation strategy. To pad to max length, use `padding='max_length'`.
  warnings.warn(
/data/liaozijie/conda/accelerate-fc/lib/python3.11/site-packages/transformers/tokenization_utils_base.py:2751: UserWarning: `max_length` is ignored when `padding`=`True` and there is no truncation strategy. To pad to max length, use `padding='max_length'`.
  warnings.warn(
/data/liaozijie/conda/accelerate-fc/lib/python3.11/site-packages/transformers/tokenization_utils_base.py:2751: UserWarning: `max_length` is ignored when `padding`=`True` and there is no truncation strategy. To pad to max length, use `padding='max_length'`.
  warnings.warn(
/data/liaozijie/conda/accelerate-fc/lib/python3.11/site-packages/transformers/tokenization_utils_base.py:2751: UserWarning: `max_length` is ignored when `padding`=`True` and there is no truncation strategy. To pad to max length, use `padding='max_length'`.
  warnings.warn(
/data/liaozijie/conda/accelerate-fc/lib/python3.11/site-packages/transformers/tokenization_utils_base.py:2751: UserWarning: `max_length` is ignored when `padding`=`True` and there is no truncation strategy. To pad to max length, use `padding='max_length'`.
  warnings.warn(
/data/liaozijie/conda/accelerate-fc/lib/python3.11/site-packages/transformers/tokenization_utils_base.py:2751: UserWarning: `max_length` is ignored when `padding`=`True` and there is no truncation strategy. To pad to max length, use `padding='max_length'`.
  warnings.warn(
/data/liaozijie/conda/accelerate-fc/lib/python3.11/site-packages/transformers/tokenization_utils_base.py:2751: UserWarning: `max_length` is ignored when `padding`=`True` and there is no truncation strategy. To pad to max length, use `padding='max_length'`.
  warnings.warn(
/data/liaozijie/conda/accelerate-fc/lib/python3.11/site-packages/transformers/tokenization_utils_base.py:2751: UserWarning: `max_length` is ignored when `padding`=`True` and there is no truncation strategy. To pad to max length, use `padding='max_length'`.
  warnings.warn(
/data/liaozijie/conda/accelerate-fc/lib/python3.11/site-packages/transformers/tokenization_utils_base.py:2751: UserWarning: `max_length` is ignored when `padding`=`True` and there is no truncation strategy. To pad to max length, use `padding='max_length'`.
  warnings.warn(
/data/liaozijie/conda/accelerate-fc/lib/python3.11/site-packages/transformers/tokenization_utils_base.py:2751: UserWarning: `max_length` is ignored when `padding`=`True` and there is no truncation strategy. To pad to max length, use `padding='max_length'`.
  warnings.warn(
/data/liaozijie/conda/accelerate-fc/lib/python3.11/site-packages/transformers/tokenization_utils_base.py:2751: UserWarning: `max_length` is ignored when `padding`=`True` and there is no truncation strategy. To pad to max length, use `padding='max_length'`.
  warnings.warn(
/data/liaozijie/conda/accelerate-fc/lib/python3.11/site-packages/transformers/tokenization_utils_base.py:2751: UserWarning: `max_length` is ignored when `padding`=`True` and there is no truncation strategy. To pad to max length, use `padding='max_length'`.
  warnings.warn(


eval:   1%|▏         | 1/80 [00:00<01:05,  1.20it/s][A

eval:   2%|▎         | 2/80 [00:02<01:23,  1.07s/it][A

eval:   4%|▍         | 3/80 [00:02<01:08,  1.12it/s][A

eval:   5%|▌         | 4/80 [00:03<01:02,  1.22it/s][A

eval:   6%|▋         | 5/80 [00:04<00:57,  1.31it/s][A

eval:   8%|▊         | 6/80 [00:05<01:08,  1.08it/s][A

eval:   9%|▉         | 7/80 [00:06<01:02,  1.17it/s][A

eval:  10%|█         | 8/80 [00:06<00:57,  1.24it/s][A

eval:  11%|█▏        | 9/80 [00:08<01:08,  1.04it/s][A

eval:  12%|█▎        | 10/80 [00:08<01:01,  1.13it/s][A

eval:  14%|█▍        | 11/80 [00:09<00:56,  1.22it/s][A

eval:  15%|█▌        | 12/80 [00:10<00:53,  1.28it/s][A

eval:  16%|█▋        | 13/80 [00:11<01:01,  1.09it/s][A

eval:  18%|█▊        | 14/80 [00:12<00:56,  1.18it/s][A

eval:  19%|█▉        | 15/80 [00:12<00:52,  1.25it/s][A

eval:  20%|██        | 16/80 [00:14<01:00,  1.06it/s][A

eval:  21%|██▏       | 17/80 [00:14<00:54,  1.15it/s][A

eval:  22%|██▎       | 18/80 [00:15<00:50,  1.23it/s][A

eval:  24%|██▍       | 19/80 [00:16<00:45,  1.33it/s][A

eval:  25%|██▌       | 20/80 [00:17<00:54,  1.10it/s][A

eval:  26%|██▋       | 21/80 [00:17<00:48,  1.22it/s][A

eval:  28%|██▊       | 22/80 [00:18<00:45,  1.28it/s][A

eval:  29%|██▉       | 23/80 [00:19<00:42,  1.35it/s][A

eval:  30%|███       | 24/80 [00:20<00:49,  1.13it/s][A

eval:  31%|███▏      | 25/80 [00:21<00:45,  1.21it/s][A

eval:  32%|███▎      | 26/80 [00:21<00:42,  1.28it/s][A

eval:  34%|███▍      | 27/80 [00:23<00:48,  1.10it/s][A

eval:  35%|███▌      | 28/80 [00:23<00:44,  1.18it/s][A

eval:  36%|███▋      | 29/80 [00:24<00:40,  1.25it/s][A

eval:  38%|███▊      | 30/80 [00:25<00:37,  1.35it/s][A

eval:  39%|███▉      | 31/80 [00:26<00:43,  1.13it/s][A

eval:  40%|████      | 32/80 [00:26<00:38,  1.25it/s][A

eval:  41%|████▏     | 33/80 [00:27<00:35,  1.32it/s][A

eval:  42%|████▎     | 34/80 [00:28<00:33,  1.36it/s][A

eval:  44%|████▍     | 35/80 [00:29<00:39,  1.14it/s][A

eval:  45%|████▌     | 36/80 [00:30<00:36,  1.21it/s][A

eval:  46%|████▋     | 37/80 [00:30<00:33,  1.29it/s][A

eval:  48%|████▊     | 38/80 [00:32<00:38,  1.09it/s][A

eval:  49%|████▉     | 39/80 [00:32<00:34,  1.18it/s][A

eval:  50%|█████     | 40/80 [00:33<00:31,  1.25it/s][A

eval:  51%|█████▏    | 41/80 [00:34<00:29,  1.31it/s][A

eval:  52%|█████▎    | 42/80 [00:35<00:34,  1.09it/s][A

eval:  54%|█████▍    | 43/80 [00:36<00:31,  1.18it/s][A

eval:  55%|█████▌    | 44/80 [00:36<00:28,  1.25it/s][A

eval:  56%|█████▋    | 45/80 [00:37<00:26,  1.34it/s][A

eval:  57%|█████▊    | 46/80 [00:38<00:29,  1.14it/s][A

eval:  59%|█████▉    | 47/80 [00:39<00:27,  1.21it/s][A

eval:  60%|██████    | 48/80 [00:39<00:25,  1.27it/s][A

eval:  61%|██████▏   | 49/80 [00:41<00:28,  1.10it/s][A

eval:  62%|██████▎   | 50/80 [00:41<00:25,  1.19it/s][A

eval:  64%|██████▍   | 51/80 [00:42<00:22,  1.28it/s][A

eval:  65%|██████▌   | 52/80 [00:43<00:20,  1.37it/s][A

eval:  66%|██████▋   | 53/80 [00:44<00:23,  1.16it/s][A

eval:  68%|██████▊   | 54/80 [00:44<00:20,  1.24it/s][A

eval:  69%|██████▉   | 55/80 [00:45<00:19,  1.29it/s][A

eval:  70%|███████   | 56/80 [00:46<00:17,  1.36it/s][A

eval:  71%|███████▏  | 57/80 [00:47<00:20,  1.11it/s][A

eval:  72%|███████▎  | 58/80 [00:48<00:18,  1.19it/s][A

eval:  74%|███████▍  | 59/80 [00:48<00:16,  1.26it/s][A

eval:  75%|███████▌  | 60/80 [00:50<00:19,  1.05it/s][A

eval:  76%|███████▋  | 61/80 [00:50<00:16,  1.15it/s][A

eval:  78%|███████▊  | 62/80 [00:51<00:14,  1.22it/s][A

eval:  79%|███████▉  | 63/80 [00:52<00:13,  1.28it/s][A

eval:  80%|████████  | 64/80 [00:53<00:14,  1.09it/s][A

eval:  81%|████████▏ | 65/80 [00:54<00:12,  1.17it/s][A

eval:  82%|████████▎ | 66/80 [00:54<00:11,  1.26it/s][A

eval:  84%|████████▍ | 67/80 [00:56<00:12,  1.08it/s][A

eval:  85%|████████▌ | 68/80 [00:56<00:10,  1.18it/s][A

eval:  86%|████████▋ | 69/80 [00:57<00:08,  1.25it/s][A

eval:  88%|████████▊ | 70/80 [00:58<00:07,  1.31it/s][A

eval:  89%|████████▉ | 71/80 [00:59<00:08,  1.09it/s][A

eval:  90%|█████████ | 72/80 [01:00<00:06,  1.19it/s][A

eval:  91%|█████████▏| 73/80 [01:00<00:05,  1.26it/s][A

eval:  92%|█████████▎| 74/80 [01:02<00:05,  1.07it/s][A

eval:  94%|█████████▍| 75/80 [01:02<00:04,  1.15it/s][A

eval:  95%|█████████▌| 76/80 [01:03<00:03,  1.22it/s][A

eval:  96%|█████████▋| 77/80 [01:04<00:02,  1.29it/s][A

eval:  98%|█████████▊| 78/80 [01:05<00:01,  1.10it/s][A

eval:  99%|█████████▉| 79/80 [01:05<00:00,  1.23it/s][A

eval: 100%|██████████| 80/80 [01:06<00:00,  1.29it/s][A

                                                     [A2026-05-11 16:38:45 | INFO | __main__ | eval.py:43 | [EVAL_SAMPLE] idx=0 pred=false gold=barely-true output=Label: B explain=Hartzler said, "We have less Americans working now than in the ‘70s." The statistics Hartzler’s staff said she cited show the employment-population ratio and labor force participation rate was indeed higher in 1979 than in 2015. However,... prompt=<|im_start|>system
You are a careful fact-checking assistant for LIAR-RAW claims. Classify claims using only the claim and retrieved evidence supplied by the user.<|im_end|>
<|im_start|>user
Classify the claim into exactly one LIAR-RAW l...
2026-05-11 16:38:45 | INFO | __main__ | eval.py:43 | [EVAL_SAMPLE] idx=0 pred=false gold=barely-true output=Label: B explain=Hartzler said, "We have less Americans working now than in the ‘70s." The statistics Hartzler’s staff said she cited show the employment-population ratio and labor force participation rate was indeed higher in 1979 than in 2015. However,... prompt=<|im_start|>system
You are a careful fact-checking assistant for LIAR-RAW claims. Classify claims using only the claim and retrieved evidence supplied by the user.<|im_end|>
<|im_start|>user
Classify the claim into exactly one LIAR-RAW l...
2026-05-11 16:38:45 | INFO | __main__ | eval.py:43 | [EVAL_SAMPLE] idx=1 pred=false gold=pants-fire output=Label: B explain=Ellison used a Koran that once belonged to Thomas Jefferson, borrowing the rare book from the Library of Congress. It goes without saying that Ellison is not Obama. UPDATE: Barack Obama resigned from Trinity United Church of Christ on Ma... prompt=<|im_start|>system
You are a careful fact-checking assistant for LIAR-RAW claims. Classify claims using only the claim and retrieved evidence supplied by the user.<|im_end|>
<|im_start|>user
Classify the claim into exactly one LIAR-RAW l...
2026-05-11 16:38:45 | INFO | __main__ | eval.py:43 | [EVAL_SAMPLE] idx=1 pred=false gold=pants-fire output=Label: B explain=Ellison used a Koran that once belonged to Thomas Jefferson, borrowing the rare book from the Library of Congress. It goes without saying that Ellison is not Obama. UPDATE: Barack Obama resigned from Trinity United Church of Christ on Ma... prompt=<|im_start|>system
You are a careful fact-checking assistant for LIAR-RAW claims. Classify claims using only the claim and retrieved evidence supplied by the user.<|im_end|>
<|im_start|>user
Classify the claim into exactly one LIAR-RAW l...
2026-05-11 16:38:45 | INFO | __main__ | eval.py:43 | [EVAL_SAMPLE] idx=2 pred=barely-true gold=false output=Label: C explain=However, we have two professors who say the law is silent on political activity -- even if one of them sees an implicit prohibition -- and a plain reading of the law that states no explicit ban. Blumenauer said that "the statute a hundre... prompt=<|im_start|>system
You are a careful fact-checking assistant for LIAR-RAW claims. Classify claims using only the claim and retrieved evidence supplied by the user.<|im_end|>
<|im_start|>user
Classify the claim into exactly one LIAR-RAW l...
2026-05-11 16:38:45 | INFO | __main__ | trainer.py:563 | [eval] step=100 accuracy=0.2297 macro_precision=0.3721 macro_recall=0.2236 macro_f1=0.1763 parse_error_rate=0.0000
2026-05-11 16:38:45 | INFO | __main__ | trainer.py:563 | [eval] per_class:
2026-05-11 16:38:45 | INFO | __main__ | trainer.py:563 |   - barely-true: P=0.1562 R=0.0422 F1=0.0664
2026-05-11 16:38:45 | INFO | __main__ | trainer.py:563 |   - false: P=0.2151 R=0.7318 F1=0.3325
2026-05-11 16:38:45 | INFO | __main__ | trainer.py:563 |   - half-true: P=0.3014 R=0.0894 F1=0.1379
2026-05-11 16:38:45 | INFO | __main__ | trainer.py:563 |   - mostly-true: P=1.0000 R=0.0080 F1=0.0158
2026-05-11 16:38:45 | INFO | __main__ | trainer.py:563 |   - pants-fire: P=0.2987 R=0.1983 F1=0.2383
2026-05-11 16:38:45 | INFO | __main__ | trainer.py:563 |   - true: P=0.2614 R=0.2722 F1=0.2667

 16%|█▌        | 101/630 [10:22<4:05:12, 27.81s/it]
 16%|█▌        | 102/630 [10:28<3:07:14, 21.28s/it]
 16%|█▋        | 103/630 [10:34<2:24:59, 16.51s/it]
 17%|█▋        | 104/630 [10:40<1:57:39, 13.42s/it]
 17%|█▋        | 105/630 [10:44<1:33:26, 10.68s/it]
 17%|█▋        | 106/630 [10:48<1:16:17,  8.74s/it]
 17%|█▋        | 107/630 [10:55<1:09:24,  7.96s/it]
 17%|█▋        | 108/630 [11:01<1:03:49,  7.34s/it]
 17%|█▋        | 109/630 [11:06<59:46,  6.88s/it]  
 17%|█▋        | 110/630 [11:12<55:34,  6.41s/it]
 18%|█▊        | 111/630 [11:17<52:54,  6.12s/it]
 18%|█▊        | 112/630 [11:21<47:45,  5.53s/it]
 18%|█▊        | 113/630 [11:27<47:18,  5.49s/it]
 18%|█▊        | 114/630 [11:33<48:49,  5.68s/it]
 18%|█▊        | 115/630 [11:38<48:28,  5.65s/it]
 18%|█▊        | 116/630 [11:43<45:04,  5.26s/it]
 19%|█▊        | 117/630 [11:48<45:09,  5.28s/it]
 19%|█▊        | 118/630 [11:53<44:32,  5.22s/it]
 19%|█▉        | 119/630 [11:59<45:04,  5.29s/it]
 19%|█▉        | 120/630 [12:05<47:45,  5.62s/it]
 19%|█▉        | 121/630 [12:11<48:11,  5.68s/it]
 19%|█▉        | 122/630 [12:16<46:21,  5.48s/it]
 20%|█▉        | 123/630 [12:21<46:13,  5.47s/it]
 20%|█▉        | 124/630 [12:26<45:33,  5.40s/it]
 20%|█▉        | 125/630 [12:31<42:50,  5.09s/it]
 20%|██        | 126/630 [12:37<46:25,  5.53s/it]
 20%|██        | 127/630 [12:43<46:43,  5.57s/it]
 20%|██        | 128/630 [12:49<46:55,  5.61s/it]
 20%|██        | 129/630 [12:54<45:05,  5.40s/it]
 21%|██        | 130/630 [12:58<42:12,  5.06s/it]
 21%|██        | 131/630 [13:03<41:27,  4.99s/it]
 21%|██        | 132/630 [13:09<43:21,  5.22s/it]
 21%|██        | 133/630 [13:14<43:30,  5.25s/it]
 21%|██▏       | 134/630 [13:19<44:04,  5.33s/it]
 21%|██▏       | 135/630 [13:25<43:54,  5.32s/it]
 22%|██▏       | 136/630 [13:30<43:16,  5.26s/it]
 22%|██▏       | 137/630 [13:34<41:01,  4.99s/it]
 22%|██▏       | 138/630 [13:40<42:48,  5.22s/it]
 22%|██▏       | 139/630 [13:46<45:36,  5.57s/it]
 22%|██▏       | 140/630 [13:52<46:47,  5.73s/it]
 22%|██▏       | 141/630 [13:58<45:54,  5.63s/it]
 23%|██▎       | 142/630 [14:03<45:00,  5.53s/it]
 23%|██▎       | 143/630 [14:07<41:44,  5.14s/it]
 23%|██▎       | 144/630 [14:13<43:20,  5.35s/it]
 23%|██▎       | 145/630 [14:20<45:50,  5.67s/it]
 23%|██▎       | 146/630 [14:25<45:57,  5.70s/it]
 23%|██▎       | 147/630 [14:31<45:07,  5.61s/it]
 23%|██▎       | 148/630 [14:36<44:22,  5.52s/it]
 24%|██▎       | 149/630 [14:41<41:42,  5.20s/it]
 24%|██▍       | 150/630 [14:45<39:42,  4.96s/it]
 24%|██▍       | 151/630 [14:51<42:22,  5.31s/it]
 24%|██▍       | 152/630 [14:57<43:38,  5.48s/it]
 24%|██▍       | 153/630 [15:02<42:08,  5.30s/it]
 24%|██▍       | 154/630 [15:07<41:29,  5.23s/it]
 25%|██▍       | 155/630 [15:11<39:25,  4.98s/it]
 25%|██▍       | 156/630 [15:16<38:43,  4.90s/it]
 25%|██▍       | 157/630 [15:22<40:19,  5.11s/it]
 25%|██▌       | 158/630 [15:28<42:51,  5.45s/it]
 25%|██▌       | 159/630 [15:33<41:28,  5.28s/it]
 25%|██▌       | 160/630 [15:38<42:07,  5.38s/it]
 26%|██▌       | 161/630 [15:44<41:42,  5.34s/it]
 26%|██▌       | 162/630 [15:48<39:12,  5.03s/it]
 26%|██▌       | 163/630 [15:54<40:36,  5.22s/it]
 26%|██▌       | 164/630 [16:00<43:02,  5.54s/it]
 26%|██▌       | 165/630 [16:06<43:40,  5.64s/it]
 26%|██▋       | 166/630 [16:11<43:48,  5.67s/it]
 27%|██▋       | 167/630 [16:17<42:50,  5.55s/it]
 27%|██▋       | 168/630 [16:21<39:53,  5.18s/it]
 27%|██▋       | 169/630 [16:27<40:55,  5.33s/it]
 27%|██▋       | 170/630 [16:34<44:49,  5.85s/it]
 27%|██▋       | 171/630 [16:39<43:13,  5.65s/it]
 27%|██▋       | 172/630 [16:44<42:30,  5.57s/it]
 27%|██▋       | 173/630 [16:50<42:49,  5.62s/it]
 28%|██▊       | 174/630 [16:55<40:39,  5.35s/it]
 28%|██▊       | 175/630 [16:59<38:43,  5.11s/it]
 28%|██▊       | 176/630 [17:06<42:10,  5.57s/it]
 28%|██▊       | 177/630 [17:12<42:44,  5.66s/it]
 28%|██▊       | 178/630 [17:17<42:30,  5.64s/it]
 28%|██▊       | 179/630 [17:23<41:34,  5.53s/it]
 29%|██▊       | 180/630 [17:27<39:27,  5.26s/it]
 29%|██▊       | 181/630 [17:32<38:28,  5.14s/it]
 29%|██▉       | 182/630 [17:38<40:38,  5.44s/it]
 29%|██▉       | 183/630 [17:44<41:49,  5.61s/it]
 29%|██▉       | 184/630 [17:50<42:02,  5.66s/it]
 29%|██▉       | 185/630 [17:55<39:39,  5.35s/it]
 30%|██▉       | 186/630 [18:00<38:51,  5.25s/it]
 30%|██▉       | 187/630 [18:04<36:34,  4.95s/it]
 30%|██▉       | 188/630 [18:10<37:49,  5.14s/it]
 30%|███       | 189/630 [18:17<42:23,  5.77s/it]
 30%|███       | 190/630 [18:23<42:53,  5.85s/it]
 30%|███       | 191/630 [18:28<40:50,  5.58s/it]
 30%|███       | 192/630 [18:33<39:15,  5.38s/it]
 31%|███       | 193/630 [18:37<37:37,  5.17s/it]
 31%|███       | 194/630 [18:44<40:57,  5.64s/it]
 31%|███       | 195/630 [18:49<40:15,  5.55s/it]
 31%|███       | 196/630 [18:55<40:48,  5.64s/it]
 31%|███▏      | 197/630 [19:01<41:03,  5.69s/it]
 31%|███▏      | 198/630 [19:06<39:50,  5.53s/it]
 32%|███▏      | 199/630 [19:11<37:02,  5.16s/it]
 32%|███▏      | 200/630 [19:15<36:11,  5.05s/it]

eval:   0%|          | 0/80 [00:00<?, ?it/s][A

eval:   1%|▏         | 1/80 [00:00<00:53,  1.47it/s][A

eval:   2%|▎         | 2/80 [00:01<00:53,  1.45it/s][A

eval:   4%|▍         | 3/80 [00:02<01:09,  1.10it/s][A

eval:   5%|▌         | 4/80 [00:03<01:02,  1.21it/s][A

eval:   6%|▋         | 5/80 [00:03<00:57,  1.30it/s][A

eval:   8%|▊         | 6/80 [00:04<00:54,  1.36it/s][A

eval:   9%|▉         | 7/80 [00:05<01:05,  1.12it/s][A

eval:  10%|█         | 8/80 [00:06<00:59,  1.20it/s][A

eval:  11%|█▏        | 9/80 [00:07<00:55,  1.27it/s][A

eval:  12%|█▎        | 10/80 [00:08<01:05,  1.07it/s][A

eval:  14%|█▍        | 11/80 [00:09<00:59,  1.17it/s][A

eval:  15%|█▌        | 12/80 [00:09<00:55,  1.23it/s][A

eval:  16%|█▋        | 13/80 [00:10<00:51,  1.30it/s][A

eval:  18%|█▊        | 14/80 [00:11<01:00,  1.10it/s][A

eval:  19%|█▉        | 15/80 [00:12<00:54,  1.19it/s][A

eval:  20%|██        | 16/80 [00:13<00:51,  1.25it/s][A

eval:  21%|██▏       | 17/80 [00:14<00:57,  1.10it/s][A

eval:  22%|██▎       | 18/80 [00:14<00:51,  1.19it/s][A

eval:  24%|██▍       | 19/80 [00:15<00:47,  1.30it/s][A

eval:  25%|██▌       | 20/80 [00:16<00:44,  1.36it/s][A

eval:  26%|██▋       | 21/80 [00:17<00:50,  1.16it/s][A

eval:  28%|██▊       | 22/80 [00:18<00:46,  1.24it/s][A

eval:  29%|██▉       | 23/80 [00:18<00:43,  1.32it/s][A

eval:  30%|███       | 24/80 [00:19<00:39,  1.41it/s][A

eval:  31%|███▏      | 25/80 [00:20<00:47,  1.16it/s][A

eval:  32%|███▎      | 26/80 [00:21<00:43,  1.24it/s][A

eval:  34%|███▍      | 27/80 [00:21<00:41,  1.29it/s][A

eval:  35%|███▌      | 28/80 [00:22<00:39,  1.33it/s][A

eval:  36%|███▋      | 29/80 [00:23<00:45,  1.12it/s][A

eval:  38%|███▊      | 30/80 [00:24<00:40,  1.24it/s][A

eval:  39%|███▉      | 31/80 [00:25<00:37,  1.29it/s][A

eval:  40%|████      | 32/80 [00:26<00:43,  1.10it/s][A

eval:  41%|████▏     | 33/80 [00:27<00:39,  1.20it/s][A

eval:  42%|████▎     | 34/80 [00:27<00:36,  1.26it/s][A

eval:  44%|████▍     | 35/80 [00:28<00:34,  1.31it/s][A

eval:  45%|████▌     | 36/80 [00:29<00:39,  1.11it/s][A

eval:  46%|████▋     | 37/80 [00:30<00:35,  1.21it/s][A

eval:  48%|████▊     | 38/80 [00:30<00:32,  1.28it/s][A

eval:  49%|████▉     | 39/80 [00:32<00:37,  1.10it/s][A

eval:  50%|█████     | 40/80 [00:32<00:33,  1.19it/s][A

eval:  51%|█████▏    | 41/80 [00:33<00:30,  1.26it/s][A

eval:  52%|█████▎    | 42/80 [00:34<00:28,  1.32it/s][A

eval:  54%|█████▍    | 43/80 [00:35<00:32,  1.12it/s][A

eval:  55%|█████▌    | 44/80 [00:36<00:29,  1.20it/s][A

eval:  56%|█████▋    | 45/80 [00:36<00:26,  1.30it/s][A

eval:  57%|█████▊    | 46/80 [00:37<00:25,  1.35it/s][A

eval:  59%|█████▉    | 47/80 [00:38<00:28,  1.14it/s][A

eval:  60%|██████    | 48/80 [00:39<00:26,  1.21it/s][A

eval:  61%|██████▏   | 49/80 [00:39<00:23,  1.31it/s][A

eval:  62%|██████▎   | 50/80 [00:40<00:22,  1.36it/s][A

eval:  64%|██████▍   | 51/80 [00:41<00:25,  1.16it/s][A

eval:  65%|██████▌   | 52/80 [00:42<00:22,  1.27it/s][A

eval:  66%|██████▋   | 53/80 [00:42<00:19,  1.36it/s][A

eval:  68%|██████▊   | 54/80 [00:44<00:22,  1.16it/s][A

eval:  69%|██████▉   | 55/80 [00:44<00:20,  1.23it/s][A

eval:  70%|███████   | 56/80 [00:45<00:18,  1.31it/s][A

eval:  71%|███████▏  | 57/80 [00:46<00:17,  1.34it/s][A

eval:  72%|███████▎  | 58/80 [00:47<00:19,  1.12it/s][A

eval:  74%|███████▍  | 59/80 [00:48<00:17,  1.20it/s][A

eval:  75%|███████▌  | 60/80 [00:48<00:15,  1.27it/s][A

eval:  76%|███████▋  | 61/80 [00:49<00:14,  1.32it/s][A

eval:  78%|███████▊  | 62/80 [00:50<00:16,  1.11it/s][A

eval:  79%|███████▉  | 63/80 [00:51<00:14,  1.20it/s][A

eval:  80%|████████  | 64/80 [00:52<00:12,  1.26it/s][A

eval:  81%|████████▏ | 65/80 [00:53<00:13,  1.09it/s][A

eval:  82%|████████▎ | 66/80 [00:53<00:11,  1.20it/s][A

eval:  84%|████████▍ | 67/80 [00:54<00:10,  1.27it/s][A

eval:  85%|████████▌ | 68/80 [00:55<00:09,  1.33it/s][A

eval:  86%|████████▋ | 69/80 [00:56<00:09,  1.12it/s][A

eval:  88%|████████▊ | 70/80 [00:57<00:08,  1.21it/s][A

eval:  89%|████████▉ | 71/80 [00:57<00:07,  1.27it/s][A

eval:  90%|█████████ | 72/80 [00:58<00:06,  1.32it/s][A

eval:  91%|█████████▏| 73/80 [00:59<00:06,  1.11it/s][A

eval:  92%|█████████▎| 74/80 [01:00<00:04,  1.20it/s][A

eval:  94%|█████████▍| 75/80 [01:01<00:03,  1.26it/s][A

eval:  95%|█████████▌| 76/80 [01:02<00:03,  1.06it/s][A

eval:  96%|█████████▋| 77/80 [01:03<00:02,  1.16it/s][A

eval:  98%|█████████▊| 78/80 [01:03<00:01,  1.27it/s][A

eval:  99%|█████████▉| 79/80 [01:04<00:00,  1.37it/s][A

eval: 100%|██████████| 80/80 [01:05<00:00,  1.14it/s][A

                                                     [A2026-05-11 16:48:57 | INFO | __main__ | eval.py:43 | [EVAL_SAMPLE] idx=0 pred=false gold=barely-true output=Label: B explain=Hartzler said, "We have less Americans working now than in the ‘70s." The statistics Hartzler’s staff said she cited show the employment-population ratio and labor force participation rate was indeed higher in 1979 than in 2015. However,... prompt=<|im_start|>system
You are a careful fact-checking assistant for LIAR-RAW claims. Classify claims using only the claim and retrieved evidence supplied by the user.<|im_end|>
<|im_start|>user
Classify the claim into exactly one LIAR-RAW l...
2026-05-11 16:48:57 | INFO | __main__ | eval.py:43 | [EVAL_SAMPLE] idx=0 pred=false gold=barely-true output=Label: B explain=Hartzler said, "We have less Americans working now than in the ‘70s." The statistics Hartzler’s staff said she cited show the employment-population ratio and labor force participation rate was indeed higher in 1979 than in 2015. However,... prompt=<|im_start|>system
You are a careful fact-checking assistant for LIAR-RAW claims. Classify claims using only the claim and retrieved evidence supplied by the user.<|im_end|>
<|im_start|>user
Classify the claim into exactly one LIAR-RAW l...
2026-05-11 16:48:57 | INFO | __main__ | eval.py:43 | [EVAL_SAMPLE] idx=1 pred=false gold=pants-fire output=Label: B explain=Ellison used a Koran that once belonged to Thomas Jefferson, borrowing the rare book from the Library of Congress. It goes without saying that Ellison is not Obama. UPDATE: Barack Obama resigned from Trinity United Church of Christ on Ma... prompt=<|im_start|>system
You are a careful fact-checking assistant for LIAR-RAW claims. Classify claims using only the claim and retrieved evidence supplied by the user.<|im_end|>
<|im_start|>user
Classify the claim into exactly one LIAR-RAW l...
2026-05-11 16:48:57 | INFO | __main__ | eval.py:43 | [EVAL_SAMPLE] idx=1 pred=false gold=pants-fire output=Label: B explain=Ellison used a Koran that once belonged to Thomas Jefferson, borrowing the rare book from the Library of Congress. It goes without saying that Ellison is not Obama. UPDATE: Barack Obama resigned from Trinity United Church of Christ on Ma... prompt=<|im_start|>system
You are a careful fact-checking assistant for LIAR-RAW claims. Classify claims using only the claim and retrieved evidence supplied by the user.<|im_end|>
<|im_start|>user
Classify the claim into exactly one LIAR-RAW l...
2026-05-11 16:48:57 | INFO | __main__ | eval.py:43 | [EVAL_SAMPLE] idx=2 pred=mostly-true gold=false output=Label: E explain=However, we have two professors who say the law is silent on political activity -- even if one of them sees an implicit prohibition -- and a plain reading of the law that states no explicit ban. Blumenauer said that "the statute a hundre... prompt=<|im_start|>system
You are a careful fact-checking assistant for LIAR-RAW claims. Classify claims using only the claim and retrieved evidence supplied by the user.<|im_end|>
<|im_start|>user
Classify the claim into exactly one LIAR-RAW l...
2026-05-11 16:48:57 | INFO | __main__ | trainer.py:563 | [eval] step=200 accuracy=0.2562 macro_precision=0.2681 macro_recall=0.2546 macro_f1=0.2486 parse_error_rate=0.0000
2026-05-11 16:48:57 | INFO | __main__ | trainer.py:563 | [eval] per_class:
2026-05-11 16:48:57 | INFO | __main__ | trainer.py:563 |   - barely-true: P=0.2017 R=0.2996 F1=0.2411
2026-05-11 16:48:57 | INFO | __main__ | trainer.py:563 |   - false: P=0.2583 R=0.3295 F1=0.2896
2026-05-11 16:48:57 | INFO | __main__ | trainer.py:563 |   - half-true: P=0.2782 R=0.1504 F1=0.1953
2026-05-11 16:48:57 | INFO | __main__ | trainer.py:563 |   - mostly-true: P=0.3125 R=0.2988 F1=0.3055
2026-05-11 16:48:57 | INFO | __main__ | trainer.py:563 |   - pants-fire: P=0.2434 R=0.3190 F1=0.2761
2026-05-11 16:48:57 | INFO | __main__ | trainer.py:563 |   - true: P=0.3143 R=0.1302 F1=0.1841

 32%|███▏      | 201/630 [20:35<3:15:18, 27.32s/it]
 32%|███▏      | 202/630 [20:40<2:28:46, 20.86s/it]
 32%|███▏      | 203/630 [20:46<1:55:25, 16.22s/it]
 32%|███▏      | 204/630 [20:51<1:31:50, 12.94s/it]
 33%|███▎      | 205/630 [20:56<1:13:58, 10.44s/it]
 33%|███▎      | 206/630 [21:01<1:01:59,  8.77s/it]
 33%|███▎      | 207/630 [21:07<57:16,  8.13s/it]  
 33%|███▎      | 208/630 [21:13<53:12,  7.56s/it]
 33%|███▎      | 209/630 [21:19<49:14,  7.02s/it]
 33%|███▎      | 210/630 [21:24<45:18,  6.47s/it]
 33%|███▎      | 211/630 [21:30<42:29,  6.08s/it]
 34%|███▎      | 212/630 [21:34<38:40,  5.55s/it]
 34%|███▍      | 213/630 [21:39<38:34,  5.55s/it]
 34%|███▍      | 214/630 [21:46<40:03,  5.78s/it]
 34%|███▍      | 215/630 [21:52<39:53,  5.77s/it]
 34%|███▍      | 216/630 [21:56<37:35,  5.45s/it]
 34%|███▍      | 217/630 [22:01<37:05,  5.39s/it]
 35%|███▍      | 218/630 [22:07<36:21,  5.29s/it]
 35%|███▍      | 219/630 [22:12<36:57,  5.40s/it]
 35%|███▍      | 220/630 [22:19<39:07,  5.73s/it]
 35%|███▌      | 221/630 [22:25<39:24,  5.78s/it]
 35%|███▌      | 222/630 [22:29<37:27,  5.51s/it]
 35%|███▌      | 223/630 [22:35<36:59,  5.45s/it]
 36%|███▌      | 224/630 [22:40<35:46,  5.29s/it]
 36%|███▌      | 225/630 [22:44<34:12,  5.07s/it]
 36%|███▌      | 226/630 [22:51<36:37,  5.44s/it]
 36%|███▌      | 227/630 [22:56<37:23,  5.57s/it]
 36%|███▌      | 228/630 [23:02<37:09,  5.55s/it]
 36%|███▋      | 229/630 [23:07<36:45,  5.50s/it]
 37%|███▋      | 230/630 [23:12<34:25,  5.16s/it]
 37%|███▋      | 231/630 [23:17<33:56,  5.10s/it]
 37%|███▋      | 232/630 [23:23<36:28,  5.50s/it]
 37%|███▋      | 233/630 [23:29<37:34,  5.68s/it]
 37%|███▋      | 234/630 [23:35<37:24,  5.67s/it]
 37%|███▋      | 235/630 [23:40<36:40,  5.57s/it]
 37%|███▋      | 236/630 [23:45<34:29,  5.25s/it]
 38%|███▊      | 237/630 [23:49<33:37,  5.13s/it]
 38%|███▊      | 238/630 [23:54<32:19,  4.95s/it]
 38%|███▊      | 239/630 [24:01<36:09,  5.55s/it]
 38%|███▊      | 240/630 [24:06<34:39,  5.33s/it]
 38%|███▊      | 241/630 [24:11<33:58,  5.24s/it]
 38%|███▊      | 242/630 [24:16<33:05,  5.12s/it]
 39%|███▊      | 243/630 [24:21<33:13,  5.15s/it]
 39%|███▊      | 244/630 [24:26<33:36,  5.22s/it]
 39%|███▉      | 245/630 [24:33<36:01,  5.61s/it]
 39%|███▉      | 246/630 [24:39<36:08,  5.65s/it]
 39%|███▉      | 247/630 [24:44<36:24,  5.70s/it]
 39%|███▉      | 248/630 [24:49<34:13,  5.38s/it]
 40%|███▉      | 249/630 [24:54<33:30,  5.28s/it]
 40%|███▉      | 250/630 [24:59<32:24,  5.12s/it]
 40%|███▉      | 251/630 [25:05<34:52,  5.52s/it]
 40%|████      | 252/630 [25:11<35:27,  5.63s/it]
 40%|████      | 253/630 [25:16<34:03,  5.42s/it]
 40%|████      | 254/630 [25:22<34:08,  5.45s/it]
 40%|████      | 255/630 [25:27<33:33,  5.37s/it]
 41%|████      | 256/630 [25:31<31:18,  5.02s/it]
 41%|████      | 257/630 [25:38<34:30,  5.55s/it]
 41%|████      | 258/630 [25:44<35:39,  5.75s/it]
 41%|████      | 259/630 [25:50<35:45,  5.78s/it]
 41%|████▏     | 260/630 [25:55<34:28,  5.59s/it]
 41%|████▏     | 261/630 [26:00<33:42,  5.48s/it]
 42%|████▏     | 262/630 [26:05<32:40,  5.33s/it]
 42%|████▏     | 263/630 [26:10<31:35,  5.17s/it]
 42%|████▏     | 264/630 [26:16<33:11,  5.44s/it]
 42%|████▏     | 265/630 [26:22<34:06,  5.61s/it]
 42%|████▏     | 266/630 [26:28<33:50,  5.58s/it]
 42%|████▏     | 267/630 [26:33<33:07,  5.48s/it]
 43%|████▎     | 268/630 [26:38<31:56,  5.29s/it]
 43%|████▎     | 269/630 [26:42<30:40,  5.10s/it]
 43%|████▎     | 270/630 [26:49<33:02,  5.51s/it]
 43%|████▎     | 271/630 [26:55<33:29,  5.60s/it]
 43%|████▎     | 272/630 [27:00<33:35,  5.63s/it]
 43%|████▎     | 273/630 [27:06<32:55,  5.53s/it]
 43%|████▎     | 274/630 [27:10<30:45,  5.18s/it]
 44%|████▎     | 275/630 [27:14<29:13,  4.94s/it]
 44%|████▍     | 276/630 [27:21<31:45,  5.38s/it]
 44%|████▍     | 277/630 [27:26<30:47,  5.23s/it]
 44%|████▍     | 278/630 [27:31<31:14,  5.33s/it]
 44%|████▍     | 279/630 [27:36<30:42,  5.25s/it]
 44%|████▍     | 280/630 [27:41<29:00,  4.97s/it]
 45%|████▍     | 281/630 [27:45<28:37,  4.92s/it]
 45%|████▍     | 282/630 [27:52<31:40,  5.46s/it]
 45%|████▍     | 283/630 [27:58<32:19,  5.59s/it]
 45%|████▌     | 284/630 [28:03<32:01,  5.55s/it]
 45%|████▌     | 285/630 [28:09<31:29,  5.48s/it]
 45%|████▌     | 286/630 [28:13<29:40,  5.17s/it]
 46%|████▌     | 287/630 [28:18<29:11,  5.11s/it]
 46%|████▌     | 288/630 [28:23<28:15,  4.96s/it]
 46%|████▌     | 289/630 [28:29<30:18,  5.33s/it]
 46%|████▌     | 290/630 [28:35<30:55,  5.46s/it]
 46%|████▌     | 291/630 [28:40<31:03,  5.50s/it]
 46%|████▋     | 292/630 [28:46<30:40,  5.45s/it]
 47%|████▋     | 293/630 [28:50<28:48,  5.13s/it]
 47%|████▋     | 294/630 [28:57<31:09,  5.56s/it]
 47%|████▋     | 295/630 [29:03<32:50,  5.88s/it]
 47%|████▋     | 296/630 [29:08<31:34,  5.67s/it]
 47%|████▋     | 297/630 [29:14<31:00,  5.59s/it]
 47%|████▋     | 298/630 [29:19<29:42,  5.37s/it]
 47%|████▋     | 299/630 [29:23<27:39,  5.01s/it]
 48%|████▊     | 300/630 [29:28<27:23,  4.98s/it]

eval:   0%|          | 0/80 [00:00<?, ?it/s][A

eval:   1%|▏         | 1/80 [00:00<00:54,  1.46it/s][A

eval:   2%|▎         | 2/80 [00:01<00:54,  1.44it/s][A

eval:   4%|▍         | 3/80 [00:02<00:52,  1.46it/s][A

eval:   5%|▌         | 4/80 [00:02<00:58,  1.29it/s][A

eval:   6%|▋         | 5/80 [00:03<00:55,  1.35it/s][A

eval:   8%|▊         | 6/80 [00:04<00:53,  1.39it/s][A

eval:   9%|▉         | 7/80 [00:05<00:51,  1.41it/s][A

eval:  10%|█         | 8/80 [00:06<00:59,  1.22it/s][A

eval:  11%|█▏        | 9/80 [00:06<00:55,  1.29it/s][A

eval:  12%|█▎        | 10/80 [00:07<00:52,  1.33it/s][A

eval:  14%|█▍        | 11/80 [00:08<00:50,  1.37it/s][A

eval:  15%|█▌        | 12/80 [00:09<00:58,  1.16it/s][A

eval:  16%|█▋        | 13/80 [00:09<00:53,  1.24it/s][A

eval:  18%|█▊        | 14/80 [00:10<00:50,  1.30it/s][A

eval:  19%|█▉        | 15/80 [00:11<00:58,  1.11it/s][A

eval:  20%|██        | 16/80 [00:12<00:53,  1.19it/s][A

eval:  21%|██▏       | 17/80 [00:13<00:49,  1.26it/s][A

eval:  22%|██▎       | 18/80 [00:13<00:46,  1.32it/s][A

eval:  24%|██▍       | 19/80 [00:15<00:54,  1.12it/s][A

eval:  25%|██▌       | 20/80 [00:15<00:49,  1.21it/s][A

eval:  26%|██▋       | 21/80 [00:16<00:44,  1.31it/s][A

eval:  28%|██▊       | 22/80 [00:17<00:42,  1.36it/s][A

eval:  29%|██▉       | 23/80 [00:18<00:51,  1.11it/s][A

eval:  30%|███       | 24/80 [00:18<00:45,  1.24it/s][A

eval:  31%|███▏      | 25/80 [00:19<00:42,  1.29it/s][A

eval:  32%|███▎      | 26/80 [00:20<00:48,  1.11it/s][A

eval:  34%|███▍      | 27/80 [00:21<00:44,  1.19it/s][A

eval:  35%|███▌      | 28/80 [00:22<00:41,  1.25it/s][A

eval:  36%|███▋      | 29/80 [00:22<00:38,  1.31it/s][A

eval:  38%|███▊      | 30/80 [00:24<00:44,  1.13it/s][A

eval:  39%|███▉      | 31/80 [00:24<00:40,  1.22it/s][A

eval:  40%|████      | 32/80 [00:25<00:36,  1.33it/s][A

eval:  41%|████▏     | 33/80 [00:26<00:33,  1.39it/s][A

eval:  42%|████▎     | 34/80 [00:27<00:40,  1.15it/s][A

eval:  44%|████▍     | 35/80 [00:27<00:36,  1.22it/s][A

eval:  45%|████▌     | 36/80 [00:28<00:34,  1.28it/s][A

eval:  46%|████▋     | 37/80 [00:29<00:38,  1.11it/s][A

eval:  48%|████▊     | 38/80 [00:30<00:35,  1.20it/s][A

eval:  49%|████▉     | 39/80 [00:31<00:32,  1.28it/s][A

eval:  50%|█████     | 40/80 [00:31<00:30,  1.33it/s][A

eval:  51%|█████▏    | 41/80 [00:33<00:35,  1.11it/s][A

eval:  52%|█████▎    | 42/80 [00:33<00:31,  1.20it/s][A

eval:  54%|█████▍    | 43/80 [00:34<00:29,  1.27it/s][A

eval:  55%|█████▌    | 44/80 [00:35<00:27,  1.31it/s][A

eval:  56%|█████▋    | 45/80 [00:36<00:31,  1.12it/s][A

eval:  57%|█████▊    | 46/80 [00:37<00:28,  1.21it/s][A

eval:  59%|█████▉    | 47/80 [00:37<00:26,  1.27it/s][A

eval:  60%|██████    | 48/80 [00:38<00:29,  1.08it/s][A

eval:  61%|██████▏   | 49/80 [00:39<00:25,  1.21it/s][A

eval:  62%|██████▎   | 50/80 [00:40<00:23,  1.28it/s][A

eval:  64%|██████▍   | 51/80 [00:40<00:21,  1.35it/s][A

eval:  65%|██████▌   | 52/80 [00:42<00:24,  1.16it/s][A

eval:  66%|██████▋   | 53/80 [00:42<00:21,  1.26it/s][A

eval:  68%|██████▊   | 54/80 [00:43<00:19,  1.32it/s][A

eval:  69%|██████▉   | 55/80 [00:44<00:18,  1.36it/s][A

eval:  70%|███████   | 56/80 [00:45<00:20,  1.15it/s][A

eval:  71%|███████▏  | 57/80 [00:45<00:18,  1.22it/s][A

eval:  72%|███████▎  | 58/80 [00:46<00:17,  1.28it/s][A

eval:  74%|███████▍  | 59/80 [00:47<00:19,  1.07it/s][A

eval:  75%|███████▌  | 60/80 [00:48<00:17,  1.16it/s][A

eval:  76%|███████▋  | 61/80 [00:49<00:15,  1.24it/s][A

eval:  78%|███████▊  | 62/80 [00:49<00:13,  1.29it/s][A

eval:  79%|███████▉  | 63/80 [00:51<00:15,  1.10it/s][A

eval:  80%|████████  | 64/80 [00:51<00:13,  1.18it/s][A

eval:  81%|████████▏ | 65/80 [00:52<00:11,  1.25it/s][A

eval:  82%|████████▎ | 66/80 [00:53<00:10,  1.33it/s][A

eval:  84%|████████▍ | 67/80 [00:54<00:11,  1.12it/s][A

eval:  85%|████████▌ | 68/80 [00:55<00:09,  1.21it/s][A

eval:  86%|████████▋ | 69/80 [00:55<00:08,  1.27it/s][A

eval:  88%|████████▊ | 70/80 [00:57<00:09,  1.09it/s][A

eval:  89%|████████▉ | 71/80 [00:57<00:07,  1.17it/s][A

eval:  90%|█████████ | 72/80 [00:58<00:06,  1.25it/s][A

eval:  91%|█████████▏| 73/80 [00:59<00:05,  1.31it/s][A

eval:  92%|█████████▎| 74/80 [01:00<00:05,  1.10it/s][A

eval:  94%|█████████▍| 75/80 [01:01<00:04,  1.18it/s][A

eval:  95%|█████████▌| 76/80 [01:01<00:03,  1.25it/s][A

eval:  96%|█████████▋| 77/80 [01:03<00:02,  1.06it/s][A

eval:  98%|█████████▊| 78/80 [01:03<00:01,  1.19it/s][A

eval:  99%|█████████▉| 79/80 [01:04<00:00,  1.30it/s][A

eval: 100%|██████████| 80/80 [01:04<00:00,  1.35it/s][A

                                                     [A2026-05-11 16:59:09 | INFO | __main__ | eval.py:43 | [EVAL_SAMPLE] idx=0 pred=false gold=barely-true output=Label: B explain=Hartzler said, "We have less Americans working now than in the ‘70s." The statistics Hartzler’s staff said she cited show the employment-population ratio and labor force participation rate was indeed higher in 1979 than in 2015. However,... prompt=<|im_start|>system
You are a careful fact-checking assistant for LIAR-RAW claims. Classify claims using only the claim and retrieved evidence supplied by the user.<|im_end|>
<|im_start|>user
Classify the claim into exactly one LIAR-RAW l...
2026-05-11 16:59:09 | INFO | __main__ | eval.py:43 | [EVAL_SAMPLE] idx=0 pred=false gold=barely-true output=Label: B explain=Hartzler said, "We have less Americans working now than in the ‘70s." The statistics Hartzler’s staff said she cited show the employment-population ratio and labor force participation rate was indeed higher in 1979 than in 2015. However,... prompt=<|im_start|>system
You are a careful fact-checking assistant for LIAR-RAW claims. Classify claims using only the claim and retrieved evidence supplied by the user.<|im_end|>
<|im_start|>user
Classify the claim into exactly one LIAR-RAW l...
2026-05-11 16:59:09 | INFO | __main__ | eval.py:43 | [EVAL_SAMPLE] idx=1 pred=false gold=pants-fire output=Label: B explain=Ellison used a Koran that once belonged to Thomas Jefferson, borrowing the rare book from the Library of Congress. It goes without saying that Ellison is not Obama. UPDATE: Barack Obama resigned from Trinity United Church of Christ on Ma... prompt=<|im_start|>system
You are a careful fact-checking assistant for LIAR-RAW claims. Classify claims using only the claim and retrieved evidence supplied by the user.<|im_end|>
<|im_start|>user
Classify the claim into exactly one LIAR-RAW l...
2026-05-11 16:59:09 | INFO | __main__ | eval.py:43 | [EVAL_SAMPLE] idx=1 pred=false gold=pants-fire output=Label: B explain=Ellison used a Koran that once belonged to Thomas Jefferson, borrowing the rare book from the Library of Congress. It goes without saying that Ellison is not Obama. UPDATE: Barack Obama resigned from Trinity United Church of Christ on Ma... prompt=<|im_start|>system
You are a careful fact-checking assistant for LIAR-RAW claims. Classify claims using only the claim and retrieved evidence supplied by the user.<|im_end|>
<|im_start|>user
Classify the claim into exactly one LIAR-RAW l...
2026-05-11 16:59:09 | INFO | __main__ | eval.py:43 | [EVAL_SAMPLE] idx=2 pred=mostly-true gold=false output=Label: E explain=However, we have two professors who say the law is silent on political activity -- even if one of them sees an implicit prohibition -- and a plain reading of the law that states no explicit ban. Blumenauer said that "the statute a hundre... prompt=<|im_start|>system
You are a careful fact-checking assistant for LIAR-RAW claims. Classify claims using only the claim and retrieved evidence supplied by the user.<|im_end|>
<|im_start|>user
Classify the claim into exactly one LIAR-RAW l...
2026-05-11 16:59:09 | INFO | __main__ | trainer.py:563 | [eval] step=300 accuracy=0.2789 macro_precision=0.2941 macro_recall=0.2887 macro_f1=0.2767 parse_error_rate=0.0000
2026-05-11 16:59:09 | INFO | __main__ | trainer.py:563 | [eval] per_class:
2026-05-11 16:59:09 | INFO | __main__ | trainer.py:563 |   - barely-true: P=0.2330 R=0.3460 F1=0.2784
2026-05-11 16:59:09 | INFO | __main__ | trainer.py:563 |   - false: P=0.2707 R=0.3257 F1=0.2957
2026-05-11 16:59:09 | INFO | __main__ | trainer.py:563 |   - half-true: P=0.3437 R=0.1341 F1=0.1930
2026-05-11 16:59:09 | INFO | __main__ | trainer.py:563 |   - mostly-true: P=0.3684 R=0.2510 F1=0.2986
2026-05-11 16:59:09 | INFO | __main__ | trainer.py:563 |   - pants-fire: P=0.2340 R=0.3793 F1=0.2895
2026-05-11 16:59:09 | INFO | __main__ | trainer.py:563 |   - true: P=0.3145 R=0.2959 F1=0.3049

 48%|████▊     | 301/630 [30:47<2:29:18, 27.23s/it]
 48%|████▊     | 302/630 [30:53<1:53:33, 20.77s/it]
 48%|████▊     | 303/630 [30:58<1:28:21, 16.21s/it]
 48%|████▊     | 304/630 [31:03<1:09:25, 12.78s/it]
 48%|████▊     | 305/630 [31:08<56:47, 10.49s/it]  
 49%|████▊     | 306/630 [31:13<47:26,  8.78s/it]
 49%|████▊     | 307/630 [31:19<43:09,  8.02s/it]
 49%|████▉     | 308/630 [31:25<38:55,  7.25s/it]
 49%|████▉     | 309/630 [31:30<35:49,  6.70s/it]
 49%|████▉     | 310/630 [31:35<32:58,  6.18s/it]
 49%|████▉     | 311/630 [31:40<30:31,  5.74s/it]
 50%|████▉     | 312/630 [31:44<28:58,  5.47s/it]
 50%|████▉     | 313/630 [31:50<29:31,  5.59s/it]
 50%|████▉     | 314/630 [31:56<29:22,  5.58s/it]
 50%|█████     | 315/630 [31:59<24:55,  4.75s/it]
 50%|█████     | 316/630 [32:04<26:00,  4.97s/it]
 50%|█████     | 317/630 [32:10<27:10,  5.21s/it]
 50%|█████     | 318/630 [32:16<27:49,  5.35s/it]
 51%|█████     | 319/630 [32:21<27:26,  5.29s/it]
 51%|█████     | 320/630 [32:25<25:40,  4.97s/it]
 51%|█████     | 321/630 [32:30<25:20,  4.92s/it]
 51%|█████     | 322/630 [32:36<26:57,  5.25s/it]
 51%|█████▏    | 323/630 [32:42<27:53,  5.45s/it]
 51%|█████▏    | 324/630 [32:47<26:52,  5.27s/it]
 52%|█████▏    | 325/630 [32:52<27:13,  5.35s/it]
 52%|█████▏    | 326/630 [32:57<27:00,  5.33s/it]
 52%|█████▏    | 327/630 [33:02<25:27,  5.04s/it]
 52%|█████▏    | 328/630 [33:07<26:10,  5.20s/it]
 52%|█████▏    | 329/630 [33:15<29:40,  5.92s/it]
 52%|█████▏    | 330/630 [33:20<28:46,  5.75s/it]
 53%|█████▎    | 331/630 [33:26<28:18,  5.68s/it]
 53%|█████▎    | 332/630 [33:31<27:04,  5.45s/it]
 53%|█████▎    | 333/630 [33:35<25:43,  5.20s/it]
 53%|█████▎    | 334/630 [33:41<26:19,  5.34s/it]
 53%|█████▎    | 335/630 [33:47<27:49,  5.66s/it]
 53%|█████▎    | 336/630 [33:54<28:48,  5.88s/it]
 53%|█████▎    | 337/630 [33:59<28:06,  5.75s/it]
 54%|█████▎    | 338/630 [34:05<27:13,  5.60s/it]
 54%|█████▍    | 339/630 [34:09<25:18,  5.22s/it]
 54%|█████▍    | 340/630 [34:14<24:31,  5.07s/it]
 54%|█████▍    | 341/630 [34:20<26:30,  5.51s/it]
 54%|█████▍    | 342/630 [34:26<26:57,  5.62s/it]
 54%|█████▍    | 343/630 [34:31<26:40,  5.58s/it]
 55%|█████▍    | 344/630 [34:37<26:22,  5.53s/it]
 55%|█████▍    | 345/630 [34:41<24:53,  5.24s/it]
 55%|█████▍    | 346/630 [34:47<25:18,  5.35s/it]
 55%|█████▌    | 347/630 [34:54<26:51,  5.69s/it]
 55%|█████▌    | 348/630 [35:00<27:44,  5.90s/it]
 55%|█████▌    | 349/630 [35:06<27:12,  5.81s/it]
 56%|█████▌    | 350/630 [35:11<26:47,  5.74s/it]
 56%|█████▌    | 351/630 [35:16<26:09,  5.63s/it]
 56%|█████▌    | 352/630 [35:21<24:17,  5.24s/it]
 56%|█████▌    | 353/630 [35:26<24:44,  5.36s/it]
 56%|█████▌    | 354/630 [35:33<25:55,  5.63s/it]
 56%|█████▋    | 355/630 [35:38<25:58,  5.67s/it]
 57%|█████▋    | 356/630 [35:44<25:43,  5.63s/it]
 57%|█████▋    | 357/630 [35:49<24:58,  5.49s/it]
 57%|█████▋    | 358/630 [35:54<23:19,  5.15s/it]
 57%|█████▋    | 359/630 [35:59<24:02,  5.32s/it]
 57%|█████▋    | 360/630 [36:06<25:18,  5.62s/it]
 57%|█████▋    | 361/630 [36:11<25:27,  5.68s/it]
 57%|█████▋    | 362/630 [36:17<25:03,  5.61s/it]
 58%|█████▊    | 363/630 [36:22<24:57,  5.61s/it]
 58%|█████▊    | 364/630 [36:27<23:09,  5.22s/it]
 58%|█████▊    | 365/630 [36:31<22:09,  5.02s/it]
 58%|█████▊    | 366/630 [36:38<23:44,  5.40s/it]
 58%|█████▊    | 367/630 [36:44<24:41,  5.63s/it]
 58%|█████▊    | 368/630 [36:49<24:34,  5.63s/it]
 59%|█████▊    | 369/630 [36:55<24:10,  5.56s/it]
 59%|█████▊    | 370/630 [36:59<22:20,  5.16s/it]
 59%|█████▉    | 371/630 [37:05<22:44,  5.27s/it]
 59%|█████▉    | 372/630 [37:10<23:17,  5.42s/it]
 59%|█████▉    | 373/630 [37:16<23:01,  5.37s/it]
 59%|█████▉    | 374/630 [37:21<23:23,  5.48s/it]
 60%|█████▉    | 375/630 [37:27<22:56,  5.40s/it]
 60%|█████▉    | 376/630 [37:31<21:29,  5.08s/it]
 60%|█████▉    | 377/630 [37:36<21:11,  5.03s/it]
 60%|██████    | 378/630 [37:41<21:38,  5.15s/it]
 60%|██████    | 379/630 [37:47<21:56,  5.24s/it]
 60%|██████    | 380/630 [37:53<22:59,  5.52s/it]
 60%|██████    | 381/630 [37:58<21:57,  5.29s/it]
 61%|██████    | 382/630 [38:03<21:50,  5.28s/it]
 61%|██████    | 383/630 [38:07<20:57,  5.09s/it]
 61%|██████    | 384/630 [38:13<20:51,  5.09s/it]
 61%|██████    | 385/630 [38:19<22:24,  5.49s/it]
 61%|██████▏   | 386/630 [38:25<22:47,  5.61s/it]
 61%|██████▏   | 387/630 [38:31<23:03,  5.69s/it]
 62%|██████▏   | 388/630 [38:36<22:02,  5.46s/it]
 62%|██████▏   | 389/630 [38:40<20:53,  5.20s/it]
 62%|██████▏   | 390/630 [38:45<19:56,  4.99s/it]
 62%|██████▏   | 391/630 [38:51<20:57,  5.26s/it]
 62%|██████▏   | 392/630 [38:56<20:42,  5.22s/it]
 62%|██████▏   | 393/630 [39:01<21:07,  5.35s/it]
 63%|██████▎   | 394/630 [39:07<20:55,  5.32s/it]
 63%|██████▎   | 395/630 [39:12<20:29,  5.23s/it]
 63%|██████▎   | 396/630 [39:16<19:08,  4.91s/it]
 63%|██████▎   | 397/630 [39:22<20:47,  5.36s/it]
 63%|██████▎   | 398/630 [39:29<22:17,  5.76s/it]
 63%|██████▎   | 399/630 [39:34<21:51,  5.68s/it]
 63%|██████▎   | 400/630 [39:40<21:25,  5.59s/it]

eval:   0%|          | 0/80 [00:00<?, ?it/s][A

eval:   1%|▏         | 1/80 [00:00<00:53,  1.47it/s][A

eval:   2%|▎         | 2/80 [00:01<01:21,  1.04s/it][A

eval:   4%|▍         | 3/80 [00:02<01:07,  1.15it/s][A

eval:   5%|▌         | 4/80 [00:03<01:01,  1.24it/s][A

eval:   6%|▋         | 5/80 [00:04<00:56,  1.32it/s][A

eval:   8%|▊         | 6/80 [00:05<01:06,  1.11it/s][A

eval:   9%|▉         | 7/80 [00:05<01:00,  1.20it/s][A

eval:  10%|█         | 8/80 [00:06<00:56,  1.27it/s][A

eval:  11%|█▏        | 9/80 [00:07<01:06,  1.06it/s][A

eval:  12%|█▎        | 10/80 [00:08<01:00,  1.16it/s][A

eval:  14%|█▍        | 11/80 [00:09<00:55,  1.24it/s][A

eval:  15%|█▌        | 12/80 [00:09<00:52,  1.29it/s][A

eval:  16%|█▋        | 13/80 [00:11<00:59,  1.12it/s][A

eval:  18%|█▊        | 14/80 [00:11<00:55,  1.19it/s][A

eval:  19%|█▉        | 15/80 [00:12<00:51,  1.27it/s][A

eval:  20%|██        | 16/80 [00:13<00:59,  1.07it/s][A

eval:  21%|██▏       | 17/80 [00:14<00:54,  1.17it/s][A

eval:  22%|██▎       | 18/80 [00:15<00:49,  1.25it/s][A

eval:  24%|██▍       | 19/80 [00:15<00:45,  1.34it/s][A

eval:  25%|██▌       | 20/80 [00:16<00:53,  1.12it/s][A

eval:  26%|██▋       | 21/80 [00:17<00:47,  1.24it/s][A

eval:  28%|██▊       | 22/80 [00:18<00:44,  1.30it/s][A

eval:  29%|██▉       | 23/80 [00:18<00:41,  1.37it/s][A

eval:  30%|███       | 24/80 [00:20<00:47,  1.18it/s][A

eval:  31%|███▏      | 25/80 [00:20<00:44,  1.25it/s][A

eval:  32%|███▎      | 26/80 [00:21<00:41,  1.31it/s][A

eval:  34%|███▍      | 27/80 [00:22<00:39,  1.35it/s][A

eval:  35%|███▌      | 28/80 [00:23<00:46,  1.11it/s][A

eval:  36%|███▋      | 29/80 [00:24<00:42,  1.20it/s][A

eval:  38%|███▊      | 30/80 [00:24<00:38,  1.30it/s][A

eval:  39%|███▉      | 31/80 [00:25<00:44,  1.10it/s][A

eval:  40%|████      | 32/80 [00:26<00:39,  1.22it/s][A

eval:  41%|████▏     | 33/80 [00:27<00:36,  1.31it/s][A

eval:  42%|████▎     | 34/80 [00:27<00:34,  1.33it/s][A

eval:  44%|████▍     | 35/80 [00:29<00:40,  1.12it/s][A

eval:  45%|████▌     | 36/80 [00:29<00:36,  1.20it/s][A

eval:  46%|████▋     | 37/80 [00:30<00:33,  1.27it/s][A

eval:  48%|████▊     | 38/80 [00:31<00:31,  1.33it/s][A

eval:  49%|████▉     | 39/80 [00:32<00:36,  1.13it/s][A

eval:  50%|█████     | 40/80 [00:32<00:32,  1.21it/s][A

eval:  51%|█████▏    | 41/80 [00:33<00:30,  1.28it/s][A

eval:  52%|█████▎    | 42/80 [00:34<00:34,  1.11it/s][A

eval:  54%|█████▍    | 43/80 [00:35<00:30,  1.20it/s][A

eval:  55%|█████▌    | 44/80 [00:36<00:28,  1.26it/s][A

eval:  56%|█████▋    | 45/80 [00:36<00:25,  1.35it/s][A

eval:  57%|█████▊    | 46/80 [00:38<00:30,  1.12it/s][A

eval:  59%|█████▉    | 47/80 [00:38<00:27,  1.20it/s][A

eval:  60%|██████    | 48/80 [00:39<00:25,  1.26it/s][A

eval:  61%|██████▏   | 49/80 [00:40<00:22,  1.35it/s][A

eval:  62%|██████▎   | 50/80 [00:41<00:26,  1.13it/s][A

eval:  64%|██████▍   | 51/80 [00:41<00:23,  1.23it/s][A

eval:  65%|██████▌   | 52/80 [00:42<00:21,  1.33it/s][A

eval:  66%|██████▋   | 53/80 [00:43<00:23,  1.15it/s][A

eval:  68%|██████▊   | 54/80 [00:44<00:21,  1.23it/s][A

eval:  69%|██████▉   | 55/80 [00:45<00:19,  1.29it/s][A

eval:  70%|███████   | 56/80 [00:45<00:17,  1.35it/s][A

eval:  71%|███████▏  | 57/80 [00:46<00:20,  1.12it/s][A

eval:  72%|███████▎  | 58/80 [00:47<00:18,  1.19it/s][A

eval:  74%|███████▍  | 59/80 [00:48<00:16,  1.26it/s][A

eval:  75%|███████▌  | 60/80 [00:49<00:15,  1.32it/s][A

eval:  76%|███████▋  | 61/80 [00:50<00:17,  1.12it/s][A

eval:  78%|███████▊  | 62/80 [00:50<00:15,  1.20it/s][A

eval:  79%|███████▉  | 63/80 [00:51<00:13,  1.26it/s][A

eval:  80%|████████  | 64/80 [00:52<00:15,  1.07it/s][A

eval:  81%|████████▏ | 65/80 [00:53<00:13,  1.15it/s][A

eval:  82%|████████▎ | 66/80 [00:54<00:11,  1.24it/s][A

eval:  84%|████████▍ | 67/80 [00:54<00:09,  1.31it/s][A

eval:  85%|████████▌ | 68/80 [00:56<00:10,  1.11it/s][A

eval:  86%|████████▋ | 69/80 [00:56<00:09,  1.19it/s][A

eval:  88%|████████▊ | 70/80 [00:57<00:07,  1.26it/s][A

eval:  89%|████████▉ | 71/80 [00:58<00:08,  1.08it/s][A

eval:  90%|█████████ | 72/80 [00:59<00:06,  1.17it/s][A

eval:  91%|█████████▏| 73/80 [01:00<00:05,  1.25it/s][A

eval:  92%|█████████▎| 74/80 [01:00<00:04,  1.31it/s][A

eval:  94%|█████████▍| 75/80 [01:02<00:04,  1.09it/s][A

eval:  95%|█████████▌| 76/80 [01:02<00:03,  1.18it/s][A

eval:  96%|█████████▋| 77/80 [01:03<00:02,  1.25it/s][A

eval:  98%|█████████▊| 78/80 [01:04<00:01,  1.36it/s][A

eval:  99%|█████████▉| 79/80 [01:05<00:00,  1.15it/s][A

eval: 100%|██████████| 80/80 [01:05<00:00,  1.23it/s][A

                                                     [A2026-05-11 17:09:22 | INFO | __main__ | eval.py:43 | [EVAL_SAMPLE] idx=0 pred=false gold=barely-true output=Label: B explain=Hartzler said, "We have less Americans working now than in the ‘70s." The statistics Hartzler’s staff said she cited show the employment-population ratio and labor force participation rate was indeed higher in 1979 than in 2015. However,... prompt=<|im_start|>system
You are a careful fact-checking assistant for LIAR-RAW claims. Classify claims using only the claim and retrieved evidence supplied by the user.<|im_end|>
<|im_start|>user
Classify the claim into exactly one LIAR-RAW l...
2026-05-11 17:09:22 | INFO | __main__ | eval.py:43 | [EVAL_SAMPLE] idx=0 pred=false gold=barely-true output=Label: B explain=Hartzler said, "We have less Americans working now than in the ‘70s." The statistics Hartzler’s staff said she cited show the employment-population ratio and labor force participation rate was indeed higher in 1979 than in 2015. However,... prompt=<|im_start|>system
You are a careful fact-checking assistant for LIAR-RAW claims. Classify claims using only the claim and retrieved evidence supplied by the user.<|im_end|>
<|im_start|>user
Classify the claim into exactly one LIAR-RAW l...
2026-05-11 17:09:22 | INFO | __main__ | eval.py:43 | [EVAL_SAMPLE] idx=1 pred=false gold=pants-fire output=Label: B explain=Ellison used a Koran that once belonged to Thomas Jefferson, borrowing the rare book from the Library of Congress. It goes without saying that Ellison is not Obama. UPDATE: Barack Obama resigned from Trinity United Church of Christ on Ma... prompt=<|im_start|>system
You are a careful fact-checking assistant for LIAR-RAW claims. Classify claims using only the claim and retrieved evidence supplied by the user.<|im_end|>
<|im_start|>user
Classify the claim into exactly one LIAR-RAW l...
2026-05-11 17:09:22 | INFO | __main__ | eval.py:43 | [EVAL_SAMPLE] idx=1 pred=false gold=pants-fire output=Label: B explain=Ellison used a Koran that once belonged to Thomas Jefferson, borrowing the rare book from the Library of Congress. It goes without saying that Ellison is not Obama. UPDATE: Barack Obama resigned from Trinity United Church of Christ on Ma... prompt=<|im_start|>system
You are a careful fact-checking assistant for LIAR-RAW claims. Classify claims using only the claim and retrieved evidence supplied by the user.<|im_end|>
<|im_start|>user
Classify the claim into exactly one LIAR-RAW l...
2026-05-11 17:09:22 | INFO | __main__ | eval.py:43 | [EVAL_SAMPLE] idx=2 pred=mostly-true gold=false output=Label: E explain=However, we have two professors who say the law is silent on political activity -- even if one of them sees an implicit prohibition -- and a plain reading of the law that states no explicit ban. Blumenauer said that "the statute a hundre... prompt=<|im_start|>system
You are a careful fact-checking assistant for LIAR-RAW claims. Classify claims using only the claim and retrieved evidence supplied by the user.<|im_end|>
<|im_start|>user
Classify the claim into exactly one LIAR-RAW l...
2026-05-11 17:09:22 | INFO | __main__ | trainer.py:563 | [eval] step=400 accuracy=0.2609 macro_precision=0.2816 macro_recall=0.2846 macro_f1=0.2594 parse_error_rate=0.0000
2026-05-11 17:09:22 | INFO | __main__ | trainer.py:563 | [eval] per_class:
2026-05-11 17:09:22 | INFO | __main__ | trainer.py:563 |   - barely-true: P=0.2098 R=0.2532 F1=0.2294
2026-05-11 17:09:22 | INFO | __main__ | trainer.py:563 |   - false: P=0.2540 R=0.3065 F1=0.2778
2026-05-11 17:09:22 | INFO | __main__ | trainer.py:563 |   - half-true: P=0.3023 R=0.1057 F1=0.1566
2026-05-11 17:09:22 | INFO | __main__ | trainer.py:563 |   - mostly-true: P=0.4228 R=0.2072 F1=0.2781
2026-05-11 17:09:22 | INFO | __main__ | trainer.py:563 |   - pants-fire: P=0.2132 R=0.4741 F1=0.2941
2026-05-11 17:09:22 | INFO | __main__ | trainer.py:563 |   - true: P=0.2877 R=0.3609 F1=0.3202

 64%|██████▎   | 401/630 [40:54<1:40:04, 26.22s/it]
 64%|██████▍   | 402/630 [40:59<1:14:42, 19.66s/it]
 64%|██████▍   | 403/630 [41:04<58:26, 15.45s/it]  
 64%|██████▍   | 404/630 [41:10<47:47, 12.69s/it]
 64%|██████▍   | 405/630 [41:16<39:55, 10.65s/it]
 64%|██████▍   | 406/630 [41:22<33:49,  9.06s/it]
 65%|██████▍   | 407/630 [41:27<29:30,  7.94s/it]
 65%|██████▍   | 408/630 [41:31<25:14,  6.82s/it]
 65%|██████▍   | 409/630 [41:37<24:03,  6.53s/it]
 65%|██████▌   | 410/630 [41:44<24:00,  6.55s/it]
 65%|██████▌   | 411/630 [41:49<23:01,  6.31s/it]
 65%|██████▌   | 412/630 [41:55<22:15,  6.12s/it]
 66%|██████▌   | 413/630 [42:00<21:04,  5.82s/it]
 66%|██████▌   | 414/630 [42:05<19:26,  5.40s/it]
 66%|██████▌   | 415/630 [42:10<18:53,  5.27s/it]
 66%|██████▌   | 416/630 [42:16<20:06,  5.64s/it]
 66%|██████▌   | 417/630 [42:22<20:23,  5.74s/it]
 66%|██████▋   | 418/630 [42:28<20:02,  5.67s/it]
 67%|██████▋   | 419/630 [42:33<19:43,  5.61s/it]
 67%|██████▋   | 420/630 [42:38<18:32,  5.30s/it]
 67%|██████▋   | 421/630 [42:42<17:55,  5.15s/it]
 67%|██████▋   | 422/630 [42:49<18:57,  5.47s/it]
 67%|██████▋   | 423/630 [42:55<19:39,  5.70s/it]
 67%|██████▋   | 424/630 [43:01<19:55,  5.80s/it]
 67%|██████▋   | 425/630 [43:06<19:24,  5.68s/it]
 68%|██████▊   | 426/630 [43:11<18:07,  5.33s/it]
 68%|██████▊   | 427/630 [43:16<17:48,  5.26s/it]
 68%|██████▊   | 428/630 [43:21<17:16,  5.13s/it]
 68%|██████▊   | 429/630 [43:27<18:03,  5.39s/it]
 68%|██████▊   | 430/630 [43:32<17:59,  5.40s/it]
 68%|██████▊   | 431/630 [43:37<17:44,  5.35s/it]
 69%|██████▊   | 432/630 [43:43<17:50,  5.40s/it]
 69%|██████▊   | 433/630 [43:47<16:38,  5.07s/it]
 69%|██████▉   | 434/630 [43:53<17:19,  5.30s/it]
 69%|██████▉   | 435/630 [43:59<18:16,  5.62s/it]
 69%|██████▉   | 436/630 [44:05<18:18,  5.66s/it]
 69%|██████▉   | 437/630 [44:11<17:53,  5.56s/it]
 70%|██████▉   | 438/630 [44:16<17:38,  5.52s/it]
 70%|██████▉   | 439/630 [44:20<16:24,  5.15s/it]
 70%|██████▉   | 440/630 [44:25<15:57,  5.04s/it]
 70%|███████   | 441/630 [44:31<16:57,  5.38s/it]
 70%|███████   | 442/630 [44:38<17:53,  5.71s/it]
 70%|███████   | 443/630 [44:42<16:56,  5.43s/it]
 70%|███████   | 444/630 [44:48<16:51,  5.44s/it]
 71%|███████   | 445/630 [44:53<16:15,  5.27s/it]
 71%|███████   | 446/630 [44:57<15:06,  4.93s/it]
 71%|███████   | 447/630 [45:03<16:04,  5.27s/it]
 71%|███████   | 448/630 [45:09<16:37,  5.48s/it]
 71%|███████▏  | 449/630 [45:15<16:54,  5.60s/it]
 71%|███████▏  | 450/630 [45:21<16:50,  5.62s/it]
 72%|███████▏  | 451/630 [45:25<15:45,  5.28s/it]
 72%|███████▏  | 452/630 [45:30<15:48,  5.33s/it]
 72%|███████▏  | 453/630 [45:36<16:04,  5.45s/it]
 72%|███████▏  | 454/630 [45:43<16:50,  5.74s/it]
 72%|███████▏  | 455/630 [45:48<16:43,  5.73s/it]
 72%|███████▏  | 456/630 [45:54<16:13,  5.59s/it]
 73%|███████▎  | 457/630 [45:59<15:51,  5.50s/it]
 73%|███████▎  | 458/630 [46:03<14:49,  5.17s/it]
 73%|███████▎  | 459/630 [46:09<15:19,  5.38s/it]
 73%|███████▎  | 460/630 [46:16<16:10,  5.71s/it]
 73%|███████▎  | 461/630 [46:22<16:18,  5.79s/it]
 73%|███████▎  | 462/630 [46:27<16:07,  5.76s/it]
 73%|███████▎  | 463/630 [46:33<15:38,  5.62s/it]
 74%|███████▎  | 464/630 [46:38<15:06,  5.46s/it]
 74%|███████▍  | 465/630 [46:41<13:34,  4.94s/it]
 74%|███████▍  | 466/630 [46:48<14:33,  5.33s/it]
 74%|███████▍  | 467/630 [46:54<15:10,  5.58s/it]
 74%|███████▍  | 468/630 [46:59<15:10,  5.62s/it]
 74%|███████▍  | 469/630 [47:05<14:44,  5.50s/it]
 75%|███████▍  | 470/630 [47:09<13:57,  5.24s/it]
 75%|███████▍  | 471/630 [47:14<13:29,  5.09s/it]
 75%|███████▍  | 472/630 [47:20<14:19,  5.44s/it]
 75%|███████▌  | 473/630 [47:27<14:48,  5.66s/it]
 75%|███████▌  | 474/630 [47:31<14:09,  5.44s/it]
 75%|███████▌  | 475/630 [47:37<13:59,  5.42s/it]
 76%|███████▌  | 476/630 [47:42<13:30,  5.26s/it]
 76%|███████▌  | 477/630 [47:46<12:29,  4.90s/it]
 76%|███████▌  | 478/630 [47:51<12:40,  5.00s/it]
 76%|███████▌  | 479/630 [47:57<13:11,  5.24s/it]
 76%|███████▌  | 480/630 [48:02<12:50,  5.14s/it]
 76%|███████▋  | 481/630 [48:07<13:05,  5.27s/it]
 77%|███████▋  | 482/630 [48:13<13:01,  5.28s/it]
 77%|███████▋  | 483/630 [48:17<12:15,  5.00s/it]
 77%|███████▋  | 484/630 [48:23<12:40,  5.21s/it]
 77%|███████▋  | 485/630 [48:30<14:06,  5.84s/it]
 77%|███████▋  | 486/630 [48:36<13:57,  5.82s/it]
 77%|███████▋  | 487/630 [48:41<13:28,  5.66s/it]
 77%|███████▋  | 488/630 [48:46<13:12,  5.58s/it]
 78%|███████▊  | 489/630 [48:51<12:46,  5.44s/it]
 78%|███████▊  | 490/630 [48:56<11:41,  5.01s/it]
 78%|███████▊  | 491/630 [49:02<12:33,  5.42s/it]
 78%|███████▊  | 492/630 [49:08<12:51,  5.59s/it]
 78%|███████▊  | 493/630 [49:14<12:48,  5.61s/it]
 78%|███████▊  | 494/630 [49:19<12:39,  5.58s/it]
 79%|███████▊  | 495/630 [49:24<12:15,  5.45s/it]
 79%|███████▊  | 496/630 [49:29<11:32,  5.17s/it]
 79%|███████▉  | 497/630 [49:35<12:11,  5.50s/it]
 79%|███████▉  | 498/630 [49:41<12:25,  5.65s/it]
 79%|███████▉  | 499/630 [49:47<12:22,  5.66s/it]
 79%|███████▉  | 500/630 [49:52<12:11,  5.63s/it]

eval:   0%|          | 0/80 [00:00<?, ?it/s][A

eval:   1%|▏         | 1/80 [00:00<00:53,  1.47it/s][A

eval:   2%|▎         | 2/80 [00:01<01:17,  1.01it/s][A

eval:   4%|▍         | 3/80 [00:02<01:05,  1.18it/s][A

eval:   5%|▌         | 4/80 [00:03<00:59,  1.27it/s][A

eval:   6%|▋         | 5/80 [00:04<01:11,  1.05it/s][A

eval:   8%|▊         | 6/80 [00:05<01:03,  1.17it/s][A

eval:   9%|▉         | 7/80 [00:05<00:58,  1.24it/s][A

eval:  10%|█         | 8/80 [00:06<00:55,  1.30it/s][A

eval:  11%|█▏        | 9/80 [00:07<01:04,  1.11it/s][A

eval:  12%|█▎        | 10/80 [00:08<00:58,  1.19it/s][A

eval:  14%|█▍        | 11/80 [00:09<00:54,  1.27it/s][A

eval:  15%|█▌        | 12/80 [00:10<01:03,  1.07it/s][A

eval:  16%|█▋        | 13/80 [00:11<00:57,  1.17it/s][A

eval:  18%|█▊        | 14/80 [00:11<00:53,  1.24it/s][A

eval:  19%|█▉        | 15/80 [00:12<00:50,  1.30it/s][A

eval:  20%|██        | 16/80 [00:13<00:59,  1.08it/s][A

eval:  21%|██▏       | 17/80 [00:14<00:53,  1.17it/s][A

eval:  22%|██▎       | 18/80 [00:15<00:49,  1.25it/s][A

eval:  24%|██▍       | 19/80 [00:15<00:45,  1.35it/s][A

eval:  25%|██▌       | 20/80 [00:16<00:53,  1.12it/s][A

eval:  26%|██▋       | 21/80 [00:17<00:47,  1.24it/s][A

eval:  28%|██▊       | 22/80 [00:18<00:44,  1.30it/s][A

eval:  29%|██▉       | 23/80 [00:19<00:51,  1.10it/s][A

eval:  30%|███       | 24/80 [00:20<00:45,  1.23it/s][A

eval:  31%|███▏      | 25/80 [00:20<00:42,  1.29it/s][A

eval:  32%|███▎      | 26/80 [00:21<00:40,  1.34it/s][A

eval:  34%|███▍      | 27/80 [00:22<00:47,  1.12it/s][A

eval:  35%|███▌      | 28/80 [00:23<00:43,  1.20it/s][A

eval:  36%|███▋      | 29/80 [00:24<00:40,  1.27it/s][A

eval:  38%|███▊      | 30/80 [00:24<00:36,  1.36it/s][A

eval:  39%|███▉      | 31/80 [00:25<00:42,  1.14it/s][A

eval:  40%|████      | 32/80 [00:26<00:37,  1.27it/s][A

eval:  41%|████▏     | 33/80 [00:27<00:35,  1.34it/s][A

eval:  42%|████▎     | 34/80 [00:27<00:33,  1.37it/s][A

eval:  44%|████▍     | 35/80 [00:28<00:39,  1.14it/s][A

eval:  45%|████▌     | 36/80 [00:29<00:36,  1.22it/s][A

eval:  46%|████▋     | 37/80 [00:30<00:33,  1.29it/s][A

eval:  48%|████▊     | 38/80 [00:31<00:38,  1.09it/s][A

eval:  49%|████▉     | 39/80 [00:32<00:34,  1.19it/s][A

eval:  50%|█████     | 40/80 [00:32<00:31,  1.26it/s][A

eval:  51%|█████▏    | 41/80 [00:33<00:29,  1.32it/s][A

eval:  52%|█████▎    | 42/80 [00:34<00:34,  1.11it/s][A

eval:  54%|█████▍    | 43/80 [00:35<00:30,  1.20it/s][A

eval:  55%|█████▌    | 44/80 [00:36<00:28,  1.26it/s][A

eval:  56%|█████▋    | 45/80 [00:37<00:31,  1.10it/s][A

eval:  57%|█████▊    | 46/80 [00:38<00:28,  1.19it/s][A

eval:  59%|█████▉    | 47/80 [00:38<00:26,  1.26it/s][A

eval:  60%|██████    | 48/80 [00:39<00:24,  1.31it/s][A

eval:  61%|██████▏   | 49/80 [00:40<00:27,  1.12it/s][A

eval:  62%|██████▎   | 50/80 [00:41<00:24,  1.21it/s][A

eval:  64%|██████▍   | 51/80 [00:42<00:22,  1.29it/s][A

eval:  65%|██████▌   | 52/80 [00:42<00:20,  1.38it/s][A

eval:  66%|██████▋   | 53/80 [00:43<00:23,  1.16it/s][A

eval:  68%|██████▊   | 54/80 [00:44<00:20,  1.24it/s][A

eval:  69%|██████▉   | 55/80 [00:45<00:19,  1.29it/s][A

eval:  70%|███████   | 56/80 [00:46<00:21,  1.09it/s][A

eval:  71%|███████▏  | 57/80 [00:47<00:19,  1.17it/s][A

eval:  72%|███████▎  | 58/80 [00:47<00:17,  1.24it/s][A

eval:  74%|███████▍  | 59/80 [00:48<00:16,  1.30it/s][A

eval:  75%|███████▌  | 60/80 [00:49<00:18,  1.10it/s][A

eval:  76%|███████▋  | 61/80 [00:50<00:15,  1.19it/s][A

eval:  78%|███████▊  | 62/80 [00:51<00:14,  1.25it/s][A

eval:  79%|███████▉  | 63/80 [00:51<00:13,  1.30it/s][A

eval:  80%|████████  | 64/80 [00:53<00:14,  1.09it/s][A

eval:  81%|████████▏ | 65/80 [00:53<00:12,  1.18it/s][A

eval:  82%|████████▎ | 66/80 [00:54<00:11,  1.27it/s][A

eval:  84%|████████▍ | 67/80 [00:55<00:12,  1.08it/s][A

eval:  85%|████████▌ | 68/80 [00:56<00:10,  1.18it/s][A

eval:  86%|████████▋ | 69/80 [00:57<00:08,  1.24it/s][A

eval:  88%|████████▊ | 70/80 [00:57<00:07,  1.30it/s][A

eval:  89%|████████▉ | 71/80 [00:59<00:08,  1.07it/s][A

eval:  90%|█████████ | 72/80 [00:59<00:06,  1.17it/s][A

eval:  91%|█████████▏| 73/80 [01:00<00:05,  1.25it/s][A

eval:  92%|█████████▎| 74/80 [01:01<00:05,  1.08it/s][A

eval:  94%|█████████▍| 75/80 [01:02<00:04,  1.16it/s][A

eval:  95%|█████████▌| 76/80 [01:03<00:03,  1.23it/s][A

eval:  96%|█████████▋| 77/80 [01:03<00:02,  1.30it/s][A

eval:  98%|█████████▊| 78/80 [01:04<00:01,  1.13it/s][A

eval:  99%|█████████▉| 79/80 [01:05<00:00,  1.25it/s][A

eval: 100%|██████████| 80/80 [01:06<00:00,  1.31it/s][A

                                                     [A2026-05-11 17:19:35 | INFO | __main__ | eval.py:43 | [EVAL_SAMPLE] idx=0 pred=false gold=barely-true output=Label: B explain=Hartzler said, "We have less Americans working now than in the ‘70s." The statistics Hartzler’s staff said she cited show the employment-population ratio and labor force participation rate was indeed higher in 1979 than in 2015. However,... prompt=<|im_start|>system
You are a careful fact-checking assistant for LIAR-RAW claims. Classify claims using only the claim and retrieved evidence supplied by the user.<|im_end|>
<|im_start|>user
Classify the claim into exactly one LIAR-RAW l...
2026-05-11 17:19:35 | INFO | __main__ | eval.py:43 | [EVAL_SAMPLE] idx=0 pred=false gold=barely-true output=Label: B explain=Hartzler said, "We have less Americans working now than in the ‘70s." The statistics Hartzler’s staff said she cited show the employment-population ratio and labor force participation rate was indeed higher in 1979 than in 2015. However,... prompt=<|im_start|>system
You are a careful fact-checking assistant for LIAR-RAW claims. Classify claims using only the claim and retrieved evidence supplied by the user.<|im_end|>
<|im_start|>user
Classify the claim into exactly one LIAR-RAW l...
2026-05-11 17:19:35 | INFO | __main__ | eval.py:43 | [EVAL_SAMPLE] idx=1 pred=true gold=pants-fire output=Label: F explain=Ellison used a Koran that once belonged to Thomas Jefferson, borrowing the rare book from the Library of Congress. It goes without saying that Ellison is not Obama. UPDATE: Barack Obama resigned from Trinity United Church of Christ on Ma... prompt=<|im_start|>system
You are a careful fact-checking assistant for LIAR-RAW claims. Classify claims using only the claim and retrieved evidence supplied by the user.<|im_end|>
<|im_start|>user
Classify the claim into exactly one LIAR-RAW l...
2026-05-11 17:19:35 | INFO | __main__ | eval.py:43 | [EVAL_SAMPLE] idx=1 pred=true gold=pants-fire output=Label: F explain=Ellison used a Koran that once belonged to Thomas Jefferson, borrowing the rare book from the Library of Congress. It goes without saying that Ellison is not Obama. UPDATE: Barack Obama resigned from Trinity United Church of Christ on Ma... prompt=<|im_start|>system
You are a careful fact-checking assistant for LIAR-RAW claims. Classify claims using only the claim and retrieved evidence supplied by the user.<|im_end|>
<|im_start|>user
Classify the claim into exactly one LIAR-RAW l...
2026-05-11 17:19:35 | INFO | __main__ | eval.py:43 | [EVAL_SAMPLE] idx=2 pred=mostly-true gold=false output=Label: E explain=However, we have two professors who say the law is silent on political activity -- even if one of them sees an implicit prohibition -- and a plain reading of the law that states no explicit ban. Blumenauer said that "the statute a hundre... prompt=<|im_start|>system
You are a careful fact-checking assistant for LIAR-RAW claims. Classify claims using only the claim and retrieved evidence supplied by the user.<|im_end|>
<|im_start|>user
Classify the claim into exactly one LIAR-RAW l...
2026-05-11 17:19:35 | INFO | __main__ | trainer.py:563 | [eval] step=500 accuracy=0.2578 macro_precision=0.2780 macro_recall=0.2888 macro_f1=0.2516 parse_error_rate=0.0000
2026-05-11 17:19:35 | INFO | __main__ | trainer.py:563 | [eval] per_class:
2026-05-11 17:19:35 | INFO | __main__ | trainer.py:563 |   - barely-true: P=0.2619 R=0.3249 F1=0.2900
2026-05-11 17:19:35 | INFO | __main__ | trainer.py:563 |   - false: P=0.3097 R=0.1839 F1=0.2308
2026-05-11 17:19:35 | INFO | __main__ | trainer.py:563 |   - half-true: P=0.2457 R=0.1748 F1=0.2043
2026-05-11 17:19:35 | INFO | __main__ | trainer.py:563 |   - mostly-true: P=0.3881 R=0.1036 F1=0.1635
2026-05-11 17:19:35 | INFO | __main__ | trainer.py:563 |   - pants-fire: P=0.2332 R=0.4483 F1=0.3068
2026-05-11 17:19:35 | INFO | __main__ | trainer.py:563 |   - true: P=0.2295 R=0.4970 F1=0.3140

 80%|███████▉  | 501/630 [51:08<57:07, 26.57s/it]
 80%|███████▉  | 502/630 [51:13<42:50, 20.08s/it]
 80%|███████▉  | 503/630 [51:18<33:05, 15.63s/it]
 80%|████████  | 504/630 [51:24<26:50, 12.78s/it]
 80%|████████  | 505/630 [51:30<22:19, 10.72s/it]
 80%|████████  | 506/630 [51:35<18:27,  8.93s/it]
 80%|████████  | 507/630 [51:40<16:16,  7.94s/it]
 81%|████████  | 508/630 [51:45<14:03,  6.91s/it]
 81%|████████  | 509/630 [51:50<12:48,  6.35s/it]
 81%|████████  | 510/630 [51:56<12:27,  6.23s/it]
 81%|████████  | 511/630 [52:01<11:55,  6.01s/it]
 81%|████████▏ | 512/630 [52:06<11:02,  5.61s/it]
 81%|████████▏ | 513/630 [52:12<11:01,  5.66s/it]
 82%|████████▏ | 514/630 [52:17<10:46,  5.57s/it]
 82%|████████▏ | 515/630 [52:22<10:17,  5.37s/it]
 82%|████████▏ | 516/630 [52:28<10:39,  5.61s/it]
 82%|████████▏ | 517/630 [52:34<10:45,  5.72s/it]
 82%|████████▏ | 518/630 [52:39<10:19,  5.53s/it]
 82%|████████▏ | 519/630 [52:45<10:10,  5.50s/it]
 83%|████████▎ | 520/630 [52:50<09:58,  5.44s/it]
 83%|████████▎ | 521/630 [52:54<09:12,  5.07s/it]
 83%|████████▎ | 522/630 [53:01<10:14,  5.69s/it]
 83%|████████▎ | 523/630 [53:07<09:55,  5.56s/it]
 83%|████████▎ | 524/630 [53:12<10:00,  5.66s/it]
 83%|████████▎ | 525/630 [53:18<09:56,  5.68s/it]
 83%|████████▎ | 526/630 [53:23<09:31,  5.50s/it]
 84%|████████▎ | 527/630 [53:28<08:51,  5.16s/it]
 84%|████████▍ | 528/630 [53:33<09:02,  5.32s/it]
 84%|████████▍ | 529/630 [53:39<09:23,  5.58s/it]
 84%|████████▍ | 530/630 [53:45<09:25,  5.65s/it]
 84%|████████▍ | 531/630 [53:51<09:24,  5.70s/it]
 84%|████████▍ | 532/630 [53:56<08:59,  5.50s/it]
 85%|████████▍ | 533/630 [54:01<08:24,  5.20s/it]
 85%|████████▍ | 534/630 [54:06<08:27,  5.29s/it]
 85%|████████▍ | 535/630 [54:12<08:48,  5.56s/it]
 85%|████████▌ | 536/630 [54:18<08:55,  5.70s/it]
 85%|████████▌ | 537/630 [54:24<08:44,  5.64s/it]
 85%|████████▌ | 538/630 [54:29<08:32,  5.57s/it]
 86%|████████▌ | 539/630 [54:34<07:55,  5.22s/it]
 86%|████████▌ | 540/630 [54:39<07:44,  5.16s/it]
 86%|████████▌ | 541/630 [54:45<08:07,  5.48s/it]
 86%|████████▌ | 542/630 [54:51<08:14,  5.62s/it]
 86%|████████▌ | 543/630 [54:56<08:06,  5.59s/it]
 86%|████████▋ | 544/630 [55:01<07:35,  5.29s/it]
 87%|████████▋ | 545/630 [55:06<07:25,  5.24s/it]
 87%|████████▋ | 546/630 [55:11<07:10,  5.13s/it]
 87%|████████▋ | 547/630 [55:17<07:40,  5.54s/it]
 87%|████████▋ | 548/630 [55:24<07:54,  5.79s/it]
 87%|████████▋ | 549/630 [55:30<07:46,  5.76s/it]
 87%|████████▋ | 550/630 [55:35<07:29,  5.61s/it]
 87%|████████▋ | 551/630 [55:39<06:58,  5.29s/it]
 88%|████████▊ | 552/630 [55:44<06:45,  5.20s/it]
 88%|████████▊ | 553/630 [55:49<06:27,  5.04s/it]
 88%|████████▊ | 554/630 [55:55<06:50,  5.41s/it]
 88%|████████▊ | 555/630 [56:01<06:56,  5.55s/it]
 88%|████████▊ | 556/630 [56:07<06:48,  5.52s/it]
 88%|████████▊ | 557/630 [56:12<06:38,  5.46s/it]
 89%|████████▊ | 558/630 [56:17<06:30,  5.42s/it]
 89%|████████▊ | 559/630 [56:23<06:23,  5.40s/it]
 89%|████████▉ | 560/630 [56:29<06:35,  5.66s/it]
 89%|████████▉ | 561/630 [56:34<06:19,  5.49s/it]
 89%|████████▉ | 562/630 [56:40<06:15,  5.52s/it]
 89%|████████▉ | 563/630 [56:45<06:07,  5.49s/it]
 90%|████████▉ | 564/630 [56:50<05:55,  5.39s/it]
 90%|████████▉ | 565/630 [56:54<05:23,  4.98s/it]
 90%|████████▉ | 566/630 [57:01<05:53,  5.52s/it]
 90%|█████████ | 567/630 [57:07<05:53,  5.60s/it]
 90%|█████████ | 568/630 [57:12<05:50,  5.65s/it]
 90%|█████████ | 569/630 [57:18<05:39,  5.57s/it]
 90%|█████████ | 570/630 [57:23<05:28,  5.47s/it]
 91%|█████████ | 571/630 [57:27<04:59,  5.07s/it]
 91%|█████████ | 572/630 [57:34<05:19,  5.51s/it]
 91%|█████████ | 573/630 [57:41<05:40,  5.97s/it]
 91%|█████████ | 574/630 [57:47<05:30,  5.91s/it]
 91%|█████████▏| 575/630 [57:51<05:07,  5.58s/it]
 91%|█████████▏| 576/630 [57:57<04:55,  5.48s/it]
 92%|█████████▏| 577/630 [58:01<04:31,  5.12s/it]
 92%|█████████▏| 578/630 [58:06<04:32,  5.23s/it]
 92%|█████████▏| 579/630 [58:13<04:42,  5.55s/it]
 92%|█████████▏| 580/630 [58:19<04:42,  5.64s/it]
 92%|█████████▏| 581/630 [58:24<04:33,  5.59s/it]
 92%|█████████▏| 582/630 [58:29<04:21,  5.45s/it]
 93%|█████████▎| 583/630 [58:33<04:00,  5.12s/it]
 93%|█████████▎| 584/630 [58:39<04:06,  5.37s/it]
 93%|█████████▎| 585/630 [58:46<04:14,  5.66s/it]
 93%|█████████▎| 586/630 [58:52<04:11,  5.71s/it]
 93%|█████████▎| 587/630 [58:57<04:02,  5.64s/it]
 93%|█████████▎| 588/630 [59:02<03:51,  5.51s/it]
 93%|█████████▎| 589/630 [59:07<03:36,  5.28s/it]
 94%|█████████▎| 590/630 [59:12<03:22,  5.07s/it]
 94%|█████████▍| 591/630 [59:18<03:29,  5.38s/it]
 94%|█████████▍| 592/630 [59:24<03:35,  5.67s/it]
 94%|█████████▍| 593/630 [59:29<03:20,  5.41s/it]
 94%|█████████▍| 594/630 [59:34<03:14,  5.40s/it]
 94%|█████████▍| 595/630 [59:39<03:04,  5.27s/it]
 95%|█████████▍| 596/630 [59:43<02:46,  4.90s/it]
 95%|█████████▍| 597/630 [59:49<02:53,  5.27s/it]
 95%|█████████▍| 598/630 [59:55<02:57,  5.53s/it]
 95%|█████████▌| 599/630 [1:00:01<02:53,  5.59s/it]
 95%|█████████▌| 600/630 [1:00:06<02:43,  5.45s/it]

eval:   0%|          | 0/80 [00:00<?, ?it/s][A

eval:   1%|▏         | 1/80 [00:00<00:54,  1.46it/s][A

eval:   2%|▎         | 2/80 [00:01<00:53,  1.45it/s][A

eval:   4%|▍         | 3/80 [00:02<01:10,  1.09it/s][A

eval:   5%|▌         | 4/80 [00:03<01:03,  1.20it/s][A

eval:   6%|▋         | 5/80 [00:03<00:58,  1.29it/s][A

eval:   8%|▊         | 6/80 [00:04<00:54,  1.35it/s][A

eval:   9%|▉         | 7/80 [00:05<01:02,  1.16it/s][A

eval:  10%|█         | 8/80 [00:06<00:58,  1.24it/s][A

eval:  11%|█▏        | 9/80 [00:07<00:54,  1.30it/s][A

eval:  12%|█▎        | 10/80 [00:08<01:01,  1.15it/s][A

eval:  14%|█▍        | 11/80 [00:08<00:56,  1.23it/s][A

eval:  15%|█▌        | 12/80 [00:09<00:52,  1.28it/s][A

eval:  16%|█▋        | 13/80 [00:10<00:50,  1.34it/s][A

eval:  18%|█▊        | 14/80 [00:11<00:56,  1.17it/s][A

eval:  19%|█▉        | 15/80 [00:12<00:52,  1.24it/s][A

eval:  20%|██        | 16/80 [00:12<00:49,  1.29it/s][A

eval:  21%|██▏       | 17/80 [00:13<00:46,  1.34it/s][A

eval:  22%|██▎       | 18/80 [00:14<00:52,  1.18it/s][A

eval:  24%|██▍       | 19/80 [00:15<00:47,  1.29it/s][A

eval:  25%|██▌       | 20/80 [00:15<00:44,  1.36it/s][A

eval:  26%|██▋       | 21/80 [00:16<00:41,  1.43it/s][A

eval:  28%|██▊       | 22/80 [00:17<00:48,  1.20it/s][A

eval:  29%|██▉       | 23/80 [00:18<00:44,  1.29it/s][A

eval:  30%|███       | 24/80 [00:18<00:40,  1.38it/s][A

eval:  31%|███▏      | 25/80 [00:19<00:39,  1.40it/s][A

eval:  32%|███▎      | 26/80 [00:20<00:45,  1.18it/s][A

eval:  34%|███▍      | 27/80 [00:21<00:42,  1.24it/s][A

eval:  35%|███▌      | 28/80 [00:22<00:40,  1.30it/s][A

eval:  36%|███▋      | 29/80 [00:23<00:44,  1.14it/s][A

eval:  38%|███▊      | 30/80 [00:23<00:39,  1.25it/s][A

eval:  39%|███▉      | 31/80 [00:24<00:37,  1.31it/s][A

eval:  40%|████      | 32/80 [00:25<00:34,  1.40it/s][A

eval:  41%|████▏     | 33/80 [00:26<00:39,  1.19it/s][A

eval:  42%|████▎     | 34/80 [00:26<00:36,  1.25it/s][A

eval:  44%|████▍     | 35/80 [00:27<00:34,  1.30it/s][A

eval:  45%|████▌     | 36/80 [00:28<00:32,  1.34it/s][A

eval:  46%|████▋     | 37/80 [00:29<00:37,  1.14it/s][A

eval:  48%|████▊     | 38/80 [00:30<00:34,  1.23it/s][A

eval:  49%|████▉     | 39/80 [00:30<00:31,  1.30it/s][A

eval:  50%|█████     | 40/80 [00:31<00:29,  1.35it/s][A

eval:  51%|█████▏    | 41/80 [00:32<00:35,  1.10it/s][A

eval:  52%|█████▎    | 42/80 [00:33<00:31,  1.19it/s][A

eval:  54%|█████▍    | 43/80 [00:34<00:29,  1.26it/s][A

eval:  55%|█████▌    | 44/80 [00:35<00:33,  1.08it/s][A

eval:  56%|█████▋    | 45/80 [00:35<00:29,  1.20it/s][A

eval:  57%|█████▊    | 46/80 [00:36<00:26,  1.27it/s][A

eval:  59%|█████▉    | 47/80 [00:37<00:25,  1.32it/s][A

eval:  60%|██████    | 48/80 [00:38<00:28,  1.13it/s][A

eval:  61%|██████▏   | 49/80 [00:39<00:24,  1.25it/s][A

eval:  62%|██████▎   | 50/80 [00:39<00:22,  1.31it/s][A

eval:  64%|██████▍   | 51/80 [00:40<00:21,  1.38it/s][A

eval:  65%|██████▌   | 52/80 [00:41<00:23,  1.20it/s][A

eval:  66%|██████▋   | 53/80 [00:42<00:20,  1.30it/s][A

eval:  68%|██████▊   | 54/80 [00:42<00:19,  1.35it/s][A

eval:  69%|██████▉   | 55/80 [00:43<00:18,  1.38it/s][A

eval:  70%|███████   | 56/80 [00:44<00:20,  1.15it/s][A

eval:  71%|███████▏  | 57/80 [00:45<00:18,  1.23it/s][A

eval:  72%|███████▎  | 58/80 [00:46<00:17,  1.28it/s][A

eval:  74%|███████▍  | 59/80 [00:47<00:19,  1.10it/s][A

eval:  75%|███████▌  | 60/80 [00:47<00:16,  1.19it/s][A

eval:  76%|███████▋  | 61/80 [00:48<00:15,  1.26it/s][A

eval:  78%|███████▊  | 62/80 [00:49<00:13,  1.30it/s][A

eval:  79%|███████▉  | 63/80 [00:50<00:15,  1.10it/s][A

eval:  80%|████████  | 64/80 [00:51<00:13,  1.18it/s][A

eval:  81%|████████▏ | 65/80 [00:52<00:12,  1.25it/s][A

eval:  82%|████████▎ | 66/80 [00:53<00:12,  1.09it/s][A

eval:  84%|████████▍ | 67/80 [00:53<00:10,  1.19it/s][A

eval:  85%|████████▌ | 68/80 [00:54<00:09,  1.27it/s][A

eval:  86%|████████▋ | 69/80 [00:55<00:08,  1.31it/s][A

eval:  88%|████████▊ | 70/80 [00:56<00:09,  1.08it/s][A

eval:  89%|████████▉ | 71/80 [00:57<00:07,  1.16it/s][A

eval:  90%|█████████ | 72/80 [00:57<00:06,  1.24it/s][A

eval:  91%|█████████▏| 73/80 [00:58<00:05,  1.31it/s][A

eval:  92%|█████████▎| 74/80 [00:59<00:05,  1.12it/s][A

eval:  94%|█████████▍| 75/80 [01:00<00:04,  1.20it/s][A

eval:  95%|█████████▌| 76/80 [01:01<00:03,  1.26it/s][A

eval:  96%|█████████▋| 77/80 [01:02<00:02,  1.09it/s][A

eval:  98%|█████████▊| 78/80 [01:02<00:01,  1.22it/s][A

eval:  99%|█████████▉| 79/80 [01:03<00:00,  1.33it/s][A

eval: 100%|██████████| 80/80 [01:04<00:00,  1.37it/s][A

                                                     [A2026-05-11 17:29:47 | INFO | __main__ | eval.py:43 | [EVAL_SAMPLE] idx=0 pred=pants-fire gold=barely-true output=Label: A explain=Hartzler said, "We have less Americans working now than in the ‘70s." The statistics Hartzler’s staff said she cited show the employment-population ratio and labor force participation rate was indeed higher in 1979 than in 2015. However,... prompt=<|im_start|>system
You are a careful fact-checking assistant for LIAR-RAW claims. Classify claims using only the claim and retrieved evidence supplied by the user.<|im_end|>
<|im_start|>user
Classify the claim into exactly one LIAR-RAW l...
2026-05-11 17:29:47 | INFO | __main__ | eval.py:43 | [EVAL_SAMPLE] idx=0 pred=pants-fire gold=barely-true output=Label: A explain=Hartzler said, "We have less Americans working now than in the ‘70s." The statistics Hartzler’s staff said she cited show the employment-population ratio and labor force participation rate was indeed higher in 1979 than in 2015. However,... prompt=<|im_start|>system
You are a careful fact-checking assistant for LIAR-RAW claims. Classify claims using only the claim and retrieved evidence supplied by the user.<|im_end|>
<|im_start|>user
Classify the claim into exactly one LIAR-RAW l...
2026-05-11 17:29:47 | INFO | __main__ | eval.py:43 | [EVAL_SAMPLE] idx=1 pred=pants-fire gold=pants-fire output=Label: A explain=Ellison used a Koran that once belonged to Thomas Jefferson, borrowing the rare book from the Library of Congress. It goes without saying that Ellison is not Obama. UPDATE: Barack Obama resigned from Trinity United Church of Christ on Ma... prompt=<|im_start|>system
You are a careful fact-checking assistant for LIAR-RAW claims. Classify claims using only the claim and retrieved evidence supplied by the user.<|im_end|>
<|im_start|>user
Classify the claim into exactly one LIAR-RAW l...
2026-05-11 17:29:47 | INFO | __main__ | eval.py:43 | [EVAL_SAMPLE] idx=1 pred=pants-fire gold=pants-fire output=Label: A explain=Ellison used a Koran that once belonged to Thomas Jefferson, borrowing the rare book from the Library of Congress. It goes without saying that Ellison is not Obama. UPDATE: Barack Obama resigned from Trinity United Church of Christ on Ma... prompt=<|im_start|>system
You are a careful fact-checking assistant for LIAR-RAW claims. Classify claims using only the claim and retrieved evidence supplied by the user.<|im_end|>
<|im_start|>user
Classify the claim into exactly one LIAR-RAW l...
2026-05-11 17:29:47 | INFO | __main__ | eval.py:43 | [EVAL_SAMPLE] idx=2 pred=mostly-true gold=false output=Label: E explain=However, we have two professors who say the law is silent on political activity -- even if one of them sees an implicit prohibition -- and a plain reading of the law that states no explicit ban. Blumenauer said that "the statute a hundre... prompt=<|im_start|>system
You are a careful fact-checking assistant for LIAR-RAW claims. Classify claims using only the claim and retrieved evidence supplied by the user.<|im_end|>
<|im_start|>user
Classify the claim into exactly one LIAR-RAW l...
2026-05-11 17:29:47 | INFO | __main__ | trainer.py:563 | [eval] step=600 accuracy=0.2437 macro_precision=0.2799 macro_recall=0.3004 macro_f1=0.2277 parse_error_rate=0.0000
2026-05-11 17:29:47 | INFO | __main__ | trainer.py:563 | [eval] per_class:
2026-05-11 17:29:47 | INFO | __main__ | trainer.py:563 |   - barely-true: P=0.2625 R=0.1772 F1=0.2116
2026-05-11 17:29:47 | INFO | __main__ | trainer.py:563 |   - false: P=0.3380 R=0.0920 F1=0.1446
2026-05-11 17:29:47 | INFO | __main__ | trainer.py:563 |   - half-true: P=0.3148 R=0.0691 F1=0.1133
2026-05-11 17:29:47 | INFO | __main__ | trainer.py:563 |   - mostly-true: P=0.3446 R=0.2430 F1=0.2850
2026-05-11 17:29:47 | INFO | __main__ | trainer.py:563 |   - pants-fire: P=0.1795 R=0.7241 F1=0.2877
2026-05-11 17:29:47 | INFO | __main__ | trainer.py:563 |   - true: P=0.2400 R=0.4970 F1=0.3237

 95%|█████████▌| 601/630 [1:01:21<12:39, 26.19s/it]
 96%|█████████▌| 602/630 [1:01:25<09:08, 19.60s/it]
 96%|█████████▌| 603/630 [1:01:31<06:55, 15.40s/it]
 96%|█████████▌| 604/630 [1:01:37<05:28, 12.62s/it]
 96%|█████████▌| 605/630 [1:01:43<04:24, 10.59s/it]
 96%|█████████▌| 606/630 [1:01:47<03:31,  8.81s/it]
 96%|█████████▋| 607/630 [1:01:52<02:56,  7.67s/it]
 97%|█████████▋| 608/630 [1:01:58<02:33,  6.97s/it]
 97%|█████████▋| 609/630 [1:02:03<02:16,  6.51s/it]
 97%|█████████▋| 610/630 [1:02:09<02:04,  6.20s/it]
 97%|█████████▋| 611/630 [1:02:14<01:55,  6.05s/it]
 97%|█████████▋| 612/630 [1:02:20<01:45,  5.87s/it]
 97%|█████████▋| 613/630 [1:02:25<01:37,  5.72s/it]
 97%|█████████▋| 614/630 [1:02:30<01:25,  5.36s/it]
 98%|█████████▊| 615/630 [1:02:35<01:18,  5.22s/it]
 98%|█████████▊| 616/630 [1:02:41<01:18,  5.62s/it]
 98%|█████████▊| 617/630 [1:02:47<01:14,  5.73s/it]
 98%|█████████▊| 618/630 [1:02:53<01:08,  5.67s/it]
 98%|█████████▊| 619/630 [1:02:58<01:02,  5.71s/it]
 98%|█████████▊| 620/630 [1:03:03<00:53,  5.33s/it]
 99%|█████████▊| 621/630 [1:03:08<00:46,  5.15s/it]
 99%|█████████▊| 622/630 [1:03:13<00:41,  5.21s/it]
 99%|█████████▉| 623/630 [1:03:18<00:36,  5.27s/it]
 99%|█████████▉| 624/630 [1:03:24<00:32,  5.46s/it]
 99%|█████████▉| 625/630 [1:03:30<00:27,  5.47s/it]
 99%|█████████▉| 626/630 [1:03:35<00:21,  5.37s/it]
100%|█████████▉| 627/630 [1:03:40<00:15,  5.18s/it]
100%|█████████▉| 628/630 [1:03:45<00:10,  5.30s/it]
100%|█████████▉| 629/630 [1:03:51<00:05,  5.38s/it]
100%|██████████| 630/630 [1:03:54<00:00,  4.64s/it]swanlab: 🏠 View project at https://swanlab.cn/@fenglin/fact-checking-build-train-infer
swanlab: 🚀 View run at https://swanlab.cn/@fenglin/fact-checking-build-train-infer/runs/z6nsnkps68276ofhnh8el

 95%|█████████▌| 601/630 [1:01:21<12:39, 26.19s/it]
 96%|█████████▌| 602/630 [1:01:25<09:08, 19.60s/it]
 96%|█████████▌| 603/630 [1:01:31<06:55, 15.40s/it]
 96%|█████████▌| 604/630 [1:01:37<05:28, 12.62s/it]
 96%|█████████▌| 605/630 [1:01:43<04:24, 10.59s/it]
 96%|█████████▌| 606/630 [1:01:47<03:31,  8.81s/it]
 96%|█████████▋| 607/630 [1:01:52<02:56,  7.67s/it]
 97%|█████████▋| 608/630 [1:01:58<02:33,  6.97s/it]
 97%|█████████▋| 609/630 [1:02:03<02:16,  6.51s/it]
 97%|█████████▋| 610/630 [1:02:09<02:04,  6.20s/it]
 97%|█████████▋| 611/630 [1:02:14<01:55,  6.05s/it]
 97%|█████████▋| 612/630 [1:02:20<01:45,  5.87s/it]
 97%|█████████▋| 613/630 [1:02:25<01:37,  5.72s/it]
 97%|█████████▋| 614/630 [1:02:30<01:25,  5.36s/it]
 98%|█████████▊| 615/630 [1:02:35<01:18,  5.22s/it]
 98%|█████████▊| 616/630 [1:02:41<01:18,  5.62s/it]
 98%|█████████▊| 617/630 [1:02:47<01:14,  5.73s/it]
 98%|█████████▊| 618/630 [1:02:53<01:08,  5.67s/it]
 98%|█████████▊| 619/630 [1:02:58<01:02,  5.71s/it]
 98%|█████████▊| 620/630 [1:03:03<00:53,  5.33s/it]
 99%|█████████▊| 621/630 [1:03:08<00:46,  5.15s/it]
 99%|█████████▊| 622/630 [1:03:13<00:41,  5.21s/it]
 99%|█████████▉| 623/630 [1:03:18<00:36,  5.27s/it]
 99%|█████████▉| 624/630 [1:03:24<00:32,  5.46s/it]
 99%|█████████▉| 625/630 [1:03:30<00:27,  5.47s/it]
 99%|█████████▉| 626/630 [1:03:35<00:21,  5.37s/it]
100%|█████████▉| 627/630 [1:03:40<00:15,  5.18s/it]
100%|█████████▉| 628/630 [1:03:45<00:10,  5.30s/it]
100%|█████████▉| 629/630 [1:03:51<00:05,  5.38s/it]
100%|██████████| 630/630 [1:03:54<00:00,  4.64s/it]

100%|██████████| 630/630 [1:04:00<00:00,  6.10s/it]
