$ accelerate launch --num_processes=4 --num_machines=1 --mixed_precision=bf16 --use_deepspeed --deepspeed_config_file /data/liaozijie/fact-checking/configs/deepspeed_zero2.json -m sft.trainer --config /data/liaozijie/fact-checking/outputs/runs/mmr_lambda_sweep_1024/build.retrieval.mmr_lambda-0.5__0cc2679c/configs/train.resolved.yaml

The following values were not passed to `accelerate launch` and had defaults used instead:
		More than one GPU was found, enabling multi-GPU training.
		If this was unintended please pass in `--num_processes=1`.
	`--dynamo_backend` was set to a value of `'no'`
To avoid this warning pass in values for each of the problematic parameters or run `accelerate config`.
W0511 23:52:03.289000 945408 site-packages/torch/distributed/run.py:792] 
W0511 23:52:03.289000 945408 site-packages/torch/distributed/run.py:792] *****************************************
W0511 23:52:03.289000 945408 site-packages/torch/distributed/run.py:792] Setting OMP_NUM_THREADS environment variable for each process to be 1 in default, to avoid your system being overloaded, please further tune the variable for optimal performance in your application as needed. 
W0511 23:52:03.289000 945408 site-packages/torch/distributed/run.py:792] *****************************************
[RANK 0] Detected kernel version 4.18.0, which is below the recommended minimum of 5.5.0; this can cause the process to hang. It is recommended to upgrade the kernel to the minimum version or higher.
swanlab: swanlab version 0.7.17 is available!  Upgrade: `pip install -U swanlab`
swanlab: Tracking run with swanlab version 0.7.16
swanlab: Run data will be saved locally in /data/liaozijie/fact-checking/swanlog/run-20260511_235218-o65cenhphso3u8zxbtg1t
swanlab: 👋 Hi fenglin,welcome to swanlab!
swanlab: Syncing run mmr_lambda_sweep_1024__build.retrieval.mmr_lambda-0.5 to the cloud
swanlab: 🏠 View project at https://swanlab.cn/@fenglin/fact-checking-build-train-infer
swanlab: 🚀 View run at https://swanlab.cn/@fenglin/fact-checking-build-train-infer/runs/o65cenhphso3u8zxbtg1t
2026-05-11 23:52:25 | INFO | __main__ | trainer.py:207 | [INFO] saved resolved config to /data/liaozijie/fact-checking/outputs/runs/mmr_lambda_sweep_1024/build.retrieval.mmr_lambda-0.5__0cc2679c/train/config.resolved.yaml
2026-05-11 23:52:26 | INFO | __main__ | stats.py:59 | [PROMPT_STATS] split=train pre_mean=815.66 pre_p95=1006 pre_overflow=0 post_mean=815.66 post_p95=1006 post_overflow=0 truncated=1324 trunc_rate=0.1315
2026-05-11 23:52:26 | INFO | __main__ | stats.py:59 | [PROMPT_STATS] split=val pre_mean=835.10 pre_p95=1009 pre_overflow=0 post_mean=835.10 post_p95=1009 post_overflow=0 truncated=169 trunc_rate=0.1327
2026-05-11 23:52:26 | INFO | __main__ | trainer.py:269 | [INFO] prompt statistics saved to /data/liaozijie/fact-checking/outputs/runs/mmr_lambda_sweep_1024/build.retrieval.mmr_lambda-0.5__0cc2679c/train/prompt_stats/prompt_stats.json

Loading checkpoint shards:   0%|          | 0/4 [00:00<?, ?it/s]
Loading checkpoint shards:   0%|          | 0/4 [00:00<?, ?it/s]
Loading checkpoint shards:   0%|          | 0/4 [00:00<?, ?it/s]
Loading checkpoint shards:   0%|          | 0/4 [00:00<?, ?it/s]
Loading checkpoint shards: 100%|██████████| 4/4 [00:00<00:00, 96.40it/s]

Loading checkpoint shards: 100%|██████████| 4/4 [00:00<00:00, 105.05it/s]

Loading checkpoint shards: 100%|██████████| 4/4 [00:00<00:00, 105.53it/s]

Loading checkpoint shards: 100%|██████████| 4/4 [00:00<00:00, 106.23it/s]
2026-05-11 23:52:27 | INFO | __main__ | adapters.py:97 | [INFO] LoRA enabled: trainable parameters=40370176 / 7655986688 (0.5273%), r=16, alpha=32
2026-05-11 23:52:49 | INFO | __main__ | trainer.py:359 | [INFO] Optimizer will update LoRA/trainable parameters only.
2026-05-11 23:53:08 | INFO | __main__ | trainer.py:390 | [INFO] dataloader length around accelerator.prepare: before=2516, after=629
2026-05-11 23:53:08 | WARNING | __main__ | trainer.py:396 | [WARN] len(train_dl) changed after accelerator.prepare: before=2516, after=629. This may indicate duplicated sharding/re-partitioning across distributed samplers.
2026-05-11 23:53:08 | INFO | __main__ | trainer.py:413 | [INFO] train progress setup (post-prepare): num_epochs=2, len(train_dl)=629, effective_grad_accum_steps=2, update_steps_per_epoch=315, max_train_steps=630
2026-05-11 23:53:08 | INFO | __main__ | trainer.py:122 | [INFO] logit_adjust enabled: tau=1.000 priors=['0.0807', '0.1945', '0.1601', '0.2074', '0.1937', '0.1636'] letters=[362, 425, 356, 422, 468, 434] prefix=[2476, 25]
2026-05-11 23:53:08 | INFO | __main__ | trainer.py:434 | [INFO] logit_adjust config saved to /data/liaozijie/fact-checking/outputs/runs/mmr_lambda_sweep_1024/build.retrieval.mmr_lambda-0.5__0cc2679c/train/logit_adjust.json

  0%|          | 0/630 [00:00<?, ?it/s]
  0%|          | 1/630 [00:14<2:28:47, 14.19s/it]
  0%|          | 2/630 [00:27<2:21:21, 13.51s/it]
  0%|          | 3/630 [00:39<2:13:13, 12.75s/it]
  1%|          | 4/630 [00:50<2:05:49, 12.06s/it]
  1%|          | 5/630 [01:01<2:01:41, 11.68s/it]
  1%|          | 6/630 [01:10<1:54:42, 11.03s/it]
  1%|          | 7/630 [01:23<2:01:13, 11.67s/it]
  1%|▏         | 8/630 [01:36<2:03:06, 11.87s/it]
  1%|▏         | 9/630 [01:48<2:05:40, 12.14s/it]
  2%|▏         | 10/630 [01:59<2:02:08, 11.82s/it]
  2%|▏         | 11/630 [02:10<1:56:29, 11.29s/it]
  2%|▏         | 12/630 [02:19<1:51:34, 10.83s/it]
  2%|▏         | 13/630 [02:30<1:51:30, 10.84s/it]
  2%|▏         | 14/630 [02:43<1:56:20, 11.33s/it]
  2%|▏         | 15/630 [02:56<2:01:09, 11.82s/it]
  3%|▎         | 16/630 [03:08<2:01:24, 11.86s/it]
  3%|▎         | 17/630 [03:19<1:58:26, 11.59s/it]
  3%|▎         | 18/630 [03:29<1:55:50, 11.36s/it]
  3%|▎         | 19/630 [03:40<1:54:19, 11.23s/it]
  3%|▎         | 20/630 [03:54<2:00:33, 11.86s/it]
  3%|▎         | 21/630 [04:07<2:03:48, 12.20s/it]
  3%|▎         | 22/630 [04:18<2:02:37, 12.10s/it]
  4%|▎         | 23/630 [04:29<1:58:57, 11.76s/it]
  4%|▍         | 24/630 [04:39<1:53:12, 11.21s/it]
  4%|▍         | 25/630 [04:48<1:44:25, 10.36s/it]
  4%|▍         | 26/630 [05:00<1:49:13, 10.85s/it]
  4%|▍         | 27/630 [05:13<1:57:28, 11.69s/it]
  4%|▍         | 28/630 [05:26<1:59:21, 11.90s/it]
  5%|▍         | 29/630 [05:38<1:59:01, 11.88s/it]
  5%|▍         | 30/630 [05:49<1:56:35, 11.66s/it]
  5%|▍         | 31/630 [05:59<1:51:11, 11.14s/it]
  5%|▌         | 32/630 [06:10<1:50:09, 11.05s/it]
  5%|▌         | 33/630 [06:23<1:55:43, 11.63s/it]
  5%|▌         | 34/630 [06:35<1:57:13, 11.80s/it]
  6%|▌         | 35/630 [06:46<1:56:55, 11.79s/it]
  6%|▌         | 36/630 [06:56<1:51:16, 11.24s/it]
  6%|▌         | 37/630 [07:06<1:47:06, 10.84s/it]
  6%|▌         | 38/630 [07:16<1:44:40, 10.61s/it]
  6%|▌         | 39/630 [07:30<1:52:24, 11.41s/it]
  6%|▋         | 40/630 [07:43<1:56:31, 11.85s/it]
  7%|▋         | 41/630 [07:54<1:56:27, 11.86s/it]
  7%|▋         | 42/630 [08:05<1:51:32, 11.38s/it]
  7%|▋         | 43/630 [08:15<1:49:00, 11.14s/it]
  7%|▋         | 44/630 [08:25<1:45:03, 10.76s/it]
  7%|▋         | 45/630 [08:37<1:46:42, 10.94s/it]
  7%|▋         | 46/630 [08:49<1:49:31, 11.25s/it]
  7%|▋         | 47/630 [09:01<1:53:50, 11.72s/it]
  8%|▊         | 48/630 [09:12<1:49:54, 11.33s/it]
  8%|▊         | 49/630 [09:23<1:48:10, 11.17s/it]
