$ accelerate launch --num_processes=4 --num_machines=1 --mixed_precision=bf16 --use_deepspeed --deepspeed_config_file /data/liaozijie/fact-checking/configs/deepspeed_zero2.json -m sft.trainer --config /data/liaozijie/fact-checking/outputs/runs/mmr_lambda_sweep_1024/build.retrieval.mmr_lambda-0.4__d97b0bb2/configs/train.resolved.yaml

The following values were not passed to `accelerate launch` and had defaults used instead:
		More than one GPU was found, enabling multi-GPU training.
		If this was unintended please pass in `--num_processes=1`.
	`--dynamo_backend` was set to a value of `'no'`
To avoid this warning pass in values for each of the problematic parameters or run `accelerate config`.
W0511 19:59:18.007000 660431 site-packages/torch/distributed/run.py:792] 
W0511 19:59:18.007000 660431 site-packages/torch/distributed/run.py:792] *****************************************
W0511 19:59:18.007000 660431 site-packages/torch/distributed/run.py:792] Setting OMP_NUM_THREADS environment variable for each process to be 1 in default, to avoid your system being overloaded, please further tune the variable for optimal performance in your application as needed. 
W0511 19:59:18.007000 660431 site-packages/torch/distributed/run.py:792] *****************************************
[RANK 0] Detected kernel version 4.18.0, which is below the recommended minimum of 5.5.0; this can cause the process to hang. It is recommended to upgrade the kernel to the minimum version or higher.
swanlab: swanlab version 0.7.17 is available!  Upgrade: `pip install -U swanlab`
swanlab: Tracking run with swanlab version 0.7.16
swanlab: Run data will be saved locally in /data/liaozijie/fact-checking/swanlog/run-20260511_195925-pkhlxlliotuhjm0f7jjc5
swanlab: 👋 Hi fenglin,welcome to swanlab!
swanlab: Syncing run mmr_lambda_sweep_1024__build.retrieval.mmr_lambda-0.4 to the cloud
swanlab: 🏠 View project at https://swanlab.cn/@fenglin/fact-checking-build-train-infer
swanlab: 🚀 View run at https://swanlab.cn/@fenglin/fact-checking-build-train-infer/runs/pkhlxlliotuhjm0f7jjc5
2026-05-11 19:59:36 | INFO | __main__ | trainer.py:207 | [INFO] saved resolved config to /data/liaozijie/fact-checking/outputs/runs/mmr_lambda_sweep_1024/build.retrieval.mmr_lambda-0.4__d97b0bb2/train/config.resolved.yaml
2026-05-11 19:59:36 | INFO | __main__ | stats.py:59 | [PROMPT_STATS] split=train pre_mean=809.14 pre_p95=1004 pre_overflow=0 post_mean=809.14 post_p95=1004 post_overflow=0 truncated=1097 trunc_rate=0.1090
2026-05-11 19:59:36 | INFO | __main__ | stats.py:59 | [PROMPT_STATS] split=val pre_mean=826.86 pre_p95=1006 pre_overflow=0 post_mean=826.86 post_p95=1006 post_overflow=0 truncated=136 trunc_rate=0.1068
2026-05-11 19:59:36 | INFO | __main__ | trainer.py:269 | [INFO] prompt statistics saved to /data/liaozijie/fact-checking/outputs/runs/mmr_lambda_sweep_1024/build.retrieval.mmr_lambda-0.4__d97b0bb2/train/prompt_stats/prompt_stats.json

Loading checkpoint shards:   0%|          | 0/4 [00:00<?, ?it/s]
Loading checkpoint shards:   0%|          | 0/4 [00:00<?, ?it/s]
Loading checkpoint shards:   0%|          | 0/4 [00:00<?, ?it/s]
Loading checkpoint shards:   0%|          | 0/4 [00:00<?, ?it/s]
Loading checkpoint shards: 100%|██████████| 4/4 [00:00<00:00, 99.80it/s]

Loading checkpoint shards: 100%|██████████| 4/4 [00:00<00:00, 126.80it/s]

Loading checkpoint shards: 100%|██████████| 4/4 [00:00<00:00, 105.33it/s]

Loading checkpoint shards: 100%|██████████| 4/4 [00:00<00:00, 111.71it/s]
2026-05-11 19:59:37 | INFO | __main__ | adapters.py:97 | [INFO] LoRA enabled: trainable parameters=40370176 / 7655986688 (0.5273%), r=16, alpha=32
2026-05-11 19:59:59 | INFO | __main__ | trainer.py:359 | [INFO] Optimizer will update LoRA/trainable parameters only.
2026-05-11 20:00:05 | INFO | __main__ | trainer.py:390 | [INFO] dataloader length around accelerator.prepare: before=2516, after=629
2026-05-11 20:00:05 | WARNING | __main__ | trainer.py:396 | [WARN] len(train_dl) changed after accelerator.prepare: before=2516, after=629. This may indicate duplicated sharding/re-partitioning across distributed samplers.
2026-05-11 20:00:05 | INFO | __main__ | trainer.py:413 | [INFO] train progress setup (post-prepare): num_epochs=2, len(train_dl)=629, effective_grad_accum_steps=2, update_steps_per_epoch=315, max_train_steps=630
2026-05-11 20:00:05 | INFO | __main__ | trainer.py:122 | [INFO] logit_adjust enabled: tau=1.000 priors=['0.0807', '0.1945', '0.1601', '0.2074', '0.1937', '0.1636'] letters=[362, 425, 356, 422, 468, 434] prefix=[2476, 25]
2026-05-11 20:00:05 | INFO | __main__ | trainer.py:434 | [INFO] logit_adjust config saved to /data/liaozijie/fact-checking/outputs/runs/mmr_lambda_sweep_1024/build.retrieval.mmr_lambda-0.4__d97b0bb2/train/logit_adjust.json

  0%|          | 0/630 [00:00<?, ?it/s]
  0%|          | 1/630 [00:06<1:13:00,  6.96s/it]
  0%|          | 2/630 [00:13<1:07:24,  6.44s/it]
  0%|          | 3/630 [00:18<1:04:27,  6.17s/it]
  1%|          | 4/630 [00:24<1:02:29,  5.99s/it]
  1%|          | 5/630 [00:29<1:00:04,  5.77s/it]
  1%|          | 6/630 [00:34<56:56,  5.48s/it]  
  1%|          | 7/630 [00:41<59:07,  5.69s/it]
  1%|▏         | 8/630 [00:46<58:06,  5.61s/it]
  1%|▏         | 9/630 [00:52<58:57,  5.70s/it]
  2%|▏         | 10/630 [00:57<58:14,  5.64s/it]
  2%|▏         | 11/630 [01:03<56:48,  5.51s/it]
  2%|▏         | 12/630 [01:07<52:19,  5.08s/it]
  2%|▏         | 13/630 [01:12<53:52,  5.24s/it]
  2%|▏         | 14/630 [01:18<56:16,  5.48s/it]
  2%|▏         | 15/630 [01:23<55:13,  5.39s/it]
  3%|▎         | 16/630 [01:29<55:23,  5.41s/it]
  3%|▎         | 17/630 [01:34<55:02,  5.39s/it]
  3%|▎         | 18/630 [01:40<54:59,  5.39s/it]
  3%|▎         | 19/630 [01:45<54:45,  5.38s/it]
  3%|▎         | 20/630 [01:51<55:52,  5.50s/it]
  3%|▎         | 21/630 [01:57<56:50,  5.60s/it]
  3%|▎         | 22/630 [02:03<57:36,  5.68s/it]
  4%|▎         | 23/630 [02:08<55:52,  5.52s/it]
  4%|▍         | 24/630 [02:12<52:19,  5.18s/it]
  4%|▍         | 25/630 [02:17<50:04,  4.97s/it]
  4%|▍         | 26/630 [02:23<54:00,  5.37s/it]
  4%|▍         | 27/630 [02:29<56:48,  5.65s/it]
  4%|▍         | 28/630 [02:34<54:45,  5.46s/it]
  5%|▍         | 29/630 [02:40<54:31,  5.44s/it]
  5%|▍         | 30/630 [02:45<53:36,  5.36s/it]
  5%|▍         | 31/630 [02:49<50:24,  5.05s/it]
  5%|▌         | 32/630 [02:55<53:57,  5.41s/it]
  5%|▌         | 33/630 [03:01<56:11,  5.65s/it]
  5%|▌         | 34/630 [03:08<57:20,  5.77s/it]
  6%|▌         | 35/630 [03:14<58:45,  5.92s/it]
  6%|▌         | 36/630 [03:19<57:12,  5.78s/it]
  6%|▌         | 37/630 [03:24<54:31,  5.52s/it]
  6%|▌         | 38/630 [03:29<52:18,  5.30s/it]
  6%|▌         | 39/630 [03:35<54:48,  5.56s/it]
  6%|▋         | 40/630 [03:41<56:13,  5.72s/it]
  7%|▋         | 41/630 [03:47<56:45,  5.78s/it]
  7%|▋         | 42/630 [03:53<56:01,  5.72s/it]
  7%|▋         | 43/630 [03:58<54:20,  5.55s/it]
  7%|▋         | 44/630 [04:03<53:46,  5.51s/it]
  7%|▋         | 45/630 [04:09<54:07,  5.55s/it]
  7%|▋         | 46/630 [04:15<55:27,  5.70s/it]
  7%|▋         | 47/630 [04:21<56:03,  5.77s/it]
  8%|▊         | 48/630 [04:27<56:05,  5.78s/it]
  8%|▊         | 49/630 [04:32<54:03,  5.58s/it]
  8%|▊         | 50/630 [04:36<48:38,  5.03s/it]
  8%|▊         | 51/630 [04:42<53:45,  5.57s/it]
  8%|▊         | 52/630 [04:49<55:58,  5.81s/it]
  8%|▊         | 53/630 [04:55<57:23,  5.97s/it]
  9%|▊         | 54/630 [05:01<55:52,  5.82s/it]
  9%|▊         | 55/630 [05:06<53:41,  5.60s/it]
  9%|▉         | 56/630 [05:10<49:44,  5.20s/it]
  9%|▉         | 57/630 [05:16<52:58,  5.55s/it]
  9%|▉         | 58/630 [05:22<54:19,  5.70s/it]
  9%|▉         | 59/630 [05:29<56:59,  5.99s/it]
 10%|▉         | 60/630 [05:34<54:41,  5.76s/it]
 10%|▉         | 61/630 [05:40<53:31,  5.64s/it]
 10%|▉         | 62/630 [05:44<50:10,  5.30s/it]
 10%|█         | 63/630 [05:49<50:02,  5.30s/it]
 10%|█         | 64/630 [05:56<53:30,  5.67s/it]
 10%|█         | 65/630 [06:02<54:31,  5.79s/it]
 10%|█         | 66/630 [06:08<54:51,  5.84s/it]
 11%|█         | 67/630 [06:13<53:26,  5.70s/it]
 11%|█         | 68/630 [06:19<52:14,  5.58s/it]
 11%|█         | 69/630 [06:24<51:36,  5.52s/it]
 11%|█         | 70/630 [06:31<56:07,  6.01s/it]
 11%|█▏        | 71/630 [06:36<53:45,  5.77s/it]
 11%|█▏        | 72/630 [06:42<53:08,  5.71s/it]
 12%|█▏        | 73/630 [06:47<52:11,  5.62s/it]
 12%|█▏        | 74/630 [06:53<51:14,  5.53s/it]
 12%|█▏        | 75/630 [06:57<46:48,  5.06s/it]
 12%|█▏        | 76/630 [07:03<50:14,  5.44s/it]
 12%|█▏        | 77/630 [07:09<52:40,  5.71s/it]
 12%|█▏        | 78/630 [07:15<53:19,  5.80s/it]
 13%|█▎        | 79/630 [07:21<52:44,  5.74s/it]
 13%|█▎        | 80/630 [07:26<50:58,  5.56s/it]
 13%|█▎        | 81/630 [07:30<46:12,  5.05s/it]
 13%|█▎        | 82/630 [07:36<49:53,  5.46s/it]
 13%|█▎        | 83/630 [07:43<51:46,  5.68s/it]
 13%|█▎        | 84/630 [07:48<52:20,  5.75s/it]
 13%|█▎        | 85/630 [07:54<51:36,  5.68s/it]
 14%|█▎        | 86/630 [08:00<51:48,  5.71s/it]
 14%|█▍        | 87/630 [08:05<49:02,  5.42s/it]
 14%|█▍        | 88/630 [08:10<49:19,  5.46s/it]
 14%|█▍        | 89/630 [08:17<52:10,  5.79s/it]
 14%|█▍        | 90/630 [08:23<52:19,  5.81s/it]
 14%|█▍        | 91/630 [08:28<50:55,  5.67s/it]
 15%|█▍        | 92/630 [08:32<47:50,  5.34s/it]
 15%|█▍        | 93/630 [08:37<46:37,  5.21s/it]
 15%|█▍        | 94/630 [08:43<47:44,  5.34s/it]
 15%|█▌        | 95/630 [08:49<50:09,  5.63s/it]
 15%|█▌        | 96/630 [08:55<49:06,  5.52s/it]
 15%|█▌        | 97/630 [09:00<48:53,  5.50s/it]
 16%|█▌        | 98/630 [09:05<48:29,  5.47s/it]
 16%|█▌        | 99/630 [09:11<47:55,  5.41s/it]
 16%|█▌        | 100/630 [09:15<43:56,  4.97s/it]

eval:   0%|          | 0/80 [00:00<?, ?it/s][A/data/liaozijie/conda/accelerate-fc/lib/python3.11/site-packages/transformers/tokenization_utils_base.py:2751: UserWarning: `max_length` is ignored when `padding`=`True` and there is no truncation strategy. To pad to max length, use `padding='max_length'`.
  warnings.warn(
/data/liaozijie/conda/accelerate-fc/lib/python3.11/site-packages/transformers/tokenization_utils_base.py:2751: UserWarning: `max_length` is ignored when `padding`=`True` and there is no truncation strategy. To pad to max length, use `padding='max_length'`.
  warnings.warn(
/data/liaozijie/conda/accelerate-fc/lib/python3.11/site-packages/transformers/tokenization_utils_base.py:2751: UserWarning: `max_length` is ignored when `padding`=`True` and there is no truncation strategy. To pad to max length, use `padding='max_length'`.
  warnings.warn(
/data/liaozijie/conda/accelerate-fc/lib/python3.11/site-packages/transformers/tokenization_utils_base.py:2751: UserWarning: `max_length` is ignored when `padding`=`True` and there is no truncation strategy. To pad to max length, use `padding='max_length'`.
  warnings.warn(
/data/liaozijie/conda/accelerate-fc/lib/python3.11/site-packages/transformers/tokenization_utils_base.py:2751: UserWarning: `max_length` is ignored when `padding`=`True` and there is no truncation strategy. To pad to max length, use `padding='max_length'`.
  warnings.warn(
/data/liaozijie/conda/accelerate-fc/lib/python3.11/site-packages/transformers/tokenization_utils_base.py:2751: UserWarning: `max_length` is ignored when `padding`=`True` and there is no truncation strategy. To pad to max length, use `padding='max_length'`.
  warnings.warn(
/data/liaozijie/conda/accelerate-fc/lib/python3.11/site-packages/transformers/tokenization_utils_base.py:2751: UserWarning: `max_length` is ignored when `padding`=`True` and there is no truncation strategy. To pad to max length, use `padding='max_length'`.
  warnings.warn(
/data/liaozijie/conda/accelerate-fc/lib/python3.11/site-packages/transformers/tokenization_utils_base.py:2751: UserWarning: `max_length` is ignored when `padding`=`True` and there is no truncation strategy. To pad to max length, use `padding='max_length'`.
  warnings.warn(
/data/liaozijie/conda/accelerate-fc/lib/python3.11/site-packages/transformers/tokenization_utils_base.py:2751: UserWarning: `max_length` is ignored when `padding`=`True` and there is no truncation strategy. To pad to max length, use `padding='max_length'`.
  warnings.warn(
/data/liaozijie/conda/accelerate-fc/lib/python3.11/site-packages/transformers/tokenization_utils_base.py:2751: UserWarning: `max_length` is ignored when `padding`=`True` and there is no truncation strategy. To pad to max length, use `padding='max_length'`.
  warnings.warn(
/data/liaozijie/conda/accelerate-fc/lib/python3.11/site-packages/transformers/tokenization_utils_base.py:2751: UserWarning: `max_length` is ignored when `padding`=`True` and there is no truncation strategy. To pad to max length, use `padding='max_length'`.
  warnings.warn(
/data/liaozijie/conda/accelerate-fc/lib/python3.11/site-packages/transformers/tokenization_utils_base.py:2751: UserWarning: `max_length` is ignored when `padding`=`True` and there is no truncation strategy. To pad to max length, use `padding='max_length'`.
  warnings.warn(
/data/liaozijie/conda/accelerate-fc/lib/python3.11/site-packages/transformers/tokenization_utils_base.py:2751: UserWarning: `max_length` is ignored when `padding`=`True` and there is no truncation strategy. To pad to max length, use `padding='max_length'`.
  warnings.warn(
/data/liaozijie/conda/accelerate-fc/lib/python3.11/site-packages/transformers/tokenization_utils_base.py:2751: UserWarning: `max_length` is ignored when `padding`=`True` and there is no truncation strategy. To pad to max length, use `padding='max_length'`.
  warnings.warn(
/data/liaozijie/conda/accelerate-fc/lib/python3.11/site-packages/transformers/tokenization_utils_base.py:2751: UserWarning: `max_length` is ignored when `padding`=`True` and there is no truncation strategy. To pad to max length, use `padding='max_length'`.
  warnings.warn(
/data/liaozijie/conda/accelerate-fc/lib/python3.11/site-packages/transformers/tokenization_utils_base.py:2751: UserWarning: `max_length` is ignored when `padding`=`True` and there is no truncation strategy. To pad to max length, use `padding='max_length'`.
  warnings.warn(


eval:   1%|▏         | 1/80 [00:00<01:13,  1.08it/s][A

eval:   2%|▎         | 2/80 [00:02<01:20,  1.03s/it][A

eval:   4%|▍         | 3/80 [00:02<01:07,  1.14it/s][A

eval:   5%|▌         | 4/80 [00:03<01:01,  1.24it/s][A

eval:   6%|▋         | 5/80 [00:04<00:57,  1.30it/s][A

eval:   8%|▊         | 6/80 [00:04<00:54,  1.35it/s][A

eval:   9%|▉         | 7/80 [00:05<00:52,  1.38it/s][A

eval:  10%|█         | 8/80 [00:06<00:51,  1.40it/s][A

eval:  11%|█▏        | 9/80 [00:06<00:49,  1.42it/s][A

eval:  12%|█▎        | 10/80 [00:07<00:49,  1.43it/s][A

eval:  14%|█▍        | 11/80 [00:08<00:51,  1.34it/s][A

eval:  15%|█▌        | 12/80 [00:09<00:49,  1.37it/s][A

eval:  16%|█▋        | 13/80 [00:09<00:48,  1.39it/s][A

eval:  18%|█▊        | 14/80 [00:10<00:47,  1.40it/s][A

eval:  19%|█▉        | 15/80 [00:11<00:52,  1.23it/s][A

eval:  20%|██        | 16/80 [00:12<00:49,  1.29it/s][A

eval:  21%|██▏       | 17/80 [00:12<00:47,  1.33it/s][A

eval:  22%|██▎       | 18/80 [00:13<00:45,  1.36it/s][A

eval:  24%|██▍       | 19/80 [00:14<00:52,  1.16it/s][A

eval:  25%|██▌       | 20/80 [00:15<00:48,  1.23it/s][A

eval:  26%|██▋       | 21/80 [00:16<00:45,  1.29it/s][A

eval:  28%|██▊       | 22/80 [00:16<00:43,  1.33it/s][A

eval:  29%|██▉       | 23/80 [00:17<00:49,  1.16it/s][A

eval:  30%|███       | 24/80 [00:18<00:45,  1.23it/s][A

eval:  31%|███▏      | 25/80 [00:19<00:42,  1.29it/s][A

eval:  32%|███▎      | 26/80 [00:20<00:48,  1.11it/s][A

eval:  34%|███▍      | 27/80 [00:21<00:44,  1.19it/s][A

eval:  35%|███▌      | 28/80 [00:21<00:41,  1.26it/s][A

eval:  36%|███▋      | 29/80 [00:22<00:38,  1.31it/s][A

eval:  38%|███▊      | 30/80 [00:23<00:44,  1.11it/s][A

eval:  39%|███▉      | 31/80 [00:24<00:41,  1.19it/s][A

eval:  40%|████      | 32/80 [00:25<00:38,  1.25it/s][A

eval:  41%|████▏     | 33/80 [00:26<00:43,  1.07it/s][A

eval:  42%|████▎     | 34/80 [00:27<00:39,  1.17it/s][A

eval:  44%|████▍     | 35/80 [00:27<00:36,  1.23it/s][A

eval:  45%|████▌     | 36/80 [00:28<00:34,  1.29it/s][A

eval:  46%|████▋     | 37/80 [00:29<00:40,  1.07it/s][A

eval:  48%|████▊     | 38/80 [00:30<00:36,  1.15it/s][A

eval:  49%|████▉     | 39/80 [00:31<00:33,  1.23it/s][A

eval:  50%|█████     | 40/80 [00:32<00:37,  1.05it/s][A

eval:  51%|█████▏    | 41/80 [00:33<00:34,  1.15it/s][A

eval:  52%|█████▎    | 42/80 [00:33<00:31,  1.22it/s][A

eval:  54%|█████▍    | 43/80 [00:34<00:28,  1.29it/s][A

eval:  55%|█████▌    | 44/80 [00:35<00:27,  1.33it/s][A

eval:  56%|█████▋    | 45/80 [00:35<00:25,  1.37it/s][A

eval:  57%|█████▊    | 46/80 [00:36<00:24,  1.41it/s][A

eval:  59%|█████▉    | 47/80 [00:37<00:23,  1.41it/s][A

eval:  60%|██████    | 48/80 [00:38<00:22,  1.42it/s][A

eval:  61%|██████▏   | 49/80 [00:38<00:21,  1.42it/s][A

eval:  62%|██████▎   | 50/80 [00:39<00:21,  1.40it/s][A

eval:  64%|██████▍   | 51/80 [00:40<00:20,  1.41it/s][A

eval:  65%|██████▌   | 52/80 [00:40<00:19,  1.41it/s][A

eval:  66%|██████▋   | 53/80 [00:41<00:18,  1.44it/s][A

eval:  68%|██████▊   | 54/80 [00:42<00:20,  1.29it/s][A

eval:  69%|██████▉   | 55/80 [00:43<00:18,  1.33it/s][A

eval:  70%|███████   | 56/80 [00:43<00:17,  1.36it/s][A

eval:  71%|███████▏  | 57/80 [00:44<00:16,  1.38it/s][A

eval:  72%|███████▎  | 58/80 [00:45<00:18,  1.21it/s][A

eval:  74%|███████▍  | 59/80 [00:46<00:16,  1.28it/s][A

eval:  75%|███████▌  | 60/80 [00:47<00:15,  1.32it/s][A

eval:  76%|███████▋  | 61/80 [00:47<00:13,  1.36it/s][A

eval:  78%|███████▊  | 62/80 [00:48<00:15,  1.15it/s][A

eval:  79%|███████▉  | 63/80 [00:49<00:13,  1.22it/s][A

eval:  80%|████████  | 64/80 [00:50<00:12,  1.29it/s][A

eval:  81%|████████▏ | 65/80 [00:51<00:13,  1.11it/s][A

eval:  82%|████████▎ | 66/80 [00:52<00:11,  1.19it/s][A

eval:  84%|████████▍ | 67/80 [00:52<00:10,  1.26it/s][A

eval:  85%|████████▌ | 68/80 [00:53<00:09,  1.30it/s][A

eval:  86%|████████▋ | 69/80 [00:54<00:09,  1.10it/s][A

eval:  88%|████████▊ | 70/80 [00:55<00:08,  1.18it/s][A

eval:  89%|████████▉ | 71/80 [00:56<00:07,  1.25it/s][A

eval:  90%|█████████ | 72/80 [00:56<00:06,  1.30it/s][A

eval:  91%|█████████▏| 73/80 [00:58<00:06,  1.09it/s][A

eval:  92%|█████████▎| 74/80 [00:58<00:05,  1.17it/s][A

eval:  94%|█████████▍| 75/80 [00:59<00:04,  1.24it/s][A

eval:  95%|█████████▌| 76/80 [01:00<00:03,  1.06it/s][A

eval:  96%|█████████▋| 77/80 [01:01<00:02,  1.15it/s][A

eval:  98%|█████████▊| 78/80 [01:02<00:01,  1.22it/s][A

eval:  99%|█████████▉| 79/80 [01:03<00:00,  1.02it/s][A

eval: 100%|██████████| 80/80 [01:04<00:00,  1.12it/s][A

                                                     [A2026-05-11 20:10:25 | INFO | __main__ | eval.py:43 | [EVAL_SAMPLE] idx=0 pred=pants-fire gold=barely-true output=Label: A explain=Hartzler said, "We have less Americans working now than in the ‘70s." The statistics Hartzler’s staff said she cited show the employment-population ratio and labor force participation rate was indeed higher in 1979 than in 2015. However,... prompt=<|im_start|>system
You are a careful fact-checking assistant for LIAR-RAW claims. Classify claims using only the claim and retrieved evidence supplied by the user.<|im_end|>
<|im_start|>user
Classify the claim into exactly one LIAR-RAW l...
2026-05-11 20:10:25 | INFO | __main__ | eval.py:43 | [EVAL_SAMPLE] idx=0 pred=pants-fire gold=barely-true output=Label: A explain=Hartzler said, "We have less Americans working now than in the ‘70s." The statistics Hartzler’s staff said she cited show the employment-population ratio and labor force participation rate was indeed higher in 1979 than in 2015. However,... prompt=<|im_start|>system
You are a careful fact-checking assistant for LIAR-RAW claims. Classify claims using only the claim and retrieved evidence supplied by the user.<|im_end|>
<|im_start|>user
Classify the claim into exactly one LIAR-RAW l...
2026-05-11 20:10:25 | INFO | __main__ | eval.py:43 | [EVAL_SAMPLE] idx=1 pred=false gold=pants-fire output=Label: B explain=Ellison used a Koran that once belonged to Thomas Jefferson, borrowing the rare book from the Library of Congress. It goes without saying that Ellison is not Obama. UPDATE: Barack Obama resigned from Trinity United Church of Christ on Ma... prompt=<|im_start|>system
You are a careful fact-checking assistant for LIAR-RAW claims. Classify claims using only the claim and retrieved evidence supplied by the user.<|im_end|>
<|im_start|>user
Classify the claim into exactly one LIAR-RAW l...
2026-05-11 20:10:25 | INFO | __main__ | eval.py:43 | [EVAL_SAMPLE] idx=1 pred=false gold=pants-fire output=Label: B explain=Ellison used a Koran that once belonged to Thomas Jefferson, borrowing the rare book from the Library of Congress. It goes without saying that Ellison is not Obama. UPDATE: Barack Obama resigned from Trinity United Church of Christ on Ma... prompt=<|im_start|>system
You are a careful fact-checking assistant for LIAR-RAW claims. Classify claims using only the claim and retrieved evidence supplied by the user.<|im_end|>
<|im_start|>user
Classify the claim into exactly one LIAR-RAW l...
2026-05-11 20:10:25 | INFO | __main__ | eval.py:43 | [EVAL_SAMPLE] idx=2 pred=mostly-true gold=false output=Label: E explain=However, we have two professors who say the law is silent on political activity -- even if one of them sees an implicit prohibition -- and a plain reading of the law that states no explicit ban. Blumenauer said that "the statute a hundre... prompt=<|im_start|>system
You are a careful fact-checking assistant for LIAR-RAW claims. Classify claims using only the claim and retrieved evidence supplied by the user.<|im_end|>
<|im_start|>user
Classify the claim into exactly one LIAR-RAW l...
2026-05-11 20:10:25 | INFO | __main__ | trainer.py:563 | [eval] step=100 accuracy=0.2437 macro_precision=0.2609 macro_recall=0.2662 macro_f1=0.2273 parse_error_rate=0.0000
2026-05-11 20:10:25 | INFO | __main__ | trainer.py:563 | [eval] per_class:
2026-05-11 20:10:25 | INFO | __main__ | trainer.py:563 |   - barely-true: P=0.2185 R=0.2785 F1=0.2449
2026-05-11 20:10:25 | INFO | __main__ | trainer.py:563 |   - false: P=0.2609 R=0.3908 F1=0.3129
2026-05-11 20:10:25 | INFO | __main__ | trainer.py:563 |   - half-true: P=0.3056 R=0.0447 F1=0.0780
2026-05-11 20:10:25 | INFO | __main__ | trainer.py:563 |   - mostly-true: P=0.3158 R=0.1195 F1=0.1734
2026-05-11 20:10:25 | INFO | __main__ | trainer.py:563 |   - pants-fire: P=0.2036 R=0.4914 F1=0.2879
2026-05-11 20:10:25 | INFO | __main__ | trainer.py:563 |   - true: P=0.2614 R=0.2722 F1=0.2667

 16%|█▌        | 101/630 [10:34<3:59:53, 27.21s/it]
 16%|█▌        | 102/630 [10:40<3:04:23, 20.95s/it]
 16%|█▋        | 103/630 [10:45<2:22:25, 16.22s/it]
 17%|█▋        | 104/630 [10:51<1:53:37, 12.96s/it]
 17%|█▋        | 105/630 [10:56<1:33:30, 10.69s/it]
 17%|█▋        | 106/630 [11:00<1:16:12,  8.73s/it]
 17%|█▋        | 107/630 [11:06<1:09:39,  7.99s/it]
 17%|█▋        | 108/630 [11:13<1:05:28,  7.52s/it]
 17%|█▋        | 109/630 [11:19<1:01:04,  7.03s/it]
 17%|█▋        | 110/630 [11:25<58:07,  6.71s/it]  
 18%|█▊        | 111/630 [11:30<54:17,  6.28s/it]
 18%|█▊        | 112/630 [11:34<48:49,  5.65s/it]
 18%|█▊        | 113/630 [11:40<48:30,  5.63s/it]
 18%|█▊        | 114/630 [11:46<50:58,  5.93s/it]
 18%|█▊        | 115/630 [11:53<53:38,  6.25s/it]
 18%|█▊        | 116/630 [11:59<50:52,  5.94s/it]
 19%|█▊        | 117/630 [12:03<48:06,  5.63s/it]
 19%|█▊        | 118/630 [12:08<45:56,  5.38s/it]
 19%|█▉        | 119/630 [12:13<45:04,  5.29s/it]
 19%|█▉        | 120/630 [12:19<47:03,  5.54s/it]
 19%|█▉        | 121/630 [12:26<48:46,  5.75s/it]
 19%|█▉        | 122/630 [12:32<49:08,  5.80s/it]
 20%|█▉        | 123/630 [12:37<48:06,  5.69s/it]
 20%|█▉        | 124/630 [12:42<44:56,  5.33s/it]
 20%|█▉        | 125/630 [12:46<42:51,  5.09s/it]
 20%|██        | 126/630 [12:52<45:35,  5.43s/it]
 20%|██        | 127/630 [12:58<46:12,  5.51s/it]
 20%|██        | 128/630 [13:03<45:09,  5.40s/it]
 20%|██        | 129/630 [13:09<45:23,  5.44s/it]
 21%|██        | 130/630 [13:14<45:25,  5.45s/it]
 21%|██        | 131/630 [13:18<42:34,  5.12s/it]
 21%|██        | 132/630 [13:25<47:02,  5.67s/it]
 21%|██        | 133/630 [13:31<46:36,  5.63s/it]
 21%|██▏       | 134/630 [13:37<47:23,  5.73s/it]
 21%|██▏       | 135/630 [13:43<47:29,  5.76s/it]
 22%|██▏       | 136/630 [13:48<47:16,  5.74s/it]
 22%|██▏       | 137/630 [13:54<45:43,  5.57s/it]
 22%|██▏       | 138/630 [13:59<45:49,  5.59s/it]
 22%|██▏       | 139/630 [14:06<47:41,  5.83s/it]
 22%|██▏       | 140/630 [14:12<49:02,  6.01s/it]
 22%|██▏       | 141/630 [14:17<46:31,  5.71s/it]
 23%|██▎       | 142/630 [14:22<45:29,  5.59s/it]
 23%|██▎       | 143/630 [14:27<44:02,  5.43s/it]
 23%|██▎       | 144/630 [14:33<43:58,  5.43s/it]
 23%|██▎       | 145/630 [14:38<44:18,  5.48s/it]
 23%|██▎       | 146/630 [14:45<47:23,  5.87s/it]
 23%|██▎       | 147/630 [14:50<45:24,  5.64s/it]
 23%|██▎       | 148/630 [14:55<43:45,  5.45s/it]
 24%|██▎       | 149/630 [15:00<40:36,  5.07s/it]
 24%|██▍       | 150/630 [15:03<37:48,  4.73s/it]
 24%|██▍       | 151/630 [15:10<40:54,  5.12s/it]
 24%|██▍       | 152/630 [15:16<43:20,  5.44s/it]
 24%|██▍       | 153/630 [15:22<44:27,  5.59s/it]
 24%|██▍       | 154/630 [15:27<43:48,  5.52s/it]
 25%|██▍       | 155/630 [15:33<43:46,  5.53s/it]
 25%|██▍       | 156/630 [15:37<41:38,  5.27s/it]
 25%|██▍       | 157/630 [15:45<46:19,  5.88s/it]
 25%|██▌       | 158/630 [15:51<47:34,  6.05s/it]
 25%|██▌       | 159/630 [15:56<45:31,  5.80s/it]
 25%|██▌       | 160/630 [16:02<44:24,  5.67s/it]
 26%|██▌       | 161/630 [16:07<43:44,  5.60s/it]
 26%|██▌       | 162/630 [16:12<41:15,  5.29s/it]
 26%|██▌       | 163/630 [16:17<40:31,  5.21s/it]
 26%|██▌       | 164/630 [16:23<43:24,  5.59s/it]
 26%|██▌       | 165/630 [16:29<44:18,  5.72s/it]
 26%|██▋       | 166/630 [16:35<44:40,  5.78s/it]
 27%|██▋       | 167/630 [16:40<43:41,  5.66s/it]
 27%|██▋       | 168/630 [16:46<42:37,  5.54s/it]
 27%|██▋       | 169/630 [16:51<42:19,  5.51s/it]
 27%|██▋       | 170/630 [16:57<43:10,  5.63s/it]
 27%|██▋       | 171/630 [17:03<43:37,  5.70s/it]
 27%|██▋       | 172/630 [17:09<45:00,  5.90s/it]
 27%|██▋       | 173/630 [17:15<44:45,  5.88s/it]
 28%|██▊       | 174/630 [17:20<42:22,  5.58s/it]
 28%|██▊       | 175/630 [17:24<39:38,  5.23s/it]
 28%|██▊       | 176/630 [17:31<43:37,  5.77s/it]
 28%|██▊       | 177/630 [17:37<43:17,  5.73s/it]
 28%|██▊       | 178/630 [17:43<43:08,  5.73s/it]
 28%|██▊       | 179/630 [17:48<43:01,  5.72s/it]
 29%|██▊       | 180/630 [17:54<41:32,  5.54s/it]
 29%|██▊       | 181/630 [17:58<39:01,  5.22s/it]
 29%|██▉       | 182/630 [18:04<41:03,  5.50s/it]
 29%|██▉       | 183/630 [18:10<42:25,  5.69s/it]
 29%|██▉       | 184/630 [18:16<43:19,  5.83s/it]
 29%|██▉       | 185/630 [18:22<42:47,  5.77s/it]
 30%|██▉       | 186/630 [18:28<42:20,  5.72s/it]
 30%|██▉       | 187/630 [18:33<40:27,  5.48s/it]
 30%|██▉       | 188/630 [18:37<38:33,  5.23s/it]
 30%|███       | 189/630 [18:43<40:34,  5.52s/it]
 30%|███       | 190/630 [18:49<41:35,  5.67s/it]
 30%|███       | 191/630 [18:55<41:54,  5.73s/it]
 30%|███       | 192/630 [19:01<41:57,  5.75s/it]
 31%|███       | 193/630 [19:06<38:53,  5.34s/it]
 31%|███       | 194/630 [19:11<39:02,  5.37s/it]
 31%|███       | 195/630 [19:17<41:17,  5.70s/it]
 31%|███       | 196/630 [19:24<42:57,  5.94s/it]
 31%|███▏      | 197/630 [19:30<42:32,  5.90s/it]
 31%|███▏      | 198/630 [19:35<40:49,  5.67s/it]
 32%|███▏      | 199/630 [19:39<37:53,  5.27s/it]
 32%|███▏      | 200/630 [19:44<36:33,  5.10s/it]

eval:   0%|          | 0/80 [00:00<?, ?it/s][A

eval:   1%|▏         | 1/80 [00:00<00:56,  1.41it/s][A

eval:   2%|▎         | 2/80 [00:01<00:53,  1.46it/s][A

eval:   4%|▍         | 3/80 [00:02<01:12,  1.06it/s][A

eval:   5%|▌         | 4/80 [00:03<01:04,  1.18it/s][A

eval:   6%|▋         | 5/80 [00:04<00:59,  1.26it/s][A

eval:   8%|▊         | 6/80 [00:05<01:10,  1.06it/s][A

eval:   9%|▉         | 7/80 [00:05<01:03,  1.16it/s][A

eval:  10%|█         | 8/80 [00:06<00:58,  1.23it/s][A

eval:  11%|█▏        | 9/80 [00:07<00:54,  1.30it/s][A

eval:  12%|█▎        | 10/80 [00:08<01:04,  1.08it/s][A

eval:  14%|█▍        | 11/80 [00:09<00:58,  1.17it/s][A

eval:  15%|█▌        | 12/80 [00:10<00:54,  1.24it/s][A

eval:  16%|█▋        | 13/80 [00:11<01:04,  1.04it/s][A

eval:  18%|█▊        | 14/80 [00:12<00:57,  1.14it/s][A

eval:  19%|█▉        | 15/80 [00:12<00:53,  1.21it/s][A

eval:  20%|██        | 16/80 [00:13<00:50,  1.27it/s][A

eval:  21%|██▏       | 17/80 [00:14<00:58,  1.07it/s][A

eval:  22%|██▎       | 18/80 [00:15<00:53,  1.16it/s][A

eval:  24%|██▍       | 19/80 [00:16<00:49,  1.24it/s][A

eval:  25%|██▌       | 20/80 [00:17<00:58,  1.03it/s][A

eval:  26%|██▋       | 21/80 [00:18<00:52,  1.13it/s][A

eval:  28%|██▊       | 22/80 [00:18<00:48,  1.20it/s][A

eval:  29%|██▉       | 23/80 [00:19<00:45,  1.27it/s][A

eval:  30%|███       | 24/80 [00:20<00:42,  1.31it/s][A

eval:  31%|███▏      | 25/80 [00:21<00:42,  1.29it/s][A

eval:  32%|███▎      | 26/80 [00:21<00:40,  1.34it/s][A

eval:  34%|███▍      | 27/80 [00:22<00:38,  1.37it/s][A

eval:  35%|███▌      | 28/80 [00:23<00:37,  1.39it/s][A

eval:  36%|███▋      | 29/80 [00:24<00:40,  1.27it/s][A

eval:  38%|███▊      | 30/80 [00:24<00:37,  1.32it/s][A

eval:  39%|███▉      | 31/80 [00:25<00:36,  1.35it/s][A

eval:  40%|████      | 32/80 [00:26<00:34,  1.38it/s][A

eval:  41%|████▏     | 33/80 [00:27<00:38,  1.23it/s][A

eval:  42%|████▎     | 34/80 [00:27<00:35,  1.29it/s][A

eval:  44%|████▍     | 35/80 [00:28<00:33,  1.33it/s][A

eval:  45%|████▌     | 36/80 [00:29<00:32,  1.36it/s][A

eval:  46%|████▋     | 37/80 [00:30<00:36,  1.18it/s][A

eval:  48%|████▊     | 38/80 [00:30<00:33,  1.25it/s][A

eval:  49%|████▉     | 39/80 [00:31<00:31,  1.30it/s][A

eval:  50%|█████     | 40/80 [00:32<00:29,  1.35it/s][A

eval:  51%|█████▏    | 41/80 [00:33<00:33,  1.16it/s][A

eval:  52%|█████▎    | 42/80 [00:34<00:30,  1.23it/s][A

eval:  54%|█████▍    | 43/80 [00:34<00:28,  1.30it/s][A

eval:  55%|█████▌    | 44/80 [00:35<00:26,  1.34it/s][A

eval:  56%|█████▋    | 45/80 [00:36<00:30,  1.15it/s][A

eval:  57%|█████▊    | 46/80 [00:37<00:27,  1.23it/s][A

eval:  59%|█████▉    | 47/80 [00:38<00:25,  1.29it/s][A

eval:  60%|██████    | 48/80 [00:39<00:29,  1.07it/s][A

eval:  61%|██████▏   | 49/80 [00:40<00:26,  1.16it/s][A

eval:  62%|██████▎   | 50/80 [00:40<00:24,  1.24it/s][A

eval:  64%|██████▍   | 51/80 [00:41<00:22,  1.29it/s][A

eval:  65%|██████▌   | 52/80 [00:42<00:26,  1.05it/s][A

eval:  66%|██████▋   | 53/80 [00:43<00:23,  1.15it/s][A

eval:  68%|██████▊   | 54/80 [00:44<00:21,  1.23it/s][A

eval:  69%|██████▉   | 55/80 [00:45<00:23,  1.04it/s][A

eval:  70%|███████   | 56/80 [00:46<00:21,  1.13it/s][A

eval:  71%|███████▏  | 57/80 [00:46<00:19,  1.21it/s][A

eval:  72%|███████▎  | 58/80 [00:47<00:17,  1.27it/s][A

eval:  74%|███████▍  | 59/80 [00:48<00:19,  1.05it/s][A

eval:  75%|███████▌  | 60/80 [00:49<00:17,  1.15it/s][A

eval:  76%|███████▋  | 61/80 [00:50<00:15,  1.23it/s][A

eval:  78%|███████▊  | 62/80 [00:51<00:17,  1.05it/s][A

eval:  79%|███████▉  | 63/80 [00:52<00:14,  1.14it/s][A

eval:  80%|████████  | 64/80 [00:52<00:13,  1.22it/s][A

eval:  81%|████████▏ | 65/80 [00:53<00:11,  1.28it/s][A

eval:  82%|████████▎ | 66/80 [00:54<00:13,  1.07it/s][A

eval:  84%|████████▍ | 67/80 [00:55<00:11,  1.16it/s][A

eval:  85%|████████▌ | 68/80 [00:56<00:09,  1.23it/s][A

eval:  86%|████████▋ | 69/80 [00:57<00:08,  1.29it/s][A

eval:  88%|████████▊ | 70/80 [00:57<00:07,  1.31it/s][A

eval:  89%|████████▉ | 71/80 [00:58<00:06,  1.35it/s][A

eval:  90%|█████████ | 72/80 [00:59<00:05,  1.37it/s][A

eval:  91%|█████████▏| 73/80 [00:59<00:05,  1.39it/s][A

eval:  92%|█████████▎| 74/80 [01:00<00:04,  1.40it/s][A

eval:  94%|█████████▍| 75/80 [01:01<00:03,  1.31it/s][A

eval:  95%|█████████▌| 76/80 [01:02<00:02,  1.34it/s][A

eval:  96%|█████████▋| 77/80 [01:02<00:02,  1.37it/s][A

eval:  98%|█████████▊| 78/80 [01:03<00:01,  1.40it/s][A

eval:  99%|█████████▉| 79/80 [01:04<00:00,  1.26it/s][A

eval: 100%|██████████| 80/80 [01:05<00:00,  1.31it/s][A

                                                     [A2026-05-11 20:20:55 | INFO | __main__ | eval.py:43 | [EVAL_SAMPLE] idx=0 pred=false gold=barely-true output=Label: B explain=Hartzler said, "We have less Americans working now than in the ‘70s." The statistics Hartzler’s staff said she cited show the employment-population ratio and labor force participation rate was indeed higher in 1979 than in 2015. However,... prompt=<|im_start|>system
You are a careful fact-checking assistant for LIAR-RAW claims. Classify claims using only the claim and retrieved evidence supplied by the user.<|im_end|>
<|im_start|>user
Classify the claim into exactly one LIAR-RAW l...
2026-05-11 20:20:55 | INFO | __main__ | eval.py:43 | [EVAL_SAMPLE] idx=0 pred=pants-fire gold=barely-true output=Label: A explain=Hartzler said, "We have less Americans working now than in the ‘70s." The statistics Hartzler’s staff said she cited show the employment-population ratio and labor force participation rate was indeed higher in 1979 than in 2015. However,... prompt=<|im_start|>system
You are a careful fact-checking assistant for LIAR-RAW claims. Classify claims using only the claim and retrieved evidence supplied by the user.<|im_end|>
<|im_start|>user
Classify the claim into exactly one LIAR-RAW l...
2026-05-11 20:20:55 | INFO | __main__ | eval.py:43 | [EVAL_SAMPLE] idx=1 pred=false gold=pants-fire output=Label: B explain=Ellison used a Koran that once belonged to Thomas Jefferson, borrowing the rare book from the Library of Congress. It goes without saying that Ellison is not Obama. UPDATE: Barack Obama resigned from Trinity United Church of Christ on Ma... prompt=<|im_start|>system
You are a careful fact-checking assistant for LIAR-RAW claims. Classify claims using only the claim and retrieved evidence supplied by the user.<|im_end|>
<|im_start|>user
Classify the claim into exactly one LIAR-RAW l...
2026-05-11 20:20:55 | INFO | __main__ | eval.py:43 | [EVAL_SAMPLE] idx=1 pred=false gold=pants-fire output=Label: B explain=Ellison used a Koran that once belonged to Thomas Jefferson, borrowing the rare book from the Library of Congress. It goes without saying that Ellison is not Obama. UPDATE: Barack Obama resigned from Trinity United Church of Christ on Ma... prompt=<|im_start|>system
You are a careful fact-checking assistant for LIAR-RAW claims. Classify claims using only the claim and retrieved evidence supplied by the user.<|im_end|>
<|im_start|>user
Classify the claim into exactly one LIAR-RAW l...
2026-05-11 20:20:55 | INFO | __main__ | eval.py:43 | [EVAL_SAMPLE] idx=2 pred=barely-true gold=false output=Label: C explain=However, we have two professors who say the law is silent on political activity -- even if one of them sees an implicit prohibition -- and a plain reading of the law that states no explicit ban. Blumenauer said that "the statute a hundre... prompt=<|im_start|>system
You are a careful fact-checking assistant for LIAR-RAW claims. Classify claims using only the claim and retrieved evidence supplied by the user.<|im_end|>
<|im_start|>user
Classify the claim into exactly one LIAR-RAW l...
2026-05-11 20:20:55 | INFO | __main__ | trainer.py:563 | [eval] step=200 accuracy=0.2789 macro_precision=0.2882 macro_recall=0.2816 macro_f1=0.2735 parse_error_rate=0.0000
2026-05-11 20:20:55 | INFO | __main__ | trainer.py:563 | [eval] per_class:
2026-05-11 20:20:55 | INFO | __main__ | trainer.py:563 |   - barely-true: P=0.2420 R=0.2236 F1=0.2325
2026-05-11 20:20:55 | INFO | __main__ | trainer.py:563 |   - false: P=0.2731 R=0.4636 F1=0.3437
2026-05-11 20:20:55 | INFO | __main__ | trainer.py:563 |   - half-true: P=0.2353 R=0.2114 F1=0.2227
2026-05-11 20:20:55 | INFO | __main__ | trainer.py:563 |   - mostly-true: P=0.3810 R=0.2231 F1=0.2814
2026-05-11 20:20:55 | INFO | __main__ | trainer.py:563 |   - pants-fire: P=0.3046 R=0.3966 F1=0.3446
2026-05-11 20:20:55 | INFO | __main__ | trainer.py:563 |   - true: P=0.2929 R=0.1716 F1=0.2164

 32%|███▏      | 201/630 [21:03<3:15:22, 27.32s/it]
 32%|███▏      | 202/630 [21:08<2:27:42, 20.71s/it]
 32%|███▏      | 203/630 [21:14<1:55:26, 16.22s/it]
 32%|███▏      | 204/630 [21:20<1:32:25, 13.02s/it]
 33%|███▎      | 205/630 [21:25<1:15:45, 10.70s/it]
 33%|███▎      | 206/630 [21:29<1:01:33,  8.71s/it]
 33%|███▎      | 207/630 [21:36<58:42,  8.33s/it]  
 33%|███▎      | 208/630 [21:43<53:53,  7.66s/it]
 33%|███▎      | 209/630 [21:48<49:20,  7.03s/it]
 33%|███▎      | 210/630 [21:54<47:29,  6.79s/it]
 33%|███▎      | 211/630 [22:00<44:50,  6.42s/it]
 34%|███▎      | 212/630 [22:05<41:59,  6.03s/it]
 34%|███▍      | 213/630 [22:10<40:22,  5.81s/it]
 34%|███▍      | 214/630 [22:16<39:38,  5.72s/it]
 34%|███▍      | 215/630 [22:22<40:35,  5.87s/it]
 34%|███▍      | 216/630 [22:28<40:31,  5.87s/it]
 34%|███▍      | 217/630 [22:33<39:26,  5.73s/it]
 35%|███▍      | 218/630 [22:39<38:29,  5.61s/it]
 35%|███▍      | 219/630 [22:44<38:03,  5.56s/it]
 35%|███▍      | 220/630 [22:50<38:33,  5.64s/it]
 35%|███▌      | 221/630 [22:56<39:05,  5.73s/it]
 35%|███▌      | 222/630 [23:02<39:18,  5.78s/it]
 35%|███▌      | 223/630 [23:07<38:11,  5.63s/it]
 36%|███▌      | 224/630 [23:13<38:02,  5.62s/it]
 36%|███▌      | 225/630 [23:17<35:19,  5.23s/it]
 36%|███▌      | 226/630 [23:23<37:47,  5.61s/it]
 36%|███▌      | 227/630 [23:30<39:56,  5.95s/it]
 36%|███▌      | 228/630 [23:36<38:43,  5.78s/it]
 36%|███▋      | 229/630 [23:41<37:19,  5.58s/it]
 37%|███▋      | 230/630 [23:45<35:05,  5.26s/it]
 37%|███▋      | 231/630 [23:50<33:46,  5.08s/it]
 37%|███▋      | 232/630 [23:56<35:35,  5.37s/it]
 37%|███▋      | 233/630 [24:02<37:26,  5.66s/it]
 37%|███▋      | 234/630 [24:07<36:17,  5.50s/it]
 37%|███▋      | 235/630 [24:13<36:12,  5.50s/it]
 37%|███▋      | 236/630 [24:18<35:42,  5.44s/it]
 38%|███▊      | 237/630 [24:22<33:20,  5.09s/it]
 38%|███▊      | 238/630 [24:28<34:08,  5.22s/it]
 38%|███▊      | 239/630 [24:35<38:06,  5.85s/it]
 38%|███▊      | 240/630 [24:41<37:03,  5.70s/it]
 38%|███▊      | 241/630 [24:46<37:15,  5.75s/it]
 38%|███▊      | 242/630 [24:53<38:01,  5.88s/it]
 39%|███▊      | 243/630 [24:58<37:09,  5.76s/it]
 39%|███▊      | 244/630 [25:03<36:04,  5.61s/it]
 39%|███▉      | 245/630 [25:09<36:44,  5.73s/it]
 39%|███▉      | 246/630 [25:16<37:32,  5.87s/it]
 39%|███▉      | 247/630 [25:21<35:38,  5.58s/it]
 39%|███▉      | 248/630 [25:26<34:48,  5.47s/it]
 40%|███▉      | 249/630 [25:30<32:43,  5.15s/it]
 40%|███▉      | 250/630 [25:34<30:50,  4.87s/it]
 40%|███▉      | 251/630 [25:41<33:51,  5.36s/it]
 40%|████      | 252/630 [25:47<35:28,  5.63s/it]
 40%|████      | 253/630 [25:52<34:23,  5.47s/it]
 40%|████      | 254/630 [25:58<34:11,  5.46s/it]
 40%|████      | 255/630 [26:03<33:32,  5.37s/it]
 41%|████      | 256/630 [26:07<31:27,  5.05s/it]
 41%|████      | 257/630 [26:13<33:45,  5.43s/it]
 41%|████      | 258/630 [26:20<36:17,  5.85s/it]
 41%|████      | 259/630 [26:26<36:34,  5.91s/it]
 41%|████▏     | 260/630 [26:32<36:32,  5.93s/it]
 41%|████▏     | 261/630 [26:38<36:12,  5.89s/it]
 42%|████▏     | 262/630 [26:43<35:10,  5.73s/it]
 42%|████▏     | 263/630 [26:49<34:17,  5.61s/it]
 42%|████▏     | 264/630 [26:55<35:58,  5.90s/it]
 42%|████▏     | 265/630 [27:01<36:19,  5.97s/it]
 42%|████▏     | 266/630 [27:07<36:00,  5.93s/it]
 42%|████▏     | 267/630 [27:13<35:47,  5.91s/it]
 43%|████▎     | 268/630 [27:18<33:18,  5.52s/it]
 43%|████▎     | 269/630 [27:23<33:18,  5.53s/it]
 43%|████▎     | 270/630 [27:30<34:29,  5.75s/it]
 43%|████▎     | 271/630 [27:36<35:32,  5.94s/it]
 43%|████▎     | 272/630 [27:42<35:27,  5.94s/it]
 43%|████▎     | 273/630 [27:47<34:21,  5.77s/it]
 43%|████▎     | 274/630 [27:53<33:24,  5.63s/it]
 44%|████▎     | 275/630 [27:56<30:04,  5.08s/it]
 44%|████▍     | 276/630 [28:03<32:35,  5.52s/it]
 44%|████▍     | 277/630 [28:10<35:59,  6.12s/it]
 44%|████▍     | 278/630 [28:17<35:43,  6.09s/it]
 44%|████▍     | 279/630 [28:22<33:50,  5.79s/it]
 44%|████▍     | 280/630 [28:27<32:39,  5.60s/it]
 45%|████▍     | 281/630 [28:31<30:14,  5.20s/it]
 45%|████▍     | 282/630 [28:37<31:55,  5.51s/it]
 45%|████▍     | 283/630 [28:43<33:02,  5.71s/it]
 45%|████▌     | 284/630 [28:49<33:22,  5.79s/it]
 45%|████▌     | 285/630 [28:55<33:01,  5.74s/it]
 45%|████▌     | 286/630 [29:01<32:34,  5.68s/it]
 46%|████▌     | 287/630 [29:06<31:36,  5.53s/it]
 46%|████▌     | 288/630 [29:10<29:35,  5.19s/it]
 46%|████▌     | 289/630 [29:17<31:47,  5.59s/it]
 46%|████▌     | 290/630 [29:23<32:36,  5.75s/it]
 46%|████▌     | 291/630 [29:29<32:55,  5.83s/it]
 46%|████▋     | 292/630 [29:34<32:21,  5.74s/it]
 47%|████▋     | 293/630 [29:40<31:18,  5.58s/it]
 47%|████▋     | 294/630 [29:45<30:54,  5.52s/it]
 47%|████▋     | 295/630 [29:52<33:25,  5.99s/it]
 47%|████▋     | 296/630 [29:58<33:47,  6.07s/it]
 47%|████▋     | 297/630 [30:03<31:55,  5.75s/it]
 47%|████▋     | 298/630 [30:08<30:52,  5.58s/it]
 47%|████▋     | 299/630 [30:14<30:05,  5.45s/it]
 48%|████▊     | 300/630 [30:18<27:41,  5.04s/it]

eval:   0%|          | 0/80 [00:00<?, ?it/s][A

eval:   1%|▏         | 1/80 [00:00<00:56,  1.40it/s][A

eval:   2%|▎         | 2/80 [00:01<01:19,  1.02s/it][A

eval:   4%|▍         | 3/80 [00:02<01:07,  1.15it/s][A

eval:   5%|▌         | 4/80 [00:03<01:01,  1.24it/s][A

eval:   6%|▋         | 5/80 [00:04<01:15,  1.00s/it][A

eval:   8%|▊         | 6/80 [00:05<01:06,  1.12it/s][A

eval:   9%|▉         | 7/80 [00:06<01:00,  1.21it/s][A

eval:  10%|█         | 8/80 [00:06<00:56,  1.27it/s][A

eval:  11%|█▏        | 9/80 [00:08<01:06,  1.07it/s][A

eval:  12%|█▎        | 10/80 [00:08<01:00,  1.16it/s][A

eval:  14%|█▍        | 11/80 [00:09<00:56,  1.23it/s][A

eval:  15%|█▌        | 12/80 [00:10<01:06,  1.03it/s][A

eval:  16%|█▋        | 13/80 [00:11<00:59,  1.12it/s][A

eval:  18%|█▊        | 14/80 [00:12<00:54,  1.20it/s][A

eval:  19%|█▉        | 15/80 [00:13<01:03,  1.02it/s][A

eval:  20%|██        | 16/80 [00:14<00:57,  1.12it/s][A

eval:  21%|██▏       | 17/80 [00:14<00:52,  1.20it/s][A

eval:  22%|██▎       | 18/80 [00:15<00:49,  1.26it/s][A

eval:  24%|██▍       | 19/80 [00:16<00:46,  1.32it/s][A

eval:  25%|██▌       | 20/80 [00:16<00:44,  1.34it/s][A

eval:  26%|██▋       | 21/80 [00:17<00:43,  1.37it/s][A

eval:  28%|██▊       | 22/80 [00:18<00:41,  1.39it/s][A

eval:  29%|██▉       | 23/80 [00:19<00:40,  1.40it/s][A

eval:  30%|███       | 24/80 [00:19<00:39,  1.41it/s][A

eval:  31%|███▏      | 25/80 [00:20<00:40,  1.37it/s][A

eval:  32%|███▎      | 26/80 [00:21<00:38,  1.40it/s][A

eval:  34%|███▍      | 27/80 [00:21<00:37,  1.41it/s][A

eval:  35%|███▌      | 28/80 [00:22<00:36,  1.42it/s][A

eval:  36%|███▋      | 29/80 [00:23<00:38,  1.32it/s][A

eval:  38%|███▊      | 30/80 [00:24<00:36,  1.36it/s][A

eval:  39%|███▉      | 31/80 [00:24<00:35,  1.38it/s][A

eval:  40%|████      | 32/80 [00:25<00:34,  1.40it/s][A

eval:  41%|████▏     | 33/80 [00:26<00:38,  1.22it/s][A

eval:  42%|████▎     | 34/80 [00:27<00:35,  1.29it/s][A

eval:  44%|████▍     | 35/80 [00:28<00:33,  1.33it/s][A

eval:  45%|████▌     | 36/80 [00:28<00:32,  1.35it/s][A

eval:  46%|████▋     | 37/80 [00:29<00:37,  1.15it/s][A

eval:  48%|████▊     | 38/80 [00:30<00:34,  1.22it/s][A

eval:  49%|████▉     | 39/80 [00:31<00:31,  1.28it/s][A

eval:  50%|█████     | 40/80 [00:32<00:36,  1.09it/s][A

eval:  51%|█████▏    | 41/80 [00:33<00:33,  1.17it/s][A

eval:  52%|█████▎    | 42/80 [00:33<00:30,  1.24it/s][A

eval:  54%|█████▍    | 43/80 [00:34<00:28,  1.31it/s][A

eval:  55%|█████▌    | 44/80 [00:35<00:32,  1.10it/s][A

eval:  56%|█████▋    | 45/80 [00:36<00:29,  1.19it/s][A

eval:  57%|█████▊    | 46/80 [00:37<00:26,  1.27it/s][A

eval:  59%|█████▉    | 47/80 [00:38<00:31,  1.06it/s][A

eval:  60%|██████    | 48/80 [00:39<00:27,  1.15it/s][A

eval:  61%|██████▏   | 49/80 [00:39<00:25,  1.22it/s][A

eval:  62%|██████▎   | 50/80 [00:40<00:23,  1.29it/s][A

eval:  64%|██████▍   | 51/80 [00:42<00:28,  1.03it/s][A

eval:  65%|██████▌   | 52/80 [00:42<00:24,  1.12it/s][A

eval:  66%|██████▋   | 53/80 [00:43<00:22,  1.21it/s][A

eval:  68%|██████▊   | 54/80 [00:44<00:20,  1.27it/s][A

eval:  69%|██████▉   | 55/80 [00:44<00:18,  1.32it/s][A

eval:  70%|███████   | 56/80 [00:45<00:18,  1.30it/s][A

eval:  71%|███████▏  | 57/80 [00:46<00:17,  1.34it/s][A

eval:  72%|███████▎  | 58/80 [00:46<00:16,  1.36it/s][A

eval:  74%|███████▍  | 59/80 [00:47<00:15,  1.39it/s][A

eval:  75%|███████▌  | 60/80 [00:48<00:15,  1.30it/s][A

eval:  76%|███████▋  | 61/80 [00:49<00:14,  1.35it/s][A

eval:  78%|███████▊  | 62/80 [00:49<00:13,  1.38it/s][A

eval:  79%|███████▉  | 63/80 [00:50<00:12,  1.40it/s][A

eval:  80%|████████  | 64/80 [00:51<00:12,  1.25it/s][A

eval:  81%|████████▏ | 65/80 [00:52<00:11,  1.30it/s][A

eval:  82%|████████▎ | 66/80 [00:52<00:10,  1.34it/s][A

eval:  84%|████████▍ | 67/80 [00:53<00:09,  1.36it/s][A

eval:  85%|████████▌ | 68/80 [00:54<00:10,  1.18it/s][A

eval:  86%|████████▋ | 69/80 [00:55<00:08,  1.26it/s][A

eval:  88%|████████▊ | 70/80 [00:56<00:07,  1.30it/s][A

eval:  89%|████████▉ | 71/80 [00:57<00:07,  1.13it/s][A

eval:  90%|█████████ | 72/80 [00:58<00:06,  1.20it/s][A

eval:  91%|█████████▏| 73/80 [00:58<00:05,  1.26it/s][A

eval:  92%|█████████▎| 74/80 [00:59<00:04,  1.31it/s][A

eval:  94%|█████████▍| 75/80 [01:00<00:04,  1.07it/s][A

eval:  95%|█████████▌| 76/80 [01:01<00:03,  1.15it/s][A

eval:  96%|█████████▋| 77/80 [01:02<00:02,  1.22it/s][A

eval:  98%|█████████▊| 78/80 [01:03<00:01,  1.04it/s][A

eval:  99%|█████████▉| 79/80 [01:04<00:00,  1.13it/s][A

eval: 100%|██████████| 80/80 [01:04<00:00,  1.21it/s][A

                                                     [A2026-05-11 20:31:29 | INFO | __main__ | eval.py:43 | [EVAL_SAMPLE] idx=0 pred=false gold=barely-true output=Label: B explain=Hartzler said, "We have less Americans working now than in the ‘70s." The statistics Hartzler’s staff said she cited show the employment-population ratio and labor force participation rate was indeed higher in 1979 than in 2015. However,... prompt=<|im_start|>system
You are a careful fact-checking assistant for LIAR-RAW claims. Classify claims using only the claim and retrieved evidence supplied by the user.<|im_end|>
<|im_start|>user
Classify the claim into exactly one LIAR-RAW l...
2026-05-11 20:31:29 | INFO | __main__ | eval.py:43 | [EVAL_SAMPLE] idx=0 pred=false gold=barely-true output=Label: B explain=Hartzler said, "We have less Americans working now than in the ‘70s." The statistics Hartzler’s staff said she cited show the employment-population ratio and labor force participation rate was indeed higher in 1979 than in 2015. However,... prompt=<|im_start|>system
You are a careful fact-checking assistant for LIAR-RAW claims. Classify claims using only the claim and retrieved evidence supplied by the user.<|im_end|>
<|im_start|>user
Classify the claim into exactly one LIAR-RAW l...
2026-05-11 20:31:29 | INFO | __main__ | eval.py:43 | [EVAL_SAMPLE] idx=1 pred=false gold=pants-fire output=Label: B explain=Ellison used a Koran that once belonged to Thomas Jefferson, borrowing the rare book from the Library of Congress. It goes without saying that Ellison is not Obama. UPDATE: Barack Obama resigned from Trinity United Church of Christ on Ma... prompt=<|im_start|>system
You are a careful fact-checking assistant for LIAR-RAW claims. Classify claims using only the claim and retrieved evidence supplied by the user.<|im_end|>
<|im_start|>user
Classify the claim into exactly one LIAR-RAW l...
2026-05-11 20:31:29 | INFO | __main__ | eval.py:43 | [EVAL_SAMPLE] idx=1 pred=false gold=pants-fire output=Label: B explain=Ellison used a Koran that once belonged to Thomas Jefferson, borrowing the rare book from the Library of Congress. It goes without saying that Ellison is not Obama. UPDATE: Barack Obama resigned from Trinity United Church of Christ on Ma... prompt=<|im_start|>system
You are a careful fact-checking assistant for LIAR-RAW claims. Classify claims using only the claim and retrieved evidence supplied by the user.<|im_end|>
<|im_start|>user
Classify the claim into exactly one LIAR-RAW l...
2026-05-11 20:31:29 | INFO | __main__ | eval.py:43 | [EVAL_SAMPLE] idx=2 pred=mostly-true gold=false output=Label: E explain=However, we have two professors who say the law is silent on political activity -- even if one of them sees an implicit prohibition -- and a plain reading of the law that states no explicit ban. Blumenauer said that "the statute a hundre... prompt=<|im_start|>system
You are a careful fact-checking assistant for LIAR-RAW claims. Classify claims using only the claim and retrieved evidence supplied by the user.<|im_end|>
<|im_start|>user
Classify the claim into exactly one LIAR-RAW l...
2026-05-11 20:31:29 | INFO | __main__ | trainer.py:563 | [eval] step=300 accuracy=0.2844 macro_precision=0.2950 macro_recall=0.2910 macro_f1=0.2796 parse_error_rate=0.0000
2026-05-11 20:31:29 | INFO | __main__ | trainer.py:563 | [eval] per_class:
2026-05-11 20:31:29 | INFO | __main__ | trainer.py:563 |   - barely-true: P=0.2380 R=0.3333 F1=0.2777
2026-05-11 20:31:29 | INFO | __main__ | trainer.py:563 |   - false: P=0.2846 R=0.4253 F1=0.3410
2026-05-11 20:31:29 | INFO | __main__ | trainer.py:563 |   - half-true: P=0.3186 R=0.1463 F1=0.2006
2026-05-11 20:31:29 | INFO | __main__ | trainer.py:563 |   - mostly-true: P=0.3557 R=0.2112 F1=0.2650
2026-05-11 20:31:29 | INFO | __main__ | trainer.py:563 |   - pants-fire: P=0.3092 R=0.4052 F1=0.3507
2026-05-11 20:31:29 | INFO | __main__ | trainer.py:563 |   - true: P=0.2639 R=0.2249 F1=0.2428

 48%|████▊     | 301/630 [31:37<2:29:30, 27.27s/it]
 48%|████▊     | 302/630 [31:42<1:53:13, 20.71s/it]
 48%|████▊     | 303/630 [31:48<1:27:55, 16.13s/it]
 48%|████▊     | 304/630 [31:53<1:09:48, 12.85s/it]
 48%|████▊     | 305/630 [31:57<55:46, 10.30s/it]  
 49%|████▊     | 306/630 [32:02<46:46,  8.66s/it]
 49%|████▊     | 307/630 [32:08<42:51,  7.96s/it]
 49%|████▉     | 308/630 [32:15<40:11,  7.49s/it]
 49%|████▉     | 309/630 [32:21<37:34,  7.02s/it]
 49%|████▉     | 310/630 [32:26<34:55,  6.55s/it]
 49%|████▉     | 311/630 [32:30<31:17,  5.89s/it]
 50%|████▉     | 312/630 [32:35<29:39,  5.59s/it]
 50%|████▉     | 313/630 [32:40<28:32,  5.40s/it]
 50%|████▉     | 314/630 [32:46<29:17,  5.56s/it]
 50%|█████     | 315/630 [32:49<25:05,  4.78s/it]
 50%|█████     | 316/630 [32:56<27:27,  5.25s/it]
 50%|█████     | 317/630 [33:02<28:38,  5.49s/it]
 50%|█████     | 318/630 [33:07<29:02,  5.58s/it]
 51%|█████     | 319/630 [33:13<28:23,  5.48s/it]
 51%|█████     | 320/630 [33:17<26:37,  5.15s/it]
 51%|█████     | 321/630 [33:22<25:58,  5.04s/it]
 51%|█████     | 322/630 [33:28<27:30,  5.36s/it]
 51%|█████▏    | 323/630 [33:34<29:10,  5.70s/it]
 51%|█████▏    | 324/630 [33:41<29:46,  5.84s/it]
 52%|█████▏    | 325/630 [33:46<29:14,  5.75s/it]
 52%|█████▏    | 326/630 [33:51<27:55,  5.51s/it]
 52%|█████▏    | 327/630 [33:56<26:46,  5.30s/it]
 52%|█████▏    | 328/630 [34:01<26:39,  5.30s/it]
 52%|█████▏    | 329/630 [34:07<27:21,  5.45s/it]
 52%|█████▏    | 330/630 [34:14<28:49,  5.76s/it]
 53%|█████▎    | 331/630 [34:20<29:57,  6.01s/it]
 53%|█████▎    | 332/630 [34:25<28:08,  5.67s/it]
 53%|█████▎    | 333/630 [34:30<27:24,  5.54s/it]
 53%|█████▎    | 334/630 [34:35<26:49,  5.44s/it]
 53%|█████▎    | 335/630 [34:41<26:49,  5.46s/it]
 53%|█████▎    | 336/630 [34:47<27:51,  5.69s/it]
 53%|█████▎    | 337/630 [34:53<28:09,  5.77s/it]
 54%|█████▎    | 338/630 [34:59<27:35,  5.67s/it]
 54%|█████▍    | 339/630 [35:04<26:47,  5.52s/it]
 54%|█████▍    | 340/630 [35:08<24:49,  5.14s/it]
 54%|█████▍    | 341/630 [35:14<26:05,  5.42s/it]
 54%|█████▍    | 342/630 [35:20<26:31,  5.53s/it]
 54%|█████▍    | 343/630 [35:26<26:47,  5.60s/it]
 55%|█████▍    | 344/630 [35:30<25:40,  5.39s/it]
 55%|█████▍    | 345/630 [35:36<26:02,  5.48s/it]
 55%|█████▍    | 346/630 [35:41<25:10,  5.32s/it]
 55%|█████▌    | 347/630 [35:48<27:16,  5.78s/it]
 55%|█████▌    | 348/630 [35:56<29:50,  6.35s/it]
 55%|█████▌    | 349/630 [36:01<28:30,  6.09s/it]
 56%|█████▌    | 350/630 [36:07<27:46,  5.95s/it]
 56%|█████▌    | 351/630 [36:12<26:46,  5.76s/it]
 56%|█████▌    | 352/630 [36:16<24:35,  5.31s/it]
 56%|█████▌    | 353/630 [36:22<24:49,  5.38s/it]
 56%|█████▌    | 354/630 [36:28<26:22,  5.73s/it]
 56%|█████▋    | 355/630 [36:35<28:00,  6.11s/it]
 57%|█████▋    | 356/630 [36:40<26:17,  5.76s/it]
 57%|█████▋    | 357/630 [36:45<25:13,  5.54s/it]
 57%|█████▋    | 358/630 [36:50<23:33,  5.20s/it]
 57%|█████▋    | 359/630 [36:55<23:58,  5.31s/it]
 57%|█████▋    | 360/630 [37:02<25:38,  5.70s/it]
 57%|█████▋    | 361/630 [37:08<26:07,  5.83s/it]
 57%|█████▋    | 362/630 [37:14<26:07,  5.85s/it]
 58%|█████▊    | 363/630 [37:20<25:46,  5.79s/it]
 58%|█████▊    | 364/630 [37:25<24:59,  5.64s/it]
 58%|█████▊    | 365/630 [37:29<22:40,  5.13s/it]
 58%|█████▊    | 366/630 [37:35<24:27,  5.56s/it]
 58%|█████▊    | 367/630 [37:43<26:36,  6.07s/it]
 58%|█████▊    | 368/630 [37:48<25:29,  5.84s/it]
 59%|█████▊    | 369/630 [37:53<24:46,  5.69s/it]
 59%|█████▊    | 370/630 [37:58<23:43,  5.47s/it]
 59%|█████▉    | 371/630 [38:02<21:48,  5.05s/it]
 59%|█████▉    | 372/630 [38:09<23:09,  5.39s/it]
 59%|█████▉    | 373/630 [38:15<24:11,  5.65s/it]
 59%|█████▉    | 374/630 [38:21<24:35,  5.76s/it]
 60%|█████▉    | 375/630 [38:27<24:28,  5.76s/it]
 60%|█████▉    | 376/630 [38:32<24:09,  5.71s/it]
 60%|█████▉    | 377/630 [38:37<22:21,  5.30s/it]
 60%|██████    | 378/630 [38:42<22:26,  5.34s/it]
 60%|██████    | 379/630 [38:48<23:49,  5.69s/it]
 60%|██████    | 380/630 [38:55<25:08,  6.04s/it]
 60%|██████    | 381/630 [39:00<23:42,  5.71s/it]
 61%|██████    | 382/630 [39:06<23:45,  5.75s/it]
 61%|██████    | 383/630 [39:11<22:48,  5.54s/it]
 61%|██████    | 384/630 [39:17<22:41,  5.54s/it]
 61%|██████    | 385/630 [39:22<22:39,  5.55s/it]
 61%|██████▏   | 386/630 [39:29<24:36,  6.05s/it]
 61%|██████▏   | 387/630 [39:34<23:06,  5.71s/it]
 62%|██████▏   | 388/630 [39:39<22:06,  5.48s/it]
 62%|██████▏   | 389/630 [39:44<20:27,  5.09s/it]
 62%|██████▏   | 390/630 [39:47<18:57,  4.74s/it]
 62%|██████▏   | 391/630 [39:53<20:14,  5.08s/it]
 62%|██████▏   | 392/630 [40:00<22:22,  5.64s/it]
 62%|██████▏   | 393/630 [40:06<22:49,  5.78s/it]
 63%|██████▎   | 394/630 [40:11<21:46,  5.54s/it]
 63%|██████▎   | 395/630 [40:17<21:24,  5.46s/it]
 63%|██████▎   | 396/630 [40:21<19:36,  5.03s/it]
 63%|██████▎   | 397/630 [40:28<21:50,  5.62s/it]
 63%|██████▎   | 398/630 [40:33<21:22,  5.53s/it]
 63%|██████▎   | 399/630 [40:39<21:44,  5.65s/it]
 63%|██████▎   | 400/630 [40:45<21:51,  5.70s/it]

eval:   0%|          | 0/80 [00:00<?, ?it/s][A

eval:   1%|▏         | 1/80 [00:00<00:56,  1.41it/s][A

eval:   2%|▎         | 2/80 [00:01<01:08,  1.14it/s][A

eval:   4%|▍         | 3/80 [00:02<01:01,  1.26it/s][A

eval:   5%|▌         | 4/80 [00:03<00:57,  1.32it/s][A

eval:   6%|▋         | 5/80 [00:03<00:55,  1.36it/s][A

eval:   8%|▊         | 6/80 [00:04<01:04,  1.15it/s][A

eval:   9%|▉         | 7/80 [00:05<00:59,  1.23it/s][A

eval:  10%|█         | 8/80 [00:06<00:55,  1.29it/s][A

eval:  11%|█▏        | 9/80 [00:07<01:05,  1.08it/s][A

eval:  12%|█▎        | 10/80 [00:08<00:59,  1.17it/s][A

eval:  14%|█▍        | 11/80 [00:08<00:55,  1.24it/s][A

eval:  15%|█▌        | 12/80 [00:09<00:52,  1.29it/s][A

eval:  16%|█▋        | 13/80 [00:10<01:02,  1.06it/s][A

eval:  18%|█▊        | 14/80 [00:11<00:57,  1.15it/s][A

eval:  19%|█▉        | 15/80 [00:12<00:53,  1.23it/s][A

eval:  20%|██        | 16/80 [00:13<01:01,  1.04it/s][A

eval:  21%|██▏       | 17/80 [00:14<00:55,  1.13it/s][A

eval:  22%|██▎       | 18/80 [00:15<00:51,  1.21it/s][A

eval:  24%|██▍       | 19/80 [00:15<00:47,  1.28it/s][A

eval:  25%|██▌       | 20/80 [00:17<00:56,  1.07it/s][A

eval:  26%|██▋       | 21/80 [00:17<00:50,  1.16it/s][A

eval:  28%|██▊       | 22/80 [00:18<00:47,  1.23it/s][A

eval:  29%|██▉       | 23/80 [00:19<00:54,  1.04it/s][A

eval:  30%|███       | 24/80 [00:20<00:49,  1.13it/s][A

eval:  31%|███▏      | 25/80 [00:21<00:45,  1.21it/s][A

eval:  32%|███▎      | 26/80 [00:21<00:42,  1.28it/s][A

eval:  34%|███▍      | 27/80 [00:22<00:40,  1.32it/s][A

eval:  35%|███▌      | 28/80 [00:23<00:38,  1.36it/s][A

eval:  36%|███▋      | 29/80 [00:23<00:36,  1.39it/s][A

eval:  38%|███▊      | 30/80 [00:24<00:35,  1.41it/s][A

eval:  39%|███▉      | 31/80 [00:25<00:34,  1.42it/s][A

eval:  40%|████      | 32/80 [00:26<00:35,  1.37it/s][A

eval:  41%|████▏     | 33/80 [00:26<00:33,  1.39it/s][A

eval:  42%|████▎     | 34/80 [00:27<00:32,  1.41it/s][A

eval:  44%|████▍     | 35/80 [00:28<00:31,  1.42it/s][A

eval:  45%|████▌     | 36/80 [00:29<00:34,  1.28it/s][A

eval:  46%|████▋     | 37/80 [00:29<00:32,  1.32it/s][A

eval:  48%|████▊     | 38/80 [00:30<00:30,  1.35it/s][A

eval:  49%|████▉     | 39/80 [00:31<00:29,  1.38it/s][A

eval:  50%|█████     | 40/80 [00:32<00:32,  1.22it/s][A

eval:  51%|█████▏    | 41/80 [00:32<00:30,  1.28it/s][A

eval:  52%|█████▎    | 42/80 [00:33<00:28,  1.32it/s][A

eval:  54%|█████▍    | 43/80 [00:34<00:27,  1.37it/s][A

eval:  55%|█████▌    | 44/80 [00:35<00:31,  1.13it/s][A

eval:  56%|█████▋    | 45/80 [00:36<00:28,  1.21it/s][A

eval:  57%|█████▊    | 46/80 [00:36<00:26,  1.29it/s][A

eval:  59%|█████▉    | 47/80 [00:37<00:24,  1.33it/s][A

eval:  60%|██████    | 48/80 [00:38<00:28,  1.11it/s][A

eval:  61%|██████▏   | 49/80 [00:39<00:26,  1.19it/s][A

eval:  62%|██████▎   | 50/80 [00:40<00:23,  1.26it/s][A

eval:  64%|██████▍   | 51/80 [00:41<00:27,  1.05it/s][A

eval:  65%|██████▌   | 52/80 [00:42<00:24,  1.14it/s][A

eval:  66%|██████▋   | 53/80 [00:42<00:22,  1.23it/s][A

eval:  68%|██████▊   | 54/80 [00:43<00:20,  1.28it/s][A

eval:  69%|██████▉   | 55/80 [00:45<00:24,  1.02it/s][A

eval:  70%|███████   | 56/80 [00:45<00:21,  1.11it/s][A

eval:  71%|███████▏  | 57/80 [00:46<00:19,  1.19it/s][A

eval:  72%|███████▎  | 58/80 [00:47<00:21,  1.00it/s][A

eval:  74%|███████▍  | 59/80 [00:48<00:19,  1.10it/s][A

eval:  75%|███████▌  | 60/80 [00:49<00:16,  1.19it/s][A

eval:  76%|███████▋  | 61/80 [00:50<00:18,  1.00it/s][A

eval:  78%|███████▊  | 62/80 [00:51<00:16,  1.11it/s][A

eval:  79%|███████▉  | 63/80 [00:51<00:14,  1.19it/s][A

eval:  80%|████████  | 64/80 [00:52<00:12,  1.26it/s][A

eval:  81%|████████▏ | 65/80 [00:54<00:14,  1.03it/s][A

eval:  82%|████████▎ | 66/80 [00:54<00:12,  1.13it/s][A

eval:  84%|████████▍ | 67/80 [00:55<00:10,  1.20it/s][A

eval:  85%|████████▌ | 68/80 [00:56<00:09,  1.26it/s][A

eval:  86%|████████▋ | 69/80 [00:56<00:08,  1.32it/s][A

eval:  88%|████████▊ | 70/80 [00:57<00:07,  1.34it/s][A

eval:  89%|████████▉ | 71/80 [00:58<00:06,  1.37it/s][A

eval:  90%|█████████ | 72/80 [00:58<00:05,  1.38it/s][A

eval:  91%|█████████▏| 73/80 [00:59<00:04,  1.40it/s][A

eval:  92%|█████████▎| 74/80 [01:00<00:04,  1.28it/s][A

eval:  94%|█████████▍| 75/80 [01:01<00:03,  1.32it/s][A

eval:  95%|█████████▌| 76/80 [01:01<00:02,  1.35it/s][A

eval:  96%|█████████▋| 77/80 [01:02<00:02,  1.38it/s][A

eval:  98%|█████████▊| 78/80 [01:03<00:01,  1.24it/s][A

eval:  99%|█████████▉| 79/80 [01:04<00:00,  1.29it/s][A

eval: 100%|██████████| 80/80 [01:05<00:00,  1.33it/s][A

                                                     [A2026-05-11 20:41:56 | INFO | __main__ | eval.py:43 | [EVAL_SAMPLE] idx=0 pred=false gold=barely-true output=Label: B explain=Hartzler said, "We have less Americans working now than in the ‘70s." The statistics Hartzler’s staff said she cited show the employment-population ratio and labor force participation rate was indeed higher in 1979 than in 2015. However,... prompt=<|im_start|>system
You are a careful fact-checking assistant for LIAR-RAW claims. Classify claims using only the claim and retrieved evidence supplied by the user.<|im_end|>
<|im_start|>user
Classify the claim into exactly one LIAR-RAW l...
2026-05-11 20:41:56 | INFO | __main__ | eval.py:43 | [EVAL_SAMPLE] idx=0 pred=false gold=barely-true output=Label: B explain=Hartzler said, "We have less Americans working now than in the ‘70s." The statistics Hartzler’s staff said she cited show the employment-population ratio and labor force participation rate was indeed higher in 1979 than in 2015. However,... prompt=<|im_start|>system
You are a careful fact-checking assistant for LIAR-RAW claims. Classify claims using only the claim and retrieved evidence supplied by the user.<|im_end|>
<|im_start|>user
Classify the claim into exactly one LIAR-RAW l...
2026-05-11 20:41:56 | INFO | __main__ | eval.py:43 | [EVAL_SAMPLE] idx=1 pred=false gold=pants-fire output=Label: B explain=Ellison used a Koran that once belonged to Thomas Jefferson, borrowing the rare book from the Library of Congress. It goes without saying that Ellison is not Obama. UPDATE: Barack Obama resigned from Trinity United Church of Christ on Ma... prompt=<|im_start|>system
You are a careful fact-checking assistant for LIAR-RAW claims. Classify claims using only the claim and retrieved evidence supplied by the user.<|im_end|>
<|im_start|>user
Classify the claim into exactly one LIAR-RAW l...
2026-05-11 20:41:56 | INFO | __main__ | eval.py:43 | [EVAL_SAMPLE] idx=1 pred=false gold=pants-fire output=Label: B explain=Ellison used a Koran that once belonged to Thomas Jefferson, borrowing the rare book from the Library of Congress. It goes without saying that Ellison is not Obama. UPDATE: Barack Obama resigned from Trinity United Church of Christ on Ma... prompt=<|im_start|>system
You are a careful fact-checking assistant for LIAR-RAW claims. Classify claims using only the claim and retrieved evidence supplied by the user.<|im_end|>
<|im_start|>user
Classify the claim into exactly one LIAR-RAW l...
2026-05-11 20:41:56 | INFO | __main__ | eval.py:43 | [EVAL_SAMPLE] idx=2 pred=barely-true gold=false output=Label: C explain=However, we have two professors who say the law is silent on political activity -- even if one of them sees an implicit prohibition -- and a plain reading of the law that states no explicit ban. Blumenauer said that "the statute a hundre... prompt=<|im_start|>system
You are a careful fact-checking assistant for LIAR-RAW claims. Classify claims using only the claim and retrieved evidence supplied by the user.<|im_end|>
<|im_start|>user
Classify the claim into exactly one LIAR-RAW l...
2026-05-11 20:41:56 | INFO | __main__ | trainer.py:563 | [eval] step=400 accuracy=0.2852 macro_precision=0.3097 macro_recall=0.2943 macro_f1=0.2711 parse_error_rate=0.0000
2026-05-11 20:41:56 | INFO | __main__ | trainer.py:563 | [eval] per_class:
2026-05-11 20:41:56 | INFO | __main__ | trainer.py:563 |   - barely-true: P=0.2362 R=0.3797 F1=0.2913
2026-05-11 20:41:56 | INFO | __main__ | trainer.py:563 |   - false: P=0.2857 R=0.4598 F1=0.3524
2026-05-11 20:41:56 | INFO | __main__ | trainer.py:563 |   - half-true: P=0.3421 R=0.0528 F1=0.0915
2026-05-11 20:41:56 | INFO | __main__ | trainer.py:563 |   - mostly-true: P=0.4132 R=0.1992 F1=0.2688
2026-05-11 20:41:56 | INFO | __main__ | trainer.py:563 |   - pants-fire: P=0.3265 R=0.4138 F1=0.3650
2026-05-11 20:41:56 | INFO | __main__ | trainer.py:563 |   - true: P=0.2543 R=0.2604 F1=0.2573

 64%|██████▎   | 401/630 [41:59<1:40:27, 26.32s/it]
 64%|██████▍   | 402/630 [42:04<1:15:29, 19.87s/it]
 64%|██████▍   | 403/630 [42:09<58:45, 15.53s/it]  
 64%|██████▍   | 404/630 [42:15<47:48, 12.69s/it]
 64%|██████▍   | 405/630 [42:21<39:29, 10.53s/it]
 64%|██████▍   | 406/630 [42:27<34:04,  9.13s/it]
 65%|██████▍   | 407/630 [42:32<29:50,  8.03s/it]
 65%|██████▍   | 408/630 [42:37<25:51,  6.99s/it]
 65%|██████▍   | 409/630 [42:42<23:51,  6.48s/it]
 65%|██████▌   | 410/630 [42:48<23:28,  6.40s/it]
 65%|██████▌   | 411/630 [42:54<22:52,  6.27s/it]
 65%|██████▌   | 412/630 [43:00<22:13,  6.12s/it]
 66%|██████▌   | 413/630 [43:05<21:21,  5.91s/it]
 66%|██████▌   | 414/630 [43:10<19:52,  5.52s/it]
 66%|██████▌   | 415/630 [43:15<19:17,  5.38s/it]
 66%|██████▌   | 416/630 [43:21<19:37,  5.50s/it]
 66%|██████▌   | 417/630 [43:27<20:26,  5.76s/it]
 66%|██████▋   | 418/630 [43:33<20:32,  5.82s/it]
 67%|██████▋   | 419/630 [43:38<19:38,  5.58s/it]
 67%|██████▋   | 420/630 [43:43<18:50,  5.39s/it]
 67%|██████▋   | 421/630 [43:48<17:48,  5.11s/it]
 67%|██████▋   | 422/630 [43:54<19:02,  5.49s/it]
 67%|██████▋   | 423/630 [44:00<19:36,  5.69s/it]
 67%|██████▋   | 424/630 [44:06<19:42,  5.74s/it]
 67%|██████▋   | 425/630 [44:12<19:42,  5.77s/it]
 68%|██████▊   | 426/630 [44:17<19:08,  5.63s/it]
 68%|██████▊   | 427/630 [44:22<18:27,  5.46s/it]
 68%|██████▊   | 428/630 [44:27<17:48,  5.29s/it]
 68%|██████▊   | 429/630 [44:34<18:59,  5.67s/it]
 68%|██████▊   | 430/630 [44:40<19:10,  5.75s/it]
 68%|██████▊   | 431/630 [44:46<19:12,  5.79s/it]
 69%|██████▊   | 432/630 [44:51<18:50,  5.71s/it]
 69%|██████▊   | 433/630 [44:56<18:23,  5.60s/it]
 69%|██████▉   | 434/630 [45:02<18:13,  5.58s/it]
 69%|██████▉   | 435/630 [45:08<19:04,  5.87s/it]
 69%|██████▉   | 436/630 [45:15<19:44,  6.10s/it]
 69%|██████▉   | 437/630 [45:20<18:39,  5.80s/it]
 70%|██████▉   | 438/630 [45:26<18:14,  5.70s/it]
 70%|██████▉   | 439/630 [45:31<17:41,  5.56s/it]
 70%|██████▉   | 440/630 [45:35<15:57,  5.04s/it]
 70%|███████   | 441/630 [45:41<17:18,  5.49s/it]
 70%|███████   | 442/630 [45:47<17:49,  5.69s/it]
 70%|███████   | 443/630 [45:53<17:57,  5.76s/it]
 70%|███████   | 444/630 [45:59<17:48,  5.74s/it]
 71%|███████   | 445/630 [46:04<17:19,  5.62s/it]
 71%|███████   | 446/630 [46:08<15:45,  5.14s/it]
 71%|███████   | 447/630 [46:15<17:20,  5.69s/it]
 71%|███████   | 448/630 [46:21<17:07,  5.64s/it]
 71%|███████▏  | 449/630 [46:27<17:16,  5.73s/it]
 71%|███████▏  | 450/630 [46:33<17:28,  5.82s/it]
 72%|███████▏  | 451/630 [46:38<16:47,  5.63s/it]
 72%|███████▏  | 452/630 [46:42<15:22,  5.18s/it]
 72%|███████▏  | 453/630 [46:48<15:48,  5.36s/it]
 72%|███████▏  | 454/630 [46:55<17:21,  5.91s/it]
 72%|███████▏  | 455/630 [47:01<16:51,  5.78s/it]
 72%|███████▏  | 456/630 [47:06<16:43,  5.77s/it]
 73%|███████▎  | 457/630 [47:12<16:22,  5.68s/it]
 73%|███████▎  | 458/630 [47:17<15:49,  5.52s/it]
 73%|███████▎  | 459/630 [47:22<15:06,  5.30s/it]
 73%|███████▎  | 460/630 [47:28<15:54,  5.61s/it]
 73%|███████▎  | 461/630 [47:35<17:02,  6.05s/it]
 73%|███████▎  | 462/630 [47:40<16:17,  5.82s/it]
 73%|███████▎  | 463/630 [47:46<16:04,  5.78s/it]
 74%|███████▎  | 464/630 [47:52<15:41,  5.67s/it]
 74%|███████▍  | 465/630 [47:56<14:57,  5.44s/it]
 74%|███████▍  | 466/630 [48:02<15:05,  5.52s/it]
 74%|███████▍  | 467/630 [48:08<15:25,  5.68s/it]
 74%|███████▍  | 468/630 [48:14<15:18,  5.67s/it]
 74%|███████▍  | 469/630 [48:19<14:57,  5.57s/it]
 75%|███████▍  | 470/630 [48:25<14:49,  5.56s/it]
 75%|███████▍  | 471/630 [48:29<13:37,  5.14s/it]
 75%|███████▍  | 472/630 [48:35<14:36,  5.55s/it]
 75%|███████▌  | 473/630 [48:43<15:42,  6.01s/it]
 75%|███████▌  | 474/630 [48:48<15:17,  5.88s/it]
 75%|███████▌  | 475/630 [48:54<15:07,  5.86s/it]
 76%|███████▌  | 476/630 [48:59<14:40,  5.72s/it]
 76%|███████▌  | 477/630 [49:04<13:54,  5.45s/it]
 76%|███████▌  | 478/630 [49:09<13:00,  5.13s/it]
 76%|███████▌  | 479/630 [49:15<13:56,  5.54s/it]
 76%|███████▌  | 480/630 [49:21<14:14,  5.70s/it]
 76%|███████▋  | 481/630 [49:27<14:14,  5.73s/it]
 77%|███████▋  | 482/630 [49:32<13:40,  5.54s/it]
 77%|███████▋  | 483/630 [49:36<12:36,  5.15s/it]
 77%|███████▋  | 484/630 [49:42<12:49,  5.27s/it]
 77%|███████▋  | 485/630 [49:49<14:17,  5.91s/it]
 77%|███████▋  | 486/630 [49:55<13:59,  5.83s/it]
 77%|███████▋  | 487/630 [50:00<13:45,  5.77s/it]
 77%|███████▋  | 488/630 [50:06<13:45,  5.81s/it]
 78%|███████▊  | 489/630 [50:11<13:01,  5.54s/it]
 78%|███████▊  | 490/630 [50:15<11:46,  5.05s/it]
 78%|███████▊  | 491/630 [50:21<12:33,  5.42s/it]
 78%|███████▊  | 492/630 [50:28<12:56,  5.62s/it]
 78%|███████▊  | 493/630 [50:33<12:56,  5.67s/it]
 78%|███████▊  | 494/630 [50:39<13:01,  5.75s/it]
 79%|███████▊  | 495/630 [50:45<12:45,  5.67s/it]
 79%|███████▊  | 496/630 [50:49<11:43,  5.25s/it]
 79%|███████▉  | 497/630 [50:55<12:14,  5.52s/it]
 79%|███████▉  | 498/630 [51:01<12:27,  5.67s/it]
 79%|███████▉  | 499/630 [51:07<12:25,  5.69s/it]
 79%|███████▉  | 500/630 [51:13<12:20,  5.69s/it]

eval:   0%|          | 0/80 [00:00<?, ?it/s][A

eval:   1%|▏         | 1/80 [00:00<00:56,  1.41it/s][A

eval:   2%|▎         | 2/80 [00:01<00:53,  1.46it/s][A

eval:   4%|▍         | 3/80 [00:02<01:15,  1.02it/s][A

eval:   5%|▌         | 4/80 [00:03<01:06,  1.15it/s][A

eval:   6%|▋         | 5/80 [00:04<01:00,  1.24it/s][A

eval:   8%|▊         | 6/80 [00:04<00:56,  1.31it/s][A

eval:   9%|▉         | 7/80 [00:06<01:08,  1.07it/s][A

eval:  10%|█         | 8/80 [00:06<01:01,  1.16it/s][A

eval:  11%|█▏        | 9/80 [00:07<00:56,  1.25it/s][A

eval:  12%|█▎        | 10/80 [00:08<00:53,  1.30it/s][A

eval:  14%|█▍        | 11/80 [00:08<00:51,  1.34it/s][A

eval:  15%|█▌        | 12/80 [00:09<00:49,  1.37it/s][A

eval:  16%|█▋        | 13/80 [00:10<00:48,  1.39it/s][A

eval:  18%|█▊        | 14/80 [00:10<00:47,  1.40it/s][A

eval:  19%|█▉        | 15/80 [00:11<00:46,  1.41it/s][A

eval:  20%|██        | 16/80 [00:12<00:47,  1.36it/s][A

eval:  21%|██▏       | 17/80 [00:13<00:45,  1.38it/s][A

eval:  22%|██▎       | 18/80 [00:13<00:44,  1.40it/s][A

eval:  24%|██▍       | 19/80 [00:14<00:43,  1.42it/s][A

eval:  25%|██▌       | 20/80 [00:15<00:46,  1.29it/s][A

eval:  26%|██▋       | 21/80 [00:16<00:44,  1.33it/s][A

eval:  28%|██▊       | 22/80 [00:16<00:42,  1.36it/s][A

eval:  29%|██▉       | 23/80 [00:17<00:41,  1.39it/s][A

eval:  30%|███       | 24/80 [00:18<00:45,  1.23it/s][A

eval:  31%|███▏      | 25/80 [00:19<00:42,  1.29it/s][A

eval:  32%|███▎      | 26/80 [00:19<00:40,  1.34it/s][A

eval:  34%|███▍      | 27/80 [00:20<00:38,  1.37it/s][A

eval:  35%|███▌      | 28/80 [00:21<00:44,  1.16it/s][A

eval:  36%|███▋      | 29/80 [00:22<00:41,  1.24it/s][A

eval:  38%|███▊      | 30/80 [00:23<00:38,  1.29it/s][A

eval:  39%|███▉      | 31/80 [00:23<00:36,  1.33it/s][A

eval:  40%|████      | 32/80 [00:24<00:41,  1.16it/s][A

eval:  41%|████▏     | 33/80 [00:25<00:38,  1.23it/s][A

eval:  42%|████▎     | 34/80 [00:26<00:35,  1.29it/s][A

eval:  44%|████▍     | 35/80 [00:27<00:40,  1.11it/s][A

eval:  45%|████▌     | 36/80 [00:28<00:36,  1.19it/s][A

eval:  46%|████▋     | 37/80 [00:28<00:34,  1.26it/s][A

eval:  48%|████▊     | 38/80 [00:29<00:32,  1.30it/s][A

eval:  49%|████▉     | 39/80 [00:30<00:37,  1.10it/s][A

eval:  50%|█████     | 40/80 [00:31<00:33,  1.20it/s][A

eval:  51%|█████▏    | 41/80 [00:32<00:30,  1.26it/s][A

eval:  52%|█████▎    | 42/80 [00:33<00:35,  1.06it/s][A

eval:  54%|█████▍    | 43/80 [00:34<00:31,  1.16it/s][A

eval:  55%|█████▌    | 44/80 [00:34<00:29,  1.23it/s][A

eval:  56%|█████▋    | 45/80 [00:35<00:26,  1.30it/s][A

eval:  57%|█████▊    | 46/80 [00:36<00:30,  1.10it/s][A

eval:  59%|█████▉    | 47/80 [00:37<00:27,  1.18it/s][A

eval:  60%|██████    | 48/80 [00:38<00:25,  1.25it/s][A

eval:  61%|██████▏   | 49/80 [00:38<00:23,  1.30it/s][A

eval:  62%|██████▎   | 50/80 [00:40<00:27,  1.09it/s][A

eval:  64%|██████▍   | 51/80 [00:40<00:24,  1.18it/s][A

eval:  65%|██████▌   | 52/80 [00:41<00:22,  1.24it/s][A

eval:  66%|██████▋   | 53/80 [00:42<00:25,  1.07it/s][A

eval:  68%|██████▊   | 54/80 [00:43<00:22,  1.16it/s][A

eval:  69%|██████▉   | 55/80 [00:44<00:20,  1.23it/s][A

eval:  70%|███████   | 56/80 [00:44<00:18,  1.28it/s][A

eval:  71%|███████▏  | 57/80 [00:46<00:21,  1.05it/s][A

eval:  72%|███████▎  | 58/80 [00:46<00:19,  1.14it/s][A

eval:  74%|███████▍  | 59/80 [00:47<00:17,  1.22it/s][A

eval:  75%|███████▌  | 60/80 [00:48<00:15,  1.28it/s][A

eval:  76%|███████▋  | 61/80 [00:49<00:14,  1.31it/s][A

eval:  78%|███████▊  | 62/80 [00:49<00:13,  1.36it/s][A

eval:  79%|███████▉  | 63/80 [00:50<00:12,  1.38it/s][A

eval:  80%|████████  | 64/80 [00:51<00:11,  1.41it/s][A

eval:  81%|████████▏ | 65/80 [00:51<00:10,  1.41it/s][A

eval:  82%|████████▎ | 66/80 [00:52<00:10,  1.31it/s][A

eval:  84%|████████▍ | 67/80 [00:53<00:09,  1.34it/s][A

eval:  85%|████████▌ | 68/80 [00:54<00:08,  1.37it/s][A

eval:  86%|████████▋ | 69/80 [00:54<00:07,  1.40it/s][A

eval:  88%|████████▊ | 70/80 [00:55<00:08,  1.19it/s][A

eval:  89%|████████▉ | 71/80 [00:56<00:07,  1.25it/s][A

eval:  90%|█████████ | 72/80 [00:57<00:06,  1.30it/s][A

eval:  91%|█████████▏| 73/80 [00:58<00:06,  1.10it/s][A

eval:  92%|█████████▎| 74/80 [00:59<00:05,  1.18it/s][A

eval:  94%|█████████▍| 75/80 [00:59<00:04,  1.24it/s][A

eval:  95%|█████████▌| 76/80 [01:00<00:03,  1.30it/s][A

eval:  96%|█████████▋| 77/80 [01:01<00:02,  1.10it/s][A

eval:  98%|█████████▊| 78/80 [01:02<00:01,  1.18it/s][A

eval:  99%|█████████▉| 79/80 [01:03<00:00,  1.25it/s][A

eval: 100%|██████████| 80/80 [01:04<00:00,  1.07it/s][A

                                                     [A2026-05-11 20:52:23 | INFO | __main__ | eval.py:43 | [EVAL_SAMPLE] idx=0 pred=pants-fire gold=barely-true output=Label: A explain=Hartzler said, "We have less Americans working now than in the ‘70s." The statistics Hartzler’s staff said she cited show the employment-population ratio and labor force participation rate was indeed higher in 1979 than in 2015. However,... prompt=<|im_start|>system
You are a careful fact-checking assistant for LIAR-RAW claims. Classify claims using only the claim and retrieved evidence supplied by the user.<|im_end|>
<|im_start|>user
Classify the claim into exactly one LIAR-RAW l...
2026-05-11 20:52:23 | INFO | __main__ | eval.py:43 | [EVAL_SAMPLE] idx=0 pred=false gold=barely-true output=Label: B explain=Hartzler said, "We have less Americans working now than in the ‘70s." The statistics Hartzler’s staff said she cited show the employment-population ratio and labor force participation rate was indeed higher in 1979 than in 2015. However,... prompt=<|im_start|>system
You are a careful fact-checking assistant for LIAR-RAW claims. Classify claims using only the claim and retrieved evidence supplied by the user.<|im_end|>
<|im_start|>user
Classify the claim into exactly one LIAR-RAW l...
2026-05-11 20:52:23 | INFO | __main__ | eval.py:43 | [EVAL_SAMPLE] idx=1 pred=false gold=pants-fire output=Label: B explain=Ellison used a Koran that once belonged to Thomas Jefferson, borrowing the rare book from the Library of Congress. It goes without saying that Ellison is not Obama. UPDATE: Barack Obama resigned from Trinity United Church of Christ on Ma... prompt=<|im_start|>system
You are a careful fact-checking assistant for LIAR-RAW claims. Classify claims using only the claim and retrieved evidence supplied by the user.<|im_end|>
<|im_start|>user
Classify the claim into exactly one LIAR-RAW l...
2026-05-11 20:52:23 | INFO | __main__ | eval.py:43 | [EVAL_SAMPLE] idx=1 pred=false gold=pants-fire output=Label: B explain=Ellison used a Koran that once belonged to Thomas Jefferson, borrowing the rare book from the Library of Congress. It goes without saying that Ellison is not Obama. UPDATE: Barack Obama resigned from Trinity United Church of Christ on Ma... prompt=<|im_start|>system
You are a careful fact-checking assistant for LIAR-RAW claims. Classify claims using only the claim and retrieved evidence supplied by the user.<|im_end|>
<|im_start|>user
Classify the claim into exactly one LIAR-RAW l...
2026-05-11 20:52:23 | INFO | __main__ | eval.py:43 | [EVAL_SAMPLE] idx=2 pred=mostly-true gold=false output=Label: E explain=However, we have two professors who say the law is silent on political activity -- even if one of them sees an implicit prohibition -- and a plain reading of the law that states no explicit ban. Blumenauer said that "the statute a hundre... prompt=<|im_start|>system
You are a careful fact-checking assistant for LIAR-RAW claims. Classify claims using only the claim and retrieved evidence supplied by the user.<|im_end|>
<|im_start|>user
Classify the claim into exactly one LIAR-RAW l...
2026-05-11 20:52:23 | INFO | __main__ | trainer.py:563 | [eval] step=500 accuracy=0.3000 macro_precision=0.3096 macro_recall=0.3142 macro_f1=0.2936 parse_error_rate=0.0000
2026-05-11 20:52:23 | INFO | __main__ | trainer.py:563 | [eval] per_class:
2026-05-11 20:52:23 | INFO | __main__ | trainer.py:563 |   - barely-true: P=0.2554 R=0.4473 F1=0.3252
2026-05-11 20:52:23 | INFO | __main__ | trainer.py:563 |   - false: P=0.3114 R=0.2720 F1=0.2904
2026-05-11 20:52:23 | INFO | __main__ | trainer.py:563 |   - half-true: P=0.3077 R=0.1463 F1=0.1983
2026-05-11 20:52:23 | INFO | __main__ | trainer.py:563 |   - mostly-true: P=0.3670 R=0.3187 F1=0.3412
2026-05-11 20:52:23 | INFO | __main__ | trainer.py:563 |   - pants-fire: P=0.2899 R=0.5172 F1=0.3715
2026-05-11 20:52:23 | INFO | __main__ | trainer.py:563 |   - true: P=0.3263 R=0.1834 F1=0.2348

 80%|███████▉  | 501/630 [52:30<58:16, 27.10s/it]
 80%|███████▉  | 502/630 [52:34<43:24, 20.35s/it]
 80%|███████▉  | 503/630 [52:40<33:40, 15.91s/it]
 80%|████████  | 504/630 [52:46<27:31, 13.11s/it]
 80%|████████  | 505/630 [52:54<23:35, 11.32s/it]
 80%|████████  | 506/630 [52:58<19:25,  9.40s/it]
 80%|████████  | 507/630 [53:04<16:38,  8.12s/it]
 81%|████████  | 508/630 [53:08<14:12,  6.99s/it]
 81%|████████  | 509/630 [53:14<13:15,  6.58s/it]
 81%|████████  | 510/630 [53:20<13:09,  6.58s/it]
 81%|████████  | 511/630 [53:27<13:24,  6.76s/it]
 81%|████████▏ | 512/630 [53:33<12:21,  6.29s/it]
 81%|████████▏ | 513/630 [53:38<11:51,  6.08s/it]
 82%|████████▏ | 514/630 [53:43<11:07,  5.75s/it]
 82%|████████▏ | 515/630 [53:47<09:56,  5.19s/it]
 82%|████████▏ | 516/630 [53:53<10:30,  5.53s/it]
 82%|████████▏ | 517/630 [53:59<10:38,  5.65s/it]
 82%|████████▏ | 518/630 [54:05<10:35,  5.67s/it]
 82%|████████▏ | 519/630 [54:11<10:34,  5.72s/it]
 83%|████████▎ | 520/630 [54:15<09:50,  5.37s/it]
 83%|████████▎ | 521/630 [54:21<09:40,  5.33s/it]
 83%|████████▎ | 522/630 [54:27<10:13,  5.68s/it]
 83%|████████▎ | 523/630 [54:34<10:37,  5.95s/it]
 83%|████████▎ | 524/630 [54:39<10:26,  5.91s/it]
 83%|████████▎ | 525/630 [54:45<09:57,  5.69s/it]
 83%|████████▎ | 526/630 [54:49<09:13,  5.33s/it]
 84%|████████▎ | 527/630 [54:54<08:47,  5.12s/it]
 84%|████████▍ | 528/630 [54:58<08:27,  4.97s/it]
 84%|████████▍ | 529/630 [55:06<09:30,  5.65s/it]
 84%|████████▍ | 530/630 [55:11<09:26,  5.66s/it]
 84%|████████▍ | 531/630 [55:17<09:16,  5.62s/it]
 84%|████████▍ | 532/630 [55:22<08:59,  5.51s/it]
 85%|████████▍ | 533/630 [55:26<08:21,  5.17s/it]
 85%|████████▍ | 534/630 [55:32<08:18,  5.19s/it]
 85%|████████▍ | 535/630 [55:38<08:49,  5.57s/it]
 85%|████████▌ | 536/630 [55:46<09:33,  6.11s/it]
 85%|████████▌ | 537/630 [55:51<08:57,  5.78s/it]
 85%|████████▌ | 538/630 [55:56<08:42,  5.67s/it]
 86%|████████▌ | 539/630 [56:01<08:25,  5.56s/it]
 86%|████████▌ | 540/630 [56:05<07:43,  5.15s/it]
 86%|████████▌ | 541/630 [56:12<08:11,  5.53s/it]
 86%|████████▌ | 542/630 [56:18<08:25,  5.75s/it]
 86%|████████▌ | 543/630 [56:24<08:24,  5.80s/it]
 86%|████████▋ | 544/630 [56:30<08:13,  5.74s/it]
 87%|████████▋ | 545/630 [56:35<07:57,  5.62s/it]
 87%|████████▋ | 546/630 [56:39<07:09,  5.11s/it]
 87%|████████▋ | 547/630 [56:45<07:33,  5.47s/it]
 87%|████████▋ | 548/630 [56:52<07:53,  5.78s/it]
 87%|████████▋ | 549/630 [56:58<07:53,  5.85s/it]
 87%|████████▋ | 550/630 [57:04<07:48,  5.86s/it]
 87%|████████▋ | 551/630 [57:09<07:26,  5.65s/it]
 88%|████████▊ | 552/630 [57:13<06:52,  5.28s/it]
 88%|████████▊ | 553/630 [57:19<06:54,  5.38s/it]
 88%|████████▊ | 554/630 [57:26<07:19,  5.79s/it]
 88%|████████▊ | 555/630 [57:32<07:28,  5.98s/it]
 88%|████████▊ | 556/630 [57:38<07:13,  5.86s/it]
 88%|████████▊ | 557/630 [57:43<07:01,  5.78s/it]
 89%|████████▊ | 558/630 [57:48<06:41,  5.58s/it]
 89%|████████▊ | 559/630 [57:54<06:33,  5.54s/it]
 89%|████████▉ | 560/630 [57:59<06:27,  5.54s/it]
 89%|████████▉ | 561/630 [58:05<06:34,  5.72s/it]
 89%|████████▉ | 562/630 [58:11<06:29,  5.73s/it]
 89%|████████▉ | 563/630 [58:17<06:20,  5.67s/it]
 90%|████████▉ | 564/630 [58:22<06:10,  5.62s/it]
 90%|████████▉ | 565/630 [58:26<05:37,  5.20s/it]
 90%|████████▉ | 566/630 [58:33<05:57,  5.58s/it]
 90%|█████████ | 567/630 [58:39<05:58,  5.69s/it]
 90%|█████████ | 568/630 [58:45<05:57,  5.76s/it]
 90%|█████████ | 569/630 [58:51<05:51,  5.76s/it]
 90%|█████████ | 570/630 [58:56<05:42,  5.70s/it]
 91%|█████████ | 571/630 [59:01<05:20,  5.43s/it]
 91%|█████████ | 572/630 [59:06<05:16,  5.45s/it]
 91%|█████████ | 573/630 [59:14<05:42,  6.00s/it]
 91%|█████████ | 574/630 [59:20<05:36,  6.01s/it]
 91%|█████████▏| 575/630 [59:25<05:20,  5.82s/it]
 91%|█████████▏| 576/630 [59:30<04:59,  5.55s/it]
 92%|█████████▏| 577/630 [59:34<04:33,  5.15s/it]
 92%|█████████▏| 578/630 [59:40<04:34,  5.28s/it]
 92%|█████████▏| 579/630 [59:46<04:48,  5.66s/it]
 92%|█████████▏| 580/630 [59:53<05:01,  6.04s/it]
 92%|█████████▏| 581/630 [59:59<04:45,  5.82s/it]
 92%|█████████▏| 582/630 [1:00:04<04:38,  5.79s/it]
 93%|█████████▎| 583/630 [1:00:09<04:18,  5.50s/it]
 93%|█████████▎| 584/630 [1:00:15<04:12,  5.49s/it]
 93%|█████████▎| 585/630 [1:00:20<04:09,  5.53s/it]
 93%|█████████▎| 586/630 [1:00:26<04:09,  5.67s/it]
 93%|█████████▎| 587/630 [1:00:32<04:06,  5.73s/it]
 93%|█████████▎| 588/630 [1:00:38<04:02,  5.77s/it]
 93%|█████████▎| 589/630 [1:00:43<03:49,  5.59s/it]
 94%|█████████▎| 590/630 [1:00:47<03:24,  5.11s/it]
 94%|█████████▍| 591/630 [1:00:53<03:33,  5.47s/it]
 94%|█████████▍| 592/630 [1:01:00<03:43,  5.88s/it]
 94%|█████████▍| 593/630 [1:01:06<03:33,  5.76s/it]
 94%|█████████▍| 594/630 [1:01:11<03:25,  5.71s/it]
 94%|█████████▍| 595/630 [1:01:16<03:14,  5.54s/it]
 95%|█████████▍| 596/630 [1:01:21<02:53,  5.11s/it]
 95%|█████████▍| 597/630 [1:01:27<03:00,  5.47s/it]
 95%|█████████▍| 598/630 [1:01:33<03:05,  5.80s/it]
 95%|█████████▌| 599/630 [1:01:39<03:01,  5.86s/it]
 95%|█████████▌| 600/630 [1:01:45<02:55,  5.84s/it]

eval:   0%|          | 0/80 [00:00<?, ?it/s][A

eval:   1%|▏         | 1/80 [00:00<00:56,  1.40it/s][A

eval:   2%|▎         | 2/80 [00:01<00:57,  1.36it/s][A

eval:   4%|▍         | 3/80 [00:02<00:55,  1.39it/s][A

eval:   5%|▌         | 4/80 [00:02<00:54,  1.40it/s][A

eval:   6%|▋         | 5/80 [00:03<00:53,  1.41it/s][A

eval:   8%|▊         | 6/80 [00:04<00:51,  1.43it/s][A

eval:   9%|▉         | 7/80 [00:05<00:55,  1.31it/s][A

eval:  10%|█         | 8/80 [00:05<00:53,  1.35it/s][A

eval:  11%|█▏        | 9/80 [00:06<00:51,  1.38it/s][A

eval:  12%|█▎        | 10/80 [00:07<00:49,  1.40it/s][A

eval:  14%|█▍        | 11/80 [00:08<00:55,  1.24it/s][A

eval:  15%|█▌        | 12/80 [00:08<00:52,  1.29it/s][A

eval:  16%|█▋        | 13/80 [00:09<00:50,  1.33it/s][A

eval:  18%|█▊        | 14/80 [00:10<00:57,  1.15it/s][A

eval:  19%|█▉        | 15/80 [00:11<00:53,  1.22it/s][A

eval:  20%|██        | 16/80 [00:12<00:49,  1.28it/s][A

eval:  21%|██▏       | 17/80 [00:12<00:47,  1.32it/s][A

eval:  22%|██▎       | 18/80 [00:14<00:55,  1.12it/s][A

eval:  24%|██▍       | 19/80 [00:14<00:50,  1.20it/s][A

eval:  25%|██▌       | 20/80 [00:15<00:47,  1.26it/s][A

eval:  26%|██▋       | 21/80 [00:16<00:44,  1.31it/s][A

eval:  28%|██▊       | 22/80 [00:17<00:52,  1.11it/s][A

eval:  29%|██▉       | 23/80 [00:18<00:47,  1.19it/s][A

eval:  30%|███       | 24/80 [00:18<00:44,  1.25it/s][A

eval:  31%|███▏      | 25/80 [00:19<00:49,  1.10it/s][A

eval:  32%|███▎      | 26/80 [00:20<00:45,  1.19it/s][A

eval:  34%|███▍      | 27/80 [00:21<00:42,  1.26it/s][A

eval:  35%|███▌      | 28/80 [00:22<00:39,  1.31it/s][A

eval:  36%|███▋      | 29/80 [00:23<00:45,  1.11it/s][A

eval:  38%|███▊      | 30/80 [00:23<00:41,  1.20it/s][A

eval:  39%|███▉      | 31/80 [00:24<00:38,  1.26it/s][A

eval:  40%|████      | 32/80 [00:25<00:36,  1.31it/s][A

eval:  41%|████▏     | 33/80 [00:26<00:42,  1.09it/s][A

eval:  42%|████▎     | 34/80 [00:27<00:38,  1.18it/s][A

eval:  44%|████▍     | 35/80 [00:27<00:36,  1.25it/s][A

eval:  45%|████▌     | 36/80 [00:29<00:42,  1.03it/s][A

eval:  46%|████▋     | 37/80 [00:30<00:38,  1.13it/s][A

eval:  48%|████▊     | 38/80 [00:30<00:34,  1.20it/s][A

eval:  49%|████▉     | 39/80 [00:32<00:40,  1.01it/s][A

eval:  50%|█████     | 40/80 [00:32<00:35,  1.12it/s][A

eval:  51%|█████▏    | 41/80 [00:33<00:32,  1.20it/s][A

eval:  52%|█████▎    | 42/80 [00:34<00:30,  1.26it/s][A

eval:  54%|█████▍    | 43/80 [00:35<00:34,  1.08it/s][A

eval:  55%|█████▌    | 44/80 [00:36<00:30,  1.17it/s][A

eval:  56%|█████▋    | 45/80 [00:36<00:28,  1.25it/s][A

eval:  57%|█████▊    | 46/80 [00:37<00:31,  1.07it/s][A

eval:  59%|█████▉    | 47/80 [00:38<00:28,  1.16it/s][A

eval:  60%|██████    | 48/80 [00:39<00:26,  1.23it/s][A

eval:  61%|██████▏   | 49/80 [00:40<00:24,  1.28it/s][A

eval:  62%|██████▎   | 50/80 [00:41<00:29,  1.03it/s][A

eval:  64%|██████▍   | 51/80 [00:42<00:25,  1.12it/s][A

eval:  65%|██████▌   | 52/80 [00:42<00:23,  1.20it/s][A

eval:  66%|██████▋   | 53/80 [00:44<00:26,  1.02it/s][A

eval:  68%|██████▊   | 54/80 [00:44<00:23,  1.12it/s][A

eval:  69%|██████▉   | 55/80 [00:45<00:20,  1.20it/s][A

eval:  70%|███████   | 56/80 [00:46<00:19,  1.26it/s][A

eval:  71%|███████▏  | 57/80 [00:47<00:20,  1.12it/s][A

eval:  72%|███████▎  | 58/80 [00:48<00:18,  1.20it/s][A

eval:  74%|███████▍  | 59/80 [00:48<00:16,  1.26it/s][A

eval:  75%|███████▌  | 60/80 [00:50<00:18,  1.05it/s][A

eval:  76%|███████▋  | 61/80 [00:50<00:16,  1.15it/s][A

eval:  78%|███████▊  | 62/80 [00:51<00:14,  1.23it/s][A

eval:  79%|███████▉  | 63/80 [00:52<00:13,  1.28it/s][A

eval:  80%|████████  | 64/80 [00:52<00:11,  1.34it/s][A

eval:  81%|████████▏ | 65/80 [00:53<00:11,  1.31it/s][A

eval:  82%|████████▎ | 66/80 [00:54<00:10,  1.35it/s][A

eval:  84%|████████▍ | 67/80 [00:55<00:09,  1.37it/s][A

eval:  85%|████████▌ | 68/80 [00:55<00:08,  1.39it/s][A

eval:  86%|████████▋ | 69/80 [00:56<00:08,  1.29it/s][A

eval:  88%|████████▊ | 70/80 [00:57<00:07,  1.33it/s][A

eval:  89%|████████▉ | 71/80 [00:58<00:06,  1.36it/s][A

eval:  90%|█████████ | 72/80 [00:58<00:05,  1.38it/s][A

eval:  91%|█████████▏| 73/80 [00:59<00:05,  1.24it/s][A

eval:  92%|█████████▎| 74/80 [01:00<00:04,  1.29it/s][A

eval:  94%|█████████▍| 75/80 [01:01<00:03,  1.33it/s][A

eval:  95%|█████████▌| 76/80 [01:01<00:02,  1.36it/s][A

eval:  96%|█████████▋| 77/80 [01:02<00:02,  1.17it/s][A

eval:  98%|█████████▊| 78/80 [01:03<00:01,  1.25it/s][A

eval:  99%|█████████▉| 79/80 [01:04<00:00,  1.30it/s][A

eval: 100%|██████████| 80/80 [01:05<00:00,  1.34it/s][A

                                                     [A2026-05-11 21:02:56 | INFO | __main__ | eval.py:43 | [EVAL_SAMPLE] idx=0 pred=false gold=barely-true output=Label: B explain=Hartzler said, "We have less Americans working now than in the ‘70s." The statistics Hartzler’s staff said she cited show the employment-population ratio and labor force participation rate was indeed higher in 1979 than in 2015. However,... prompt=<|im_start|>system
You are a careful fact-checking assistant for LIAR-RAW claims. Classify claims using only the claim and retrieved evidence supplied by the user.<|im_end|>
<|im_start|>user
Classify the claim into exactly one LIAR-RAW l...
2026-05-11 21:02:56 | INFO | __main__ | eval.py:43 | [EVAL_SAMPLE] idx=0 pred=false gold=barely-true output=Label: B explain=Hartzler said, "We have less Americans working now than in the ‘70s." The statistics Hartzler’s staff said she cited show the employment-population ratio and labor force participation rate was indeed higher in 1979 than in 2015. However,... prompt=<|im_start|>system
You are a careful fact-checking assistant for LIAR-RAW claims. Classify claims using only the claim and retrieved evidence supplied by the user.<|im_end|>
<|im_start|>user
Classify the claim into exactly one LIAR-RAW l...
2026-05-11 21:02:56 | INFO | __main__ | eval.py:43 | [EVAL_SAMPLE] idx=1 pred=pants-fire gold=pants-fire output=Label: A explain=Ellison used a Koran that once belonged to Thomas Jefferson, borrowing the rare book from the Library of Congress. It goes without saying that Ellison is not Obama. UPDATE: Barack Obama resigned from Trinity United Church of Christ on Ma... prompt=<|im_start|>system
You are a careful fact-checking assistant for LIAR-RAW claims. Classify claims using only the claim and retrieved evidence supplied by the user.<|im_end|>
<|im_start|>user
Classify the claim into exactly one LIAR-RAW l...
2026-05-11 21:02:56 | INFO | __main__ | eval.py:43 | [EVAL_SAMPLE] idx=1 pred=pants-fire gold=pants-fire output=Label: A explain=Ellison used a Koran that once belonged to Thomas Jefferson, borrowing the rare book from the Library of Congress. It goes without saying that Ellison is not Obama. UPDATE: Barack Obama resigned from Trinity United Church of Christ on Ma... prompt=<|im_start|>system
You are a careful fact-checking assistant for LIAR-RAW claims. Classify claims using only the claim and retrieved evidence supplied by the user.<|im_end|>
<|im_start|>user
Classify the claim into exactly one LIAR-RAW l...
2026-05-11 21:02:56 | INFO | __main__ | eval.py:43 | [EVAL_SAMPLE] idx=2 pred=mostly-true gold=false output=Label: E explain=However, we have two professors who say the law is silent on political activity -- even if one of them sees an implicit prohibition -- and a plain reading of the law that states no explicit ban. Blumenauer said that "the statute a hundre... prompt=<|im_start|>system
You are a careful fact-checking assistant for LIAR-RAW claims. Classify claims using only the claim and retrieved evidence supplied by the user.<|im_end|>
<|im_start|>user
Classify the claim into exactly one LIAR-RAW l...
2026-05-11 21:02:56 | INFO | __main__ | trainer.py:563 | [eval] step=600 accuracy=0.2797 macro_precision=0.3175 macro_recall=0.3122 macro_f1=0.2479 parse_error_rate=0.0000
2026-05-11 21:02:56 | INFO | __main__ | trainer.py:563 | [eval] per_class:
2026-05-11 21:02:56 | INFO | __main__ | trainer.py:563 |   - barely-true: P=0.2522 R=0.3586 F1=0.2962
2026-05-11 21:02:56 | INFO | __main__ | trainer.py:563 |   - false: P=0.3421 R=0.0996 F1=0.1543
2026-05-11 21:02:56 | INFO | __main__ | trainer.py:563 |   - half-true: P=0.4583 R=0.0894 F1=0.1497
2026-05-11 21:02:56 | INFO | __main__ | trainer.py:563 |   - mostly-true: P=0.3496 R=0.4861 F1=0.4067
2026-05-11 21:02:56 | INFO | __main__ | trainer.py:563 |   - pants-fire: P=0.2078 R=0.7328 F1=0.3238
2026-05-11 21:02:56 | INFO | __main__ | trainer.py:563 |   - true: P=0.2951 R=0.1065 F1=0.1565

 95%|█████████▌| 601/630 [1:02:59<12:41, 26.25s/it]
 96%|█████████▌| 602/630 [1:03:04<09:16, 19.86s/it]
 96%|█████████▌| 603/630 [1:03:09<06:53, 15.31s/it]
 96%|█████████▌| 604/630 [1:03:15<05:25, 12.54s/it]
 96%|█████████▌| 605/630 [1:03:21<04:29, 10.76s/it]
 96%|█████████▌| 606/630 [1:03:27<03:40,  9.21s/it]
 96%|█████████▋| 607/630 [1:03:33<03:10,  8.29s/it]
 97%|█████████▋| 608/630 [1:03:38<02:42,  7.37s/it]
 97%|█████████▋| 609/630 [1:03:44<02:22,  6.80s/it]
 97%|█████████▋| 610/630 [1:03:51<02:17,  6.88s/it]
 97%|█████████▋| 611/630 [1:03:56<02:03,  6.48s/it]
 97%|█████████▋| 612/630 [1:04:01<01:48,  6.03s/it]
 97%|█████████▋| 613/630 [1:04:07<01:39,  5.86s/it]
 97%|█████████▋| 614/630 [1:04:12<01:30,  5.66s/it]
 98%|█████████▊| 615/630 [1:04:16<01:18,  5.23s/it]
 98%|█████████▊| 616/630 [1:04:24<01:22,  5.86s/it]
 98%|█████████▊| 617/630 [1:04:30<01:19,  6.11s/it]
 98%|█████████▊| 618/630 [1:04:36<01:11,  5.96s/it]
 98%|█████████▊| 619/630 [1:04:41<01:01,  5.63s/it]
 98%|█████████▊| 620/630 [1:04:46<00:55,  5.53s/it]
 99%|█████████▊| 621/630 [1:04:50<00:46,  5.13s/it]
 99%|█████████▊| 622/630 [1:04:58<00:45,  5.75s/it]
 99%|█████████▉| 623/630 [1:05:04<00:41,  5.90s/it]
 99%|█████████▉| 624/630 [1:05:09<00:34,  5.73s/it]
 99%|█████████▉| 625/630 [1:05:15<00:28,  5.77s/it]
 99%|█████████▉| 626/630 [1:05:20<00:22,  5.63s/it]
100%|█████████▉| 627/630 [1:05:25<00:16,  5.47s/it]
100%|█████████▉| 628/630 [1:05:30<00:10,  5.26s/it]
100%|█████████▉| 629/630 [1:05:36<00:05,  5.38s/it]
100%|██████████| 630/630 [1:05:39<00:00,  4.68s/it]swanlab: 🏠 View project at https://swanlab.cn/@fenglin/fact-checking-build-train-infer
swanlab: 🚀 View run at https://swanlab.cn/@fenglin/fact-checking-build-train-infer/runs/pkhlxlliotuhjm0f7jjc5

 95%|█████████▌| 601/630 [1:02:59<12:41, 26.25s/it]
 96%|█████████▌| 602/630 [1:03:04<09:16, 19.86s/it]
 96%|█████████▌| 603/630 [1:03:09<06:53, 15.31s/it]
 96%|█████████▌| 604/630 [1:03:15<05:25, 12.54s/it]
 96%|█████████▌| 605/630 [1:03:21<04:29, 10.76s/it]
 96%|█████████▌| 606/630 [1:03:27<03:40,  9.21s/it]
 96%|█████████▋| 607/630 [1:03:33<03:10,  8.29s/it]
 97%|█████████▋| 608/630 [1:03:38<02:42,  7.37s/it]
 97%|█████████▋| 609/630 [1:03:44<02:22,  6.80s/it]
 97%|█████████▋| 610/630 [1:03:51<02:17,  6.88s/it]
 97%|█████████▋| 611/630 [1:03:56<02:03,  6.48s/it]
 97%|█████████▋| 612/630 [1:04:01<01:48,  6.03s/it]
 97%|█████████▋| 613/630 [1:04:07<01:39,  5.86s/it]
 97%|█████████▋| 614/630 [1:04:12<01:30,  5.66s/it]
 98%|█████████▊| 615/630 [1:04:16<01:18,  5.23s/it]
 98%|█████████▊| 616/630 [1:04:24<01:22,  5.86s/it]
 98%|█████████▊| 617/630 [1:04:30<01:19,  6.11s/it]
 98%|█████████▊| 618/630 [1:04:36<01:11,  5.96s/it]
 98%|█████████▊| 619/630 [1:04:41<01:01,  5.63s/it]
 98%|█████████▊| 620/630 [1:04:46<00:55,  5.53s/it]
 99%|█████████▊| 621/630 [1:04:50<00:46,  5.13s/it]
 99%|█████████▊| 622/630 [1:04:58<00:45,  5.75s/it]
 99%|█████████▉| 623/630 [1:05:04<00:41,  5.90s/it]
 99%|█████████▉| 624/630 [1:05:09<00:34,  5.73s/it]
 99%|█████████▉| 625/630 [1:05:15<00:28,  5.77s/it]
 99%|█████████▉| 626/630 [1:05:20<00:22,  5.63s/it]
100%|█████████▉| 627/630 [1:05:25<00:16,  5.47s/it]
100%|█████████▉| 628/630 [1:05:30<00:10,  5.26s/it]
100%|█████████▉| 629/630 [1:05:36<00:05,  5.38s/it]
100%|██████████| 630/630 [1:05:39<00:00,  4.68s/it]

100%|██████████| 630/630 [1:05:45<00:00,  6.26s/it]
