$ accelerate launch --num_processes=4 --num_machines=1 --mixed_precision=bf16 --use_deepspeed --deepspeed_config_file /data/liaozijie/fact-checking/configs/deepspeed_zero2.json -m sft.trainer --config /data/liaozijie/fact-checking/outputs/runs/mmr_lambda_sweep_1024/build.retrieval.mmr_lambda-0.3__f059f548/configs/train.resolved.yaml

The following values were not passed to `accelerate launch` and had defaults used instead:
		More than one GPU was found, enabling multi-GPU training.
		If this was unintended please pass in `--num_processes=1`.
	`--dynamo_backend` was set to a value of `'no'`
To avoid this warning pass in values for each of the problematic parameters or run `accelerate config`.
W0511 18:47:25.812000 571636 site-packages/torch/distributed/run.py:792] 
W0511 18:47:25.812000 571636 site-packages/torch/distributed/run.py:792] *****************************************
W0511 18:47:25.812000 571636 site-packages/torch/distributed/run.py:792] Setting OMP_NUM_THREADS environment variable for each process to be 1 in default, to avoid your system being overloaded, please further tune the variable for optimal performance in your application as needed. 
W0511 18:47:25.812000 571636 site-packages/torch/distributed/run.py:792] *****************************************
[RANK 0] Detected kernel version 4.18.0, which is below the recommended minimum of 5.5.0; this can cause the process to hang. It is recommended to upgrade the kernel to the minimum version or higher.
swanlab: swanlab version 0.7.17 is available!  Upgrade: `pip install -U swanlab`
swanlab: Tracking run with swanlab version 0.7.16
swanlab: Run data will be saved locally in /data/liaozijie/fact-checking/swanlog/run-20260511_184742-ggf1mwgmev5jyserbff5v
swanlab: 👋 Hi fenglin,welcome to swanlab!
swanlab: Syncing run mmr_lambda_sweep_1024__build.retrieval.mmr_lambda-0.3 to the cloud
swanlab: 🏠 View project at https://swanlab.cn/@fenglin/fact-checking-build-train-infer
swanlab: 🚀 View run at https://swanlab.cn/@fenglin/fact-checking-build-train-infer/runs/ggf1mwgmev5jyserbff5v
2026-05-11 18:47:44 | INFO | __main__ | trainer.py:207 | [INFO] saved resolved config to /data/liaozijie/fact-checking/outputs/runs/mmr_lambda_sweep_1024/build.retrieval.mmr_lambda-0.3__f059f548/train/config.resolved.yaml
2026-05-11 18:47:45 | INFO | __main__ | stats.py:59 | [PROMPT_STATS] split=train pre_mean=792.84 pre_p95=998 pre_overflow=0 post_mean=792.84 post_p95=998 post_overflow=0 truncated=775 trunc_rate=0.0770
2026-05-11 18:47:45 | INFO | __main__ | stats.py:59 | [PROMPT_STATS] split=val pre_mean=806.62 pre_p95=996 pre_overflow=0 post_mean=806.62 post_p95=996 post_overflow=0 truncated=92 trunc_rate=0.0722
2026-05-11 18:47:45 | INFO | __main__ | trainer.py:269 | [INFO] prompt statistics saved to /data/liaozijie/fact-checking/outputs/runs/mmr_lambda_sweep_1024/build.retrieval.mmr_lambda-0.3__f059f548/train/prompt_stats/prompt_stats.json

Loading checkpoint shards:   0%|          | 0/4 [00:00<?, ?it/s]
Loading checkpoint shards:   0%|          | 0/4 [00:00<?, ?it/s]
Loading checkpoint shards:   0%|          | 0/4 [00:00<?, ?it/s]
Loading checkpoint shards:   0%|          | 0/4 [00:00<?, ?it/s]
Loading checkpoint shards: 100%|██████████| 4/4 [00:00<00:00, 101.80it/s]

Loading checkpoint shards: 100%|██████████| 4/4 [00:00<00:00, 98.45it/s]

Loading checkpoint shards: 100%|██████████| 4/4 [00:00<00:00, 103.22it/s]

Loading checkpoint shards: 100%|██████████| 4/4 [00:00<00:00, 103.86it/s]
2026-05-11 18:47:46 | INFO | __main__ | adapters.py:97 | [INFO] LoRA enabled: trainable parameters=40370176 / 7655986688 (0.5273%), r=16, alpha=32
2026-05-11 18:48:07 | INFO | __main__ | trainer.py:359 | [INFO] Optimizer will update LoRA/trainable parameters only.
2026-05-11 18:48:15 | INFO | __main__ | trainer.py:390 | [INFO] dataloader length around accelerator.prepare: before=2516, after=629
2026-05-11 18:48:15 | WARNING | __main__ | trainer.py:396 | [WARN] len(train_dl) changed after accelerator.prepare: before=2516, after=629. This may indicate duplicated sharding/re-partitioning across distributed samplers.
2026-05-11 18:48:15 | INFO | __main__ | trainer.py:413 | [INFO] train progress setup (post-prepare): num_epochs=2, len(train_dl)=629, effective_grad_accum_steps=2, update_steps_per_epoch=315, max_train_steps=630
2026-05-11 18:48:15 | INFO | __main__ | trainer.py:122 | [INFO] logit_adjust enabled: tau=1.000 priors=['0.0807', '0.1945', '0.1601', '0.2074', '0.1937', '0.1636'] letters=[362, 425, 356, 422, 468, 434] prefix=[2476, 25]
2026-05-11 18:48:15 | INFO | __main__ | trainer.py:434 | [INFO] logit_adjust config saved to /data/liaozijie/fact-checking/outputs/runs/mmr_lambda_sweep_1024/build.retrieval.mmr_lambda-0.3__f059f548/train/logit_adjust.json

  0%|          | 0/630 [00:00<?, ?it/s]
  0%|          | 1/630 [00:08<1:26:29,  8.25s/it]
  0%|          | 2/630 [00:14<1:14:46,  7.14s/it]
  0%|          | 3/630 [00:20<1:09:00,  6.60s/it]
  1%|          | 4/630 [00:26<1:04:50,  6.21s/it]
  1%|          | 5/630 [00:30<59:01,  5.67s/it]  
  1%|          | 6/630 [00:35<54:39,  5.26s/it]
  1%|          | 7/630 [00:41<57:04,  5.50s/it]
  1%|▏         | 8/630 [00:47<59:11,  5.71s/it]
  1%|▏         | 9/630 [00:52<57:34,  5.56s/it]
  2%|▏         | 10/630 [00:58<57:57,  5.61s/it]
  2%|▏         | 11/630 [01:03<57:21,  5.56s/it]
  2%|▏         | 12/630 [01:08<55:42,  5.41s/it]
  2%|▏         | 13/630 [01:14<56:48,  5.52s/it]
  2%|▏         | 14/630 [01:21<59:55,  5.84s/it]
  2%|▏         | 15/630 [01:26<57:43,  5.63s/it]
  3%|▎         | 16/630 [01:31<56:55,  5.56s/it]
  3%|▎         | 17/630 [01:37<56:05,  5.49s/it]
  3%|▎         | 18/630 [01:42<55:31,  5.44s/it]
  3%|▎         | 19/630 [01:47<53:56,  5.30s/it]
  3%|▎         | 20/630 [01:54<1:00:02,  5.91s/it]
  3%|▎         | 21/630 [02:00<1:00:43,  5.98s/it]
  3%|▎         | 22/630 [02:06<1:00:06,  5.93s/it]
  4%|▎         | 23/630 [02:11<56:23,  5.57s/it]  
  4%|▍         | 24/630 [02:16<54:09,  5.36s/it]
  4%|▍         | 25/630 [02:20<49:14,  4.88s/it]
  4%|▍         | 26/630 [02:26<53:29,  5.31s/it]
  4%|▍         | 27/630 [02:32<56:16,  5.60s/it]
  4%|▍         | 28/630 [02:38<56:09,  5.60s/it]
  5%|▍         | 29/630 [02:43<55:34,  5.55s/it]
  5%|▍         | 30/630 [02:48<53:02,  5.30s/it]
  5%|▍         | 31/630 [02:53<52:41,  5.28s/it]
  5%|▌         | 32/630 [03:00<55:39,  5.58s/it]
  5%|▌         | 33/630 [03:06<57:47,  5.81s/it]
  5%|▌         | 34/630 [03:12<58:27,  5.88s/it]
  6%|▌         | 35/630 [03:18<58:33,  5.91s/it]
  6%|▌         | 36/630 [03:24<57:48,  5.84s/it]
  6%|▌         | 37/630 [03:29<55:22,  5.60s/it]
  6%|▌         | 38/630 [03:34<54:39,  5.54s/it]
  6%|▌         | 39/630 [03:39<54:24,  5.52s/it]
  6%|▋         | 40/630 [03:46<57:03,  5.80s/it]
  7%|▋         | 41/630 [03:51<55:49,  5.69s/it]
  7%|▋         | 42/630 [03:57<54:34,  5.57s/it]
  7%|▋         | 43/630 [04:01<50:44,  5.19s/it]
  7%|▋         | 44/630 [04:06<51:43,  5.30s/it]
  7%|▋         | 45/630 [04:13<55:31,  5.69s/it]
  7%|▋         | 46/630 [04:20<58:47,  6.04s/it]
  7%|▋         | 47/630 [04:25<56:01,  5.77s/it]
  8%|▊         | 48/630 [04:31<56:25,  5.82s/it]
  8%|▊         | 49/630 [04:36<55:01,  5.68s/it]
  8%|▊         | 50/630 [04:41<52:10,  5.40s/it]
  8%|▊         | 51/630 [04:48<54:59,  5.70s/it]
  8%|▊         | 52/630 [04:54<56:34,  5.87s/it]
  8%|▊         | 53/630 [05:00<57:50,  6.02s/it]
  9%|▊         | 54/630 [05:06<56:31,  5.89s/it]
  9%|▊         | 55/630 [05:11<54:21,  5.67s/it]
  9%|▉         | 56/630 [05:15<50:04,  5.23s/it]
  9%|▉         | 57/630 [05:22<53:22,  5.59s/it]
  9%|▉         | 58/630 [05:28<55:34,  5.83s/it]
  9%|▉         | 59/630 [05:34<56:03,  5.89s/it]
 10%|▉         | 60/630 [05:40<55:23,  5.83s/it]
 10%|▉         | 61/630 [05:45<53:58,  5.69s/it]
 10%|▉         | 62/630 [05:50<52:42,  5.57s/it]
 10%|█         | 63/630 [05:56<52:33,  5.56s/it]
 10%|█         | 64/630 [06:03<55:34,  5.89s/it]
 10%|█         | 65/630 [06:08<54:10,  5.75s/it]
 10%|█         | 66/630 [06:13<52:28,  5.58s/it]
 11%|█         | 67/630 [06:18<50:41,  5.40s/it]
 11%|█         | 68/630 [06:23<48:06,  5.14s/it]
 11%|█         | 69/630 [06:28<49:08,  5.26s/it]
 11%|█         | 70/630 [06:35<52:51,  5.66s/it]
 11%|█▏        | 71/630 [06:41<53:44,  5.77s/it]
 11%|█▏        | 72/630 [06:47<53:37,  5.77s/it]
 12%|█▏        | 73/630 [06:52<52:06,  5.61s/it]
 12%|█▏        | 74/630 [06:57<51:06,  5.52s/it]
 12%|█▏        | 75/630 [07:01<46:37,  5.04s/it]
 12%|█▏        | 76/630 [07:07<50:00,  5.42s/it]
 12%|█▏        | 77/630 [07:14<52:14,  5.67s/it]
 12%|█▏        | 78/630 [07:19<52:48,  5.74s/it]
 13%|█▎        | 79/630 [07:25<52:04,  5.67s/it]
 13%|█▎        | 80/630 [07:30<50:38,  5.53s/it]
 13%|█▎        | 81/630 [07:34<46:45,  5.11s/it]
 13%|█▎        | 82/630 [07:41<50:04,  5.48s/it]
 13%|█▎        | 83/630 [07:48<55:08,  6.05s/it]
 13%|█▎        | 84/630 [07:54<54:31,  5.99s/it]
 13%|█▎        | 85/630 [07:59<51:18,  5.65s/it]
 14%|█▎        | 86/630 [08:04<50:23,  5.56s/it]
 14%|█▍        | 87/630 [08:10<49:59,  5.52s/it]
 14%|█▍        | 88/630 [08:14<47:42,  5.28s/it]
 14%|█▍        | 89/630 [08:20<49:59,  5.54s/it]
 14%|█▍        | 90/630 [08:26<50:44,  5.64s/it]
 14%|█▍        | 91/630 [08:32<49:49,  5.55s/it]
 15%|█▍        | 92/630 [08:37<49:21,  5.51s/it]
 15%|█▍        | 93/630 [08:41<45:52,  5.12s/it]
 15%|█▍        | 94/630 [08:47<47:52,  5.36s/it]
 15%|█▌        | 95/630 [08:53<50:20,  5.65s/it]
 15%|█▌        | 96/630 [09:00<51:46,  5.82s/it]
 15%|█▌        | 97/630 [09:06<51:47,  5.83s/it]
 16%|█▌        | 98/630 [09:11<50:40,  5.72s/it]
 16%|█▌        | 99/630 [09:16<49:26,  5.59s/it]
 16%|█▌        | 100/630 [09:20<45:27,  5.15s/it]

eval:   0%|          | 0/80 [00:00<?, ?it/s][A/data/liaozijie/conda/accelerate-fc/lib/python3.11/site-packages/transformers/tokenization_utils_base.py:2751: UserWarning: `max_length` is ignored when `padding`=`True` and there is no truncation strategy. To pad to max length, use `padding='max_length'`.
  warnings.warn(
/data/liaozijie/conda/accelerate-fc/lib/python3.11/site-packages/transformers/tokenization_utils_base.py:2751: UserWarning: `max_length` is ignored when `padding`=`True` and there is no truncation strategy. To pad to max length, use `padding='max_length'`.
  warnings.warn(
/data/liaozijie/conda/accelerate-fc/lib/python3.11/site-packages/transformers/tokenization_utils_base.py:2751: UserWarning: `max_length` is ignored when `padding`=`True` and there is no truncation strategy. To pad to max length, use `padding='max_length'`.
  warnings.warn(
/data/liaozijie/conda/accelerate-fc/lib/python3.11/site-packages/transformers/tokenization_utils_base.py:2751: UserWarning: `max_length` is ignored when `padding`=`True` and there is no truncation strategy. To pad to max length, use `padding='max_length'`.
  warnings.warn(
/data/liaozijie/conda/accelerate-fc/lib/python3.11/site-packages/transformers/tokenization_utils_base.py:2751: UserWarning: `max_length` is ignored when `padding`=`True` and there is no truncation strategy. To pad to max length, use `padding='max_length'`.
  warnings.warn(
/data/liaozijie/conda/accelerate-fc/lib/python3.11/site-packages/transformers/tokenization_utils_base.py:2751: UserWarning: `max_length` is ignored when `padding`=`True` and there is no truncation strategy. To pad to max length, use `padding='max_length'`.
  warnings.warn(
/data/liaozijie/conda/accelerate-fc/lib/python3.11/site-packages/transformers/tokenization_utils_base.py:2751: UserWarning: `max_length` is ignored when `padding`=`True` and there is no truncation strategy. To pad to max length, use `padding='max_length'`.
  warnings.warn(
/data/liaozijie/conda/accelerate-fc/lib/python3.11/site-packages/transformers/tokenization_utils_base.py:2751: UserWarning: `max_length` is ignored when `padding`=`True` and there is no truncation strategy. To pad to max length, use `padding='max_length'`.
  warnings.warn(
/data/liaozijie/conda/accelerate-fc/lib/python3.11/site-packages/transformers/tokenization_utils_base.py:2751: UserWarning: `max_length` is ignored when `padding`=`True` and there is no truncation strategy. To pad to max length, use `padding='max_length'`.
  warnings.warn(
/data/liaozijie/conda/accelerate-fc/lib/python3.11/site-packages/transformers/tokenization_utils_base.py:2751: UserWarning: `max_length` is ignored when `padding`=`True` and there is no truncation strategy. To pad to max length, use `padding='max_length'`.
  warnings.warn(
/data/liaozijie/conda/accelerate-fc/lib/python3.11/site-packages/transformers/tokenization_utils_base.py:2751: UserWarning: `max_length` is ignored when `padding`=`True` and there is no truncation strategy. To pad to max length, use `padding='max_length'`.
  warnings.warn(
/data/liaozijie/conda/accelerate-fc/lib/python3.11/site-packages/transformers/tokenization_utils_base.py:2751: UserWarning: `max_length` is ignored when `padding`=`True` and there is no truncation strategy. To pad to max length, use `padding='max_length'`.
  warnings.warn(
/data/liaozijie/conda/accelerate-fc/lib/python3.11/site-packages/transformers/tokenization_utils_base.py:2751: UserWarning: `max_length` is ignored when `padding`=`True` and there is no truncation strategy. To pad to max length, use `padding='max_length'`.
  warnings.warn(
/data/liaozijie/conda/accelerate-fc/lib/python3.11/site-packages/transformers/tokenization_utils_base.py:2751: UserWarning: `max_length` is ignored when `padding`=`True` and there is no truncation strategy. To pad to max length, use `padding='max_length'`.
  warnings.warn(
/data/liaozijie/conda/accelerate-fc/lib/python3.11/site-packages/transformers/tokenization_utils_base.py:2751: UserWarning: `max_length` is ignored when `padding`=`True` and there is no truncation strategy. To pad to max length, use `padding='max_length'`.
  warnings.warn(
/data/liaozijie/conda/accelerate-fc/lib/python3.11/site-packages/transformers/tokenization_utils_base.py:2751: UserWarning: `max_length` is ignored when `padding`=`True` and there is no truncation strategy. To pad to max length, use `padding='max_length'`.
  warnings.warn(


eval:   1%|▏         | 1/80 [00:01<01:59,  1.51s/it][A

eval:   2%|▎         | 2/80 [00:02<01:18,  1.01s/it][A

eval:   4%|▍         | 3/80 [00:02<01:06,  1.16it/s][A

eval:   5%|▌         | 4/80 [00:03<01:00,  1.25it/s][A

eval:   6%|▋         | 5/80 [00:04<01:10,  1.06it/s][A

eval:   8%|▊         | 6/80 [00:05<01:03,  1.17it/s][A

eval:   9%|▉         | 7/80 [00:06<00:58,  1.24it/s][A

eval:  10%|█         | 8/80 [00:07<01:09,  1.04it/s][A

eval:  11%|█▏        | 9/80 [00:08<01:01,  1.15it/s][A

eval:  12%|█▎        | 10/80 [00:08<00:56,  1.23it/s][A

eval:  14%|█▍        | 11/80 [00:09<00:53,  1.29it/s][A

eval:  15%|█▌        | 12/80 [00:10<01:03,  1.08it/s][A

eval:  16%|█▋        | 13/80 [00:11<00:57,  1.17it/s][A

eval:  18%|█▊        | 14/80 [00:12<00:53,  1.24it/s][A

eval:  19%|█▉        | 15/80 [00:13<01:03,  1.03it/s][A

eval:  20%|██        | 16/80 [00:14<00:57,  1.12it/s][A

eval:  21%|██▏       | 17/80 [00:14<00:52,  1.20it/s][A

eval:  22%|██▎       | 18/80 [00:15<00:48,  1.27it/s][A

eval:  24%|██▍       | 19/80 [00:16<00:57,  1.07it/s][A

eval:  25%|██▌       | 20/80 [00:17<00:51,  1.16it/s][A

eval:  26%|██▋       | 21/80 [00:18<00:47,  1.24it/s][A

eval:  28%|██▊       | 22/80 [00:19<00:55,  1.04it/s][A

eval:  29%|██▉       | 23/80 [00:20<00:50,  1.14it/s][A

eval:  30%|███       | 24/80 [00:20<00:46,  1.21it/s][A

eval:  31%|███▏      | 25/80 [00:21<00:43,  1.27it/s][A

eval:  32%|███▎      | 26/80 [00:22<00:50,  1.07it/s][A

eval:  34%|███▍      | 27/80 [00:23<00:45,  1.16it/s][A

eval:  35%|███▌      | 28/80 [00:24<00:41,  1.24it/s][A

eval:  36%|███▋      | 29/80 [00:25<00:47,  1.06it/s][A

eval:  38%|███▊      | 30/80 [00:26<00:43,  1.15it/s][A

eval:  39%|███▉      | 31/80 [00:26<00:40,  1.22it/s][A

eval:  40%|████      | 32/80 [00:27<00:37,  1.28it/s][A

eval:  41%|████▏     | 33/80 [00:28<00:43,  1.07it/s][A

eval:  42%|████▎     | 34/80 [00:29<00:39,  1.16it/s][A

eval:  44%|████▍     | 35/80 [00:30<00:36,  1.23it/s][A

eval:  45%|████▌     | 36/80 [00:31<00:34,  1.28it/s][A

eval:  46%|████▋     | 37/80 [00:31<00:32,  1.32it/s][A

eval:  48%|████▊     | 38/80 [00:32<00:30,  1.36it/s][A

eval:  49%|████▉     | 39/80 [00:33<00:29,  1.39it/s][A

eval:  50%|█████     | 40/80 [00:33<00:27,  1.45it/s][A

eval:  51%|█████▏    | 41/80 [00:34<00:26,  1.44it/s][A

eval:  52%|█████▎    | 42/80 [00:35<00:27,  1.39it/s][A

eval:  54%|█████▍    | 43/80 [00:35<00:26,  1.40it/s][A

eval:  55%|█████▌    | 44/80 [00:36<00:25,  1.41it/s][A

eval:  56%|█████▋    | 45/80 [00:37<00:24,  1.42it/s][A

eval:  57%|█████▊    | 46/80 [00:38<00:26,  1.30it/s][A

eval:  59%|█████▉    | 47/80 [00:38<00:24,  1.34it/s][A

eval:  60%|██████    | 48/80 [00:39<00:23,  1.36it/s][A

eval:  61%|██████▏   | 49/80 [00:40<00:22,  1.38it/s][A

eval:  62%|██████▎   | 50/80 [00:41<00:24,  1.21it/s][A

eval:  64%|██████▍   | 51/80 [00:42<00:22,  1.27it/s][A

eval:  65%|██████▌   | 52/80 [00:42<00:21,  1.32it/s][A

eval:  66%|██████▋   | 53/80 [00:43<00:19,  1.36it/s][A

eval:  68%|██████▊   | 54/80 [00:44<00:21,  1.21it/s][A

eval:  69%|██████▉   | 55/80 [00:45<00:19,  1.27it/s][A

eval:  70%|███████   | 56/80 [00:45<00:18,  1.31it/s][A

eval:  71%|███████▏  | 57/80 [00:46<00:17,  1.35it/s][A

eval:  72%|███████▎  | 58/80 [00:47<00:18,  1.17it/s][A

eval:  74%|███████▍  | 59/80 [00:48<00:16,  1.24it/s][A

eval:  75%|███████▌  | 60/80 [00:49<00:15,  1.30it/s][A

eval:  76%|███████▋  | 61/80 [00:49<00:14,  1.34it/s][A

eval:  78%|███████▊  | 62/80 [00:50<00:15,  1.13it/s][A

eval:  79%|███████▉  | 63/80 [00:51<00:14,  1.21it/s][A

eval:  80%|████████  | 64/80 [00:52<00:12,  1.28it/s][A

eval:  81%|████████▏ | 65/80 [00:53<00:13,  1.09it/s][A

eval:  82%|████████▎ | 66/80 [00:54<00:11,  1.18it/s][A

eval:  84%|████████▍ | 67/80 [00:54<00:10,  1.25it/s][A

eval:  85%|████████▌ | 68/80 [00:55<00:09,  1.30it/s][A

eval:  86%|████████▋ | 69/80 [00:56<00:09,  1.11it/s][A

eval:  88%|████████▊ | 70/80 [00:57<00:08,  1.19it/s][A

eval:  89%|████████▉ | 71/80 [00:58<00:07,  1.25it/s][A

eval:  90%|█████████ | 72/80 [00:59<00:07,  1.07it/s][A

eval:  91%|█████████▏| 73/80 [01:00<00:06,  1.15it/s][A

eval:  92%|█████████▎| 74/80 [01:00<00:04,  1.22it/s][A

eval:  94%|█████████▍| 75/80 [01:01<00:03,  1.28it/s][A

eval:  95%|█████████▌| 76/80 [01:02<00:03,  1.05it/s][A

eval:  96%|█████████▋| 77/80 [01:03<00:02,  1.15it/s][A

eval:  98%|█████████▊| 78/80 [01:04<00:01,  1.22it/s][A

eval:  99%|█████████▉| 79/80 [01:05<00:00,  1.04it/s][A

eval: 100%|██████████| 80/80 [01:06<00:00,  1.14it/s][A

                                                     [A2026-05-11 18:58:42 | INFO | __main__ | eval.py:43 | [EVAL_SAMPLE] idx=0 pred=pants-fire gold=barely-true output=Label: A explain=Hartzler said, "We have less Americans working now than in the ‘70s." The statistics Hartzler’s staff said she cited show the employment-population ratio and labor force participation rate was indeed higher in 1979 than in 2015. However,... prompt=<|im_start|>system
You are a careful fact-checking assistant for LIAR-RAW claims. Classify claims using only the claim and retrieved evidence supplied by the user.<|im_end|>
<|im_start|>user
Classify the claim into exactly one LIAR-RAW l...
2026-05-11 18:58:42 | INFO | __main__ | eval.py:43 | [EVAL_SAMPLE] idx=0 pred=pants-fire gold=barely-true output=Label: A explain=Hartzler said, "We have less Americans working now than in the ‘70s." The statistics Hartzler’s staff said she cited show the employment-population ratio and labor force participation rate was indeed higher in 1979 than in 2015. However,... prompt=<|im_start|>system
You are a careful fact-checking assistant for LIAR-RAW claims. Classify claims using only the claim and retrieved evidence supplied by the user.<|im_end|>
<|im_start|>user
Classify the claim into exactly one LIAR-RAW l...
2026-05-11 18:58:42 | INFO | __main__ | eval.py:43 | [EVAL_SAMPLE] idx=1 pred=pants-fire gold=pants-fire output=Label: A explain=Ellison used a Koran that once belonged to Thomas Jefferson, borrowing the rare book from the Library of Congress. It goes without saying that Ellison is not Obama. UPDATE: Barack Obama resigned from Trinity United Church of Christ on Ma... prompt=<|im_start|>system
You are a careful fact-checking assistant for LIAR-RAW claims. Classify claims using only the claim and retrieved evidence supplied by the user.<|im_end|>
<|im_start|>user
Classify the claim into exactly one LIAR-RAW l...
2026-05-11 18:58:42 | INFO | __main__ | eval.py:43 | [EVAL_SAMPLE] idx=1 pred=pants-fire gold=pants-fire output=Label: A explain=Ellison used a Koran that once belonged to Thomas Jefferson, borrowing the rare book from the Library of Congress. It goes without saying that Ellison is not Obama. UPDATE: Barack Obama resigned from Trinity United Church of Christ on Ma... prompt=<|im_start|>system
You are a careful fact-checking assistant for LIAR-RAW claims. Classify claims using only the claim and retrieved evidence supplied by the user.<|im_end|>
<|im_start|>user
Classify the claim into exactly one LIAR-RAW l...
2026-05-11 18:58:42 | INFO | __main__ | eval.py:43 | [EVAL_SAMPLE] idx=2 pred=half-true gold=false output=Label: D explain=However, we have two professors who say the law is silent on political activity -- even if one of them sees an implicit prohibition -- and a plain reading of the law that states no explicit ban. Blumenauer said that "the statute a hundre... prompt=<|im_start|>system
You are a careful fact-checking assistant for LIAR-RAW claims. Classify claims using only the claim and retrieved evidence supplied by the user.<|im_end|>
<|im_start|>user
Classify the claim into exactly one LIAR-RAW l...
2026-05-11 18:58:42 | INFO | __main__ | trainer.py:563 | [eval] step=100 accuracy=0.2094 macro_precision=0.2489 macro_recall=0.2400 macro_f1=0.1959 parse_error_rate=0.0000
2026-05-11 18:58:42 | INFO | __main__ | trainer.py:563 | [eval] per_class:
2026-05-11 18:58:42 | INFO | __main__ | trainer.py:563 |   - barely-true: P=0.1878 R=0.1688 F1=0.1778
2026-05-11 18:58:42 | INFO | __main__ | trainer.py:563 |   - false: P=0.2857 R=0.1073 F1=0.1560
2026-05-11 18:58:42 | INFO | __main__ | trainer.py:563 |   - half-true: P=0.2213 R=0.3130 F1=0.2593
2026-05-11 18:58:42 | INFO | __main__ | trainer.py:563 |   - mostly-true: P=0.2681 R=0.1474 F1=0.1902
2026-05-11 18:58:42 | INFO | __main__ | trainer.py:563 |   - pants-fire: P=0.1618 R=0.6207 F1=0.2567
2026-05-11 18:58:42 | INFO | __main__ | trainer.py:563 |   - true: P=0.3684 R=0.0828 F1=0.1353

 16%|█▌        | 101/630 [10:41<4:05:29, 27.84s/it]
 16%|█▌        | 102/630 [10:47<3:08:06, 21.38s/it]
 16%|█▋        | 103/630 [10:54<2:27:50, 16.83s/it]
 17%|█▋        | 104/630 [10:59<1:55:53, 13.22s/it]
 17%|█▋        | 105/630 [11:03<1:33:15, 10.66s/it]
 17%|█▋        | 106/630 [11:08<1:16:30,  8.76s/it]
 17%|█▋        | 107/630 [11:14<1:09:39,  7.99s/it]
 17%|█▋        | 108/630 [11:20<1:04:00,  7.36s/it]
 17%|█▋        | 109/630 [11:26<1:00:14,  6.94s/it]
 17%|█▋        | 110/630 [11:31<57:01,  6.58s/it]  
 18%|█▊        | 111/630 [11:36<53:06,  6.14s/it]
 18%|█▊        | 112/630 [11:41<48:22,  5.60s/it]
 18%|█▊        | 113/630 [11:46<48:07,  5.58s/it]
 18%|█▊        | 114/630 [11:53<50:25,  5.86s/it]
 18%|█▊        | 115/630 [11:59<51:40,  6.02s/it]
 18%|█▊        | 116/630 [12:05<50:02,  5.84s/it]
 19%|█▊        | 117/630 [12:10<48:46,  5.71s/it]
 19%|█▊        | 118/630 [12:15<47:12,  5.53s/it]
 19%|█▉        | 119/630 [12:21<46:46,  5.49s/it]
 19%|█▉        | 120/630 [12:27<49:16,  5.80s/it]
 19%|█▉        | 121/630 [12:33<50:33,  5.96s/it]
 19%|█▉        | 122/630 [12:39<49:41,  5.87s/it]
 20%|█▉        | 123/630 [12:44<46:54,  5.55s/it]
 20%|█▉        | 124/630 [12:49<46:19,  5.49s/it]
 20%|█▉        | 125/630 [12:53<42:30,  5.05s/it]
 20%|██        | 126/630 [13:00<45:43,  5.44s/it]
 20%|██        | 127/630 [13:05<46:39,  5.57s/it]
 20%|██        | 128/630 [13:11<47:11,  5.64s/it]
 20%|██        | 129/630 [13:16<46:02,  5.51s/it]
 21%|██        | 130/630 [13:21<43:09,  5.18s/it]
 21%|██        | 131/630 [13:26<42:11,  5.07s/it]
 21%|██        | 132/630 [13:32<46:06,  5.56s/it]
 21%|██        | 133/630 [13:39<47:58,  5.79s/it]
 21%|██▏       | 134/630 [13:45<48:24,  5.86s/it]
 21%|██▏       | 135/630 [13:50<48:01,  5.82s/it]
 22%|██▏       | 136/630 [13:56<47:37,  5.78s/it]
 22%|██▏       | 137/630 [14:01<45:23,  5.52s/it]
 22%|██▏       | 138/630 [14:06<43:44,  5.33s/it]
 22%|██▏       | 139/630 [14:13<48:23,  5.91s/it]
 22%|██▏       | 140/630 [14:19<48:32,  5.94s/it]
 22%|██▏       | 141/630 [14:24<46:41,  5.73s/it]
 23%|██▎       | 142/630 [14:30<45:38,  5.61s/it]
 23%|██▎       | 143/630 [14:35<44:33,  5.49s/it]
 23%|██▎       | 144/630 [14:41<44:29,  5.49s/it]
 23%|██▎       | 145/630 [14:47<46:32,  5.76s/it]
 23%|██▎       | 146/630 [14:52<44:56,  5.57s/it]
 23%|██▎       | 147/630 [14:57<44:33,  5.53s/it]
 23%|██▎       | 148/630 [15:03<44:01,  5.48s/it]
 24%|██▎       | 149/630 [15:08<43:40,  5.45s/it]
 24%|██▍       | 150/630 [15:12<40:24,  5.05s/it]
 24%|██▍       | 151/630 [15:19<43:32,  5.45s/it]
 24%|██▍       | 152/630 [15:25<45:21,  5.69s/it]
 24%|██▍       | 153/630 [15:31<45:31,  5.73s/it]
 24%|██▍       | 154/630 [15:37<46:08,  5.82s/it]
 25%|██▍       | 155/630 [15:43<45:58,  5.81s/it]
 25%|██▍       | 156/630 [15:48<44:31,  5.64s/it]
 25%|██▍       | 157/630 [15:55<46:51,  5.94s/it]
 25%|██▌       | 158/630 [16:01<47:45,  6.07s/it]
 25%|██▌       | 159/630 [16:07<47:25,  6.04s/it]
 25%|██▌       | 160/630 [16:12<46:14,  5.90s/it]
 26%|██▌       | 161/630 [16:18<44:38,  5.71s/it]
 26%|██▌       | 162/630 [16:22<41:25,  5.31s/it]
 26%|██▌       | 163/630 [16:28<42:09,  5.42s/it]
 26%|██▌       | 164/630 [16:35<46:16,  5.96s/it]
 26%|██▌       | 165/630 [16:41<45:15,  5.84s/it]
 26%|██▋       | 166/630 [16:46<44:33,  5.76s/it]
 27%|██▋       | 167/630 [16:51<43:03,  5.58s/it]
 27%|██▋       | 168/630 [16:56<40:13,  5.22s/it]
 27%|██▋       | 169/630 [17:01<40:49,  5.31s/it]
 27%|██▋       | 170/630 [17:08<43:36,  5.69s/it]
 27%|██▋       | 171/630 [17:14<43:47,  5.72s/it]
 27%|██▋       | 172/630 [17:19<44:01,  5.77s/it]
 27%|██▋       | 173/630 [17:25<44:04,  5.79s/it]
 28%|██▊       | 174/630 [17:31<43:33,  5.73s/it]
 28%|██▊       | 175/630 [17:35<40:23,  5.33s/it]
 28%|██▊       | 176/630 [17:41<40:40,  5.38s/it]
 28%|██▊       | 177/630 [17:47<41:52,  5.55s/it]
 28%|██▊       | 178/630 [17:53<42:33,  5.65s/it]
 28%|██▊       | 179/630 [17:58<42:40,  5.68s/it]
 29%|██▊       | 180/630 [18:03<41:10,  5.49s/it]
 29%|██▊       | 181/630 [18:07<37:21,  4.99s/it]
 29%|██▉       | 182/630 [18:14<40:20,  5.40s/it]
 29%|██▉       | 183/630 [18:20<42:22,  5.69s/it]
 29%|██▉       | 184/630 [18:26<42:46,  5.75s/it]
 29%|██▉       | 185/630 [18:31<42:12,  5.69s/it]
 30%|██▉       | 186/630 [18:37<40:58,  5.54s/it]
 30%|██▉       | 187/630 [18:41<38:19,  5.19s/it]
 30%|██▉       | 188/630 [18:47<39:20,  5.34s/it]
 30%|███       | 189/630 [18:54<43:58,  5.98s/it]
 30%|███       | 190/630 [19:00<44:17,  6.04s/it]
 30%|███       | 191/630 [19:06<43:55,  6.00s/it]
 30%|███       | 192/630 [19:11<41:07,  5.63s/it]
 31%|███       | 193/630 [19:16<40:30,  5.56s/it]
 31%|███       | 194/630 [19:22<40:06,  5.52s/it]
 31%|███       | 195/630 [19:28<41:58,  5.79s/it]
 31%|███       | 196/630 [19:34<42:11,  5.83s/it]
 31%|███▏      | 197/630 [19:40<41:42,  5.78s/it]
 31%|███▏      | 198/630 [19:45<39:34,  5.50s/it]
 32%|███▏      | 199/630 [19:50<38:40,  5.38s/it]
 32%|███▏      | 200/630 [19:55<37:41,  5.26s/it]

eval:   0%|          | 0/80 [00:00<?, ?it/s][A

eval:   1%|▏         | 1/80 [00:00<00:55,  1.41it/s][A

eval:   2%|▎         | 2/80 [00:01<00:52,  1.49it/s][A

eval:   4%|▍         | 3/80 [00:02<00:52,  1.46it/s][A

eval:   5%|▌         | 4/80 [00:02<00:52,  1.45it/s][A

eval:   6%|▋         | 5/80 [00:03<00:50,  1.48it/s][A

eval:   8%|▊         | 6/80 [00:04<00:50,  1.48it/s][A

eval:   9%|▉         | 7/80 [00:04<00:49,  1.46it/s][A

eval:  10%|█         | 8/80 [00:05<00:49,  1.46it/s][A

eval:  11%|█▏        | 9/80 [00:06<00:51,  1.39it/s][A

eval:  12%|█▎        | 10/80 [00:06<00:49,  1.41it/s][A

eval:  14%|█▍        | 11/80 [00:07<00:48,  1.41it/s][A

eval:  15%|█▌        | 12/80 [00:08<00:47,  1.42it/s][A

eval:  16%|█▋        | 13/80 [00:09<00:53,  1.24it/s][A

eval:  18%|█▊        | 14/80 [00:10<00:50,  1.30it/s][A

eval:  19%|█▉        | 15/80 [00:10<00:48,  1.34it/s][A

eval:  20%|██        | 16/80 [00:11<00:46,  1.36it/s][A

eval:  21%|██▏       | 17/80 [00:12<00:52,  1.19it/s][A

eval:  22%|██▎       | 18/80 [00:13<00:49,  1.26it/s][A

eval:  24%|██▍       | 19/80 [00:13<00:46,  1.32it/s][A

eval:  25%|██▌       | 20/80 [00:15<00:53,  1.12it/s][A

eval:  26%|██▋       | 21/80 [00:15<00:48,  1.21it/s][A

eval:  28%|██▊       | 22/80 [00:16<00:45,  1.27it/s][A

eval:  29%|██▉       | 23/80 [00:17<00:43,  1.32it/s][A

eval:  30%|███       | 24/80 [00:18<00:51,  1.09it/s][A

eval:  31%|███▏      | 25/80 [00:19<00:46,  1.17it/s][A

eval:  32%|███▎      | 26/80 [00:19<00:43,  1.25it/s][A

eval:  34%|███▍      | 27/80 [00:20<00:40,  1.30it/s][A

eval:  35%|███▌      | 28/80 [00:21<00:47,  1.10it/s][A

eval:  36%|███▋      | 29/80 [00:22<00:42,  1.19it/s][A

eval:  38%|███▊      | 30/80 [00:23<00:39,  1.26it/s][A

eval:  39%|███▉      | 31/80 [00:24<00:45,  1.08it/s][A

eval:  40%|████      | 32/80 [00:25<00:41,  1.16it/s][A

eval:  41%|████▏     | 33/80 [00:25<00:38,  1.23it/s][A

eval:  42%|████▎     | 34/80 [00:26<00:35,  1.29it/s][A

eval:  44%|████▍     | 35/80 [00:27<00:41,  1.09it/s][A

eval:  45%|████▌     | 36/80 [00:28<00:37,  1.18it/s][A

eval:  46%|████▋     | 37/80 [00:29<00:34,  1.25it/s][A

eval:  48%|████▊     | 38/80 [00:30<00:39,  1.07it/s][A

eval:  49%|████▉     | 39/80 [00:31<00:35,  1.16it/s][A

eval:  50%|█████     | 40/80 [00:31<00:31,  1.27it/s][A

eval:  51%|█████▏    | 41/80 [00:32<00:29,  1.32it/s][A

eval:  52%|█████▎    | 42/80 [00:33<00:34,  1.11it/s][A

eval:  54%|█████▍    | 43/80 [00:34<00:31,  1.19it/s][A

eval:  55%|█████▌    | 44/80 [00:34<00:28,  1.25it/s][A

eval:  56%|█████▋    | 45/80 [00:36<00:33,  1.04it/s][A

eval:  57%|█████▊    | 46/80 [00:36<00:29,  1.15it/s][A

eval:  59%|█████▉    | 47/80 [00:37<00:26,  1.22it/s][A

eval:  60%|██████    | 48/80 [00:38<00:25,  1.28it/s][A

eval:  61%|██████▏   | 49/80 [00:39<00:28,  1.09it/s][A

eval:  62%|██████▎   | 50/80 [00:40<00:25,  1.19it/s][A

eval:  64%|██████▍   | 51/80 [00:40<00:23,  1.25it/s][A

eval:  65%|██████▌   | 52/80 [00:42<00:26,  1.07it/s][A

eval:  66%|██████▋   | 53/80 [00:42<00:23,  1.17it/s][A

eval:  68%|██████▊   | 54/80 [00:43<00:20,  1.24it/s][A

eval:  69%|██████▉   | 55/80 [00:44<00:19,  1.30it/s][A

eval:  70%|███████   | 56/80 [00:45<00:22,  1.09it/s][A

eval:  71%|███████▏  | 57/80 [00:46<00:19,  1.17it/s][A

eval:  72%|███████▎  | 58/80 [00:46<00:17,  1.25it/s][A

eval:  74%|███████▍  | 59/80 [00:48<00:20,  1.05it/s][A

eval:  75%|███████▌  | 60/80 [00:48<00:17,  1.15it/s][A

eval:  76%|███████▋  | 61/80 [00:49<00:15,  1.22it/s][A

eval:  78%|███████▊  | 62/80 [00:50<00:13,  1.29it/s][A

eval:  79%|███████▉  | 63/80 [00:51<00:15,  1.08it/s][A

eval:  80%|████████  | 64/80 [00:52<00:13,  1.18it/s][A

eval:  81%|████████▏ | 65/80 [00:52<00:12,  1.24it/s][A

eval:  82%|████████▎ | 66/80 [00:54<00:12,  1.08it/s][A

eval:  84%|████████▍ | 67/80 [00:54<00:11,  1.17it/s][A

eval:  85%|████████▌ | 68/80 [00:55<00:09,  1.23it/s][A

eval:  86%|████████▋ | 69/80 [00:56<00:08,  1.29it/s][A

eval:  88%|████████▊ | 70/80 [00:57<00:09,  1.10it/s][A

eval:  89%|████████▉ | 71/80 [00:58<00:07,  1.18it/s][A

eval:  90%|█████████ | 72/80 [00:58<00:06,  1.26it/s][A

eval:  91%|█████████▏| 73/80 [00:59<00:05,  1.31it/s][A

eval:  92%|█████████▎| 74/80 [01:00<00:05,  1.11it/s][A

eval:  94%|█████████▍| 75/80 [01:01<00:04,  1.19it/s][A

eval:  95%|█████████▌| 76/80 [01:02<00:03,  1.27it/s][A

eval:  96%|█████████▋| 77/80 [01:03<00:02,  1.08it/s][A

eval:  98%|█████████▊| 78/80 [01:04<00:01,  1.17it/s][A

eval:  99%|█████████▉| 79/80 [01:04<00:00,  1.23it/s][A

eval: 100%|██████████| 80/80 [01:05<00:00,  1.30it/s][A

                                                     [A2026-05-11 19:09:15 | INFO | __main__ | eval.py:43 | [EVAL_SAMPLE] idx=0 pred=pants-fire gold=barely-true output=Label: A explain=Hartzler said, "We have less Americans working now than in the ‘70s." The statistics Hartzler’s staff said she cited show the employment-population ratio and labor force participation rate was indeed higher in 1979 than in 2015. However,... prompt=<|im_start|>system
You are a careful fact-checking assistant for LIAR-RAW claims. Classify claims using only the claim and retrieved evidence supplied by the user.<|im_end|>
<|im_start|>user
Classify the claim into exactly one LIAR-RAW l...
2026-05-11 19:09:15 | INFO | __main__ | eval.py:43 | [EVAL_SAMPLE] idx=0 pred=pants-fire gold=barely-true output=Label: A explain=Hartzler said, "We have less Americans working now than in the ‘70s." The statistics Hartzler’s staff said she cited show the employment-population ratio and labor force participation rate was indeed higher in 1979 than in 2015. However,... prompt=<|im_start|>system
You are a careful fact-checking assistant for LIAR-RAW claims. Classify claims using only the claim and retrieved evidence supplied by the user.<|im_end|>
<|im_start|>user
Classify the claim into exactly one LIAR-RAW l...
2026-05-11 19:09:15 | INFO | __main__ | eval.py:43 | [EVAL_SAMPLE] idx=1 pred=pants-fire gold=pants-fire output=Label: A explain=Ellison used a Koran that once belonged to Thomas Jefferson, borrowing the rare book from the Library of Congress. It goes without saying that Ellison is not Obama. UPDATE: Barack Obama resigned from Trinity United Church of Christ on Ma... prompt=<|im_start|>system
You are a careful fact-checking assistant for LIAR-RAW claims. Classify claims using only the claim and retrieved evidence supplied by the user.<|im_end|>
<|im_start|>user
Classify the claim into exactly one LIAR-RAW l...
2026-05-11 19:09:15 | INFO | __main__ | eval.py:43 | [EVAL_SAMPLE] idx=1 pred=pants-fire gold=pants-fire output=Label: A explain=Ellison used a Koran that once belonged to Thomas Jefferson, borrowing the rare book from the Library of Congress. It goes without saying that Ellison is not Obama. UPDATE: Barack Obama resigned from Trinity United Church of Christ on Ma... prompt=<|im_start|>system
You are a careful fact-checking assistant for LIAR-RAW claims. Classify claims using only the claim and retrieved evidence supplied by the user.<|im_end|>
<|im_start|>user
Classify the claim into exactly one LIAR-RAW l...
2026-05-11 19:09:15 | INFO | __main__ | eval.py:43 | [EVAL_SAMPLE] idx=2 pred=mostly-true gold=false output=Label: E explain=However, we have two professors who say the law is silent on political activity -- even if one of them sees an implicit prohibition -- and a plain reading of the law that states no explicit ban. Blumenauer said that "the statute a hundre... prompt=<|im_start|>system
You are a careful fact-checking assistant for LIAR-RAW claims. Classify claims using only the claim and retrieved evidence supplied by the user.<|im_end|>
<|im_start|>user
Classify the claim into exactly one LIAR-RAW l...
2026-05-11 19:09:15 | INFO | __main__ | trainer.py:563 | [eval] step=200 accuracy=0.2695 macro_precision=0.2974 macro_recall=0.2847 macro_f1=0.2537 parse_error_rate=0.0000
2026-05-11 19:09:15 | INFO | __main__ | trainer.py:563 | [eval] per_class:
2026-05-11 19:09:15 | INFO | __main__ | trainer.py:563 |   - barely-true: P=0.2284 R=0.4008 F1=0.2910
2026-05-11 19:09:15 | INFO | __main__ | trainer.py:563 |   - false: P=0.2833 R=0.3180 F1=0.2996
2026-05-11 19:09:15 | INFO | __main__ | trainer.py:563 |   - half-true: P=0.4000 R=0.0244 F1=0.0460
2026-05-11 19:09:15 | INFO | __main__ | trainer.py:563 |   - mostly-true: P=0.3333 R=0.2590 F1=0.2915
2026-05-11 19:09:15 | INFO | __main__ | trainer.py:563 |   - pants-fire: P=0.2452 R=0.4397 F1=0.3148
2026-05-11 19:09:15 | INFO | __main__ | trainer.py:563 |   - true: P=0.2941 R=0.2663 F1=0.2795

 32%|███▏      | 201/630 [21:14<3:16:37, 27.50s/it]
 32%|███▏      | 202/630 [21:20<2:30:22, 21.08s/it]
 32%|███▏      | 203/630 [21:26<1:57:16, 16.48s/it]
 32%|███▏      | 204/630 [21:31<1:33:39, 13.19s/it]
 33%|███▎      | 205/630 [21:36<1:15:16, 10.63s/it]
 33%|███▎      | 206/630 [21:41<1:03:12,  8.95s/it]
 33%|███▎      | 207/630 [21:48<57:57,  8.22s/it]  
 33%|███▎      | 208/630 [21:54<54:14,  7.71s/it]
 33%|███▎      | 209/630 [22:01<52:29,  7.48s/it]
 33%|███▎      | 210/630 [22:06<46:51,  6.69s/it]
 33%|███▎      | 211/630 [22:11<44:07,  6.32s/it]
 34%|███▎      | 212/630 [22:16<41:20,  5.93s/it]
 34%|███▍      | 213/630 [22:21<38:48,  5.58s/it]
 34%|███▍      | 214/630 [22:28<40:35,  5.85s/it]
 34%|███▍      | 215/630 [22:33<39:59,  5.78s/it]
 34%|███▍      | 216/630 [22:39<39:41,  5.75s/it]
 34%|███▍      | 217/630 [22:44<38:11,  5.55s/it]
 35%|███▍      | 218/630 [22:48<35:12,  5.13s/it]
 35%|███▍      | 219/630 [22:54<35:36,  5.20s/it]
 35%|███▍      | 220/630 [23:00<38:28,  5.63s/it]
 35%|███▌      | 221/630 [23:06<38:58,  5.72s/it]
 35%|███▌      | 222/630 [23:12<38:39,  5.69s/it]
 35%|███▌      | 223/630 [23:17<38:28,  5.67s/it]
 36%|███▌      | 224/630 [23:23<37:51,  5.60s/it]
 36%|███▌      | 225/630 [23:28<35:57,  5.33s/it]
 36%|███▌      | 226/630 [23:34<38:12,  5.67s/it]
 36%|███▌      | 227/630 [23:41<40:49,  6.08s/it]
 36%|███▌      | 228/630 [23:47<40:22,  6.03s/it]
 36%|███▋      | 229/630 [23:52<38:02,  5.69s/it]
 37%|███▋      | 230/630 [23:57<37:22,  5.61s/it]
 37%|███▋      | 231/630 [24:02<35:59,  5.41s/it]
 37%|███▋      | 232/630 [24:09<37:55,  5.72s/it]
 37%|███▋      | 233/630 [24:15<39:20,  5.95s/it]
 37%|███▋      | 234/630 [24:21<39:33,  5.99s/it]
 37%|███▋      | 235/630 [24:27<38:40,  5.87s/it]
 37%|███▋      | 236/630 [24:32<37:25,  5.70s/it]
 38%|███▊      | 237/630 [24:37<34:53,  5.33s/it]
 38%|███▊      | 238/630 [24:42<35:46,  5.47s/it]
 38%|███▊      | 239/630 [24:49<37:16,  5.72s/it]
 38%|███▊      | 240/630 [24:55<38:01,  5.85s/it]
 38%|███▊      | 241/630 [25:01<38:39,  5.96s/it]
 38%|███▊      | 242/630 [25:07<37:38,  5.82s/it]
 39%|███▊      | 243/630 [25:12<37:09,  5.76s/it]
 39%|███▊      | 244/630 [25:17<36:11,  5.63s/it]
 39%|███▉      | 245/630 [25:24<38:03,  5.93s/it]
 39%|███▉      | 246/630 [25:30<37:51,  5.92s/it]
 39%|███▉      | 247/630 [25:36<37:09,  5.82s/it]
 39%|███▉      | 248/630 [25:41<36:20,  5.71s/it]
 40%|███▉      | 249/630 [25:46<34:05,  5.37s/it]
 40%|███▉      | 250/630 [25:51<33:15,  5.25s/it]
 40%|███▉      | 251/630 [25:57<35:22,  5.60s/it]
 40%|████      | 252/630 [26:03<36:32,  5.80s/it]
 40%|████      | 253/630 [26:09<36:49,  5.86s/it]
 40%|████      | 254/630 [26:15<36:05,  5.76s/it]
 40%|████      | 255/630 [26:20<35:16,  5.64s/it]
 41%|████      | 256/630 [26:25<32:46,  5.26s/it]
 41%|████      | 257/630 [26:31<34:52,  5.61s/it]
 41%|████      | 258/630 [26:37<36:20,  5.86s/it]
 41%|████      | 259/630 [26:44<37:22,  6.04s/it]
 41%|████▏     | 260/630 [26:50<36:55,  5.99s/it]
 41%|████▏     | 261/630 [26:55<35:47,  5.82s/it]
 42%|████▏     | 262/630 [27:00<33:52,  5.52s/it]
 42%|████▏     | 263/630 [27:05<32:26,  5.30s/it]
 42%|████▏     | 264/630 [27:11<33:36,  5.51s/it]
 42%|████▏     | 265/630 [27:17<34:26,  5.66s/it]
 42%|████▏     | 266/630 [27:23<34:29,  5.69s/it]
 42%|████▏     | 267/630 [27:28<33:35,  5.55s/it]
 43%|████▎     | 268/630 [27:33<32:52,  5.45s/it]
 43%|████▎     | 269/630 [27:38<31:43,  5.27s/it]
 43%|████▎     | 270/630 [27:45<34:51,  5.81s/it]
 43%|████▎     | 271/630 [27:51<35:17,  5.90s/it]
 43%|████▎     | 272/630 [27:56<33:25,  5.60s/it]
 43%|████▎     | 273/630 [28:02<33:18,  5.60s/it]
 43%|████▎     | 274/630 [28:07<32:37,  5.50s/it]
 44%|████▎     | 275/630 [28:11<29:57,  5.06s/it]
 44%|████▍     | 276/630 [28:17<31:58,  5.42s/it]
 44%|████▍     | 277/630 [28:24<33:44,  5.73s/it]
 44%|████▍     | 278/630 [28:31<36:27,  6.21s/it]
 44%|████▍     | 279/630 [28:36<33:59,  5.81s/it]
 44%|████▍     | 280/630 [28:41<33:08,  5.68s/it]
 45%|████▍     | 281/630 [28:46<31:55,  5.49s/it]
 45%|████▍     | 282/630 [28:52<33:12,  5.72s/it]
 45%|████▍     | 283/630 [28:59<33:54,  5.86s/it]
 45%|████▌     | 284/630 [29:04<32:51,  5.70s/it]
 45%|████▌     | 285/630 [29:09<31:50,  5.54s/it]
 45%|████▌     | 286/630 [29:14<30:52,  5.38s/it]
 46%|████▌     | 287/630 [29:18<28:36,  5.00s/it]
 46%|████▌     | 288/630 [29:24<29:05,  5.10s/it]swanlab: [2026.05.11 19:17:41] network error, swanlab will resume uploads when the network improves

 46%|████▌     | 289/630 [29:30<31:10,  5.48s/it]
 46%|████▌     | 290/630 [29:36<32:12,  5.68s/it]
 46%|████▌     | 291/630 [29:42<32:12,  5.70s/it]
 46%|████▋     | 292/630 [29:47<32:00,  5.68s/it]
 47%|████▋     | 293/630 [29:52<29:58,  5.34s/it]
 47%|████▋     | 294/630 [29:59<32:01,  5.72s/it]
 47%|████▋     | 295/630 [30:05<33:48,  6.06s/it]
 47%|████▋     | 296/630 [30:12<34:12,  6.15s/it]
 47%|████▋     | 297/630 [30:18<33:43,  6.08s/it]
 47%|████▋     | 298/630 [30:23<32:40,  5.91s/it]
 47%|████▋     | 299/630 [30:28<30:18,  5.49s/it]
 48%|████▊     | 300/630 [30:32<28:53,  5.25s/it]

eval:   0%|          | 0/80 [00:00<?, ?it/s][A

eval:   1%|▏         | 1/80 [00:00<00:55,  1.41it/s][A

eval:   2%|▎         | 2/80 [00:01<00:52,  1.48it/s][A

eval:   4%|▍         | 3/80 [00:02<01:13,  1.05it/s][A

eval:   5%|▌         | 4/80 [00:03<01:04,  1.17it/s][A

eval:   6%|▋         | 5/80 [00:03<00:58,  1.28it/s][A

eval:   8%|▊         | 6/80 [00:04<00:55,  1.34it/s][A

eval:   9%|▉         | 7/80 [00:05<01:06,  1.10it/s][A

eval:  10%|█         | 8/80 [00:06<01:00,  1.19it/s][A

eval:  11%|█▏        | 9/80 [00:07<00:56,  1.26it/s][A

eval:  12%|█▎        | 10/80 [00:08<01:04,  1.09it/s][A

eval:  14%|█▍        | 11/80 [00:09<00:58,  1.17it/s][A

eval:  15%|█▌        | 12/80 [00:09<00:54,  1.24it/s][A

eval:  16%|█▋        | 13/80 [00:10<00:51,  1.29it/s][A

eval:  18%|█▊        | 14/80 [00:11<01:01,  1.07it/s][A

eval:  19%|█▉        | 15/80 [00:12<00:56,  1.16it/s][A

eval:  20%|██        | 16/80 [00:13<00:52,  1.23it/s][A

eval:  21%|██▏       | 17/80 [00:14<00:59,  1.06it/s][A

eval:  22%|██▎       | 18/80 [00:15<00:53,  1.16it/s][A

eval:  24%|██▍       | 19/80 [00:15<00:49,  1.23it/s][A

eval:  25%|██▌       | 20/80 [00:16<00:46,  1.29it/s][A

eval:  26%|██▋       | 21/80 [00:17<00:53,  1.10it/s][A

eval:  28%|██▊       | 22/80 [00:18<00:49,  1.18it/s][A

eval:  29%|██▉       | 23/80 [00:19<00:45,  1.25it/s][A

eval:  30%|███       | 24/80 [00:20<00:52,  1.07it/s][A

eval:  31%|███▏      | 25/80 [00:21<00:47,  1.16it/s][A

eval:  32%|███▎      | 26/80 [00:21<00:43,  1.24it/s][A

eval:  34%|███▍      | 27/80 [00:22<00:40,  1.30it/s][A

eval:  35%|███▌      | 28/80 [00:23<00:46,  1.11it/s][A

eval:  36%|███▋      | 29/80 [00:24<00:42,  1.20it/s][A

eval:  38%|███▊      | 30/80 [00:25<00:39,  1.26it/s][A

eval:  39%|███▉      | 31/80 [00:26<00:45,  1.07it/s][A

eval:  40%|████      | 32/80 [00:27<00:41,  1.15it/s][A

eval:  41%|████▏     | 33/80 [00:27<00:38,  1.22it/s][A

eval:  42%|████▎     | 34/80 [00:28<00:35,  1.28it/s][A

eval:  44%|████▍     | 35/80 [00:29<00:42,  1.05it/s][A

eval:  45%|████▌     | 36/80 [00:30<00:38,  1.14it/s][A

eval:  46%|████▋     | 37/80 [00:31<00:35,  1.22it/s][A

eval:  48%|████▊     | 38/80 [00:32<00:40,  1.03it/s][A

eval:  49%|████▉     | 39/80 [00:33<00:36,  1.13it/s][A

eval:  50%|█████     | 40/80 [00:33<00:32,  1.25it/s][A

eval:  51%|█████▏    | 41/80 [00:34<00:30,  1.30it/s][A

eval:  52%|█████▎    | 42/80 [00:35<00:35,  1.07it/s][A

eval:  54%|█████▍    | 43/80 [00:36<00:31,  1.16it/s][A

eval:  55%|█████▌    | 44/80 [00:37<00:29,  1.23it/s][A

eval:  56%|█████▋    | 45/80 [00:38<00:33,  1.04it/s][A

eval:  57%|█████▊    | 46/80 [00:39<00:29,  1.16it/s][A

eval:  59%|█████▉    | 47/80 [00:39<00:26,  1.22it/s][A

eval:  60%|██████    | 48/80 [00:40<00:25,  1.28it/s][A

eval:  61%|██████▏   | 49/80 [00:41<00:29,  1.06it/s][A

eval:  62%|██████▎   | 50/80 [00:42<00:25,  1.16it/s][A

eval:  64%|██████▍   | 51/80 [00:43<00:23,  1.23it/s][A

eval:  65%|██████▌   | 52/80 [00:44<00:26,  1.07it/s][A

eval:  66%|██████▋   | 53/80 [00:45<00:23,  1.16it/s][A

eval:  68%|██████▊   | 54/80 [00:45<00:20,  1.24it/s][A

eval:  69%|██████▉   | 55/80 [00:46<00:19,  1.29it/s][A

eval:  70%|███████   | 56/80 [00:47<00:22,  1.08it/s][A

eval:  71%|███████▏  | 57/80 [00:48<00:19,  1.16it/s][A

eval:  72%|███████▎  | 58/80 [00:49<00:17,  1.24it/s][A

eval:  74%|███████▍  | 59/80 [00:50<00:20,  1.04it/s][A

eval:  75%|███████▌  | 60/80 [00:51<00:17,  1.14it/s][A

eval:  76%|███████▋  | 61/80 [00:51<00:15,  1.21it/s][A

eval:  78%|███████▊  | 62/80 [00:52<00:14,  1.28it/s][A

eval:  79%|███████▉  | 63/80 [00:53<00:15,  1.08it/s][A

eval:  80%|████████  | 64/80 [00:54<00:13,  1.17it/s][A

eval:  81%|████████▏ | 65/80 [00:55<00:12,  1.24it/s][A

eval:  82%|████████▎ | 66/80 [00:56<00:13,  1.04it/s][A

eval:  84%|████████▍ | 67/80 [00:57<00:11,  1.13it/s][A

eval:  85%|████████▌ | 68/80 [00:57<00:09,  1.21it/s][A

eval:  86%|████████▋ | 69/80 [00:58<00:08,  1.28it/s][A

eval:  88%|████████▊ | 70/80 [00:59<00:09,  1.09it/s][A

eval:  89%|████████▉ | 71/80 [01:00<00:07,  1.17it/s][A

eval:  90%|█████████ | 72/80 [01:01<00:06,  1.25it/s][A

eval:  91%|█████████▏| 73/80 [01:02<00:06,  1.07it/s][A

eval:  92%|█████████▎| 74/80 [01:03<00:05,  1.16it/s][A

eval:  94%|█████████▍| 75/80 [01:03<00:04,  1.23it/s][A

eval:  95%|█████████▌| 76/80 [01:04<00:03,  1.29it/s][A

eval:  96%|█████████▋| 77/80 [01:05<00:02,  1.07it/s][A

eval:  98%|█████████▊| 78/80 [01:06<00:01,  1.16it/s][A

eval:  99%|█████████▉| 79/80 [01:07<00:00,  1.23it/s][A

eval: 100%|██████████| 80/80 [01:08<00:00,  1.06it/s][A

                                                     [A2026-05-11 19:19:56 | INFO | __main__ | eval.py:43 | [EVAL_SAMPLE] idx=0 pred=pants-fire gold=barely-true output=Label: A explain=Hartzler said, "We have less Americans working now than in the ‘70s." The statistics Hartzler’s staff said she cited show the employment-population ratio and labor force participation rate was indeed higher in 1979 than in 2015. However,... prompt=<|im_start|>system
You are a careful fact-checking assistant for LIAR-RAW claims. Classify claims using only the claim and retrieved evidence supplied by the user.<|im_end|>
<|im_start|>user
Classify the claim into exactly one LIAR-RAW l...
2026-05-11 19:19:56 | INFO | __main__ | eval.py:43 | [EVAL_SAMPLE] idx=0 pred=pants-fire gold=barely-true output=Label: A explain=Hartzler said, "We have less Americans working now than in the ‘70s." The statistics Hartzler’s staff said she cited show the employment-population ratio and labor force participation rate was indeed higher in 1979 than in 2015. However,... prompt=<|im_start|>system
You are a careful fact-checking assistant for LIAR-RAW claims. Classify claims using only the claim and retrieved evidence supplied by the user.<|im_end|>
<|im_start|>user
Classify the claim into exactly one LIAR-RAW l...
2026-05-11 19:19:56 | INFO | __main__ | eval.py:43 | [EVAL_SAMPLE] idx=1 pred=pants-fire gold=pants-fire output=Label: A explain=Ellison used a Koran that once belonged to Thomas Jefferson, borrowing the rare book from the Library of Congress. It goes without saying that Ellison is not Obama. UPDATE: Barack Obama resigned from Trinity United Church of Christ on Ma... prompt=<|im_start|>system
You are a careful fact-checking assistant for LIAR-RAW claims. Classify claims using only the claim and retrieved evidence supplied by the user.<|im_end|>
<|im_start|>user
Classify the claim into exactly one LIAR-RAW l...
2026-05-11 19:19:56 | INFO | __main__ | eval.py:43 | [EVAL_SAMPLE] idx=1 pred=pants-fire gold=pants-fire output=Label: A explain=Ellison used a Koran that once belonged to Thomas Jefferson, borrowing the rare book from the Library of Congress. It goes without saying that Ellison is not Obama. UPDATE: Barack Obama resigned from Trinity United Church of Christ on Ma... prompt=<|im_start|>system
You are a careful fact-checking assistant for LIAR-RAW claims. Classify claims using only the claim and retrieved evidence supplied by the user.<|im_end|>
<|im_start|>user
Classify the claim into exactly one LIAR-RAW l...
2026-05-11 19:19:56 | INFO | __main__ | eval.py:43 | [EVAL_SAMPLE] idx=2 pred=mostly-true gold=false output=Label: E explain=However, we have two professors who say the law is silent on political activity -- even if one of them sees an implicit prohibition -- and a plain reading of the law that states no explicit ban. Blumenauer said that "the statute a hundre... prompt=<|im_start|>system
You are a careful fact-checking assistant for LIAR-RAW claims. Classify claims using only the claim and retrieved evidence supplied by the user.<|im_end|>
<|im_start|>user
Classify the claim into exactly one LIAR-RAW l...
2026-05-11 19:19:56 | INFO | __main__ | trainer.py:563 | [eval] step=300 accuracy=0.2703 macro_precision=0.3043 macro_recall=0.2850 macro_f1=0.2552 parse_error_rate=0.0000
2026-05-11 19:19:56 | INFO | __main__ | trainer.py:563 | [eval] per_class:
2026-05-11 19:19:56 | INFO | __main__ | trainer.py:563 |   - barely-true: P=0.2244 R=0.3797 F1=0.2821
2026-05-11 19:19:56 | INFO | __main__ | trainer.py:563 |   - false: P=0.2761 R=0.3946 F1=0.3249
2026-05-11 19:19:56 | INFO | __main__ | trainer.py:563 |   - half-true: P=0.3793 R=0.0447 F1=0.0800
2026-05-11 19:19:56 | INFO | __main__ | trainer.py:563 |   - mostly-true: P=0.4059 R=0.1633 F1=0.2330
2026-05-11 19:19:56 | INFO | __main__ | trainer.py:563 |   - pants-fire: P=0.2437 R=0.4138 F1=0.3067
2026-05-11 19:19:56 | INFO | __main__ | trainer.py:563 |   - true: P=0.2961 R=0.3136 F1=0.3046

 48%|████▊     | 301/630 [31:55<2:35:45, 28.41s/it]
 48%|████▊     | 302/630 [32:01<1:59:03, 21.78s/it]
 48%|████▊     | 303/630 [32:07<1:32:31, 16.98s/it]
 48%|████▊     | 304/630 [32:13<1:13:48, 13.58s/it]
 48%|████▊     | 305/630 [32:18<1:00:07, 11.10s/it]
 49%|████▊     | 306/630 [32:22<48:36,  9.00s/it]  
 49%|████▊     | 307/630 [32:29<44:50,  8.33s/it]
 49%|████▉     | 308/630 [32:35<41:39,  7.76s/it]
 49%|████▉     | 309/630 [32:40<37:04,  6.93s/it]
 49%|████▉     | 310/630 [32:46<34:34,  6.48s/it]
 49%|████▉     | 311/630 [32:51<32:41,  6.15s/it]
 50%|████▉     | 312/630 [32:55<29:28,  5.56s/it]
 50%|████▉     | 313/630 [33:00<28:49,  5.45s/it]
 50%|████▉     | 314/630 [33:07<29:54,  5.68s/it]
 50%|█████     | 315/630 [33:09<25:19,  4.82s/it]
 50%|█████     | 316/630 [33:16<27:54,  5.33s/it]
 50%|█████     | 317/630 [33:22<29:14,  5.60s/it]
 50%|█████     | 318/630 [33:28<29:35,  5.69s/it]
 51%|█████     | 319/630 [33:33<27:50,  5.37s/it]
 51%|█████     | 320/630 [33:38<27:38,  5.35s/it]
 51%|█████     | 321/630 [33:43<26:54,  5.23s/it]
 51%|█████     | 322/630 [33:49<27:59,  5.45s/it]
 51%|█████▏    | 323/630 [33:55<29:04,  5.68s/it]
 51%|█████▏    | 324/630 [34:01<29:28,  5.78s/it]
 52%|█████▏    | 325/630 [34:06<28:05,  5.53s/it]
 52%|█████▏    | 326/630 [34:12<28:09,  5.56s/it]
 52%|█████▏    | 327/630 [34:17<27:31,  5.45s/it]
 52%|█████▏    | 328/630 [34:23<28:08,  5.59s/it]
 52%|█████▏    | 329/630 [34:29<29:17,  5.84s/it]
 52%|█████▏    | 330/630 [34:36<29:49,  5.96s/it]
 53%|█████▎    | 331/630 [34:42<29:43,  5.96s/it]
 53%|█████▎    | 332/630 [34:47<29:30,  5.94s/it]
 53%|█████▎    | 333/630 [34:52<27:07,  5.48s/it]
 53%|█████▎    | 334/630 [34:58<27:34,  5.59s/it]
 53%|█████▎    | 335/630 [35:04<29:02,  5.91s/it]
 53%|█████▎    | 336/630 [35:10<29:02,  5.93s/it]
 53%|█████▎    | 337/630 [35:16<28:39,  5.87s/it]
 54%|█████▎    | 338/630 [35:21<27:22,  5.63s/it]
 54%|█████▍    | 339/630 [35:26<25:37,  5.28s/it]
 54%|█████▍    | 340/630 [35:30<24:21,  5.04s/it]
 54%|█████▍    | 341/630 [35:36<26:06,  5.42s/it]
 54%|█████▍    | 342/630 [35:42<26:49,  5.59s/it]
 54%|█████▍    | 343/630 [35:48<27:14,  5.70s/it]
 55%|█████▍    | 344/630 [35:53<25:47,  5.41s/it]
 55%|█████▍    | 345/630 [35:58<24:58,  5.26s/it]
 55%|█████▍    | 346/630 [36:03<24:02,  5.08s/it]
 55%|█████▌    | 347/630 [36:09<25:37,  5.43s/it]
 55%|█████▌    | 348/630 [36:16<27:58,  5.95s/it]
 55%|█████▌    | 349/630 [36:22<27:55,  5.96s/it]
 56%|█████▌    | 350/630 [36:28<27:47,  5.96s/it]
 56%|█████▌    | 351/630 [36:33<25:54,  5.57s/it]
 56%|█████▌    | 352/630 [36:38<25:04,  5.41s/it]
 56%|█████▌    | 353/630 [36:43<25:07,  5.44s/it]
 56%|█████▌    | 354/630 [36:49<25:38,  5.57s/it]
 56%|█████▋    | 355/630 [36:54<25:11,  5.50s/it]
 57%|█████▋    | 356/630 [37:00<25:34,  5.60s/it]
 57%|█████▋    | 357/630 [37:05<25:01,  5.50s/it]
 57%|█████▋    | 358/630 [37:10<23:24,  5.16s/it]
 57%|█████▋    | 359/630 [37:15<23:36,  5.23s/it]
 57%|█████▋    | 360/630 [37:22<25:20,  5.63s/it]
 57%|█████▋    | 361/630 [37:28<25:39,  5.72s/it]
 57%|█████▋    | 362/630 [37:33<25:15,  5.65s/it]
 58%|█████▊    | 363/630 [37:39<25:03,  5.63s/it]
 58%|█████▊    | 364/630 [37:44<24:58,  5.63s/it]
 58%|█████▊    | 365/630 [37:48<22:25,  5.08s/it]
 58%|█████▊    | 366/630 [37:55<24:07,  5.48s/it]
 58%|█████▊    | 367/630 [38:01<25:06,  5.73s/it]
 58%|█████▊    | 368/630 [38:08<26:32,  6.08s/it]
 59%|█████▊    | 369/630 [38:13<24:53,  5.72s/it]
 59%|█████▊    | 370/630 [38:18<24:10,  5.58s/it]
 59%|█████▉    | 371/630 [38:22<22:11,  5.14s/it]
 59%|█████▉    | 372/630 [38:29<24:25,  5.68s/it]
 59%|█████▉    | 373/630 [38:35<25:16,  5.90s/it]
 59%|█████▉    | 374/630 [38:41<24:23,  5.72s/it]
 60%|█████▉    | 375/630 [38:46<23:48,  5.60s/it]
 60%|█████▉    | 376/630 [38:51<22:48,  5.39s/it]
 60%|█████▉    | 377/630 [38:55<21:07,  5.01s/it]
 60%|██████    | 378/630 [39:00<21:28,  5.11s/it]
 60%|██████    | 379/630 [39:07<22:39,  5.42s/it]
 60%|██████    | 380/630 [39:13<23:51,  5.72s/it]
 60%|██████    | 381/630 [39:19<24:09,  5.82s/it]
 61%|██████    | 382/630 [39:25<23:57,  5.79s/it]
 61%|██████    | 383/630 [39:29<22:13,  5.40s/it]
 61%|██████    | 384/630 [39:35<22:17,  5.44s/it]
 61%|██████    | 385/630 [39:41<23:27,  5.75s/it]
 61%|██████▏   | 386/630 [39:48<24:23,  6.00s/it]
 61%|██████▏   | 387/630 [39:53<23:20,  5.76s/it]
 62%|██████▏   | 388/630 [39:58<22:17,  5.53s/it]
 62%|██████▏   | 389/630 [40:02<20:39,  5.14s/it]
 62%|██████▏   | 390/630 [40:07<19:59,  5.00s/it]
 62%|██████▏   | 391/630 [40:13<21:28,  5.39s/it]
 62%|██████▏   | 392/630 [40:19<22:16,  5.62s/it]
 62%|██████▏   | 393/630 [40:25<21:51,  5.53s/it]
 63%|██████▎   | 394/630 [40:30<21:26,  5.45s/it]
 63%|██████▎   | 395/630 [40:35<20:42,  5.29s/it]
 63%|██████▎   | 396/630 [40:39<19:18,  4.95s/it]
 63%|██████▎   | 397/630 [40:45<20:47,  5.35s/it]
 63%|██████▎   | 398/630 [40:52<21:58,  5.68s/it]
 63%|██████▎   | 399/630 [40:58<22:04,  5.73s/it]
 63%|██████▎   | 400/630 [41:03<22:03,  5.75s/it]

eval:   0%|          | 0/80 [00:00<?, ?it/s][A

eval:   1%|▏         | 1/80 [00:00<00:55,  1.42it/s][A

eval:   2%|▎         | 2/80 [00:01<01:11,  1.09it/s][A

eval:   4%|▍         | 3/80 [00:02<01:02,  1.22it/s][A

eval:   5%|▌         | 4/80 [00:03<00:58,  1.30it/s][A

eval:   6%|▋         | 5/80 [00:04<01:07,  1.11it/s][A

eval:   8%|▊         | 6/80 [00:04<01:01,  1.21it/s][A

eval:   9%|▉         | 7/80 [00:05<00:57,  1.28it/s][A

eval:  10%|█         | 8/80 [00:06<00:54,  1.32it/s][A

eval:  11%|█▏        | 9/80 [00:07<01:03,  1.13it/s][A

eval:  12%|█▎        | 10/80 [00:08<00:57,  1.21it/s][A

eval:  14%|█▍        | 11/80 [00:08<00:54,  1.27it/s][A

eval:  15%|█▌        | 12/80 [00:09<00:51,  1.32it/s][A

eval:  16%|█▋        | 13/80 [00:10<01:00,  1.11it/s][A

eval:  18%|█▊        | 14/80 [00:11<00:55,  1.19it/s][A

eval:  19%|█▉        | 15/80 [00:12<00:51,  1.26it/s][A

eval:  20%|██        | 16/80 [00:13<00:58,  1.09it/s][A

eval:  21%|██▏       | 17/80 [00:14<00:54,  1.17it/s][A

eval:  22%|██▎       | 18/80 [00:14<00:49,  1.24it/s][A

eval:  24%|██▍       | 19/80 [00:15<00:46,  1.31it/s][A

eval:  25%|██▌       | 20/80 [00:16<00:53,  1.11it/s][A

eval:  26%|██▋       | 21/80 [00:17<00:49,  1.20it/s][A

eval:  28%|██▊       | 22/80 [00:18<00:45,  1.27it/s][A

eval:  29%|██▉       | 23/80 [00:18<00:43,  1.32it/s][A

eval:  30%|███       | 24/80 [00:20<00:50,  1.11it/s][A

eval:  31%|███▏      | 25/80 [00:20<00:46,  1.19it/s][A

eval:  32%|███▎      | 26/80 [00:21<00:42,  1.27it/s][A

eval:  34%|███▍      | 27/80 [00:22<00:49,  1.07it/s][A

eval:  35%|███▌      | 28/80 [00:23<00:44,  1.16it/s][A

eval:  36%|███▋      | 29/80 [00:24<00:41,  1.24it/s][A

eval:  38%|███▊      | 30/80 [00:24<00:38,  1.30it/s][A

eval:  39%|███▉      | 31/80 [00:26<00:45,  1.08it/s][A

eval:  40%|████      | 32/80 [00:26<00:41,  1.17it/s][A

eval:  41%|████▏     | 33/80 [00:27<00:38,  1.23it/s][A

eval:  42%|████▎     | 34/80 [00:28<00:44,  1.04it/s][A

eval:  44%|████▍     | 35/80 [00:29<00:39,  1.13it/s][A

eval:  45%|████▌     | 36/80 [00:30<00:36,  1.21it/s][A

eval:  46%|████▋     | 37/80 [00:31<00:41,  1.03it/s][A

eval:  48%|████▊     | 38/80 [00:32<00:37,  1.13it/s][A

eval:  49%|████▉     | 39/80 [00:32<00:33,  1.21it/s][A

eval:  50%|█████     | 40/80 [00:33<00:30,  1.31it/s][A

eval:  51%|█████▏    | 41/80 [00:34<00:35,  1.10it/s][A

eval:  52%|█████▎    | 42/80 [00:35<00:32,  1.19it/s][A

eval:  54%|█████▍    | 43/80 [00:36<00:29,  1.25it/s][A

eval:  55%|█████▌    | 44/80 [00:36<00:27,  1.30it/s][A

eval:  56%|█████▋    | 45/80 [00:37<00:31,  1.10it/s][A

eval:  57%|█████▊    | 46/80 [00:38<00:28,  1.21it/s][A

eval:  59%|█████▉    | 47/80 [00:39<00:26,  1.27it/s][A

eval:  60%|██████    | 48/80 [00:40<00:30,  1.05it/s][A

eval:  61%|██████▏   | 49/80 [00:41<00:27,  1.14it/s][A

eval:  62%|██████▎   | 50/80 [00:42<00:24,  1.22it/s][A

eval:  64%|██████▍   | 51/80 [00:42<00:22,  1.28it/s][A

eval:  65%|██████▌   | 52/80 [00:43<00:25,  1.10it/s][A

eval:  66%|██████▋   | 53/80 [00:44<00:22,  1.19it/s][A

eval:  68%|██████▊   | 54/80 [00:45<00:20,  1.26it/s][A

eval:  69%|██████▉   | 55/80 [00:46<00:23,  1.06it/s][A

eval:  70%|███████   | 56/80 [00:47<00:20,  1.15it/s][A

eval:  71%|███████▏  | 57/80 [00:48<00:18,  1.22it/s][A

eval:  72%|███████▎  | 58/80 [00:48<00:17,  1.28it/s][A

eval:  74%|███████▍  | 59/80 [00:49<00:19,  1.07it/s][A

eval:  75%|███████▌  | 60/80 [00:50<00:17,  1.16it/s][A

eval:  76%|███████▋  | 61/80 [00:51<00:15,  1.23it/s][A

eval:  78%|███████▊  | 62/80 [00:52<00:16,  1.06it/s][A

eval:  79%|███████▉  | 63/80 [00:53<00:14,  1.15it/s][A

eval:  80%|████████  | 64/80 [00:53<00:12,  1.23it/s][A

eval:  81%|████████▏ | 65/80 [00:54<00:11,  1.29it/s][A

eval:  82%|████████▎ | 66/80 [00:56<00:13,  1.06it/s][A

eval:  84%|████████▍ | 67/80 [00:56<00:11,  1.15it/s][A

eval:  85%|████████▌ | 68/80 [00:57<00:09,  1.22it/s][A

eval:  86%|████████▋ | 69/80 [00:58<00:10,  1.04it/s][A

eval:  88%|████████▊ | 70/80 [00:59<00:08,  1.14it/s][A

eval:  89%|████████▉ | 71/80 [01:00<00:07,  1.21it/s][A

eval:  90%|█████████ | 72/80 [01:00<00:06,  1.29it/s][A

eval:  91%|█████████▏| 73/80 [01:02<00:06,  1.06it/s][A

eval:  92%|█████████▎| 74/80 [01:02<00:05,  1.15it/s][A

eval:  94%|█████████▍| 75/80 [01:03<00:04,  1.23it/s][A

eval:  95%|█████████▌| 76/80 [01:04<00:03,  1.04it/s][A

eval:  96%|█████████▋| 77/80 [01:05<00:02,  1.14it/s][A

eval:  98%|█████████▊| 78/80 [01:06<00:01,  1.21it/s][A

eval:  99%|█████████▉| 79/80 [01:07<00:00,  1.06it/s][A

eval: 100%|██████████| 80/80 [01:08<00:00,  1.16it/s][A

                                                     [A2026-05-11 19:30:27 | INFO | __main__ | eval.py:43 | [EVAL_SAMPLE] idx=0 pred=false gold=barely-true output=Label: B explain=Hartzler said, "We have less Americans working now than in the ‘70s." The statistics Hartzler’s staff said she cited show the employment-population ratio and labor force participation rate was indeed higher in 1979 than in 2015. However,... prompt=<|im_start|>system
You are a careful fact-checking assistant for LIAR-RAW claims. Classify claims using only the claim and retrieved evidence supplied by the user.<|im_end|>
<|im_start|>user
Classify the claim into exactly one LIAR-RAW l...
2026-05-11 19:30:27 | INFO | __main__ | eval.py:43 | [EVAL_SAMPLE] idx=0 pred=false gold=barely-true output=Label: B explain=Hartzler said, "We have less Americans working now than in the ‘70s." The statistics Hartzler’s staff said she cited show the employment-population ratio and labor force participation rate was indeed higher in 1979 than in 2015. However,... prompt=<|im_start|>system
You are a careful fact-checking assistant for LIAR-RAW claims. Classify claims using only the claim and retrieved evidence supplied by the user.<|im_end|>
<|im_start|>user
Classify the claim into exactly one LIAR-RAW l...
2026-05-11 19:30:27 | INFO | __main__ | eval.py:43 | [EVAL_SAMPLE] idx=1 pred=false gold=pants-fire output=Label: B explain=Ellison used a Koran that once belonged to Thomas Jefferson, borrowing the rare book from the Library of Congress. It goes without saying that Ellison is not Obama. UPDATE: Barack Obama resigned from Trinity United Church of Christ on Ma... prompt=<|im_start|>system
You are a careful fact-checking assistant for LIAR-RAW claims. Classify claims using only the claim and retrieved evidence supplied by the user.<|im_end|>
<|im_start|>user
Classify the claim into exactly one LIAR-RAW l...
2026-05-11 19:30:27 | INFO | __main__ | eval.py:43 | [EVAL_SAMPLE] idx=1 pred=pants-fire gold=pants-fire output=Label: A explain=Ellison used a Koran that once belonged to Thomas Jefferson, borrowing the rare book from the Library of Congress. It goes without saying that Ellison is not Obama. UPDATE: Barack Obama resigned from Trinity United Church of Christ on Ma... prompt=<|im_start|>system
You are a careful fact-checking assistant for LIAR-RAW claims. Classify claims using only the claim and retrieved evidence supplied by the user.<|im_end|>
<|im_start|>user
Classify the claim into exactly one LIAR-RAW l...
2026-05-11 19:30:27 | INFO | __main__ | eval.py:43 | [EVAL_SAMPLE] idx=2 pred=barely-true gold=false output=Label: C explain=However, we have two professors who say the law is silent on political activity -- even if one of them sees an implicit prohibition -- and a plain reading of the law that states no explicit ban. Blumenauer said that "the statute a hundre... prompt=<|im_start|>system
You are a careful fact-checking assistant for LIAR-RAW claims. Classify claims using only the claim and retrieved evidence supplied by the user.<|im_end|>
<|im_start|>user
Classify the claim into exactly one LIAR-RAW l...
2026-05-11 19:30:27 | INFO | __main__ | trainer.py:563 | [eval] step=400 accuracy=0.2727 macro_precision=0.2969 macro_recall=0.2812 macro_f1=0.2652 parse_error_rate=0.0000
2026-05-11 19:30:27 | INFO | __main__ | trainer.py:563 | [eval] per_class:
2026-05-11 19:30:27 | INFO | __main__ | trainer.py:563 |   - barely-true: P=0.2163 R=0.3924 F1=0.2789
2026-05-11 19:30:27 | INFO | __main__ | trainer.py:563 |   - false: P=0.2982 R=0.3793 F1=0.3339
2026-05-11 19:30:27 | INFO | __main__ | trainer.py:563 |   - half-true: P=0.2857 R=0.1138 F1=0.1628
2026-05-11 19:30:27 | INFO | __main__ | trainer.py:563 |   - mostly-true: P=0.4382 R=0.1554 F1=0.2294
2026-05-11 19:30:27 | INFO | __main__ | trainer.py:563 |   - pants-fire: P=0.2593 R=0.3621 F1=0.3022
2026-05-11 19:30:27 | INFO | __main__ | trainer.py:563 |   - true: P=0.2840 R=0.2840 F1=0.2840

 64%|██████▎   | 401/630 [42:24<1:47:14, 28.10s/it]
 64%|██████▍   | 402/630 [42:28<1:19:33, 20.93s/it]
 64%|██████▍   | 403/630 [42:34<1:01:47, 16.33s/it]
 64%|██████▍   | 404/630 [42:41<51:25, 13.65s/it]  
 64%|██████▍   | 405/630 [42:47<43:03, 11.48s/it]
 64%|██████▍   | 406/630 [42:53<36:34,  9.80s/it]
 65%|██████▍   | 407/630 [42:58<30:54,  8.31s/it]
 65%|██████▍   | 408/630 [43:03<27:31,  7.44s/it]
 65%|██████▍   | 409/630 [43:09<25:25,  6.90s/it]
 65%|██████▌   | 410/630 [43:16<24:57,  6.81s/it]
 65%|██████▌   | 411/630 [43:22<24:10,  6.62s/it]
 65%|██████▌   | 412/630 [43:28<23:19,  6.42s/it]
 66%|██████▌   | 413/630 [43:33<22:21,  6.18s/it]
 66%|██████▌   | 414/630 [43:39<21:10,  5.88s/it]
 66%|██████▌   | 415/630 [43:43<19:43,  5.50s/it]
 66%|██████▌   | 416/630 [43:51<21:35,  6.05s/it]
 66%|██████▌   | 417/630 [43:57<22:00,  6.20s/it]
 66%|██████▋   | 418/630 [44:03<21:35,  6.11s/it]
 67%|██████▋   | 419/630 [44:09<20:59,  5.97s/it]
 67%|██████▋   | 420/630 [44:13<19:30,  5.57s/it]
 67%|██████▋   | 421/630 [44:18<18:10,  5.22s/it]
 67%|██████▋   | 422/630 [44:24<18:47,  5.42s/it]
 67%|██████▋   | 423/630 [44:29<18:54,  5.48s/it]
 67%|██████▋   | 424/630 [44:35<19:10,  5.59s/it]
 67%|██████▋   | 425/630 [44:41<19:11,  5.62s/it]
 68%|██████▊   | 426/630 [44:46<18:51,  5.55s/it]
 68%|██████▊   | 427/630 [44:51<18:14,  5.39s/it]
 68%|██████▊   | 428/630 [44:56<17:08,  5.09s/it]
 68%|██████▊   | 429/630 [45:02<18:23,  5.49s/it]
 68%|██████▊   | 430/630 [45:08<18:44,  5.62s/it]
 68%|██████▊   | 431/630 [45:14<18:44,  5.65s/it]
 69%|██████▊   | 432/630 [45:19<18:36,  5.64s/it]
 69%|██████▊   | 433/630 [45:24<18:03,  5.50s/it]
 69%|██████▉   | 434/630 [45:30<17:56,  5.49s/it]
 69%|██████▉   | 435/630 [45:36<18:48,  5.79s/it]
 69%|██████▉   | 436/630 [45:42<19:02,  5.89s/it]
 69%|██████▉   | 437/630 [45:48<18:49,  5.85s/it]
 70%|██████▉   | 438/630 [45:53<17:39,  5.52s/it]
 70%|██████▉   | 439/630 [45:59<17:34,  5.52s/it]
 70%|██████▉   | 440/630 [46:03<16:35,  5.24s/it]
 70%|███████   | 441/630 [46:09<17:08,  5.44s/it]
 70%|███████   | 442/630 [46:15<17:10,  5.48s/it]
 70%|███████   | 443/630 [46:21<17:30,  5.62s/it]
 70%|███████   | 444/630 [46:26<17:28,  5.64s/it]
 71%|███████   | 445/630 [46:31<16:45,  5.44s/it]
 71%|███████   | 446/630 [46:35<15:23,  5.02s/it]
 71%|███████   | 447/630 [46:42<16:32,  5.42s/it]
 71%|███████   | 448/630 [46:48<17:24,  5.74s/it]
 71%|███████▏  | 449/630 [46:54<17:36,  5.84s/it]
 71%|███████▏  | 450/630 [47:01<18:25,  6.14s/it]
 72%|███████▏  | 451/630 [47:06<17:11,  5.76s/it]
 72%|███████▏  | 452/630 [47:11<16:42,  5.63s/it]
 72%|███████▏  | 453/630 [47:17<16:31,  5.60s/it]
 72%|███████▏  | 454/630 [47:23<17:01,  5.80s/it]
 72%|███████▏  | 455/630 [47:29<16:59,  5.83s/it]
 72%|███████▏  | 456/630 [47:35<16:56,  5.84s/it]
 73%|███████▎  | 457/630 [47:40<16:22,  5.68s/it]
 73%|███████▎  | 458/630 [47:44<14:43,  5.14s/it]
 73%|███████▎  | 459/630 [47:49<14:48,  5.20s/it]
 73%|███████▎  | 460/630 [47:55<14:58,  5.29s/it]
 73%|███████▎  | 461/630 [48:01<15:28,  5.50s/it]
 73%|███████▎  | 462/630 [48:07<15:39,  5.59s/it]
 73%|███████▎  | 463/630 [48:12<15:26,  5.55s/it]
 74%|███████▎  | 464/630 [48:17<15:06,  5.46s/it]
 74%|███████▍  | 465/630 [48:21<13:44,  5.00s/it]
 74%|███████▍  | 466/630 [48:28<14:48,  5.42s/it]
 74%|███████▍  | 467/630 [48:35<16:11,  5.96s/it]
 74%|███████▍  | 468/630 [48:40<15:26,  5.72s/it]
 74%|███████▍  | 469/630 [48:46<15:18,  5.71s/it]
 75%|███████▍  | 470/630 [48:51<15:06,  5.66s/it]
 75%|███████▍  | 471/630 [48:56<14:30,  5.47s/it]
 75%|███████▍  | 472/630 [49:02<14:49,  5.63s/it]
 75%|███████▌  | 473/630 [49:08<15:09,  5.80s/it]
 75%|███████▌  | 474/630 [49:15<15:29,  5.96s/it]
 75%|███████▌  | 475/630 [49:20<14:31,  5.62s/it]
 76%|███████▌  | 476/630 [49:25<14:16,  5.56s/it]
 76%|███████▌  | 477/630 [49:30<13:38,  5.35s/it]
 76%|███████▌  | 478/630 [49:35<13:10,  5.20s/it]
 76%|███████▌  | 479/630 [49:41<13:46,  5.48s/it]
 76%|███████▌  | 480/630 [49:47<13:59,  5.60s/it]
 76%|███████▋  | 481/630 [49:52<13:48,  5.56s/it]
 77%|███████▋  | 482/630 [49:57<13:21,  5.42s/it]
 77%|███████▋  | 483/630 [50:02<12:26,  5.08s/it]
 77%|███████▋  | 484/630 [50:07<12:54,  5.30s/it]
 77%|███████▋  | 485/630 [50:14<13:46,  5.70s/it]
 77%|███████▋  | 486/630 [50:20<13:52,  5.78s/it]
 77%|███████▋  | 487/630 [50:26<14:01,  5.89s/it]
 77%|███████▋  | 488/630 [50:32<13:43,  5.80s/it]
 78%|███████▊  | 489/630 [50:37<13:13,  5.63s/it]
 78%|███████▊  | 490/630 [50:41<11:49,  5.07s/it]
 78%|███████▊  | 491/630 [50:47<12:42,  5.48s/it]
 78%|███████▊  | 492/630 [50:54<13:38,  5.93s/it]
 78%|███████▊  | 493/630 [50:59<12:58,  5.68s/it]
 78%|███████▊  | 494/630 [51:05<12:46,  5.64s/it]
 79%|███████▊  | 495/630 [51:10<12:25,  5.52s/it]
 79%|███████▊  | 496/630 [51:15<12:00,  5.38s/it]
 79%|███████▉  | 497/630 [51:21<12:27,  5.62s/it]
 79%|███████▉  | 498/630 [51:28<12:50,  5.84s/it]
 79%|███████▉  | 499/630 [51:33<12:18,  5.63s/it]
 79%|███████▉  | 500/630 [51:38<11:59,  5.54s/it]

eval:   0%|          | 0/80 [00:00<?, ?it/s][A

eval:   1%|▏         | 1/80 [00:00<00:55,  1.41it/s][A

eval:   2%|▎         | 2/80 [00:01<00:57,  1.35it/s][A

eval:   4%|▍         | 3/80 [00:02<00:55,  1.39it/s][A

eval:   5%|▌         | 4/80 [00:02<00:54,  1.40it/s][A

eval:   6%|▋         | 5/80 [00:03<00:51,  1.45it/s][A

eval:   8%|▊         | 6/80 [00:04<00:58,  1.27it/s][A

eval:   9%|▉         | 7/80 [00:05<00:55,  1.32it/s][A

eval:  10%|█         | 8/80 [00:05<00:53,  1.36it/s][A

eval:  11%|█▏        | 9/80 [00:06<00:50,  1.40it/s][A

eval:  12%|█▎        | 10/80 [00:07<00:58,  1.19it/s][A

eval:  14%|█▍        | 11/80 [00:08<00:54,  1.26it/s][A

eval:  15%|█▌        | 12/80 [00:09<00:52,  1.31it/s][A

eval:  16%|█▋        | 13/80 [00:09<00:49,  1.34it/s][A

eval:  18%|█▊        | 14/80 [00:10<00:57,  1.14it/s][A

eval:  19%|█▉        | 15/80 [00:11<00:53,  1.22it/s][A

eval:  20%|██        | 16/80 [00:12<00:50,  1.27it/s][A

eval:  21%|██▏       | 17/80 [00:13<00:47,  1.32it/s][A

eval:  22%|██▎       | 18/80 [00:14<00:54,  1.13it/s][A

eval:  24%|██▍       | 19/80 [00:14<00:50,  1.22it/s][A

eval:  25%|██▌       | 20/80 [00:15<00:47,  1.27it/s][A

eval:  26%|██▋       | 21/80 [00:16<00:53,  1.10it/s][A

eval:  28%|██▊       | 22/80 [00:17<00:49,  1.18it/s][A

eval:  29%|██▉       | 23/80 [00:18<00:45,  1.25it/s][A

eval:  30%|███       | 24/80 [00:18<00:42,  1.30it/s][A

eval:  31%|███▏      | 25/80 [00:20<00:50,  1.08it/s][A

eval:  32%|███▎      | 26/80 [00:20<00:45,  1.18it/s][A

eval:  34%|███▍      | 27/80 [00:21<00:42,  1.24it/s][A

eval:  35%|███▌      | 28/80 [00:22<00:50,  1.04it/s][A

eval:  36%|███▋      | 29/80 [00:23<00:44,  1.14it/s][A

eval:  38%|███▊      | 30/80 [00:24<00:41,  1.21it/s][A

eval:  39%|███▉      | 31/80 [00:24<00:38,  1.27it/s][A

eval:  40%|████      | 32/80 [00:26<00:45,  1.06it/s][A

eval:  41%|████▏     | 33/80 [00:26<00:40,  1.15it/s][A

eval:  42%|████▎     | 34/80 [00:27<00:37,  1.22it/s][A

eval:  44%|████▍     | 35/80 [00:28<00:43,  1.03it/s][A

eval:  45%|████▌     | 36/80 [00:29<00:39,  1.13it/s][A

eval:  46%|████▋     | 37/80 [00:30<00:35,  1.20it/s][A

eval:  48%|████▊     | 38/80 [00:31<00:33,  1.27it/s][A

eval:  49%|████▉     | 39/80 [00:32<00:38,  1.07it/s][A

eval:  50%|█████     | 40/80 [00:32<00:33,  1.20it/s][A

eval:  51%|█████▏    | 41/80 [00:33<00:30,  1.26it/s][A

eval:  52%|█████▎    | 42/80 [00:34<00:36,  1.05it/s][A

eval:  54%|█████▍    | 43/80 [00:35<00:32,  1.14it/s][A

eval:  55%|█████▌    | 44/80 [00:36<00:29,  1.21it/s][A

eval:  56%|█████▋    | 45/80 [00:37<00:27,  1.27it/s][A

eval:  57%|█████▊    | 46/80 [00:38<00:31,  1.07it/s][A

eval:  59%|█████▉    | 47/80 [00:39<00:28,  1.16it/s][A

eval:  60%|██████    | 48/80 [00:39<00:26,  1.23it/s][A

eval:  61%|██████▏   | 49/80 [00:41<00:29,  1.04it/s][A

eval:  62%|██████▎   | 50/80 [00:41<00:26,  1.14it/s][A

eval:  64%|██████▍   | 51/80 [00:42<00:23,  1.22it/s][A

eval:  65%|██████▌   | 52/80 [00:43<00:21,  1.28it/s][A

eval:  66%|██████▋   | 53/80 [00:44<00:24,  1.09it/s][A

eval:  68%|██████▊   | 54/80 [00:45<00:22,  1.18it/s][A

eval:  69%|██████▉   | 55/80 [00:45<00:20,  1.25it/s][A

eval:  70%|███████   | 56/80 [00:47<00:22,  1.05it/s][A

eval:  71%|███████▏  | 57/80 [00:47<00:20,  1.14it/s][A

eval:  72%|███████▎  | 58/80 [00:48<00:18,  1.22it/s][A

eval:  74%|███████▍  | 59/80 [00:49<00:16,  1.28it/s][A

eval:  75%|███████▌  | 60/80 [00:50<00:18,  1.05it/s][A

eval:  76%|███████▋  | 61/80 [00:51<00:16,  1.14it/s][A

eval:  78%|███████▊  | 62/80 [00:51<00:14,  1.22it/s][A

eval:  79%|███████▉  | 63/80 [00:53<00:16,  1.03it/s][A

eval:  80%|████████  | 64/80 [00:53<00:14,  1.13it/s][A

eval:  81%|████████▏ | 65/80 [00:54<00:12,  1.21it/s][A

eval:  82%|████████▎ | 66/80 [00:55<00:13,  1.04it/s][A

eval:  84%|████████▍ | 67/80 [00:56<00:11,  1.13it/s][A

eval:  85%|████████▌ | 68/80 [00:57<00:09,  1.20it/s][A

eval:  86%|████████▋ | 69/80 [00:57<00:08,  1.27it/s][A

eval:  88%|████████▊ | 70/80 [00:59<00:09,  1.07it/s][A

eval:  89%|████████▉ | 71/80 [00:59<00:07,  1.16it/s][A

eval:  90%|█████████ | 72/80 [01:00<00:06,  1.24it/s][A

eval:  91%|█████████▏| 73/80 [01:01<00:06,  1.03it/s][A

eval:  92%|█████████▎| 74/80 [01:02<00:05,  1.13it/s][A

eval:  94%|█████████▍| 75/80 [01:03<00:04,  1.20it/s][A

eval:  95%|█████████▌| 76/80 [01:03<00:03,  1.27it/s][A

eval:  96%|█████████▋| 77/80 [01:05<00:02,  1.06it/s][A

eval:  98%|█████████▊| 78/80 [01:05<00:01,  1.15it/s][A

eval:  99%|█████████▉| 79/80 [01:06<00:00,  1.22it/s][A

eval: 100%|██████████| 80/80 [01:08<00:00,  1.02it/s][A

                                                     [A2026-05-11 19:41:01 | INFO | __main__ | eval.py:43 | [EVAL_SAMPLE] idx=0 pred=false gold=barely-true output=Label: B explain=Hartzler said, "We have less Americans working now than in the ‘70s." The statistics Hartzler’s staff said she cited show the employment-population ratio and labor force participation rate was indeed higher in 1979 than in 2015. However,... prompt=<|im_start|>system
You are a careful fact-checking assistant for LIAR-RAW claims. Classify claims using only the claim and retrieved evidence supplied by the user.<|im_end|>
<|im_start|>user
Classify the claim into exactly one LIAR-RAW l...
2026-05-11 19:41:01 | INFO | __main__ | eval.py:43 | [EVAL_SAMPLE] idx=0 pred=false gold=barely-true output=Label: B explain=Hartzler said, "We have less Americans working now than in the ‘70s." The statistics Hartzler’s staff said she cited show the employment-population ratio and labor force participation rate was indeed higher in 1979 than in 2015. However,... prompt=<|im_start|>system
You are a careful fact-checking assistant for LIAR-RAW claims. Classify claims using only the claim and retrieved evidence supplied by the user.<|im_end|>
<|im_start|>user
Classify the claim into exactly one LIAR-RAW l...
2026-05-11 19:41:01 | INFO | __main__ | eval.py:43 | [EVAL_SAMPLE] idx=1 pred=pants-fire gold=pants-fire output=Label: A explain=Ellison used a Koran that once belonged to Thomas Jefferson, borrowing the rare book from the Library of Congress. It goes without saying that Ellison is not Obama. UPDATE: Barack Obama resigned from Trinity United Church of Christ on Ma... prompt=<|im_start|>system
You are a careful fact-checking assistant for LIAR-RAW claims. Classify claims using only the claim and retrieved evidence supplied by the user.<|im_end|>
<|im_start|>user
Classify the claim into exactly one LIAR-RAW l...
2026-05-11 19:41:01 | INFO | __main__ | eval.py:43 | [EVAL_SAMPLE] idx=1 pred=pants-fire gold=pants-fire output=Label: A explain=Ellison used a Koran that once belonged to Thomas Jefferson, borrowing the rare book from the Library of Congress. It goes without saying that Ellison is not Obama. UPDATE: Barack Obama resigned from Trinity United Church of Christ on Ma... prompt=<|im_start|>system
You are a careful fact-checking assistant for LIAR-RAW claims. Classify claims using only the claim and retrieved evidence supplied by the user.<|im_end|>
<|im_start|>user
Classify the claim into exactly one LIAR-RAW l...
2026-05-11 19:41:01 | INFO | __main__ | eval.py:43 | [EVAL_SAMPLE] idx=2 pred=barely-true gold=false output=Label: C explain=However, we have two professors who say the law is silent on political activity -- even if one of them sees an implicit prohibition -- and a plain reading of the law that states no explicit ban. Blumenauer said that "the statute a hundre... prompt=<|im_start|>system
You are a careful fact-checking assistant for LIAR-RAW claims. Classify claims using only the claim and retrieved evidence supplied by the user.<|im_end|>
<|im_start|>user
Classify the claim into exactly one LIAR-RAW l...
2026-05-11 19:41:01 | INFO | __main__ | trainer.py:563 | [eval] step=500 accuracy=0.2914 macro_precision=0.3024 macro_recall=0.3077 macro_f1=0.2737 parse_error_rate=0.0000
2026-05-11 19:41:01 | INFO | __main__ | trainer.py:563 | [eval] per_class:
2026-05-11 19:41:01 | INFO | __main__ | trainer.py:563 |   - barely-true: P=0.2550 R=0.3249 F1=0.2857
2026-05-11 19:41:01 | INFO | __main__ | trainer.py:563 |   - false: P=0.2983 R=0.4023 F1=0.3426
2026-05-11 19:41:01 | INFO | __main__ | trainer.py:563 |   - half-true: P=0.3571 R=0.0407 F1=0.0730
2026-05-11 19:41:01 | INFO | __main__ | trainer.py:563 |   - mostly-true: P=0.3320 R=0.3307 F1=0.3313
2026-05-11 19:41:01 | INFO | __main__ | trainer.py:563 |   - pants-fire: P=0.2719 R=0.5345 F1=0.3605
2026-05-11 19:41:01 | INFO | __main__ | trainer.py:563 |   - true: P=0.3000 R=0.2130 F1=0.2491

 80%|███████▉  | 501/630 [52:59<1:00:32, 28.16s/it]
 80%|███████▉  | 502/630 [53:04<45:30, 21.33s/it]  
 80%|███████▉  | 503/630 [53:09<34:37, 16.36s/it]
 80%|████████  | 504/630 [53:16<28:29, 13.56s/it]
 80%|████████  | 505/630 [53:22<23:15, 11.16s/it]
 80%|████████  | 506/630 [53:27<19:26,  9.41s/it]
 80%|████████  | 507/630 [53:32<16:34,  8.08s/it]
 81%|████████  | 508/630 [53:36<14:07,  6.95s/it]
 81%|████████  | 509/630 [53:42<13:19,  6.61s/it]
 81%|████████  | 510/630 [53:49<13:15,  6.63s/it]
 81%|████████  | 511/630 [53:55<12:48,  6.46s/it]
 81%|████████▏ | 512/630 [54:01<12:16,  6.24s/it]
 81%|████████▏ | 513/630 [54:06<11:44,  6.03s/it]
 82%|████████▏ | 514/630 [54:11<11:10,  5.78s/it]
 82%|████████▏ | 515/630 [54:16<10:10,  5.31s/it]
 82%|████████▏ | 516/630 [54:22<10:43,  5.65s/it]
 82%|████████▏ | 517/630 [54:29<11:26,  6.08s/it]
 82%|████████▏ | 518/630 [54:34<10:47,  5.78s/it]
 82%|████████▏ | 519/630 [54:40<10:44,  5.81s/it]
 83%|████████▎ | 520/630 [54:46<10:38,  5.81s/it]
 83%|████████▎ | 521/630 [54:51<10:14,  5.64s/it]
 83%|████████▎ | 522/630 [54:58<10:44,  5.97s/it]
 83%|████████▎ | 523/630 [55:04<10:55,  6.13s/it]
 83%|████████▎ | 524/630 [55:10<10:43,  6.07s/it]
 83%|████████▎ | 525/630 [55:16<10:27,  5.98s/it]
 83%|████████▎ | 526/630 [55:21<09:53,  5.71s/it]
 84%|████████▎ | 527/630 [55:26<09:22,  5.46s/it]
 84%|████████▍ | 528/630 [55:31<09:07,  5.36s/it]
 84%|████████▍ | 529/630 [55:38<09:36,  5.71s/it]
 84%|████████▍ | 530/630 [55:44<09:36,  5.77s/it]
 84%|████████▍ | 531/630 [55:49<09:24,  5.70s/it]
 84%|████████▍ | 532/630 [55:54<09:07,  5.58s/it]
 85%|████████▍ | 533/630 [55:59<08:28,  5.25s/it]
 85%|████████▍ | 534/630 [56:04<08:33,  5.35s/it]
 85%|████████▍ | 535/630 [56:11<09:00,  5.69s/it]
 85%|████████▌ | 536/630 [56:17<09:01,  5.77s/it]
 85%|████████▌ | 537/630 [56:24<09:27,  6.10s/it]
 85%|████████▌ | 538/630 [56:28<08:43,  5.69s/it]
 86%|████████▌ | 539/630 [56:34<08:30,  5.61s/it]
 86%|████████▌ | 540/630 [56:38<07:49,  5.22s/it]
 86%|████████▌ | 541/630 [56:45<08:24,  5.67s/it]
 86%|████████▌ | 542/630 [56:51<08:36,  5.87s/it]
 86%|████████▌ | 543/630 [56:56<08:06,  5.60s/it]
 86%|████████▋ | 544/630 [57:01<07:47,  5.44s/it]
 87%|████████▋ | 545/630 [57:07<07:54,  5.58s/it]
 87%|████████▋ | 546/630 [57:11<07:11,  5.14s/it]
 87%|████████▋ | 547/630 [57:18<07:36,  5.50s/it]
 87%|████████▋ | 548/630 [57:24<07:54,  5.78s/it]
 87%|████████▋ | 549/630 [57:31<08:14,  6.10s/it]
 87%|████████▋ | 550/630 [57:36<07:41,  5.77s/it]
 87%|████████▋ | 551/630 [57:41<07:29,  5.69s/it]
 88%|████████▊ | 552/630 [57:47<07:09,  5.51s/it]
 88%|████████▊ | 553/630 [57:52<07:04,  5.51s/it]
 88%|████████▊ | 554/630 [57:59<07:20,  5.80s/it]
 88%|████████▊ | 555/630 [58:03<06:55,  5.54s/it]
 88%|████████▊ | 556/630 [58:09<06:55,  5.61s/it]
 88%|████████▊ | 557/630 [58:14<06:40,  5.49s/it]
 89%|████████▊ | 558/630 [58:19<06:11,  5.17s/it]
 89%|████████▊ | 559/630 [58:24<06:15,  5.29s/it]
 89%|████████▉ | 560/630 [58:31<06:34,  5.64s/it]
 89%|████████▉ | 561/630 [58:37<06:34,  5.72s/it]
 89%|████████▉ | 562/630 [58:43<06:40,  5.89s/it]
 89%|████████▉ | 563/630 [58:49<06:26,  5.77s/it]
 90%|████████▉ | 564/630 [58:54<06:09,  5.61s/it]
 90%|████████▉ | 565/630 [58:58<05:37,  5.20s/it]
 90%|████████▉ | 566/630 [59:05<06:06,  5.73s/it]
 90%|█████████ | 567/630 [59:11<06:13,  5.92s/it]
 90%|█████████ | 568/630 [59:17<05:55,  5.74s/it]
 90%|█████████ | 569/630 [59:22<05:43,  5.62s/it]
 90%|█████████ | 570/630 [59:27<05:23,  5.40s/it]
 91%|█████████ | 571/630 [59:31<05:03,  5.14s/it]
 91%|█████████ | 572/630 [59:38<05:17,  5.47s/it]
 91%|█████████ | 573/630 [59:45<05:47,  6.10s/it]
 91%|█████████ | 574/630 [59:51<05:32,  5.94s/it]
 91%|█████████▏| 575/630 [59:56<05:09,  5.63s/it]
 91%|█████████▏| 576/630 [1:00:01<05:00,  5.56s/it]
 92%|█████████▏| 577/630 [1:00:06<04:47,  5.43s/it]
 92%|█████████▏| 578/630 [1:00:11<04:29,  5.18s/it]
 92%|█████████▏| 579/630 [1:00:18<04:54,  5.77s/it]
 92%|█████████▏| 580/630 [1:00:24<04:57,  5.95s/it]
 92%|█████████▏| 581/630 [1:00:29<04:38,  5.68s/it]
 92%|█████████▏| 582/630 [1:00:35<04:28,  5.60s/it]
 93%|█████████▎| 583/630 [1:00:40<04:18,  5.49s/it]
 93%|█████████▎| 584/630 [1:00:46<04:16,  5.59s/it]
 93%|█████████▎| 585/630 [1:00:53<04:30,  6.00s/it]
 93%|█████████▎| 586/630 [1:00:59<04:20,  5.92s/it]
 93%|█████████▎| 587/630 [1:01:04<04:10,  5.82s/it]
 93%|█████████▎| 588/630 [1:01:09<03:53,  5.55s/it]
 93%|█████████▎| 589/630 [1:01:14<03:43,  5.45s/it]
 94%|█████████▎| 590/630 [1:01:19<03:31,  5.28s/it]
 94%|█████████▍| 591/630 [1:01:25<03:37,  5.57s/it]
 94%|█████████▍| 592/630 [1:01:32<03:41,  5.83s/it]
 94%|█████████▍| 593/630 [1:01:37<03:27,  5.61s/it]
 94%|█████████▍| 594/630 [1:01:42<03:18,  5.52s/it]
 94%|█████████▍| 595/630 [1:01:47<03:08,  5.39s/it]
 95%|█████████▍| 596/630 [1:01:52<02:51,  5.06s/it]
 95%|█████████▍| 597/630 [1:01:58<02:58,  5.41s/it]
 95%|█████████▍| 598/630 [1:02:05<03:11,  5.99s/it]
 95%|█████████▌| 599/630 [1:02:11<03:05,  5.99s/it]
 95%|█████████▌| 600/630 [1:02:17<02:57,  5.90s/it]

eval:   0%|          | 0/80 [00:00<?, ?it/s][A

eval:   1%|▏         | 1/80 [00:00<00:55,  1.41it/s][A

eval:   2%|▎         | 2/80 [00:01<00:52,  1.48it/s][A

eval:   4%|▍         | 3/80 [00:02<00:52,  1.46it/s][A

eval:   5%|▌         | 4/80 [00:03<01:10,  1.07it/s][A

eval:   6%|▋         | 5/80 [00:04<01:02,  1.21it/s][A

eval:   8%|▊         | 6/80 [00:04<00:57,  1.28it/s][A

eval:   9%|▉         | 7/80 [00:06<01:11,  1.03it/s][A

eval:  10%|█         | 8/80 [00:06<01:03,  1.13it/s][A

eval:  11%|█▏        | 9/80 [00:07<00:58,  1.22it/s][A

eval:  12%|█▎        | 10/80 [00:08<00:54,  1.29it/s][A

eval:  14%|█▍        | 11/80 [00:09<01:05,  1.06it/s][A

eval:  15%|█▌        | 12/80 [00:10<00:59,  1.15it/s][A

eval:  16%|█▋        | 13/80 [00:10<00:54,  1.22it/s][A

eval:  18%|█▊        | 14/80 [00:12<01:02,  1.05it/s][A

eval:  19%|█▉        | 15/80 [00:12<00:56,  1.14it/s][A

eval:  20%|██        | 16/80 [00:13<00:52,  1.21it/s][A

eval:  21%|██▏       | 17/80 [00:14<00:49,  1.27it/s][A

eval:  22%|██▎       | 18/80 [00:15<00:57,  1.08it/s][A

eval:  24%|██▍       | 19/80 [00:16<00:51,  1.17it/s][A

eval:  25%|██▌       | 20/80 [00:16<00:48,  1.24it/s][A

eval:  26%|██▋       | 21/80 [00:18<00:55,  1.06it/s][A

eval:  28%|██▊       | 22/80 [00:18<00:50,  1.15it/s][A

eval:  29%|██▉       | 23/80 [00:19<00:46,  1.23it/s][A

eval:  30%|███       | 24/80 [00:20<00:43,  1.28it/s][A

eval:  31%|███▏      | 25/80 [00:21<00:51,  1.07it/s][A

eval:  32%|███▎      | 26/80 [00:22<00:46,  1.17it/s][A

eval:  34%|███▍      | 27/80 [00:22<00:42,  1.23it/s][A

eval:  35%|███▌      | 28/80 [00:24<00:48,  1.07it/s][A

eval:  36%|███▋      | 29/80 [00:24<00:43,  1.17it/s][A

eval:  38%|███▊      | 30/80 [00:25<00:40,  1.24it/s][A

eval:  39%|███▉      | 31/80 [00:26<00:37,  1.29it/s][A

eval:  40%|████      | 32/80 [00:27<00:43,  1.09it/s][A

eval:  41%|████▏     | 33/80 [00:28<00:39,  1.18it/s][A

eval:  42%|████▎     | 34/80 [00:28<00:37,  1.24it/s][A

eval:  44%|████▍     | 35/80 [00:30<00:43,  1.04it/s][A

eval:  45%|████▌     | 36/80 [00:30<00:38,  1.13it/s][A

eval:  46%|████▋     | 37/80 [00:31<00:35,  1.21it/s][A

eval:  48%|████▊     | 38/80 [00:32<00:33,  1.27it/s][A

eval:  49%|████▉     | 39/80 [00:33<00:37,  1.08it/s][A

eval:  50%|█████     | 40/80 [00:34<00:33,  1.20it/s][A

eval:  51%|█████▏    | 41/80 [00:34<00:30,  1.27it/s][A

eval:  52%|█████▎    | 42/80 [00:36<00:35,  1.06it/s][A

eval:  54%|█████▍    | 43/80 [00:36<00:32,  1.15it/s][A

eval:  55%|█████▌    | 44/80 [00:37<00:29,  1.22it/s][A

eval:  56%|█████▋    | 45/80 [00:38<00:27,  1.28it/s][A

eval:  57%|█████▊    | 46/80 [00:39<00:30,  1.12it/s][A

eval:  59%|█████▉    | 47/80 [00:39<00:27,  1.20it/s][A

eval:  60%|██████    | 48/80 [00:40<00:25,  1.26it/s][A

eval:  61%|██████▏   | 49/80 [00:42<00:29,  1.05it/s][A

eval:  62%|██████▎   | 50/80 [00:42<00:26,  1.15it/s][A

eval:  64%|██████▍   | 51/80 [00:43<00:23,  1.22it/s][A

eval:  65%|██████▌   | 52/80 [00:44<00:21,  1.29it/s][A

eval:  66%|██████▋   | 53/80 [00:45<00:24,  1.09it/s][A

eval:  68%|██████▊   | 54/80 [00:45<00:22,  1.18it/s][A

eval:  69%|██████▉   | 55/80 [00:46<00:20,  1.24it/s][A

eval:  70%|███████   | 56/80 [00:47<00:22,  1.06it/s][A

eval:  71%|███████▏  | 57/80 [00:48<00:20,  1.15it/s][A

eval:  72%|███████▎  | 58/80 [00:49<00:17,  1.23it/s][A

eval:  74%|███████▍  | 59/80 [00:50<00:16,  1.28it/s][A

eval:  75%|███████▌  | 60/80 [00:51<00:17,  1.11it/s][A

eval:  76%|███████▋  | 61/80 [00:51<00:15,  1.19it/s][A

eval:  78%|███████▊  | 62/80 [00:52<00:14,  1.27it/s][A

eval:  79%|███████▉  | 63/80 [00:53<00:12,  1.31it/s][A

eval:  80%|████████  | 64/80 [00:54<00:14,  1.12it/s][A

eval:  81%|████████▏ | 65/80 [00:55<00:12,  1.20it/s][A

eval:  82%|████████▎ | 66/80 [00:55<00:11,  1.27it/s][A

eval:  84%|████████▍ | 67/80 [00:57<00:12,  1.06it/s][A

eval:  85%|████████▌ | 68/80 [00:57<00:10,  1.15it/s][A

eval:  86%|████████▋ | 69/80 [00:58<00:08,  1.23it/s][A

eval:  88%|████████▊ | 70/80 [00:59<00:07,  1.29it/s][A

eval:  89%|████████▉ | 71/80 [01:00<00:08,  1.07it/s][A

eval:  90%|█████████ | 72/80 [01:01<00:06,  1.17it/s][A

eval:  91%|█████████▏| 73/80 [01:01<00:05,  1.23it/s][A

eval:  92%|█████████▎| 74/80 [01:03<00:05,  1.03it/s][A

eval:  94%|█████████▍| 75/80 [01:03<00:04,  1.12it/s][A

eval:  95%|█████████▌| 76/80 [01:04<00:03,  1.21it/s][A

eval:  96%|█████████▋| 77/80 [01:05<00:02,  1.05it/s][A

eval:  98%|█████████▊| 78/80 [01:06<00:01,  1.14it/s][A

eval:  99%|█████████▉| 79/80 [01:07<00:00,  1.22it/s][A

eval: 100%|██████████| 80/80 [01:07<00:00,  1.28it/s][A

                                                     [A2026-05-11 19:51:40 | INFO | __main__ | eval.py:43 | [EVAL_SAMPLE] idx=0 pred=false gold=barely-true output=Label: B explain=Hartzler said, "We have less Americans working now than in the ‘70s." The statistics Hartzler’s staff said she cited show the employment-population ratio and labor force participation rate was indeed higher in 1979 than in 2015. However,... prompt=<|im_start|>system
You are a careful fact-checking assistant for LIAR-RAW claims. Classify claims using only the claim and retrieved evidence supplied by the user.<|im_end|>
<|im_start|>user
Classify the claim into exactly one LIAR-RAW l...
2026-05-11 19:51:40 | INFO | __main__ | eval.py:43 | [EVAL_SAMPLE] idx=0 pred=false gold=barely-true output=Label: B explain=Hartzler said, "We have less Americans working now than in the ‘70s." The statistics Hartzler’s staff said she cited show the employment-population ratio and labor force participation rate was indeed higher in 1979 than in 2015. However,... prompt=<|im_start|>system
You are a careful fact-checking assistant for LIAR-RAW claims. Classify claims using only the claim and retrieved evidence supplied by the user.<|im_end|>
<|im_start|>user
Classify the claim into exactly one LIAR-RAW l...
2026-05-11 19:51:40 | INFO | __main__ | eval.py:43 | [EVAL_SAMPLE] idx=1 pred=pants-fire gold=pants-fire output=Label: A explain=Ellison used a Koran that once belonged to Thomas Jefferson, borrowing the rare book from the Library of Congress. It goes without saying that Ellison is not Obama. UPDATE: Barack Obama resigned from Trinity United Church of Christ on Ma... prompt=<|im_start|>system
You are a careful fact-checking assistant for LIAR-RAW claims. Classify claims using only the claim and retrieved evidence supplied by the user.<|im_end|>
<|im_start|>user
Classify the claim into exactly one LIAR-RAW l...
2026-05-11 19:51:40 | INFO | __main__ | eval.py:43 | [EVAL_SAMPLE] idx=1 pred=pants-fire gold=pants-fire output=Label: A explain=Ellison used a Koran that once belonged to Thomas Jefferson, borrowing the rare book from the Library of Congress. It goes without saying that Ellison is not Obama. UPDATE: Barack Obama resigned from Trinity United Church of Christ on Ma... prompt=<|im_start|>system
You are a careful fact-checking assistant for LIAR-RAW claims. Classify claims using only the claim and retrieved evidence supplied by the user.<|im_end|>
<|im_start|>user
Classify the claim into exactly one LIAR-RAW l...
2026-05-11 19:51:40 | INFO | __main__ | eval.py:43 | [EVAL_SAMPLE] idx=2 pred=true gold=false output=Label: F explain=However, we have two professors who say the law is silent on political activity -- even if one of them sees an implicit prohibition -- and a plain reading of the law that states no explicit ban. Blumenauer said that "the statute a hundre... prompt=<|im_start|>system
You are a careful fact-checking assistant for LIAR-RAW claims. Classify claims using only the claim and retrieved evidence supplied by the user.<|im_end|>
<|im_start|>user
Classify the claim into exactly one LIAR-RAW l...
2026-05-11 19:51:40 | INFO | __main__ | trainer.py:563 | [eval] step=600 accuracy=0.2836 macro_precision=0.3890 macro_recall=0.3166 macro_f1=0.2583 parse_error_rate=0.0000
2026-05-11 19:51:40 | INFO | __main__ | trainer.py:563 | [eval] per_class:
2026-05-11 19:51:40 | INFO | __main__ | trainer.py:563 |   - barely-true: P=0.2430 R=0.4008 F1=0.3025
2026-05-11 19:51:40 | INFO | __main__ | trainer.py:563 |   - false: P=0.2801 R=0.3563 F1=0.3137
2026-05-11 19:51:40 | INFO | __main__ | trainer.py:563 |   - half-true: P=0.4545 R=0.0610 F1=0.1075
2026-05-11 19:51:40 | INFO | __main__ | trainer.py:563 |   - mostly-true: P=0.7692 R=0.0398 F1=0.0758
2026-05-11 19:51:40 | INFO | __main__ | trainer.py:563 |   - pants-fire: P=0.2938 R=0.4914 F1=0.3677
2026-05-11 19:51:40 | INFO | __main__ | trainer.py:563 |   - true: P=0.2934 R=0.5503 F1=0.3827

 95%|█████████▌| 601/630 [1:03:34<13:10, 27.25s/it]
 96%|█████████▌| 602/630 [1:03:39<09:35, 20.55s/it]
 96%|█████████▌| 603/630 [1:03:44<07:11, 15.97s/it]
 96%|█████████▌| 604/630 [1:03:50<05:36, 12.94s/it]
 96%|█████████▌| 605/630 [1:03:56<04:29, 10.79s/it]
 96%|█████████▌| 606/630 [1:04:02<03:42,  9.28s/it]
 96%|█████████▋| 607/630 [1:04:07<03:06,  8.12s/it]
 97%|█████████▋| 608/630 [1:04:13<02:41,  7.36s/it]
 97%|█████████▋| 609/630 [1:04:19<02:25,  6.93s/it]
 97%|█████████▋| 610/630 [1:04:25<02:16,  6.84s/it]
 97%|█████████▋| 611/630 [1:04:32<02:10,  6.84s/it]
 97%|█████████▋| 612/630 [1:04:37<01:53,  6.29s/it]
 97%|█████████▋| 613/630 [1:04:42<01:41,  5.94s/it]
 97%|█████████▋| 614/630 [1:04:47<01:27,  5.49s/it]
 98%|█████████▊| 615/630 [1:04:51<01:19,  5.29s/it]
 98%|█████████▊| 616/630 [1:04:58<01:19,  5.71s/it]
 98%|█████████▊| 617/630 [1:05:04<01:15,  5.80s/it]
 98%|█████████▊| 618/630 [1:05:10<01:09,  5.78s/it]
 98%|█████████▊| 619/630 [1:05:15<01:02,  5.71s/it]
 98%|█████████▊| 620/630 [1:05:20<00:54,  5.41s/it]
 99%|█████████▊| 621/630 [1:05:25<00:47,  5.26s/it]
 99%|█████████▊| 622/630 [1:05:32<00:45,  5.65s/it]
 99%|█████████▉| 623/630 [1:05:38<00:41,  5.93s/it]
 99%|█████████▉| 624/630 [1:05:45<00:37,  6.26s/it]
 99%|█████████▉| 625/630 [1:05:50<00:29,  5.86s/it]
 99%|█████████▉| 626/630 [1:05:56<00:23,  5.82s/it]
100%|█████████▉| 627/630 [1:06:01<00:16,  5.60s/it]
100%|█████████▉| 628/630 [1:06:06<00:11,  5.51s/it]
100%|█████████▉| 629/630 [1:06:12<00:05,  5.62s/it]
100%|██████████| 630/630 [1:06:15<00:00,  4.80s/it]swanlab: 🏠 View project at https://swanlab.cn/@fenglin/fact-checking-build-train-infer
swanlab: 🚀 View run at https://swanlab.cn/@fenglin/fact-checking-build-train-infer/runs/ggf1mwgmev5jyserbff5v

 95%|█████████▌| 601/630 [1:03:34<13:10, 27.25s/it]
 96%|█████████▌| 602/630 [1:03:39<09:35, 20.55s/it]
 96%|█████████▌| 603/630 [1:03:44<07:11, 15.97s/it]
 96%|█████████▌| 604/630 [1:03:50<05:36, 12.94s/it]
 96%|█████████▌| 605/630 [1:03:56<04:29, 10.79s/it]
 96%|█████████▌| 606/630 [1:04:02<03:42,  9.28s/it]
 96%|█████████▋| 607/630 [1:04:07<03:06,  8.12s/it]
 97%|█████████▋| 608/630 [1:04:13<02:41,  7.36s/it]
 97%|█████████▋| 609/630 [1:04:19<02:25,  6.93s/it]
 97%|█████████▋| 610/630 [1:04:25<02:16,  6.84s/it]
 97%|█████████▋| 611/630 [1:04:32<02:10,  6.84s/it]
 97%|█████████▋| 612/630 [1:04:37<01:53,  6.29s/it]
 97%|█████████▋| 613/630 [1:04:42<01:41,  5.94s/it]
 97%|█████████▋| 614/630 [1:04:47<01:27,  5.49s/it]
 98%|█████████▊| 615/630 [1:04:51<01:19,  5.29s/it]
 98%|█████████▊| 616/630 [1:04:58<01:19,  5.71s/it]
 98%|█████████▊| 617/630 [1:05:04<01:15,  5.80s/it]
 98%|█████████▊| 618/630 [1:05:10<01:09,  5.78s/it]
 98%|█████████▊| 619/630 [1:05:15<01:02,  5.71s/it]
 98%|█████████▊| 620/630 [1:05:20<00:54,  5.41s/it]
 99%|█████████▊| 621/630 [1:05:25<00:47,  5.26s/it]
 99%|█████████▊| 622/630 [1:05:32<00:45,  5.65s/it]
 99%|█████████▉| 623/630 [1:05:38<00:41,  5.93s/it]
 99%|█████████▉| 624/630 [1:05:45<00:37,  6.26s/it]
 99%|█████████▉| 625/630 [1:05:50<00:29,  5.86s/it]
 99%|█████████▉| 626/630 [1:05:56<00:23,  5.82s/it]
100%|█████████▉| 627/630 [1:06:01<00:16,  5.60s/it]
100%|█████████▉| 628/630 [1:06:06<00:11,  5.51s/it]
100%|█████████▉| 629/630 [1:06:12<00:05,  5.62s/it]
100%|██████████| 630/630 [1:06:15<00:00,  4.80s/it]

100%|██████████| 630/630 [1:06:21<00:00,  6.32s/it]
